Archive member included because of file (symbol)

C:/Freescale/CW MCU v10.6/MCU/ARM_GCC_Support/ewl/lib/armv6-m\libc.a(exit.o)
                              ./Project_Settings/Startup_Code/__arm_start.o (exit)
C:/Freescale/CW MCU v10.6/MCU/ARM_GCC_Support/ewl/lib/armv6-m\libc.a(qsort.o)
                              ./Sources/L3G.o (qsort)
C:/Freescale/CW MCU v10.6/MCU/ARM_GCC_Support/ewl/lib/armv6-m\libc.a(memcpy.o)
                              ./Generated_Code/queue.o (memcpy)
C:/Freescale/CW MCU v10.6/MCU/ARM_GCC_Support/ewl/lib/armv6-m\libc.a(memset.o)
                              ./Generated_Code/tasks.o (memset)
C:/Freescale/CW MCU v10.6/MCU/ARM_GCC_Support/ewl/lib/armv6-m\libc.a(strchr.o)
                              ./Generated_Code/UTIL1.o (strchr)
C:/Freescale/CW MCU v10.6/MCU/ARM_GCC_Support/ewl/lib/armv6-m\libc.a(strcmp.o)
                              ./Generated_Code/CLS1.o (strcmp)
C:/Freescale/CW MCU v10.6/MCU/ARM_GCC_Support/ewl/lib/armv6-m\libc.a(strlen.o)
                              ./Generated_Code/UTIL1.o (strlen)
C:/Freescale/CW MCU v10.6/MCU/ARM_GCC_Support/ewl/lib/armv6-m\libc.a(strncmp.o)
                              ./Generated_Code/UTIL1.o (strncmp)
C:/Freescale/CW MCU v10.6/MCU/ARM_GCC_Support/ewl/lib/armv6-m\libc.a(printformat_.o)
                              (__pformatter_)
C:/Freescale/CW MCU v10.6/MCU/ARM_GCC_Support/ewl/lib/armv6-m\libc.a(scanformat_.o)
                              (__sformatter)
C:/Freescale/CW MCU v10.6/MCU/ARM_GCC_Support/ewl/lib/armv6-m\libc.a(ctype_aeabi.o)
                              C:/Freescale/CW MCU v10.6/MCU/ARM_GCC_Support/ewl/lib/armv6-m\libc.a(scanformat_.o) (isspace)
C:/Freescale/CW MCU v10.6/MCU/ARM_GCC_Support/ewl/lib/armv6-m\libc.a(__strtoul.o)
                              C:/Freescale/CW MCU v10.6/MCU/ARM_GCC_Support/ewl/lib/armv6-m\libc.a(scanformat_.o) (__strtoul)
C:/Freescale/CW MCU v10.6/MCU/ARM_GCC_Support/ewl/lib/armv6-m\libc.a(__filll_mem.o)
                              C:/Freescale/CW MCU v10.6/MCU/ARM_GCC_Support/ewl/lib/armv6-m\libc.a(memset.o) (__fill_mem)
C:/Freescale/CW MCU v10.6/MCU/ARM_GCC_Support/ewl/lib/armv6-m\libc.a(memchr.o)
                              C:/Freescale/CW MCU v10.6/MCU/ARM_GCC_Support/ewl/lib/armv6-m\libc.a(printformat_.o) (memchr)
C:/Freescale/CW MCU v10.6/MCU/ARM_GCC_Support/ewl/lib/armv6-m\libm.a(s_cos.o)
                              ./Sources/pid.o (cos)
C:/Freescale/CW MCU v10.6/MCU/ARM_GCC_Support/ewl/lib/armv6-m\libm.a(e_rem_pio2.o)
                              C:/Freescale/CW MCU v10.6/MCU/ARM_GCC_Support/ewl/lib/armv6-m\libm.a(s_cos.o) (__ieee754_rem_pio2)
C:/Freescale/CW MCU v10.6/MCU/ARM_GCC_Support/ewl/lib/armv6-m\libm.a(k_cos.o)
                              C:/Freescale/CW MCU v10.6/MCU/ARM_GCC_Support/ewl/lib/armv6-m\libm.a(s_cos.o) (__kernel_cos)
C:/Freescale/CW MCU v10.6/MCU/ARM_GCC_Support/ewl/lib/armv6-m\libm.a(k_rem_pio2.o)
                              C:/Freescale/CW MCU v10.6/MCU/ARM_GCC_Support/ewl/lib/armv6-m\libm.a(e_rem_pio2.o) (__kernel_rem_pio2)
C:/Freescale/CW MCU v10.6/MCU/ARM_GCC_Support/ewl/lib/armv6-m\libm.a(k_sin.o)
                              C:/Freescale/CW MCU v10.6/MCU/ARM_GCC_Support/ewl/lib/armv6-m\libm.a(s_cos.o) (__kernel_sin)
C:/Freescale/CW MCU v10.6/MCU/ARM_GCC_Support/ewl/lib/armv6-m\libm.a(s_floor.o)
                              C:/Freescale/CW MCU v10.6/MCU/ARM_GCC_Support/ewl/lib/armv6-m\libm.a(k_rem_pio2.o) (floor)
C:/Freescale/CW MCU v10.6/MCU/ARM_GCC_Support/ewl/lib/armv6-m\libm.a(scalbn.o)
                              C:/Freescale/CW MCU v10.6/MCU/ARM_GCC_Support/ewl/lib/armv6-m\libm.a(k_rem_pio2.o) (scalbn)
C:/Freescale/CW MCU v10.6/MCU/ARM_GCC_Support/ewl/lib/armv6-m\libm.a(s_frexp.o)
                              C:/Freescale/CW MCU v10.6/MCU/ARM_GCC_Support/ewl/lib/armv6-m\libm.a(scalbn.o) (frexp)
C:/Freescale/CW MCU v10.6/MCU/ARM_GCC_Support/ewl/lib/armv6-m\libm.a(s_ldexp.o)
                              C:/Freescale/CW MCU v10.6/MCU/ARM_GCC_Support/ewl/lib/armv6-m\libm.a(scalbn.o) (ldexp)
C:/Freescale/CW MCU v10.6/MCU/ARM_GCC_Support/ewl/lib/armv6-m\libm.a(math_api.o)
                              C:/Freescale/CW MCU v10.6/MCU/ARM_GCC_Support/ewl/lib/armv6-m\libm.a(s_ldexp.o) (__fpclassifyd)
c:/freescale/cw mcu v10.6/cross_tools/arm-none-eabi-gcc-4_7_3/bin/../lib/gcc/arm-none-eabi/4.7.3/armv6-m\libgcc.a(_thumb1_case_sqi.o)
                              C:/Freescale/CW MCU v10.6/MCU/ARM_GCC_Support/ewl/lib/armv6-m\libc.a(__strtoul.o) (__gnu_thumb1_case_sqi)
c:/freescale/cw mcu v10.6/cross_tools/arm-none-eabi-gcc-4_7_3/bin/../lib/gcc/arm-none-eabi/4.7.3/armv6-m\libgcc.a(_thumb1_case_uqi.o)
                              C:/Freescale/CW MCU v10.6/MCU/ARM_GCC_Support/ewl/lib/armv6-m\libc.a(scanformat_.o) (__gnu_thumb1_case_uqi)
c:/freescale/cw mcu v10.6/cross_tools/arm-none-eabi-gcc-4_7_3/bin/../lib/gcc/arm-none-eabi/4.7.3/armv6-m\libgcc.a(_udivsi3.o)
                              ./Generated_Code/UTIL1.o (__aeabi_uidiv)
[...]
Memory Configuration

Name             Origin             Length             Attributes
m_interrupts     0x00000000         0x000000c0         xr
m_text           0x00000410         0x0001fbf0         xr
m_data           0x1ffff000         0x00004000         rw
m_cfmprotrom     0x00000400         0x00000010         xr
*default*        0x00000000         0xffffffff

Linker script and memory map

LOAD ./Generated_Code/timers.o
LOAD ./Generated_Code/tasks.o
LOAD ./Generated_Code/queue.o
LOAD ./Generated_Code/portasm.o
LOAD ./Generated_Code/port.o
LOAD ./Generated_Code/list.o
LOAD ./Generated_Code/heap_5.o
LOAD ./Generated_Code/heap_4.o
LOAD ./Generated_Code/heap_3.o
LOAD ./Generated_Code/heap_2.o
LOAD ./Generated_Code/heap_1.o
LOAD ./Generated_Code/event_groups.o
LOAD ./Generated_Code/croutine.o
LOAD ./Generated_Code/WAIT1.o
LOAD ./Generated_Code/Vectors.o
LOAD ./Generated_Code/UTIL1.o
LOAD ./Generated_Code/TofCE3.o
LOAD ./Generated_Code/TofCE2.o
LOAD ./Generated_Code/TofCE1.o
LOAD ./Generated_Code/TU2.o
LOAD ./Generated_Code/TU1.o
LOAD ./Generated_Code/TSK1.o
LOAD ./Generated_Code/RED.o
LOAD ./Generated_Code/PwmLdd3.o
LOAD ./Generated_Code/PwmLdd2.o
LOAD ./Generated_Code/PwmLdd1.o
LOAD ./Generated_Code/PWM_RIGHT.o
LOAD ./Generated_Code/PWM_LEFT.o
LOAD ./Generated_Code/PWM_Gyro.o
LOAD ./Generated_Code/PE_LDD.o
LOAD ./Generated_Code/LEDpin4.o
LOAD ./Generated_Code/LEDpin3.o
LOAD ./Generated_Code/LED_GREEN.o
LOAD ./Generated_Code/KSDK1.o
LOAD ./Generated_Code/GI2C1.o
LOAD ./Generated_Code/FRTOS1.o
LOAD ./Generated_Code/DIR_RIGHT.o
LOAD ./Generated_Code/DIR_LEFT.o
LOAD ./Generated_Code/Cpu.o
LOAD ./Generated_Code/CS1.o
LOAD ./Generated_Code/CLS1.o
LOAD ./Generated_Code/CI2C1.o
LOAD ./Generated_Code/BitIoLdd4.o
LOAD ./Generated_Code/BitIoLdd3.o
LOAD ./Generated_Code/AdcLdd1.o
LOAD ./Generated_Code/ASerialLdd1.o
LOAD ./Generated_Code/AS1.o
LOAD ./Generated_Code/AD1.o
LOAD ./Project_Settings/Startup_Code/__arm_start.o
LOAD ./Project_Settings/Startup_Code/__arm_end.o
LOAD ./Sources/serial_communication.o
LOAD ./Sources/sa_mtb.o
LOAD ./Sources/pid.o
LOAD ./Sources/motor.o
LOAD ./Sources/main.o
LOAD ./Sources/frtos_tasks.o
LOAD ./Sources/driving.o
LOAD ./Sources/VL6180X.o
LOAD ./Sources/L3G.o
LOAD ./Sources/Events.o
                0x00008c9c                __pformatter = __pformatter_
                [0x000090c4]                __sformatter = __sformatter
START GROUP
LOAD C:/Freescale/CW MCU v10.6/MCU/ARM_GCC_Support/ewl/lib/armv6-m\libc.a
LOAD C:/Freescale/CW MCU v10.6/MCU/ARM_GCC_Support/ewl/lib/armv6-m\libm.a
LOAD c:/freescale/cw mcu v10.6/cross_tools/arm-none-eabi-gcc-4_7_3/bin/../lib/gcc/arm-none-eabi/4.7.3/armv6-m\libgcc.a
LOAD C:/Freescale/CW MCU v10.6/MCU/ARM_GCC_Support/ewl/lib/armv6-m\librt.a
LOAD C:/Freescale/CW MCU v10.6/MCU/ARM_GCC_Support/ewl/lib/armv6-m\libuart.a
END GROUP
                0x20003000                _estack = 0x20003000
                0x20003000                __SP_INIT = _estack
                0x00000000                __heap_size = 0x0
                0x00000400                __stack_size = 0x400

.interrupts     0x00000000       0xc0
                0x00000000                __vector_table = .
                0x00000000                . = ALIGN (0x4)
 *(.vectortable)
 .vectortable   0x00000000       0xc0 ./Generated_Code/Vectors.o
                0x00000000                __vect_table
                0x000000c0                . = ALIGN (0x4)

.cfmprotect     0x00000400       0x10
                0x00000400                . = ALIGN (0x4)
 *(.cfmconfig)
 .cfmconfig     0x00000400       0x10 ./Generated_Code/Cpu.o
                0x00000400                _cfm
                0x00000410                . = ALIGN (0x4)

.text           0x00000410     0xaf38
                0x00000410                . = ALIGN (0x4)
 *(.text)
 .text          0x00000410       0x14 c:/freescale/cw mcu v10.6/cross_tools/arm-none-eabi-gcc-4_7_3/bin/../lib/gcc/arm-none-eabi/4.7.3/armv6-m\libgcc.a(_thumb1_case_sqi.o)
                0x00000410                __gnu_thumb1_case_sqi
 .text          0x00000424       0x14 c:/freescale/cw mcu v10.6/cross_tools/arm-none-eabi-gcc-4_7_3/bin/../lib/gcc/arm-none-eabi/4.7.3/armv6-m\libgcc.a(_thumb1_case_uqi.o)
                0x00000424                __gnu_thumb1_case_uqi
 .text          0x00000438       0x9c c:/freescale/cw mcu v10.6/cross_tools/arm-none-eabi-gcc-4_7_3/bin/../lib/gcc/arm-none-eabi/4.7.3/armv6-m\libgcc.a(_udivsi3.o)
                0x00000438                __aeabi_uidiv
                0x00000438                __udivsi3
                0x000004c0                __aeabi_uidivmod
 .text          0x000004d4       0xc0 c:/freescale/cw mcu v10.6/cross_tools/arm-none-eabi-gcc-4_7_3/bin/../lib/gcc/arm-none-eabi/4.7.3/armv6-m\libgcc.a(_divsi3.o)
                0x000004d4                __divsi3
                0x000004d4                __aeabi_idiv
                0x00000580                __aeabi_idivmod
 .text          0x00000594        0x4 c:/freescale/cw mcu v10.6/cross_tools/arm-none-eabi-gcc-4_7_3/bin/../lib/gcc/arm-none-eabi/4.7.3/armv6-m\libgcc.a(_dvmd_tls.o)
                0x00000594                __aeabi_idiv0
                0x00000594                __aeabi_ldiv0
 .text          0x00000598       0x7c c:/freescale/cw mcu v10.6/cross_tools/arm-none-eabi-gcc-4_7_3/bin/../lib/gcc/arm-none-eabi/4.7.3/armv6-m\libgcc.a(_arm_cmpdf2.o)
                0x00000598                __aeabi_cdrcmple
                0x000005a8                __aeabi_cdcmple
                0x000005a8                __aeabi_cdcmpeq
                0x000005b8                __aeabi_dcmpeq
                0x000005c4                __aeabi_dcmplt
                0x000005d8                __aeabi_dcmple
                0x000005ec                __aeabi_dcmpgt
                0x00000600                __aeabi_dcmpge
 .text          0x00000614      0x758 c:/freescale/cw mcu v10.6/cross_tools/arm-none-eabi-gcc-4_7_3/bin/../lib/gcc/arm-none-eabi/4.7.3/armv6-m\libgcc.a(adddf3.o)
                0x00000614                __aeabi_dadd
 .text          0x00000d6c      0x5b8 c:/freescale/cw mcu v10.6/cross_tools/arm-none-eabi-gcc-4_7_3/bin/../lib/gcc/arm-none-eabi/4.7.3/armv6-m\libgcc.a(divdf3.o)
                0x00000d6c                __aeabi_ddiv
 .text          0x00001324       0x7c c:/freescale/cw mcu v10.6/cross_tools/arm-none-eabi-gcc-4_7_3/bin/../lib/gcc/arm-none-eabi/4.7.3/armv6-m\libgcc.a(eqdf2.o)
                0x00001324                __nedf2
                0x00001324                __eqdf2
 .text          0x000013a0       0xe8 c:/freescale/cw mcu v10.6/cross_tools/arm-none-eabi-gcc-4_7_3/bin/../lib/gcc/arm-none-eabi/4.7.3/armv6-m\libgcc.a(gedf2.o)
                0x000013a0                __gedf2
                0x000013a0                __gtdf2
 .text          0x00001488       0xd8 c:/freescale/cw mcu v10.6/cross_tools/arm-none-eabi-gcc-4_7_3/bin/../lib/gcc/arm-none-eabi/4.7.3/armv6-m\libgcc.a(ledf2.o)
                0x00001488                __ledf2
                0x00001488                __ltdf2
 .text          0x00001560      0x4e4 c:/freescale/cw mcu v10.6/cross_tools/arm-none-eabi-gcc-4_7_3/bin/../lib/gcc/arm-none-eabi/4.7.3/armv6-m\libgcc.a(muldf3.o)
                0x00001560                __aeabi_dmul
 .text          0x00001a44      0x6f8 c:/freescale/cw mcu v10.6/cross_tools/arm-none-eabi-gcc-4_7_3/bin/../lib/gcc/arm-none-eabi/4.7.3/armv6-m\libgcc.a(subdf3.o)
                0x00001a44                __aeabi_dsub
 .text          0x0000213c       0x68 c:/freescale/cw mcu v10.6/cross_tools/arm-none-eabi-gcc-4_7_3/bin/../lib/gcc/arm-none-eabi/4.7.3/armv6-m\libgcc.a(fixdfsi.o)
                0x0000213c                __aeabi_d2iz
 .text          0x000021a4       0x74 c:/freescale/cw mcu v10.6/cross_tools/arm-none-eabi-gcc-4_7_3/bin/../lib/gcc/arm-none-eabi/4.7.3/armv6-m\libgcc.a(floatsidf.o)
                0x000021a4                __aeabi_i2d
 .text          0x00002218       0x3c c:/freescale/cw mcu v10.6/cross_tools/arm-none-eabi-gcc-4_7_3/bin/../lib/gcc/arm-none-eabi/4.7.3/armv6-m\libgcc.a(_clzsi2.o)
                0x00002218                __clzsi2
 *(.text*)
 .text.xTaskCreate
                0x00002254       0x90 ./Generated_Code/tasks.o
                0x00002254                xTaskCreate
 .text.prvInitialiseNewTask
                0x000022e4      0x10c ./Generated_Code/tasks.o
 .text.prvAddNewTaskToReadyList
                0x000023f0       0xc4 ./Generated_Code/tasks.o
 .text.vTaskDelete
                0x000024b4       0xc4 ./Generated_Code/tasks.o
                0x000024b4                vTaskDelete
 .text.vTaskDelay
                0x00002578       0x48 ./Generated_Code/tasks.o
                0x00002578                vTaskDelay
 .text.vTaskSuspend
                0x000025c0       0xb4 ./Generated_Code/tasks.o
                0x000025c0                vTaskSuspend
 .text.vTaskStartScheduler
                0x00002674       0x6c ./Generated_Code/tasks.o
                0x00002674                vTaskStartScheduler
 .text.vTaskSuspendAll
                0x000026e0       0x18 ./Generated_Code/tasks.o
                0x000026e0                vTaskSuspendAll
 .text.xTaskResumeAll
                0x000026f8      0x118 ./Generated_Code/tasks.o
                0x000026f8                xTaskResumeAll
 .text.xTaskIncrementTick
                0x00002810      0x17c ./Generated_Code/tasks.o
                0x00002810                xTaskIncrementTick
 .text.vTaskSwitchContext
                0x0000298c       0xc4 ./Generated_Code/tasks.o
                0x0000298c                vTaskSwitchContext
 .text.vTaskPlaceOnEventList
                0x00002a50       0x38 ./Generated_Code/tasks.o
                0x00002a50                vTaskPlaceOnEventList
 .text.xTaskRemoveFromEventList
                0x00002a88       0xb8 ./Generated_Code/tasks.o
                0x00002a88                xTaskRemoveFromEventList
 .text.vTaskSetTimeOutState
                0x00002b40       0x30 ./Generated_Code/tasks.o
                0x00002b40                vTaskSetTimeOutState
 .text.xTaskCheckForTimeOut
                0x00002b70       0x9c ./Generated_Code/tasks.o
                0x00002b70                xTaskCheckForTimeOut
 .text.vTaskMissedYield
                0x00002c0c       0x14 ./Generated_Code/tasks.o
                0x00002c0c                vTaskMissedYield
 .text.prvIdleTask
                0x00002c20       0x24 ./Generated_Code/tasks.o
 .text.prvInitialiseTaskLists
                0x00002c44       0x88 ./Generated_Code/tasks.o
 .text.prvCheckTasksWaitingTermination
                0x00002ccc       0x74 ./Generated_Code/tasks.o
 .text.prvDeleteTCB
                0x00002d40       0x20 ./Generated_Code/tasks.o
 .text.prvResetNextTaskUnblockTime
                0x00002d60       0x44 ./Generated_Code/tasks.o
 .text.xTaskGetCurrentTaskHandle
                0x00002da4       0x1c ./Generated_Code/tasks.o
                0x00002da4                xTaskGetCurrentTaskHandle
 .text.xTaskGetSchedulerState
                0x00002dc0       0x38 ./Generated_Code/tasks.o
                0x00002dc0                xTaskGetSchedulerState
 .text.vTaskPriorityInherit
                0x00002df8       0xbc ./Generated_Code/tasks.o
                0x00002df8                vTaskPriorityInherit
 .text.xTaskPriorityDisinherit
                0x00002eb4       0xb8 ./Generated_Code/tasks.o
                0x00002eb4                xTaskPriorityDisinherit
 .text.pvTaskIncrementMutexHeldCount
                0x00002f6c       0x24 ./Generated_Code/tasks.o
                0x00002f6c                pvTaskIncrementMutexHeldCount
 .text.prvAddCurrentTaskToDelayedList
                0x00002f90       0xa8 ./Generated_Code/tasks.o
 .text.xQueueGenericReset
                0x00003038       0xac ./Generated_Code/queue.o
                0x00003038                xQueueGenericReset
 .text.xQueueGenericCreate
                0x000030e4       0x64 ./Generated_Code/queue.o
                0x000030e4                xQueueGenericCreate
 .text.prvInitialiseNewQueue
                0x00003148       0x44 ./Generated_Code/queue.o
 .text.prvInitialiseMutex
                0x0000318c       0x34 ./Generated_Code/queue.o
 .text.xQueueCreateMutex
                0x000031c0       0x3c ./Generated_Code/queue.o
                0x000031c0                xQueueCreateMutex
 .text.xQueueGiveMutexRecursive
                0x000031fc       0x58 ./Generated_Code/queue.o
                0x000031fc                xQueueGiveMutexRecursive
 .text.xQueueTakeMutexRecursive
                0x00003254       0x64 ./Generated_Code/queue.o
                0x00003254                xQueueTakeMutexRecursive
 .text.xQueueGenericSend
                0x000032b8      0x1a0 ./Generated_Code/queue.o
                0x000032b8                xQueueGenericSend
 .text.xQueueGenericReceive
                0x00003458      0x1e0 ./Generated_Code/queue.o
                0x00003458                xQueueGenericReceive
 .text.vQueueDelete
                0x00003638       0x2c ./Generated_Code/queue.o
                0x00003638                vQueueDelete
 .text.prvCopyDataToQueue
                0x00003664       0xe0 ./Generated_Code/queue.o
 .text.prvCopyDataFromQueue
                0x00003744       0x50 ./Generated_Code/queue.o
 .text.prvUnlockQueue
                0x00003794       0xc0 ./Generated_Code/queue.o
 .text.prvIsQueueEmpty
                0x00003854       0x2c ./Generated_Code/queue.o
 .text.prvIsQueueFull
                0x00003880       0x30 ./Generated_Code/queue.o
 .text.vQueueUnregisterQueue
                0x000038b0       0x50 ./Generated_Code/queue.o
                0x000038b0                vQueueUnregisterQueue
 .text.pxPortInitialiseStack
                0x00003900       0x50 ./Generated_Code/port.o
                0x00003900                pxPortInitialiseStack
 .text.vPortInitTickTimer
                0x00003950       0x44 ./Generated_Code/port.o
                0x00003950                vPortInitTickTimer
 .text.vPortStartTickTimer
                0x00003994       0x14 ./Generated_Code/port.o
                0x00003994                vPortStartTickTimer
 .text.vPortStopTickTimer
                0x000039a8       0x14 ./Generated_Code/port.o
                0x000039a8                vPortStopTickTimer
 .text.xPortStartScheduler
                0x000039bc       0x34 ./Generated_Code/port.o
                0x000039bc                xPortStartScheduler
 .text.vPortEnterCritical
                0x000039f0       0x20 ./Generated_Code/port.o
                0x000039f0                vPortEnterCritical
 .text.vPortExitCritical
                0x00003a10       0x20 ./Generated_Code/port.o
                0x00003a10                vPortExitCritical
 .text.vPortYieldFromISR
                0x00003a30       0x1c ./Generated_Code/port.o
                0x00003a30                vPortYieldFromISR
 .text.vPortTickHandler
                0x00003a4c       0x1c ./Generated_Code/port.o
                0x00003a4c                vPortTickHandler
 *fill*         0x00003a68        0x8 00
 .text.vPortStartFirstTask
                0x00003a70       0x50 ./Generated_Code/port.o
                0x00003a70                vPortStartFirstTask
 .text.vPortPendSVHandler
                0x00003ac0       0x44 ./Generated_Code/port.o
                0x00003ac0                vPortPendSVHandler
 .text.vListInitialise
                0x00003b04       0x3c ./Generated_Code/list.o
                0x00003b04                vListInitialise
 .text.vListInitialiseItem
                0x00003b40       0x14 ./Generated_Code/list.o
                0x00003b40                vListInitialiseItem
 .text.vListInsertEnd
                0x00003b54       0x44 ./Generated_Code/list.o
                0x00003b54                vListInsertEnd
 .text.vListInsert
                0x00003b98       0x6c ./Generated_Code/list.o
                0x00003b98                vListInsert
 .text.uxListRemove
                0x00003c04       0x50 ./Generated_Code/list.o
                0x00003c04                uxListRemove
 .text.pvPortMalloc
                0x00003c54      0x160 ./Generated_Code/heap_4.o
                0x00003c54                pvPortMalloc
 .text.vPortFree
                0x00003db4       0x94 ./Generated_Code/heap_4.o
                0x00003db4                vPortFree
 .text.prvHeapInit
                0x00003e48       0xc4 ./Generated_Code/heap_4.o
 .text.prvInsertBlockIntoFreeList
                0x00003f0c       0xac ./Generated_Code/heap_4.o
 .text.WAIT1_Wait10Cycles
                0x00003fb8        0x8 ./Generated_Code/WAIT1.o
                0x00003fb8                WAIT1_Wait10Cycles
 .text.WAIT1_Wait100Cycles
                0x00003fc0       0x24 ./Generated_Code/WAIT1.o
                0x00003fc0                WAIT1_Wait100Cycles
 .text.WAIT1_WaitCycles
                0x00003fe4       0x44 ./Generated_Code/WAIT1.o
                0x00003fe4                WAIT1_WaitCycles
 .text.WAIT1_WaitLongCycles
                0x00004028       0x3c ./Generated_Code/WAIT1.o
                0x00004028                WAIT1_WaitLongCycles
 .text.WAIT1_Waitms
                0x00004064       0x38 ./Generated_Code/WAIT1.o
                0x00004064                WAIT1_Waitms
 .text.UTIL1_strcpy
                0x0000409c       0x48 ./Generated_Code/UTIL1.o
                0x0000409c                UTIL1_strcpy
 .text.UTIL1_Num16sToStr
                0x000040e4      0x1b8 ./Generated_Code/UTIL1.o
                0x000040e4                UTIL1_Num16sToStr
 .text.TofCE3_Init
                0x0000429c       0x64 ./Generated_Code/TofCE3.o
                0x0000429c                TofCE3_Init
 .text.TofCE3_SetInput
                0x00004300       0x24 ./Generated_Code/TofCE3.o
                0x00004300                TofCE3_SetInput
 .text.TofCE3_SetOutput
                0x00004324       0x20 ./Generated_Code/TofCE3.o
                0x00004324                TofCE3_SetOutput
 .text.TofCE3_ClrVal
                0x00004344       0x1c ./Generated_Code/TofCE3.o
                0x00004344                TofCE3_ClrVal
 .text.TofCE2_Init
                0x00004360       0x64 ./Generated_Code/TofCE2.o
                0x00004360                TofCE2_Init
 .text.TofCE2_SetInput
                0x000043c4       0x24 ./Generated_Code/TofCE2.o
                0x000043c4                TofCE2_SetInput
 .text.TofCE2_SetOutput
                0x000043e8       0x20 ./Generated_Code/TofCE2.o
                0x000043e8                TofCE2_SetOutput
 .text.TofCE2_ClrVal
                0x00004408       0x1c ./Generated_Code/TofCE2.o
                0x00004408                TofCE2_ClrVal
 .text.TofCE1_Init
                0x00004424       0x64 ./Generated_Code/TofCE1.o
                0x00004424                TofCE1_Init
 .text.TofCE1_SetInput
                0x00004488       0x24 ./Generated_Code/TofCE1.o
                0x00004488                TofCE1_SetInput
 .text.TofCE1_SetOutput
                0x000044ac       0x20 ./Generated_Code/TofCE1.o
                0x000044ac                TofCE1_SetOutput
 .text.TofCE1_ClrVal
                0x000044cc       0x1c ./Generated_Code/TofCE1.o
                0x000044cc                TofCE1_ClrVal
 .text.TU2_Init
                0x000044e8       0xd8 ./Generated_Code/TU2.o
                0x000044e8                TU2_Init
 .text.TU1_Init
                0x000045c0       0xe0 ./Generated_Code/TU1.o
                0x000045c0                TU1_Init
 .text.TU1_GetPeriodTicks
                0x000046a0       0x3c ./Generated_Code/TU1.o
                0x000046a0                TU1_GetPeriodTicks
 .text.TU1_SetOffsetTicks
                0x000046dc       0x58 ./Generated_Code/TU1.o
                0x000046dc                TU1_SetOffsetTicks
 .text.TSK1_CreateTasks
                0x00004734        0xc ./Generated_Code/TSK1.o
                0x00004734                TSK1_CreateTasks
 .text.RED_Init
                0x00004740       0x18 ./Generated_Code/RED.o
                0x00004740                RED_Init
 .text.PwmLdd3_Init
                0x00004758       0x54 ./Generated_Code/PwmLdd3.o
                0x00004758                PwmLdd3_Init
 .text.PwmLdd2_Init
                0x000047ac       0x54 ./Generated_Code/PwmLdd2.o
                0x000047ac                PwmLdd2_Init
 .text.PwmLdd2_SetRatio16
                0x00004800       0x2c ./Generated_Code/PwmLdd2.o
                0x00004800                PwmLdd2_SetRatio16
 .text.SetRatio
                0x0000482c       0x68 ./Generated_Code/PwmLdd2.o
 .text.PwmLdd1_Init
                0x00004894       0x54 ./Generated_Code/PwmLdd1.o
                0x00004894                PwmLdd1_Init
 .text.PwmLdd1_SetRatio16
                0x000048e8       0x2c ./Generated_Code/PwmLdd1.o
                0x000048e8                PwmLdd1_SetRatio16
 .text.SetRatio
                0x00004914       0x68 ./Generated_Code/PwmLdd1.o
 .text.LED_GREEN_Init
                0x0000497c       0x18 ./Generated_Code/LED_GREEN.o
                0x0000497c                LED_GREEN_Init
 .text.GI2C1_RequestBus
                0x00004994       0x1c ./Generated_Code/GI2C1.o
                0x00004994                GI2C1_RequestBus
 .text.GI2C1_ReleaseBus
                0x000049b0       0x18 ./Generated_Code/GI2C1.o
                0x000049b0                GI2C1_ReleaseBus
 .text.GI2C1_SelectSlave
                0x000049c8       0x40 ./Generated_Code/GI2C1.o
                0x000049c8                GI2C1_SelectSlave
 .text.GI2C1_UnselectSlave
                0x00004a08       0x10 ./Generated_Code/GI2C1.o
                0x00004a08                GI2C1_UnselectSlave
 .text.GI2C1_ReadAddress
                0x00004a18       0xd8 ./Generated_Code/GI2C1.o
                0x00004a18                GI2C1_ReadAddress
 .text.GI2C1_WriteAddress
                0x00004af0      0x140 ./Generated_Code/GI2C1.o
                0x00004af0                GI2C1_WriteAddress
 .text.CI2C1_OnMasterBlockSent
                0x00004c30       0x24 ./Generated_Code/GI2C1.o
                0x00004c30                CI2C1_OnMasterBlockSent
 .text.CI2C1_OnMasterBlockReceived
                0x00004c54       0x24 ./Generated_Code/GI2C1.o
                0x00004c54                CI2C1_OnMasterBlockReceived
 .text.GI2C1_Init
                0x00004c78       0x40 ./Generated_Code/GI2C1.o
                0x00004c78                GI2C1_Init
 .text.GI2C1_Deinit
                0x00004cb8       0x24 ./Generated_Code/GI2C1.o
                0x00004cb8                GI2C1_Deinit
 .text.DIR_RIGHT_Init
                0x00004cdc       0x60 ./Generated_Code/DIR_RIGHT.o
                0x00004cdc                DIR_RIGHT_Init
 .text.DIR_RIGHT_PutVal
                0x00004d3c       0x30 ./Generated_Code/DIR_RIGHT.o
                0x00004d3c                DIR_RIGHT_PutVal
 .text.DIR_LEFT_Init
                0x00004d6c       0x60 ./Generated_Code/DIR_LEFT.o
                0x00004d6c                DIR_LEFT_Init
 .text.DIR_LEFT_PutVal
                0x00004dcc       0x30 ./Generated_Code/DIR_LEFT.o
                0x00004dcc                DIR_LEFT_PutVal
 .text.Cpu_INT_NMIInterrupt
                0x00004dfc        0xc ./Generated_Code/Cpu.o
                0x00004dfc                Cpu_INT_NMIInterrupt
 .text.Cpu_INT_Hard_FaultInterrupt
                0x00004e08        0xc ./Generated_Code/Cpu.o
                0x00004e08                Cpu_INT_Hard_FaultInterrupt
 .text.Cpu_ivINT_Reserved4
                0x00004e14        0xc ./Generated_Code/Cpu.o
                0x00004e14                Cpu_ivINT_Reserved4
 .text.Cpu_ivINT_Reserved5
                0x00004e20        0xc ./Generated_Code/Cpu.o
                0x00004e20                Cpu_ivINT_Reserved5
 .text.Cpu_ivINT_Reserved6
                0x00004e2c        0xc ./Generated_Code/Cpu.o
                0x00004e2c                Cpu_ivINT_Reserved6
 .text.Cpu_ivINT_Reserved7
                0x00004e38        0xc ./Generated_Code/Cpu.o
                0x00004e38                Cpu_ivINT_Reserved7
 .text.Cpu_ivINT_Reserved8
                0x00004e44        0xc ./Generated_Code/Cpu.o
                0x00004e44                Cpu_ivINT_Reserved8
 .text.Cpu_ivINT_Reserved9
                0x00004e50        0xc ./Generated_Code/Cpu.o
                0x00004e50                Cpu_ivINT_Reserved9
 .text.Cpu_ivINT_Reserved10
                0x00004e5c        0xc ./Generated_Code/Cpu.o
                0x00004e5c                Cpu_ivINT_Reserved10
 .text.Cpu_ivINT_SVCall
                0x00004e68        0xc ./Generated_Code/Cpu.o
                0x00004e68                Cpu_ivINT_SVCall
 .text.Cpu_ivINT_Reserved12
                0x00004e74        0xc ./Generated_Code/Cpu.o
                0x00004e74                Cpu_ivINT_Reserved12
 .text.Cpu_ivINT_Reserved13
                0x00004e80        0xc ./Generated_Code/Cpu.o
                0x00004e80                Cpu_ivINT_Reserved13
 .text.Cpu_ivINT_DMA0
                0x00004e8c        0xc ./Generated_Code/Cpu.o
                0x00004e8c                Cpu_ivINT_DMA0
 .text.Cpu_ivINT_DMA1
                0x00004e98        0xc ./Generated_Code/Cpu.o
                0x00004e98                Cpu_ivINT_DMA1
 .text.Cpu_ivINT_DMA2
                0x00004ea4        0xc ./Generated_Code/Cpu.o
                0x00004ea4                Cpu_ivINT_DMA2
 .text.Cpu_ivINT_DMA3
                0x00004eb0        0xc ./Generated_Code/Cpu.o
                0x00004eb0                Cpu_ivINT_DMA3
 .text.Cpu_ivINT_Reserved20
                0x00004ebc        0xc ./Generated_Code/Cpu.o
                0x00004ebc                Cpu_ivINT_Reserved20
 .text.Cpu_ivINT_FTFA
                0x00004ec8        0xc ./Generated_Code/Cpu.o
                0x00004ec8                Cpu_ivINT_FTFA
 .text.Cpu_ivINT_LVD_LVW
                0x00004ed4        0xc ./Generated_Code/Cpu.o
                0x00004ed4                Cpu_ivINT_LVD_LVW
 .text.Cpu_ivINT_LLW
                0x00004ee0        0xc ./Generated_Code/Cpu.o
                0x00004ee0                Cpu_ivINT_LLW
 .text.Cpu_ivINT_I2C1
                0x00004eec        0xc ./Generated_Code/Cpu.o
                0x00004eec                Cpu_ivINT_I2C1
 .text.Cpu_ivINT_SPI0
                0x00004ef8        0xc ./Generated_Code/Cpu.o
                0x00004ef8                Cpu_ivINT_SPI0
 .text.Cpu_ivINT_SPI1
                0x00004f04        0xc ./Generated_Code/Cpu.o
                0x00004f04                Cpu_ivINT_SPI1
 .text.Cpu_ivINT_UART1
                0x00004f10        0xc ./Generated_Code/Cpu.o
                0x00004f10                Cpu_ivINT_UART1
 .text.Cpu_ivINT_UART2
                0x00004f1c        0xc ./Generated_Code/Cpu.o
                0x00004f1c                Cpu_ivINT_UART2
 .text.Cpu_ivINT_CMP0
                0x00004f28        0xc ./Generated_Code/Cpu.o
                0x00004f28                Cpu_ivINT_CMP0
 .text.Cpu_ivINT_TPM0
                0x00004f34        0xc ./Generated_Code/Cpu.o
                0x00004f34                Cpu_ivINT_TPM0
 .text.Cpu_ivINT_TPM1
                0x00004f40        0xc ./Generated_Code/Cpu.o
                0x00004f40                Cpu_ivINT_TPM1
 .text.Cpu_ivINT_TPM2
                0x00004f4c        0xc ./Generated_Code/Cpu.o
                0x00004f4c                Cpu_ivINT_TPM2
 .text.Cpu_ivINT_RTC
                0x00004f58        0xc ./Generated_Code/Cpu.o
                0x00004f58                Cpu_ivINT_RTC
 .text.Cpu_ivINT_RTC_Seconds
                0x00004f64        0xc ./Generated_Code/Cpu.o
                0x00004f64                Cpu_ivINT_RTC_Seconds
 .text.Cpu_ivINT_PIT
                0x00004f70        0xc ./Generated_Code/Cpu.o
                0x00004f70                Cpu_ivINT_PIT
 .text.Cpu_ivINT_Reserved39
                0x00004f7c        0xc ./Generated_Code/Cpu.o
                0x00004f7c                Cpu_ivINT_Reserved39
 .text.Cpu_ivINT_USB0
                0x00004f88        0xc ./Generated_Code/Cpu.o
                0x00004f88                Cpu_ivINT_USB0
 .text.Cpu_ivINT_DAC0
                0x00004f94        0xc ./Generated_Code/Cpu.o
                0x00004f94                Cpu_ivINT_DAC0
 .text.Cpu_ivINT_TSI0
                0x00004fa0        0xc ./Generated_Code/Cpu.o
                0x00004fa0                Cpu_ivINT_TSI0
 .text.Cpu_ivINT_MCG
                0x00004fac        0xc ./Generated_Code/Cpu.o
                0x00004fac                Cpu_ivINT_MCG
 .text.Cpu_ivINT_LPTimer
                0x00004fb8        0xc ./Generated_Code/Cpu.o
                0x00004fb8                Cpu_ivINT_LPTimer
 .text.Cpu_ivINT_Reserved45
                0x00004fc4        0xc ./Generated_Code/Cpu.o
                0x00004fc4                Cpu_ivINT_Reserved45
 .text.Cpu_ivINT_PORTA
                0x00004fd0        0xc ./Generated_Code/Cpu.o
                0x00004fd0                Cpu_ivINT_PORTA
 .text.Cpu_ivINT_PORTD
                0x00004fdc        0xc ./Generated_Code/Cpu.o
                0x00004fdc                Cpu_ivINT_PORTD
 .text.__init_hardware
                0x00004fe8      0x110 ./Generated_Code/Cpu.o
                0x00004fe8                __init_hardware
 .text.PE_low_level_init
                0x000050f8      0x124 ./Generated_Code/Cpu.o
                0x000050f8                PE_low_level_init
 .text.CLS1_SendStr
                0x0000521c       0x2c ./Generated_Code/CLS1.o
                0x0000521c                CLS1_SendStr
 .text.CLS1_SendNum16s
                0x00005248       0x38 ./Generated_Code/CLS1.o
                0x00005248                CLS1_SendNum16s
 .text.CLS1_GetStdio
                0x00005280       0x14 ./Generated_Code/CLS1.o
                0x00005280                CLS1_GetStdio
 .text.CLS1_ReadChar
                0x00005294       0x30 ./Generated_Code/CLS1.o
                0x00005294                CLS1_ReadChar
 .text.CLS1_SendChar
                0x000052c4       0x54 ./Generated_Code/CLS1.o
                0x000052c4                CLS1_SendChar
 .text.CLS1_KeyPressed
                0x00005318       0x24 ./Generated_Code/CLS1.o
                0x00005318                CLS1_KeyPressed
 .text.CLS1_Init
                0x0000533c        0x8 ./Generated_Code/CLS1.o
                0x0000533c                CLS1_Init
 .text.CI2C1_Interrupt
                0x00005344      0x278 ./Generated_Code/CI2C1.o
                0x00005344                CI2C1_Interrupt
 .text.CI2C1_Init
                0x000055bc      0x114 ./Generated_Code/CI2C1.o
                0x000055bc                CI2C1_Init
 .text.CI2C1_Deinit
                0x000056d0       0x40 ./Generated_Code/CI2C1.o
                0x000056d0                CI2C1_Deinit
 .text.CI2C1_MasterSendBlock
                0x00005710      0x19c ./Generated_Code/CI2C1.o
                0x00005710                CI2C1_MasterSendBlock
 .text.CI2C1_MasterReceiveBlock
                0x000058ac      0x19c ./Generated_Code/CI2C1.o
                0x000058ac                CI2C1_MasterReceiveBlock
 .text.CI2C1_SelectSlaveDevice
                0x00005a48      0x100 ./Generated_Code/CI2C1.o
                0x00005a48                CI2C1_SelectSlaveDevice
 .text.BitIoLdd4_Init
                0x00005b48       0x68 ./Generated_Code/BitIoLdd4.o
                0x00005b48                BitIoLdd4_Init
 .text.BitIoLdd4_ClrVal
                0x00005bb0       0x1c ./Generated_Code/BitIoLdd4.o
                0x00005bb0                BitIoLdd4_ClrVal
 .text.BitIoLdd4_SetVal
                0x00005bcc       0x1c ./Generated_Code/BitIoLdd4.o
                0x00005bcc                BitIoLdd4_SetVal
 .text.BitIoLdd3_Init
                0x00005be8       0x68 ./Generated_Code/BitIoLdd3.o
                0x00005be8                BitIoLdd3_Init
 .text.BitIoLdd3_ClrVal
                0x00005c50       0x1c ./Generated_Code/BitIoLdd3.o
                0x00005c50                BitIoLdd3_ClrVal
 .text.BitIoLdd3_SetVal
                0x00005c6c       0x1c ./Generated_Code/BitIoLdd3.o
                0x00005c6c                BitIoLdd3_SetVal
 .text.AdcLdd1_Init
                0x00005c88       0xbc ./Generated_Code/AdcLdd1.o
                0x00005c88                AdcLdd1_Init
 .text.AdcLdd1_GetMeasuredValues
                0x00005d44       0x60 ./Generated_Code/AdcLdd1.o
                0x00005d44                AdcLdd1_GetMeasuredValues
 .text.AdcLdd1_GetCalibrationResultStatus
                0x00005da4       0xb8 ./Generated_Code/AdcLdd1.o
                0x00005da4                AdcLdd1_GetCalibrationResultStatus
 .text.AdcLdd1_MeasurementCompleteInterrupt
                0x00005e5c       0x30 ./Generated_Code/AdcLdd1.o
                0x00005e5c                AdcLdd1_MeasurementCompleteInterrupt
 .text.ASerialLdd1_Init
                0x00005e8c      0x1bc ./Generated_Code/ASerialLdd1.o
                0x00005e8c                ASerialLdd1_Init
 .text.ASerialLdd1_ReceiveBlock
                0x00006048       0x98 ./Generated_Code/ASerialLdd1.o
                0x00006048                ASerialLdd1_ReceiveBlock
 .text.ASerialLdd1_SendBlock
                0x000060e0       0xc4 ./Generated_Code/ASerialLdd1.o
                0x000060e0                ASerialLdd1_SendBlock
 .text.InterruptRx
                0x000061a4       0x58 ./Generated_Code/ASerialLdd1.o
 .text.InterruptTx
                0x000061fc       0x80 ./Generated_Code/ASerialLdd1.o
 .text.ASerialLdd1_Interrupt
                0x0000627c       0xfc ./Generated_Code/ASerialLdd1.o
                0x0000627c                ASerialLdd1_Interrupt
 .text.ASerialLdd1_GetError
                0x00006378       0x74 ./Generated_Code/ASerialLdd1.o
                0x00006378                ASerialLdd1_GetError
 .text.HWEnDi   0x000063ec       0x20 ./Generated_Code/AS1.o
 .text.AS1_RecvChar
                0x0000640c       0xe8 ./Generated_Code/AS1.o
                0x0000640c                AS1_RecvChar
 .text.AS1_SendChar
                0x000064f4       0xec ./Generated_Code/AS1.o
                0x000064f4                AS1_SendChar
 .text.AS1_GetCharsInRxBuf
                0x000065e0       0x14 ./Generated_Code/AS1.o
                0x000065e0                AS1_GetCharsInRxBuf
 .text.AS1_Init
                0x000065f4       0x64 ./Generated_Code/AS1.o
                0x000065f4                AS1_Init
 .text.ASerialLdd1_OnBlockReceived
                0x00006658       0xc0 ./Generated_Code/AS1.o
                0x00006658                ASerialLdd1_OnBlockReceived
 .text.ASerialLdd1_OnBlockSent
                0x00006718       0xe8 ./Generated_Code/AS1.o
                0x00006718                ASerialLdd1_OnBlockSent
 .text.ASerialLdd1_OnError
                0x00006800       0x94 ./Generated_Code/AS1.o
                0x00006800                ASerialLdd1_OnError
 .text.ASerialLdd1_OnBreak
                0x00006894       0x20 ./Generated_Code/AS1.o
                0x00006894                ASerialLdd1_OnBreak
 .text.AdcLdd1_OnMeasurementComplete
                0x000068b4       0x5c ./Generated_Code/AD1.o
                0x000068b4                AdcLdd1_OnMeasurementComplete
 .text.AD1_Init
                0x00006910       0x2c ./Generated_Code/AD1.o
                0x00006910                AD1_Init
 .text.zero_fill_bss
                0x0000693c       0x24 ./Project_Settings/Startup_Code/__arm_start.o
 .text.__thumb_startup
                0x00006960       0x30 ./Project_Settings/Startup_Code/__arm_start.o
                0x00006960                __thumb_startup
 .text._ExitProcess
                0x00006990        0xc ./Project_Settings/Startup_Code/__arm_end.o
                0x00006990                _ExitProcess
 .text.startCommunication
                0x0000699c       0x78 ./Sources/serial_communication.o
                0x0000699c                startCommunication
 .text.taskDone
                0x00006a14       0x20 ./Sources/serial_communication.o
                0x00006a14                taskDone
 .text.refreshTasks
                0x00006a34       0x50 ./Sources/serial_communication.o
                0x00006a34                refreshTasks
 *fill*         0x00006a84        0x4 00
 .text.calcPID  0x00006a88      0x328 ./Sources/pid.o
                0x00006a88                calcPID
 .text.motorIncrementPWMLeft
                0x00006db0       0x50 ./Sources/motor.o
                0x00006db0                motorIncrementPWMLeft
 .text.motorIncrementPWMRight
                0x00006e00       0x50 ./Sources/motor.o
                0x00006e00                motorIncrementPWMRight
 .text.motorSetPWMLeft
                0x00006e50       0xb0 ./Sources/motor.o
                0x00006e50                motorSetPWMLeft
 .text.motorSetPWMRight
                0x00006f00       0xb0 ./Sources/motor.o
                0x00006f00                motorSetPWMRight
 .text.motorsStartup
                0x00006fb0      0x120 ./Sources/motor.o
                0x00006fb0                motorsStartup
 .text.main     0x000070d0       0x10 ./Sources/main.o
                0x000070d0                main
 .text.Task1Task
                0x000070e0       0x10 ./Sources/frtos_tasks.o
 .text.Task2Task
                0x000070f0       0x20 ./Sources/frtos_tasks.o
 .text.Task3Task
                0x00007110       0x58 ./Sources/frtos_tasks.o
 .text.Task4Task
                0x00007168        0xc ./Sources/frtos_tasks.o
 .text.Task5Task
                0x00007174        0xc ./Sources/frtos_tasks.o
 .text.Task6Task
                0x00007180        0xc ./Sources/frtos_tasks.o
 .text.Task7Task
                0x0000718c        0xc ./Sources/frtos_tasks.o
 .text.CreateTasks
                0x00007198       0x34 ./Sources/frtos_tasks.o
                0x00007198                CreateTasks
 .text.CreateTask2
                0x000071cc       0x44 ./Sources/frtos_tasks.o
                0x000071cc                CreateTask2
 .text.CreateTask3
                0x00007210       0x4c ./Sources/frtos_tasks.o
                0x00007210                CreateTask3
 .text.CreateTask4
                0x0000725c       0x44 ./Sources/frtos_tasks.o
                0x0000725c                CreateTask4
 .text.CreateTask5
                0x000072a0       0x44 ./Sources/frtos_tasks.o
                0x000072a0                CreateTask5
 .text.CreateTask6
                0x000072e4       0x44 ./Sources/frtos_tasks.o
                0x000072e4                CreateTask6
 .text.CreateTask7
                0x00007328       0x44 ./Sources/frtos_tasks.o
                0x00007328                CreateTask7
 .text.driveToStair
                0x0000736c      0x13c ./Sources/driving.o
                0x0000736c                driveToStair
 .text.driveOverStair
                0x000074a8      0x114 ./Sources/driving.o
                0x000074a8                driveOverStair
 .text.VL_OnError
                0x000075bc       0x14 ./Sources/VL6180X.o
 .text.VL_WriteReg8
                0x000075d0       0x50 ./Sources/VL6180X.o
                0x000075d0                VL_WriteReg8
 .text.VL_WriteReg16
                0x00007620       0x70 ./Sources/VL6180X.o
                0x00007620                VL_WriteReg16
 .text.VL_ReadReg8
                0x00007690       0x54 ./Sources/VL6180X.o
                0x00007690                VL_ReadReg8
 .text.readRangeContinuous
                0x000076e4       0xf0 ./Sources/VL6180X.o
 .text.VL_ReadRangeSingle
                0x000077d4       0x64 ./Sources/VL6180X.o
                0x000077d4                VL_ReadRangeSingle
 .text.VL_ConfigureDefault
                0x00007838       0x94 ./Sources/VL6180X.o
                0x00007838                VL_ConfigureDefault
 .text.VL_InitDevice
                0x000078cc      0x5ac ./Sources/VL6180X.o
                0x000078cc                VL_InitDevice
 .text.VL_InitAndConfigureDevice
                0x00007e78       0x64 ./Sources/VL6180X.o
                0x00007e78                VL_InitAndConfigureDevice
 .text.VL_ChipEnable
                0x00007edc       0xc0 ./Sources/VL6180X.o
                0x00007edc                VL_ChipEnable
 .text.VL_SetI2CDeviceAddress
                0x00007f9c       0xa8 ./Sources/VL6180X.o
                0x00007f9c                VL_SetI2CDeviceAddress
 .text.VL_Init  0x00008044       0xf0 ./Sources/VL6180X.o
                0x00008044                VL_Init
 .text.VL_GetDistance
                0x00008134       0xdc ./Sources/VL6180X.o
                0x00008134                VL_GetDistance
 .text.L3Ginit  0x00008210       0x64 ./Sources/L3G.o
                0x00008210                L3Ginit
 .text.L3GenableDefault
                0x00008274       0x44 ./Sources/L3G.o
                0x00008274                L3GenableDefault
 .text.L3GwriteReg
                0x000082b8       0x4c ./Sources/L3G.o
                0x000082b8                L3GwriteReg
 .text.L3GreadReg
                0x00008304       0x54 ./Sources/L3G.o
                0x00008304                L3GreadReg
 .text.L3Greadxyz
                0x00008358       0xf4 ./Sources/L3G.o
                0x00008358                L3Greadxyz
 .text.L3Gread  0x0000844c      0x170 ./Sources/L3G.o
                0x0000844c                L3Gread
 .text.L3GgetDegree
                0x000085bc       0xb8 ./Sources/L3G.o
                0x000085bc                L3GgetDegree
 .text.calculateOffset
                0x00008674      0x108 ./Sources/L3G.o
                0x00008674                calculateOffset
 .text.cmpfunc  0x0000877c       0x28 ./Sources/L3G.o
                0x0000877c                cmpfunc
 .text.refreshMovingOffset
                0x000087a4      0x1b0 ./Sources/L3G.o
                0x000087a4                refreshMovingOffset
 .text.Cpu_OnNMIINT
                0x00008954        0x8 ./Sources/Events.o
                0x00008954                Cpu_OnNMIINT
 .text.FRTOS1_vApplicationStackOverflowHook
                0x0000895c       0x10 ./Sources/Events.o
                0x0000895c                FRTOS1_vApplicationStackOverflowHook
 .text.FRTOS1_vApplicationTickHook
                0x0000896c        0x8 ./Sources/Events.o
                0x0000896c                FRTOS1_vApplicationTickHook
 .text.FRTOS1_vApplicationIdleHook
                0x00008974        0x8 ./Sources/Events.o
                0x00008974                FRTOS1_vApplicationIdleHook
 .text.FRTOS1_vApplicationMallocFailedHook
                0x0000897c        0x8 ./Sources/Events.o
                0x0000897c                FRTOS1_vApplicationMallocFailedHook
 .text.AD1_OnEnd
                0x00008984        0x8 ./Sources/Events.o
                0x00008984                AD1_OnEnd
 .text.AD1_OnCalibrationEnd
                0x0000898c        0x8 ./Sources/Events.o
                0x0000898c                AD1_OnCalibrationEnd
 .text.AS1_OnError
                0x00008994        0x8 ./Sources/Events.o
                0x00008994                AS1_OnError
 .text.AS1_OnRxChar
                0x0000899c        0x8 ./Sources/Events.o
                0x0000899c                AS1_OnRxChar
 .text.AS1_OnTxChar
                0x000089a4        0x8 ./Sources/Events.o
                0x000089a4                AS1_OnTxChar
 .text.AS1_OnFullRxBuf
                0x000089ac        0x8 ./Sources/Events.o
                0x000089ac                AS1_OnFullRxBuf
 .text.AS1_OnFreeTxBuf
                0x000089b4        0x8 ./Sources/Events.o
                0x000089b4                AS1_OnFreeTxBuf
 .text.Cpu_OnHardFault
                0x000089bc        0x8 ./Sources/Events.o
                0x000089bc                Cpu_OnHardFault
 .text.exit     0x000089c4       0x38 C:/Freescale/CW MCU v10.6/MCU/ARM_GCC_Support/ewl/lib/armv6-m\libc.a(exit.o)
                0x000089c4                exit
 .text.qsort    0x000089fc       0xb8 C:/Freescale/CW MCU v10.6/MCU/ARM_GCC_Support/ewl/lib/armv6-m\libc.a(qsort.o)
                0x000089fc                qsort
 .text.memcpy   0x00008ab4       0x12 C:/Freescale/CW MCU v10.6/MCU/ARM_GCC_Support/ewl/lib/armv6-m\libc.a(memcpy.o)
                0x00008ab4                memcpy
 .text.memset   0x00008ac6        0xc C:/Freescale/CW MCU v10.6/MCU/ARM_GCC_Support/ewl/lib/armv6-m\libc.a(memset.o)
                0x00008ac6                memset
 .text.strchr   0x00008ad2       0x1e C:/Freescale/CW MCU v10.6/MCU/ARM_GCC_Support/ewl/lib/armv6-m\libc.a(strchr.o)
                0x00008ad2                strchr
 .text.strlen   0x00008af0       0x10 C:/Freescale/CW MCU v10.6/MCU/ARM_GCC_Support/ewl/lib/armv6-m\libc.a(strlen.o)
                0x00008af0                strlen
 .text.long2str.isra.0
                0x00008b00      0x19c C:/Freescale/CW MCU v10.6/MCU/ARM_GCC_Support/ewl/lib/armv6-m\libc.a(printformat_.o)
 .text.__pformatter_
                0x00008c9c      0x428 C:/Freescale/CW MCU v10.6/MCU/ARM_GCC_Support/ewl/lib/armv6-m\libc.a(printformat_.o)
                0x00008c9c                __pformatter_
 .text.__sformatter
                0x000090c4      0x698 C:/Freescale/CW MCU v10.6/MCU/ARM_GCC_Support/ewl/lib/armv6-m\libc.a(scanformat_.o)
                0x000090c4                __sformatter
 .text.isalpha  0x0000975c       0x20 C:/Freescale/CW MCU v10.6/MCU/ARM_GCC_Support/ewl/lib/armv6-m\libc.a(ctype_aeabi.o)
                0x0000975c                isalpha
 .text.isspace  0x0000977c       0x20 C:/Freescale/CW MCU v10.6/MCU/ARM_GCC_Support/ewl/lib/armv6-m\libc.a(ctype_aeabi.o)
                0x0000977c                isspace
 .text.toupper  0x0000979c        0xe C:/Freescale/CW MCU v10.6/MCU/ARM_GCC_Support/ewl/lib/armv6-m\libc.a(ctype_aeabi.o)
                0x0000979c                toupper
 .text.__strtoul
                0x000097aa      0x1ce C:/Freescale/CW MCU v10.6/MCU/ARM_GCC_Support/ewl/lib/armv6-m\libc.a(__strtoul.o)
                0x000097aa                __strtoul
 .text.__fill_mem
                0x00009978       0x7e C:/Freescale/CW MCU v10.6/MCU/ARM_GCC_Support/ewl/lib/armv6-m\libc.a(__filll_mem.o)
                0x00009978                __fill_mem
 .text.memchr   0x000099f6       0x1a C:/Freescale/CW MCU v10.6/MCU/ARM_GCC_Support/ewl/lib/armv6-m\libc.a(memchr.o)
                0x000099f6                memchr
 .text.cos      0x00009a10       0xa8 C:/Freescale/CW MCU v10.6/MCU/ARM_GCC_Support/ewl/lib/armv6-m\libm.a(s_cos.o)
                0x00009a10                cos
 .text.__ieee754_rem_pio2
                0x00009ab8      0x408 C:/Freescale/CW MCU v10.6/MCU/ARM_GCC_Support/ewl/lib/armv6-m\libm.a(e_rem_pio2.o)
                0x00009ab8                __ieee754_rem_pio2
 .text.__kernel_cos
                0x00009ec0      0x1e0 C:/Freescale/CW MCU v10.6/MCU/ARM_GCC_Support/ewl/lib/armv6-m\libm.a(k_cos.o)
                0x00009ec0                __kernel_cos
 .text.__kernel_rem_pio2
                0x0000a0a0      0x730 C:/Freescale/CW MCU v10.6/MCU/ARM_GCC_Support/ewl/lib/armv6-m\libm.a(k_rem_pio2.o)
                0x0000a0a0                __kernel_rem_pio2
 .text.__kernel_sin
                0x0000a7d0      0x178 C:/Freescale/CW MCU v10.6/MCU/ARM_GCC_Support/ewl/lib/armv6-m\libm.a(k_sin.o)
                0x0000a7d0                __kernel_sin
 .text.floor    0x0000a948      0x118 C:/Freescale/CW MCU v10.6/MCU/ARM_GCC_Support/ewl/lib/armv6-m\libm.a(s_floor.o)
                0x0000a948                floor
 .text.scalbn   0x0000aa60       0x14 C:/Freescale/CW MCU v10.6/MCU/ARM_GCC_Support/ewl/lib/armv6-m\libm.a(scalbn.o)
                0x0000aa60                scalbn
 *fill*         0x0000aa74        0x4 00
 .text.frexp    0x0000aa78       0x80 C:/Freescale/CW MCU v10.6/MCU/ARM_GCC_Support/ewl/lib/armv6-m\libm.a(s_frexp.o)
                0x0000aa78                frexp
 .text.ldexp    0x0000aaf8      0x148 C:/Freescale/CW MCU v10.6/MCU/ARM_GCC_Support/ewl/lib/armv6-m\libm.a(s_ldexp.o)
                0x0000aaf8                ldexp
 .text.__fpclassifyd
                0x0000ac40       0x38 C:/Freescale/CW MCU v10.6/MCU/ARM_GCC_Support/ewl/lib/armv6-m\libm.a(math_api.o)
                0x0000ac40                __fpclassifyd
 .text.__init_cpp
                0x0000ac78       0x48 C:/Freescale/CW MCU v10.6/MCU/ARM_GCC_Support/ewl/lib/armv6-m\librt.a(gcc_ctor_dtor.o)
                0x0000ac78                __init_cpp
 .text.__fini_cpp
                0x0000acc0       0x34 C:/Freescale/CW MCU v10.6/MCU/ARM_GCC_Support/ewl/lib/armv6-m\librt.a(gcc_ctor_dtor.o)
                0x0000acc0                __fini_cpp
 .text.__copy_rom_section
                0x0000acf4       0x48 C:/Freescale/CW MCU v10.6/MCU/ARM_GCC_Support/ewl/lib/armv6-m\librt.a(ROMCopy.o)
                0x0000acf4                __copy_rom_section
 .text.__copy_rom_sections_to_ram
                0x0000ad3c       0x34 C:/Freescale/CW MCU v10.6/MCU/ARM_GCC_Support/ewl/lib/armv6-m\librt.a(ROMCopy.o)
                0x0000ad3c                __copy_rom_sections_to_ram
 .text.__destroy_global_chain
                0x0000ad70       0x1c C:/Freescale/CW MCU v10.6/MCU/ARM_GCC_Support/ewl/lib/armv6-m\librt.a(__arm_eabi_init.o)
                0x0000ad70                __destroy_global_chain
 .text.__init_registers
                0x0000ad8c       0x1c C:/Freescale/CW MCU v10.6/MCU/ARM_GCC_Support/ewl/lib/armv6-m\librt.a(__arm_eabi_init.o)
                0x0000ad8c                __init_registers
 .text.__init_user
                0x0000ada8        0x4 C:/Freescale/CW MCU v10.6/MCU/ARM_GCC_Support/ewl/lib/armv6-m\librt.a(__arm_eabi_init.o)
                0x0000ada8                __init_user
 *(.rodata)
 .rodata        0x0000adac        0x8 ./Generated_Code/tasks.o
 .rodata        0x0000adb4       0x1c ./Generated_Code/UTIL1.o
 .rodata        0x0000add0        0x4 ./Sources/pid.o
 .rodata        0x0000add4       0x38 ./Sources/frtos_tasks.o
 .rodata        0x0000ae0c       0x40 c:/freescale/cw mcu v10.6/cross_tools/arm-none-eabi-gcc-4_7_3/bin/../lib/gcc/arm-none-eabi/4.7.3/armv6-m\libgcc.a(divdf3.o)
 .rodata        0x0000ae4c       0x40 c:/freescale/cw mcu v10.6/cross_tools/arm-none-eabi-gcc-4_7_3/bin/../lib/gcc/arm-none-eabi/4.7.3/armv6-m\libgcc.a(muldf3.o)
 *(.rodata*)
 .rodata.ChannelDevice
                0x0000ae8c        0x4 ./Generated_Code/TU1.o
 .rodata.ChannelMode
                0x0000ae90        0x4 ./Generated_Code/TU1.o
 .rodata.CLS1_stdio
                0x0000ae94       0x10 ./Generated_Code/CLS1.o
                0x0000ae94                CLS1_stdio
 .rodata.refreshTasks
                0x0000aea4       0x1c ./Sources/serial_communication.o
 .rodata.L3Gread
                0x0000aec0      0x118 ./Sources/L3G.o
 .rodata.L3GgetDegree
                0x0000afd8       0x8c ./Sources/L3G.o
 .rodata.str1.1
                0x0000b064        0x1 C:/Freescale/CW MCU v10.6/MCU/ARM_GCC_Support/ewl/lib/armv6-m\libc.a(printformat_.o)
 .rodata.CSWTCH.20
                0x0000b065        0x5 C:/Freescale/CW MCU v10.6/MCU/ARM_GCC_Support/ewl/lib/armv6-m\libc.a(printformat_.o)
 .rodata.CSWTCH.21
                0x0000b06a        0x5 C:/Freescale/CW MCU v10.6/MCU/ARM_GCC_Support/ewl/lib/armv6-m\libc.a(printformat_.o)
 .rodata.__aeabi_ctype_table_C
                0x0000b06f      0x101 C:/Freescale/CW MCU v10.6/MCU/ARM_GCC_Support/ewl/lib/armv6-m\libc.a(ctype_aeabi.o)
                0x0000b06f                __aeabi_ctype_table_C
 .rodata.npio2_hw
                0x0000b170       0x80 C:/Freescale/CW MCU v10.6/MCU/ARM_GCC_Support/ewl/lib/armv6-m\libm.a(e_rem_pio2.o)
 .rodata.two_over_pi
                0x0000b1f0      0x108 C:/Freescale/CW MCU v10.6/MCU/ARM_GCC_Support/ewl/lib/armv6-m\libm.a(e_rem_pio2.o)
 .rodata.init_jk
                0x0000b2f8       0x10 C:/Freescale/CW MCU v10.6/MCU/ARM_GCC_Support/ewl/lib/armv6-m\libm.a(k_rem_pio2.o)
 .rodata.PIo2   0x0000b308       0x40 C:/Freescale/CW MCU v10.6/MCU/ARM_GCC_Support/ewl/lib/armv6-m\libm.a(k_rem_pio2.o)
 *(.glue_7)
 .glue_7        0x00000000        0x0 linker stubs
 *(.glue_7t)
 .glue_7t       0x00000000        0x0 linker stubs
 *(.eh_frame)
 *(.init)
 *(.fini)
                0x0000b348                . = ALIGN (0x4)
                0x0000b348                _etext = .

.vfp11_veneer   0x0000b348        0x0
 .vfp11_veneer  0x00000000        0x0 linker stubs

.v4_bx          0x0000b348        0x0
 .v4_bx         0x00000000        0x0 linker stubs

.iplt           0x0000b348        0x0
 .iplt          0x00000000        0x0 ./Generated_Code/timers.o

.rel.dyn        0x0000b348        0x0
 .rel.iplt      0x00000000        0x0 ./Generated_Code/timers.o

.ARM.extab
 *(.ARM.extab* .gnu.linkonce.armextab.*)

.ARM            0x0000b348        0x0
                0x0000b348                __exidx_start = .
 *(.ARM.exidx*)
                0x0000b348                __exidx_end = .

.ctors          0x0000b348        0x0
                0x0000b348                __CTOR_LIST__ = .
 *crtbegin.o(.ctors)
 *(EXCLUDE_FILE(*crtend.o) .ctors)
 *(SORT(.ctors.*))
 *(.ctors)
                0x0000b348                __CTOR_END__ = .

.dtors          0x0000b348        0x0
                0x0000b348                __DTOR_LIST__ = .
 *crtbegin.o(.dtors)
 *(EXCLUDE_FILE(*crtend.o) .dtors)
 *(SORT(.dtors.*))
 *(.dtors)
                0x0000b348                __DTOR_END__ = .

.preinit_array  0x0000b348        0x0
                0x0000b348                PROVIDE (__preinit_array_start, .)
 *(.preinit_array*)
                0x0000b348                PROVIDE (__preinit_array_end, .)

.init_array     0x0000b348        0x0
                0x0000b348                PROVIDE (__init_array_start, .)
 *(SORT(.init_array.*))
 *(.init_array*)
                0x0000b348                PROVIDE (__init_array_end, .)

.fini_array     0x0000b348        0x0
                0x0000b348                PROVIDE (__fini_array_start, .)
 *(SORT(.fini_array.*))
 *(.fini_array*)
                0x0000b348                PROVIDE (__fini_array_end, .)
                0x0000b348                ___ROM_AT = .

.mtb            0x1ffff000        0x0
                0x1ffff000                . = ALIGN (0x8)
                0x1ffff000                _mtb_start = .
 *(.mtb_buf)
                0x1ffff000                . = ALIGN (0x8)
                0x1ffff000                _mtb_end = .

.data           0x1ffff000       0x14 load address 0x0000b348
                0x1ffff000                . = ALIGN (0x4)
                0x1ffff000                _sdata = .
 *(.data)
 *(.data*)
 .data.uxCriticalNesting
                0x1ffff000        0x4 ./Generated_Code/port.o
 .data.uxTopUsedPriority
                0x1ffff004        0x4 ./Generated_Code/port.o
                0x1ffff004                uxTopUsedPriority
 .data.xHeapStructSize
                0x1ffff008        0x4 ./Generated_Code/heap_4.o
 .data.CLS1_currStdIO
                0x1ffff00c        0x4 ./Generated_Code/CLS1.o
 .data.scaling  0x1ffff010        0x1 ./Sources/VL6180X.o
 .data.initDevices
                0x1ffff011        0x1 ./Sources/VL6180X.o
                0x1ffff011                initDevices
                0x1ffff014                . = ALIGN (0x4)
 *fill*         0x1ffff012        0x2 00
                0x1ffff014                _edata = .
                0x00000014                ___data_size = (_edata - _sdata)

.igot.plt       0x1ffff014        0x0 load address 0x0000b35c
 .igot.plt      0x00000000        0x0 ./Generated_Code/timers.o
                0x1ffff014                . = ALIGN (0x4)

.bss            0x1ffff014     0x254c load address 0x0000b35c
                0x1ffff014                __START_BSS = .
                0x1ffff014                PROVIDE (__bss_start__, __START_BSS)
 *(.bss)
 *(.bss*)
 .bss.pxCurrentTCB
                0x1ffff014        0x4 ./Generated_Code/tasks.o
                0x1ffff014                pxCurrentTCB
 .bss.pxReadyTasksLists
                0x1ffff018       0x78 ./Generated_Code/tasks.o
 .bss.xDelayedTaskList1
                0x1ffff090       0x14 ./Generated_Code/tasks.o
 .bss.xDelayedTaskList2
                0x1ffff0a4       0x14 ./Generated_Code/tasks.o
 .bss.pxDelayedTaskList
                0x1ffff0b8        0x4 ./Generated_Code/tasks.o
 .bss.pxOverflowDelayedTaskList
                0x1ffff0bc        0x4 ./Generated_Code/tasks.o
 .bss.xPendingReadyList
                0x1ffff0c0       0x14 ./Generated_Code/tasks.o
 .bss.xTasksWaitingTermination
                0x1ffff0d4       0x14 ./Generated_Code/tasks.o
 .bss.uxDeletedTasksWaitingCleanUp
                0x1ffff0e8        0x4 ./Generated_Code/tasks.o
 .bss.xSuspendedTaskList
                0x1ffff0ec       0x14 ./Generated_Code/tasks.o
 .bss.uxCurrentNumberOfTasks
                0x1ffff100        0x4 ./Generated_Code/tasks.o
 .bss.xTickCount
                0x1ffff104        0x4 ./Generated_Code/tasks.o
 .bss.uxTopReadyPriority
                0x1ffff108        0x4 ./Generated_Code/tasks.o
 .bss.xSchedulerRunning
                0x1ffff10c        0x4 ./Generated_Code/tasks.o
 .bss.uxPendedTicks
                0x1ffff110        0x4 ./Generated_Code/tasks.o
 .bss.xYieldPending
                0x1ffff114        0x4 ./Generated_Code/tasks.o
 .bss.xNumOfOverflows
                0x1ffff118        0x4 ./Generated_Code/tasks.o
 .bss.uxTaskNumber
                0x1ffff11c        0x4 ./Generated_Code/tasks.o
 .bss.xNextTaskUnblockTime
                0x1ffff120        0x4 ./Generated_Code/tasks.o
 .bss.xIdleTaskHandle
                0x1ffff124        0x4 ./Generated_Code/tasks.o
 .bss.uxSchedulerSuspended
                0x1ffff128        0x4 ./Generated_Code/tasks.o
 .bss.ucHeap    0x1ffff12c     0x1d4c ./Generated_Code/heap_4.o
 .bss.xStart    0x20000e78        0x8 ./Generated_Code/heap_4.o
 .bss.pxEnd     0x20000e80        0x4 ./Generated_Code/heap_4.o
 .bss.xFreeBytesRemaining
                0x20000e84        0x4 ./Generated_Code/heap_4.o
 .bss.xMinimumEverFreeBytesRemaining
                0x20000e88        0x4 ./Generated_Code/heap_4.o
 .bss.xBlockAllocatedBit
                0x20000e8c        0x4 ./Generated_Code/heap_4.o
 .bss.DeviceDataPrv__DEFAULT_RTOS_ALLOC
                0x20000e90        0x4 ./Generated_Code/TofCE3.o
 .bss.DeviceDataPrv__DEFAULT_RTOS_ALLOC
                0x20000e94        0x4 ./Generated_Code/TofCE2.o
 .bss.DeviceDataPrv__DEFAULT_RTOS_ALLOC
                0x20000e98        0x4 ./Generated_Code/TofCE1.o
 .bss.DeviceDataPrv__DEFAULT_RTOS_ALLOC
                0x20000e9c        0x8 ./Generated_Code/TU2.o
 .bss.DeviceDataPrv__DEFAULT_RTOS_ALLOC
                0x20000ea4        0x8 ./Generated_Code/TU1.o
 .bss.DeviceDataPrv__DEFAULT_RTOS_ALLOC
                0x20000eac        0xc ./Generated_Code/PwmLdd3.o
 .bss.DeviceDataPrv__DEFAULT_RTOS_ALLOC
                0x20000eb8        0xc ./Generated_Code/PwmLdd2.o
 .bss.DeviceDataPrv__DEFAULT_RTOS_ALLOC
                0x20000ec4        0xc ./Generated_Code/PwmLdd1.o
 .bss.PE_LDD_DeviceDataList
                0x20000ed0       0x3c ./Generated_Code/PE_LDD.o
                0x20000ed0                PE_LDD_DeviceDataList
 .bss.GI2C1_deviceData
                0x20000f0c        0x8 ./Generated_Code/GI2C1.o
 .bss.GI2C1_busSem
                0x20000f14        0x4 ./Generated_Code/GI2C1.o
 .bss.writeBuf.6704
                0x20000f18       0x10 ./Generated_Code/GI2C1.o
 .bss.DeviceDataPrv__DEFAULT_RTOS_ALLOC
                0x20000f28        0x4 ./Generated_Code/DIR_RIGHT.o
 .bss.DeviceDataPrv__DEFAULT_RTOS_ALLOC
                0x20000f2c        0x4 ./Generated_Code/DIR_LEFT.o
 .bss.SR_lock   0x20000f30        0x1 ./Generated_Code/Cpu.o
                0x20000f30                SR_lock
 *fill*         0x20000f31        0x3 00
 .bss.DeviceDataPrv__DEFAULT_RTOS_ALLOC
                0x20000f34       0x18 ./Generated_Code/CI2C1.o
 .bss.INT_I2C0__BAREBOARD_RTOS_ISRPARAM
                0x20000f4c        0x4 ./Generated_Code/CI2C1.o
 .bss.DeviceDataPrv__DEFAULT_RTOS_ALLOC
                0x20000f50        0x4 ./Generated_Code/BitIoLdd4.o
 .bss.DeviceDataPrv__DEFAULT_RTOS_ALLOC
                0x20000f54        0x4 ./Generated_Code/BitIoLdd3.o
 .bss.DeviceDataPrv__DEFAULT_RTOS_ALLOC
                0x20000f58        0x8 ./Generated_Code/AdcLdd1.o
 .bss.INT_ADC0__BAREBOARD_RTOS_ISRPARAM
                0x20000f60        0x4 ./Generated_Code/AdcLdd1.o
 .bss.DeviceDataPrv__DEFAULT_RTOS_ALLOC
                0x20000f64       0x20 ./Generated_Code/ASerialLdd1.o
 .bss.INT_UART0__BAREBOARD_RTOS_ISRPARAM
                0x20000f84        0x4 ./Generated_Code/ASerialLdd1.o
 .bss.SerFlag   0x20000f88        0x2 ./Generated_Code/AS1.o
 .bss.AS1_InpLen
                0x20000f8a        0x2 ./Generated_Code/AS1.o
 .bss.InpIndexR
                0x20000f8c        0x2 ./Generated_Code/AS1.o
 .bss.InpIndexW
                0x20000f8e        0x2 ./Generated_Code/AS1.o
 .bss.InpBuffer
                0x20000f90       0x20 ./Generated_Code/AS1.o
 .bss.BufferRead
                0x20000fb0        0x1 ./Generated_Code/AS1.o
 *fill*         0x20000fb1        0x1 00
 .bss.AS1_OutLen
                0x20000fb2        0x2 ./Generated_Code/AS1.o
 .bss.OutIndexR
                0x20000fb4        0x2 ./Generated_Code/AS1.o
 .bss.OutIndexW
                0x20000fb6        0x2 ./Generated_Code/AS1.o
 .bss.OutBuffer
                0x20000fb8       0x40 ./Generated_Code/AS1.o
 .bss.OnFreeTxBufSemaphore
                0x20000ff8        0x1 ./Generated_Code/AS1.o
 .bss.ModeFlg   0x20000ff9        0x1 ./Generated_Code/AD1.o
 .bss.OutFlg    0x20000ffa        0x1 ./Generated_Code/AD1.o
 *fill*         0x20000ffb        0x1 00
 .bss.argv      0x20000ffc        0x4 ./Project_Settings/Startup_Code/__arm_start.o
 .bss.pwmLeft   0x20001000        0x2 ./Sources/motor.o
 .bss.pwmRight  0x20001002        0x2 ./Sources/motor.o
 .bss.ToFDevice
                0x20001004        0xc ./Sources/VL6180X.o
 .bss.__stdio_exit
                0x20001010        0x4 C:/Freescale/CW MCU v10.6/MCU/ARM_GCC_Support/ewl/lib/armv6-m\libc.a(exit.o)
                0x20001010                __stdio_exit
 .bss.__console_exit
                0x20001014        0x4 C:/Freescale/CW MCU v10.6/MCU/ARM_GCC_Support/ewl/lib/armv6-m\libc.a(exit.o)
                0x20001014                __console_exit
 .bss.__S_romp  0x20001018        0xc C:/Freescale/CW MCU v10.6/MCU/ARM_GCC_Support/ewl/lib/armv6-m\librt.a(ROMCopy.o)
 .bss.__global_destructor_chain
                0x20001024        0x4 C:/Freescale/CW MCU v10.6/MCU/ARM_GCC_Support/ewl/lib/armv6-m\librt.a(__arm_eabi_init.o)
                0x20001024                __global_destructor_chain
 *(COMMON)
 COMMON         0x20001028       0x28 ./Generated_Code/queue.o
                0x20001028                xQueueRegistry
 COMMON         0x20001050        0x1 ./Generated_Code/Cpu.o
                0x20001050                SR_reg
 *fill*         0x20001051        0x3 00
 COMMON         0x20001054        0x4 ./Generated_Code/AS1.o
                0x20001054                ASerialLdd1_DeviceDataPtr
 COMMON         0x20001058        0x8 ./Generated_Code/AD1.o
                0x20001058                AD1_OutV
                0x2000105c                AdcLdd1_DeviceDataPtr
 COMMON         0x20001060        0x2 ./Sources/serial_communication.o
                0x20001060                state
                0x20001061                leftParcour
 *fill*         0x20001062        0x2 00
 COMMON         0x20001064       0x18 ./Sources/pid.o
                0x20001064                pid
 COMMON         0x2000107c        0x6 ./Sources/frtos_tasks.o
                0x2000107c                Task3Started
                0x2000107d                Task2Started
                0x2000107e                Task7Started
                0x2000107f                Task4Started
                0x20001080                Task6Started
                0x20001081                Task5Started
 *fill*         0x20001082        0x2 00
 COMMON         0x20001084      0x4da ./Sources/L3G.o
                0x20001084                address
                0x20001088                vX
                0x20001218                vZ
                0x200013a8                gyro
                0x200013c8                sa0
                0x200013c9                device
                0x200013cc                vY
                0x2000155c                writingPos
                0x20001560                . = ALIGN (0x4)
 *fill*         0x2000155e        0x2 00
                0x20001560                __END_BSS = .
                0x20001560                PROVIDE (__bss_end__, __END_BSS)
                0x0000b35c                _romp_at = (___ROM_AT + SIZEOF (.data))

.romp           0x20001560       0x18 load address 0x0000b35c
                0x0000b35c                __S_romp = _romp_at
                0x20001560        0x4 LONG 0xb348 ___ROM_AT
                0x20001564        0x4 LONG 0x1ffff000 _sdata
                0x20001568        0x4 LONG 0x14 ___data_size
                0x2000156c        0x4 LONG 0x0
                0x20001570        0x4 LONG 0x0
                0x20001574        0x4 LONG 0x0

._user_heap_stack
                0x20001578      0x400 load address 0x0000b374
                0x20001578                . = ALIGN (0x4)
                0x20001578                PROVIDE (end, .)
                0x20001578                PROVIDE (_end, .)
                0x20001578                __heap_addr = .
                0x20001578                . = (. + __heap_size)
                0x20001978                . = (. + __stack_size)
 *fill*         0x20001578      0x400 00
                0x20001978                . = ALIGN (0x4)

.ARM.attributes
                0x00000000       0x2f
 *(.ARM.attributes)
 .ARM.attributes
                0x00000000       0x31 ./Generated_Code/tasks.o
 .ARM.attributes
                0x00000031       0x31 ./Generated_Code/queue.o
 .ARM.attributes
                0x00000062       0x31 ./Generated_Code/port.o
 .ARM.attributes
                0x00000093       0x31 ./Generated_Code/list.o
 .ARM.attributes
                0x000000c4       0x31 ./Generated_Code/heap_4.o
 .ARM.attributes
                0x000000f5       0x31 ./Generated_Code/WAIT1.o
 .ARM.attributes
                0x00000126       0x31 ./Generated_Code/Vectors.o
 .ARM.attributes
                0x00000157       0x31 ./Generated_Code/UTIL1.o
 .ARM.attributes
                0x00000188       0x31 ./Generated_Code/TofCE3.o
 .ARM.attributes
                0x000001b9       0x31 ./Generated_Code/TofCE2.o
 .ARM.attributes
                0x000001ea       0x31 ./Generated_Code/TofCE1.o
 .ARM.attributes
                0x0000021b       0x31 ./Generated_Code/TU2.o
 .ARM.attributes
                0x0000024c       0x31 ./Generated_Code/TU1.o
 .ARM.attributes
                0x0000027d       0x31 ./Generated_Code/TSK1.o
 .ARM.attributes
                0x000002ae       0x31 ./Generated_Code/RED.o
 .ARM.attributes
                0x000002df       0x31 ./Generated_Code/PwmLdd3.o
 .ARM.attributes
                0x00000310       0x31 ./Generated_Code/PwmLdd2.o
 .ARM.attributes
                0x00000341       0x31 ./Generated_Code/PwmLdd1.o
 .ARM.attributes
                0x00000372       0x31 ./Generated_Code/PE_LDD.o
 .ARM.attributes
                0x000003a3       0x31 ./Generated_Code/LED_GREEN.o
 .ARM.attributes
                0x000003d4       0x31 ./Generated_Code/GI2C1.o
 .ARM.attributes
                0x00000405       0x31 ./Generated_Code/DIR_RIGHT.o
 .ARM.attributes
                0x00000436       0x31 ./Generated_Code/DIR_LEFT.o
 .ARM.attributes
                0x00000467       0x31 ./Generated_Code/Cpu.o
 .ARM.attributes
                0x00000498       0x31 ./Generated_Code/CLS1.o
 .ARM.attributes
                0x000004c9       0x31 ./Generated_Code/CI2C1.o
 .ARM.attributes
                0x000004fa       0x31 ./Generated_Code/BitIoLdd4.o
 .ARM.attributes
                0x0000052b       0x31 ./Generated_Code/BitIoLdd3.o
 .ARM.attributes
                0x0000055c       0x31 ./Generated_Code/AdcLdd1.o
 .ARM.attributes
                0x0000058d       0x31 ./Generated_Code/ASerialLdd1.o
 .ARM.attributes
                0x000005be       0x31 ./Generated_Code/AS1.o
 .ARM.attributes
                0x000005ef       0x31 ./Generated_Code/AD1.o
 .ARM.attributes
                0x00000620       0x31 ./Project_Settings/Startup_Code/__arm_start.o
 .ARM.attributes
                0x00000651       0x31 ./Project_Settings/Startup_Code/__arm_end.o
 .ARM.attributes
                0x00000682       0x31 ./Sources/serial_communication.o
 .ARM.attributes
                0x000006b3       0x31 ./Sources/pid.o
 .ARM.attributes
                0x000006e4       0x31 ./Sources/motor.o
 .ARM.attributes
                0x00000715       0x31 ./Sources/main.o
 .ARM.attributes
                0x00000746       0x31 ./Sources/frtos_tasks.o
 .ARM.attributes
                0x00000777       0x31 ./Sources/driving.o
 .ARM.attributes
                0x000007a8       0x31 ./Sources/VL6180X.o
 .ARM.attributes
                0x000007d9       0x31 ./Sources/L3G.o
 .ARM.attributes
                0x0000080a       0x31 ./Sources/Events.o
 .ARM.attributes
                0x0000083b       0x31 C:/Freescale/CW MCU v10.6/MCU/ARM_GCC_Support/ewl/lib/armv6-m\libc.a(exit.o)
 .ARM.attributes
                0x0000086c       0x31 C:/Freescale/CW MCU v10.6/MCU/ARM_GCC_Support/ewl/lib/armv6-m\libc.a(qsort.o)
 .ARM.attributes
                0x0000089d       0x31 C:/Freescale/CW MCU v10.6/MCU/ARM_GCC_Support/ewl/lib/armv6-m\libc.a(memcpy.o)
 .ARM.attributes
                0x000008ce       0x31 C:/Freescale/CW MCU v10.6/MCU/ARM_GCC_Support/ewl/lib/armv6-m\libc.a(memset.o)
 .ARM.attributes
                0x000008ff       0x31 C:/Freescale/CW MCU v10.6/MCU/ARM_GCC_Support/ewl/lib/armv6-m\libc.a(strchr.o)
 .ARM.attributes
                0x00000930       0x31 C:/Freescale/CW MCU v10.6/MCU/ARM_GCC_Support/ewl/lib/armv6-m\libc.a(strlen.o)
 .ARM.attributes
                0x00000961       0x31 C:/Freescale/CW MCU v10.6/MCU/ARM_GCC_Support/ewl/lib/armv6-m\libc.a(printformat_.o)
 .ARM.attributes
                0x00000992       0x31 C:/Freescale/CW MCU v10.6/MCU/ARM_GCC_Support/ewl/lib/armv6-m\libc.a(scanformat_.o)
 .ARM.attributes
                0x000009c3       0x31 C:/Freescale/CW MCU v10.6/MCU/ARM_GCC_Support/ewl/lib/armv6-m\libc.a(ctype_aeabi.o)
 .ARM.attributes
                0x000009f4       0x31 C:/Freescale/CW MCU v10.6/MCU/ARM_GCC_Support/ewl/lib/armv6-m\libc.a(__strtoul.o)
 .ARM.attributes
                0x00000a25       0x31 C:/Freescale/CW MCU v10.6/MCU/ARM_GCC_Support/ewl/lib/armv6-m\libc.a(__filll_mem.o)
 .ARM.attributes
                0x00000a56       0x31 C:/Freescale/CW MCU v10.6/MCU/ARM_GCC_Support/ewl/lib/armv6-m\libc.a(memchr.o)
 .ARM.attributes
                0x00000a87       0x31 C:/Freescale/CW MCU v10.6/MCU/ARM_GCC_Support/ewl/lib/armv6-m\libm.a(s_cos.o)
 .ARM.attributes
                0x00000ab8       0x31 C:/Freescale/CW MCU v10.6/MCU/ARM_GCC_Support/ewl/lib/armv6-m\libm.a(e_rem_pio2.o)
 .ARM.attributes
                0x00000ae9       0x31 C:/Freescale/CW MCU v10.6/MCU/ARM_GCC_Support/ewl/lib/armv6-m\libm.a(k_cos.o)
 .ARM.attributes
                0x00000b1a       0x31 C:/Freescale/CW MCU v10.6/MCU/ARM_GCC_Support/ewl/lib/armv6-m\libm.a(k_rem_pio2.o)
 .ARM.attributes
                0x00000b4b       0x31 C:/Freescale/CW MCU v10.6/MCU/ARM_GCC_Support/ewl/lib/armv6-m\libm.a(k_sin.o)
 .ARM.attributes
                0x00000b7c       0x31 C:/Freescale/CW MCU v10.6/MCU/ARM_GCC_Support/ewl/lib/armv6-m\libm.a(s_floor.o)
 .ARM.attributes
                0x00000bad       0x31 C:/Freescale/CW MCU v10.6/MCU/ARM_GCC_Support/ewl/lib/armv6-m\libm.a(scalbn.o)
 .ARM.attributes
                0x00000bde       0x31 C:/Freescale/CW MCU v10.6/MCU/ARM_GCC_Support/ewl/lib/armv6-m\libm.a(s_frexp.o)
 .ARM.attributes
                0x00000c0f       0x31 C:/Freescale/CW MCU v10.6/MCU/ARM_GCC_Support/ewl/lib/armv6-m\libm.a(s_ldexp.o)
 .ARM.attributes
                0x00000c40       0x31 C:/Freescale/CW MCU v10.6/MCU/ARM_GCC_Support/ewl/lib/armv6-m\libm.a(math_api.o)
 .ARM.attributes
                0x00000c71       0x1e c:/freescale/cw mcu v10.6/cross_tools/arm-none-eabi-gcc-4_7_3/bin/../lib/gcc/arm-none-eabi/4.7.3/armv6-m\libgcc.a(_thumb1_case_sqi.o)
 .ARM.attributes
                0x00000c8f       0x1e c:/freescale/cw mcu v10.6/cross_tools/arm-none-eabi-gcc-4_7_3/bin/../lib/gcc/arm-none-eabi/4.7.3/armv6-m\libgcc.a(_thumb1_case_uqi.o)
 .ARM.attributes
                0x00000cad       0x1e c:/freescale/cw mcu v10.6/cross_tools/arm-none-eabi-gcc-4_7_3/bin/../lib/gcc/arm-none-eabi/4.7.3/armv6-m\libgcc.a(_udivsi3.o)
 .ARM.attributes
                0x00000ccb       0x1e c:/freescale/cw mcu v10.6/cross_tools/arm-none-eabi-gcc-4_7_3/bin/../lib/gcc/arm-none-eabi/4.7.3/armv6-m\libgcc.a(_divsi3.o)
 .ARM.attributes
                0x00000ce9       0x1e c:/freescale/cw mcu v10.6/cross_tools/arm-none-eabi-gcc-4_7_3/bin/../lib/gcc/arm-none-eabi/4.7.3/armv6-m\libgcc.a(_dvmd_tls.o)
 .ARM.attributes
                0x00000d07       0x1e c:/freescale/cw mcu v10.6/cross_tools/arm-none-eabi-gcc-4_7_3/bin/../lib/gcc/arm-none-eabi/4.7.3/armv6-m\libgcc.a(_arm_cmpdf2.o)
 .ARM.attributes
                0x00000d25       0x2c c:/freescale/cw mcu v10.6/cross_tools/arm-none-eabi-gcc-4_7_3/bin/../lib/gcc/arm-none-eabi/4.7.3/armv6-m\libgcc.a(adddf3.o)
 .ARM.attributes
                0x00000d51       0x2c c:/freescale/cw mcu v10.6/cross_tools/arm-none-eabi-gcc-4_7_3/bin/../lib/gcc/arm-none-eabi/4.7.3/armv6-m\libgcc.a(divdf3.o)
 .ARM.attributes
                0x00000d7d       0x2c c:/freescale/cw mcu v10.6/cross_tools/arm-none-eabi-gcc-4_7_3/bin/../lib/gcc/arm-none-eabi/4.7.3/armv6-m\libgcc.a(eqdf2.o)
 .ARM.attributes
                0x00000da9       0x2c c:/freescale/cw mcu v10.6/cross_tools/arm-none-eabi-gcc-4_7_3/bin/../lib/gcc/arm-none-eabi/4.7.3/armv6-m\libgcc.a(gedf2.o)
 .ARM.attributes
                0x00000dd5       0x2c c:/freescale/cw mcu v10.6/cross_tools/arm-none-eabi-gcc-4_7_3/bin/../lib/gcc/arm-none-eabi/4.7.3/armv6-m\libgcc.a(ledf2.o)
 .ARM.attributes
                0x00000e01       0x2c c:/freescale/cw mcu v10.6/cross_tools/arm-none-eabi-gcc-4_7_3/bin/../lib/gcc/arm-none-eabi/4.7.3/armv6-m\libgcc.a(muldf3.o)
 .ARM.attributes
                0x00000e2d       0x2c c:/freescale/cw mcu v10.6/cross_tools/arm-none-eabi-gcc-4_7_3/bin/../lib/gcc/arm-none-eabi/4.7.3/armv6-m\libgcc.a(subdf3.o)
 .ARM.attributes
                0x00000e59       0x2c c:/freescale/cw mcu v10.6/cross_tools/arm-none-eabi-gcc-4_7_3/bin/../lib/gcc/arm-none-eabi/4.7.3/armv6-m\libgcc.a(fixdfsi.o)
 .ARM.attributes
                0x00000e85       0x2c c:/freescale/cw mcu v10.6/cross_tools/arm-none-eabi-gcc-4_7_3/bin/../lib/gcc/arm-none-eabi/4.7.3/armv6-m\libgcc.a(floatsidf.o)
 .ARM.attributes
                0x00000eb1       0x1e c:/freescale/cw mcu v10.6/cross_tools/arm-none-eabi-gcc-4_7_3/bin/../lib/gcc/arm-none-eabi/4.7.3/armv6-m\libgcc.a(_clzsi2.o)
 .ARM.attributes
                0x00000ecf       0x31 C:/Freescale/CW MCU v10.6/MCU/ARM_GCC_Support/ewl/lib/armv6-m\librt.a(gcc_ctor_dtor.o)
 .ARM.attributes
                0x00000f00       0x31 C:/Freescale/CW MCU v10.6/MCU/ARM_GCC_Support/ewl/lib/armv6-m\librt.a(ROMCopy.o)
 .ARM.attributes
                0x00000f31       0x31 C:/Freescale/CW MCU v10.6/MCU/ARM_GCC_Support/ewl/lib/armv6-m\librt.a(__arm_eabi_init.o)
OUTPUT(FRDM_RTOS_TestCar_V1.2.elf elf32-littlearm)

.debug_info     0x00000000    0x10f6e
 .debug_info    0x00000000     0x1606 ./Generated_Code/tasks.o
 .debug_info    0x00001606      0xde1 ./Generated_Code/queue.o
 .debug_info    0x000023e7      0x2c8 ./Generated_Code/port.o
 .debug_info    0x000026af      0x2bf ./Generated_Code/list.o
 .debug_info    0x0000296e      0x314 ./Generated_Code/heap_4.o
 .debug_info    0x00002c82      0x13c ./Generated_Code/WAIT1.o
 .debug_info    0x00002dbe      0x10b ./Generated_Code/Vectors.o
 .debug_info    0x00002ec9     0x19c9 ./Generated_Code/UTIL1.o
 .debug_info    0x00004892      0x42d ./Generated_Code/TofCE3.o
 .debug_info    0x00004cbf      0x42d ./Generated_Code/TofCE2.o
 .debug_info    0x000050ec      0x42d ./Generated_Code/TofCE1.o
 .debug_info    0x00005519      0x6f8 ./Generated_Code/TU2.o
 .debug_info    0x00005c11      0x6fc ./Generated_Code/TU1.o
 .debug_info    0x0000630d       0x92 ./Generated_Code/TSK1.o
 .debug_info    0x0000639f       0xf8 ./Generated_Code/RED.o
 .debug_info    0x00006497      0x2d3 ./Generated_Code/PwmLdd3.o
 .debug_info    0x0000676a      0x2d3 ./Generated_Code/PwmLdd2.o
 .debug_info    0x00006a3d      0x2d3 ./Generated_Code/PwmLdd1.o
 .debug_info    0x00006d10      0x255 ./Generated_Code/PE_LDD.o
 .debug_info    0x00006f65       0xf8 ./Generated_Code/LED_GREEN.o
 .debug_info    0x0000705d      0x644 ./Generated_Code/GI2C1.o
 .debug_info    0x000076a1      0x3a0 ./Generated_Code/DIR_RIGHT.o
 .debug_info    0x00007a41      0x3a0 ./Generated_Code/DIR_LEFT.o
 .debug_info    0x00007de1      0xc3c ./Generated_Code/Cpu.o
 .debug_info    0x00008a1d      0xa47 ./Generated_Code/CLS1.o
 .debug_info    0x00009464      0x89b ./Generated_Code/CI2C1.o
 .debug_info    0x00009cff      0x392 ./Generated_Code/BitIoLdd4.o
 .debug_info    0x0000a091      0x392 ./Generated_Code/BitIoLdd3.o
 .debug_info    0x0000a423      0x970 ./Generated_Code/AdcLdd1.o
 .debug_info    0x0000ad93      0x899 ./Generated_Code/ASerialLdd1.o
 .debug_info    0x0000b62c      0x536 ./Generated_Code/AS1.o
 .debug_info    0x0000bb62      0x278 ./Generated_Code/AD1.o
 .debug_info    0x0000bdda      0x12a ./Project_Settings/Startup_Code/__arm_start.o
 .debug_info    0x0000bf04       0x54 ./Project_Settings/Startup_Code/__arm_end.o
 .debug_info    0x0000bf58      0x154 ./Sources/serial_communication.o
 .debug_info    0x0000c0ac      0x1d6 ./Sources/pid.o
 .debug_info    0x0000c282      0x317 ./Sources/motor.o
 .debug_info    0x0000c599       0x96 ./Sources/main.o
 .debug_info    0x0000c62f      0x2f9 ./Sources/frtos_tasks.o
 .debug_info    0x0000c928      0x203 ./Sources/driving.o
 .debug_info    0x0000cb2b      0x945 ./Sources/VL6180X.o
 .debug_info    0x0000d470      0x5c0 ./Sources/L3G.o
 .debug_info    0x0000da30      0x1c4 ./Sources/Events.o
 .debug_info    0x0000dbf4       0xe8 C:/Freescale/CW MCU v10.6/MCU/ARM_GCC_Support/ewl/lib/armv6-m\libc.a(exit.o)
 .debug_info    0x0000dcdc      0x1fc C:/Freescale/CW MCU v10.6/MCU/ARM_GCC_Support/ewl/lib/armv6-m\libc.a(qsort.o)
 .debug_info    0x0000ded8      0x10f C:/Freescale/CW MCU v10.6/MCU/ARM_GCC_Support/ewl/lib/armv6-m\libc.a(memcpy.o)
 .debug_info    0x0000dfe7       0xec C:/Freescale/CW MCU v10.6/MCU/ARM_GCC_Support/ewl/lib/armv6-m\libc.a(memset.o)
 .debug_info    0x0000e0d3      0x10b C:/Freescale/CW MCU v10.6/MCU/ARM_GCC_Support/ewl/lib/armv6-m\libc.a(strchr.o)
 .debug_info    0x0000e1de       0xea C:/Freescale/CW MCU v10.6/MCU/ARM_GCC_Support/ewl/lib/armv6-m\libc.a(strlen.o)
 .debug_info    0x0000e2c8      0x50d C:/Freescale/CW MCU v10.6/MCU/ARM_GCC_Support/ewl/lib/armv6-m\libc.a(printformat_.o)
 .debug_info    0x0000e7d5      0x568 C:/Freescale/CW MCU v10.6/MCU/ARM_GCC_Support/ewl/lib/armv6-m\libc.a(scanformat_.o)
 .debug_info    0x0000ed3d      0x313 C:/Freescale/CW MCU v10.6/MCU/ARM_GCC_Support/ewl/lib/armv6-m\libc.a(ctype_aeabi.o)
 .debug_info    0x0000f050      0x1d6 C:/Freescale/CW MCU v10.6/MCU/ARM_GCC_Support/ewl/lib/armv6-m\libc.a(__strtoul.o)
 .debug_info    0x0000f226      0x137 C:/Freescale/CW MCU v10.6/MCU/ARM_GCC_Support/ewl/lib/armv6-m\libc.a(__filll_mem.o)
 .debug_info    0x0000f35d      0x121 C:/Freescale/CW MCU v10.6/MCU/ARM_GCC_Support/ewl/lib/armv6-m\libc.a(memchr.o)
 .debug_info    0x0000f47e      0x1a0 C:/Freescale/CW MCU v10.6/MCU/ARM_GCC_Support/ewl/lib/armv6-m\libm.a(s_cos.o)
 .debug_info    0x0000f61e      0x343 C:/Freescale/CW MCU v10.6/MCU/ARM_GCC_Support/ewl/lib/armv6-m\libm.a(e_rem_pio2.o)
 .debug_info    0x0000f961      0x22d C:/Freescale/CW MCU v10.6/MCU/ARM_GCC_Support/ewl/lib/armv6-m\libm.a(k_cos.o)
 .debug_info    0x0000fb8e      0x30a C:/Freescale/CW MCU v10.6/MCU/ARM_GCC_Support/ewl/lib/armv6-m\libm.a(k_rem_pio2.o)
 .debug_info    0x0000fe98      0x222 C:/Freescale/CW MCU v10.6/MCU/ARM_GCC_Support/ewl/lib/armv6-m\libm.a(k_sin.o)
 .debug_info    0x000100ba      0x1a9 C:/Freescale/CW MCU v10.6/MCU/ARM_GCC_Support/ewl/lib/armv6-m\libm.a(s_floor.o)
 .debug_info    0x00010263       0xf9 C:/Freescale/CW MCU v10.6/MCU/ARM_GCC_Support/ewl/lib/armv6-m\libm.a(scalbn.o)
 .debug_info    0x0001035c      0x1a1 C:/Freescale/CW MCU v10.6/MCU/ARM_GCC_Support/ewl/lib/armv6-m\libm.a(s_frexp.o)
 .debug_info    0x000104fd      0x1e2 C:/Freescale/CW MCU v10.6/MCU/ARM_GCC_Support/ewl/lib/armv6-m\libm.a(s_ldexp.o)
 .debug_info    0x000106df      0x305 C:/Freescale/CW MCU v10.6/MCU/ARM_GCC_Support/ewl/lib/armv6-m\libm.a(math_api.o)
 .debug_info    0x000109e4      0x136 C:/Freescale/CW MCU v10.6/MCU/ARM_GCC_Support/ewl/lib/armv6-m\librt.a(gcc_ctor_dtor.o)
 .debug_info    0x00010b1a      0x19b C:/Freescale/CW MCU v10.6/MCU/ARM_GCC_Support/ewl/lib/armv6-m\librt.a(ROMCopy.o)
 .debug_info    0x00010cb5      0x2b9 C:/Freescale/CW MCU v10.6/MCU/ARM_GCC_Support/ewl/lib/armv6-m\librt.a(__arm_eabi_init.o)

.debug_abbrev   0x00000000     0x44b2
 .debug_abbrev  0x00000000      0x1bf ./Generated_Code/tasks.o
 .debug_abbrev  0x000001bf      0x15f ./Generated_Code/queue.o
 .debug_abbrev  0x0000031e      0x12c ./Generated_Code/port.o
 .debug_abbrev  0x0000044a       0xb6 ./Generated_Code/list.o
 .debug_abbrev  0x00000500      0x168 ./Generated_Code/heap_4.o
 .debug_abbrev  0x00000668       0xa3 ./Generated_Code/WAIT1.o
 .debug_abbrev  0x0000070b       0xa3 ./Generated_Code/Vectors.o
 .debug_abbrev  0x000007ae      0x14f ./Generated_Code/UTIL1.o
 .debug_abbrev  0x000008fd      0x160 ./Generated_Code/TofCE3.o
 .debug_abbrev  0x00000a5d      0x160 ./Generated_Code/TofCE2.o
 .debug_abbrev  0x00000bbd      0x160 ./Generated_Code/TofCE1.o
 .debug_abbrev  0x00000d1d      0x17e ./Generated_Code/TU2.o
 .debug_abbrev  0x00000e9b      0x17e ./Generated_Code/TU1.o
 .debug_abbrev  0x00001019       0x3d ./Generated_Code/TSK1.o
 .debug_abbrev  0x00001056       0xa3 ./Generated_Code/RED.o
 .debug_abbrev  0x000010f9      0x114 ./Generated_Code/PwmLdd3.o
 .debug_abbrev  0x0000120d      0x114 ./Generated_Code/PwmLdd2.o
 .debug_abbrev  0x00001321      0x114 ./Generated_Code/PwmLdd1.o
 .debug_abbrev  0x00001435      0x102 ./Generated_Code/PE_LDD.o
 .debug_abbrev  0x00001537       0xa3 ./Generated_Code/LED_GREEN.o
 .debug_abbrev  0x000015da      0x1d1 ./Generated_Code/GI2C1.o
 .debug_abbrev  0x000017ab      0x12b ./Generated_Code/DIR_RIGHT.o
 .debug_abbrev  0x000018d6      0x12b ./Generated_Code/DIR_LEFT.o
 .debug_abbrev  0x00001a01      0x137 ./Generated_Code/Cpu.o
 .debug_abbrev  0x00001b38      0x1a0 ./Generated_Code/CLS1.o
 .debug_abbrev  0x00001cd8      0x179 ./Generated_Code/CI2C1.o
 .debug_abbrev  0x00001e51      0x11c ./Generated_Code/BitIoLdd4.o
 .debug_abbrev  0x00001f6d      0x11c ./Generated_Code/BitIoLdd3.o
 .debug_abbrev  0x00002089      0x1a6 ./Generated_Code/AdcLdd1.o
 .debug_abbrev  0x0000222f      0x189 ./Generated_Code/ASerialLdd1.o
 .debug_abbrev  0x000023b8      0x16d ./Generated_Code/AS1.o
 .debug_abbrev  0x00002525      0x13c ./Generated_Code/AD1.o
 .debug_abbrev  0x00002661       0x92 ./Project_Settings/Startup_Code/__arm_start.o
 .debug_abbrev  0x000026f3       0x4c ./Project_Settings/Startup_Code/__arm_end.o
 .debug_abbrev  0x0000273f       0xcc ./Sources/serial_communication.o
 .debug_abbrev  0x0000280b       0xf8 ./Sources/pid.o
 .debug_abbrev  0x00002903       0xcc ./Sources/motor.o
 .debug_abbrev  0x000029cf       0x3f ./Sources/main.o
 .debug_abbrev  0x00002a0e       0xca ./Sources/frtos_tasks.o
 .debug_abbrev  0x00002ad8       0xbb ./Sources/driving.o
 .debug_abbrev  0x00002b93      0x1af ./Sources/VL6180X.o
 .debug_abbrev  0x00002d42      0x1ab ./Sources/L3G.o
 .debug_abbrev  0x00002eed       0x95 ./Sources/Events.o
 .debug_abbrev  0x00002f82       0x7a C:/Freescale/CW MCU v10.6/MCU/ARM_GCC_Support/ewl/lib/armv6-m\libc.a(exit.o)
 .debug_abbrev  0x00002ffc       0xbd C:/Freescale/CW MCU v10.6/MCU/ARM_GCC_Support/ewl/lib/armv6-m\libc.a(qsort.o)
 .debug_abbrev  0x000030b9       0x95 C:/Freescale/CW MCU v10.6/MCU/ARM_GCC_Support/ewl/lib/armv6-m\libc.a(memcpy.o)
 .debug_abbrev  0x0000314e       0x62 C:/Freescale/CW MCU v10.6/MCU/ARM_GCC_Support/ewl/lib/armv6-m\libc.a(memset.o)
 .debug_abbrev  0x000031b0       0x7a C:/Freescale/CW MCU v10.6/MCU/ARM_GCC_Support/ewl/lib/armv6-m\libc.a(strchr.o)
 .debug_abbrev  0x0000322a       0x7a C:/Freescale/CW MCU v10.6/MCU/ARM_GCC_Support/ewl/lib/armv6-m\libc.a(strlen.o)
 .debug_abbrev  0x000032a4      0x200 C:/Freescale/CW MCU v10.6/MCU/ARM_GCC_Support/ewl/lib/armv6-m\libc.a(printformat_.o)
 .debug_abbrev  0x000034a4      0x1f0 C:/Freescale/CW MCU v10.6/MCU/ARM_GCC_Support/ewl/lib/armv6-m\libc.a(scanformat_.o)
 .debug_abbrev  0x00003694       0x9e C:/Freescale/CW MCU v10.6/MCU/ARM_GCC_Support/ewl/lib/armv6-m\libc.a(ctype_aeabi.o)
 .debug_abbrev  0x00003732       0xc2 C:/Freescale/CW MCU v10.6/MCU/ARM_GCC_Support/ewl/lib/armv6-m\libc.a(__strtoul.o)
 .debug_abbrev  0x000037f4       0x78 C:/Freescale/CW MCU v10.6/MCU/ARM_GCC_Support/ewl/lib/armv6-m\libc.a(__filll_mem.o)
 .debug_abbrev  0x0000386c       0x95 C:/Freescale/CW MCU v10.6/MCU/ARM_GCC_Support/ewl/lib/armv6-m\libc.a(memchr.o)
 .debug_abbrev  0x00003901       0xd7 C:/Freescale/CW MCU v10.6/MCU/ARM_GCC_Support/ewl/lib/armv6-m\libm.a(s_cos.o)
 .debug_abbrev  0x000039d8       0xfc C:/Freescale/CW MCU v10.6/MCU/ARM_GCC_Support/ewl/lib/armv6-m\libm.a(e_rem_pio2.o)
 .debug_abbrev  0x00003ad4       0xcc C:/Freescale/CW MCU v10.6/MCU/ARM_GCC_Support/ewl/lib/armv6-m\libm.a(k_cos.o)
 .debug_abbrev  0x00003ba0       0xf3 C:/Freescale/CW MCU v10.6/MCU/ARM_GCC_Support/ewl/lib/armv6-m\libm.a(k_rem_pio2.o)
 .debug_abbrev  0x00003c93       0xea C:/Freescale/CW MCU v10.6/MCU/ARM_GCC_Support/ewl/lib/armv6-m\libm.a(k_sin.o)
 .debug_abbrev  0x00003d7d       0xbf C:/Freescale/CW MCU v10.6/MCU/ARM_GCC_Support/ewl/lib/armv6-m\libm.a(s_floor.o)
 .debug_abbrev  0x00003e3c       0x86 C:/Freescale/CW MCU v10.6/MCU/ARM_GCC_Support/ewl/lib/armv6-m\libm.a(scalbn.o)
 .debug_abbrev  0x00003ec2       0xce C:/Freescale/CW MCU v10.6/MCU/ARM_GCC_Support/ewl/lib/armv6-m\libm.a(s_frexp.o)
 .debug_abbrev  0x00003f90       0xce C:/Freescale/CW MCU v10.6/MCU/ARM_GCC_Support/ewl/lib/armv6-m\libm.a(s_ldexp.o)
 .debug_abbrev  0x0000405e       0xe8 C:/Freescale/CW MCU v10.6/MCU/ARM_GCC_Support/ewl/lib/armv6-m\libm.a(math_api.o)
 .debug_abbrev  0x00004146       0x99 C:/Freescale/CW MCU v10.6/MCU/ARM_GCC_Support/ewl/lib/armv6-m\librt.a(gcc_ctor_dtor.o)
 .debug_abbrev  0x000041df      0x120 C:/Freescale/CW MCU v10.6/MCU/ARM_GCC_Support/ewl/lib/armv6-m\librt.a(ROMCopy.o)
 .debug_abbrev  0x000042ff      0x1b3 C:/Freescale/CW MCU v10.6/MCU/ARM_GCC_Support/ewl/lib/armv6-m\librt.a(__arm_eabi_init.o)

.debug_loc      0x00000000     0x9c63
 .debug_loc     0x00000000      0xb5d ./Generated_Code/tasks.o
 .debug_loc     0x00000b5d      0x658 ./Generated_Code/queue.o
 .debug_loc     0x000011b5      0x260 ./Generated_Code/port.o
 .debug_loc     0x00001415      0x118 ./Generated_Code/list.o
 .debug_loc     0x0000152d      0x164 ./Generated_Code/heap_4.o
 .debug_loc     0x00001691       0xa8 ./Generated_Code/WAIT1.o
 .debug_loc     0x00001739      0xdc9 ./Generated_Code/UTIL1.o
 .debug_loc     0x00002502      0x1c0 ./Generated_Code/TofCE3.o
 .debug_loc     0x000026c2      0x1c0 ./Generated_Code/TofCE2.o
 .debug_loc     0x00002882      0x1c0 ./Generated_Code/TofCE1.o
 .debug_loc     0x00002a42      0x150 ./Generated_Code/TU2.o
 .debug_loc     0x00002b92      0x150 ./Generated_Code/TU1.o
 .debug_loc     0x00002ce2       0x2c ./Generated_Code/TSK1.o
 .debug_loc     0x00002d0e       0x90 ./Generated_Code/RED.o
 .debug_loc     0x00002d9e      0x118 ./Generated_Code/PwmLdd3.o
 .debug_loc     0x00002eb6      0x118 ./Generated_Code/PwmLdd2.o
 .debug_loc     0x00002fce      0x118 ./Generated_Code/PwmLdd1.o
 .debug_loc     0x000030e6       0x9c ./Generated_Code/PE_LDD.o
 .debug_loc     0x00003182       0x90 ./Generated_Code/LED_GREEN.o
 .debug_loc     0x00003212      0x370 ./Generated_Code/GI2C1.o
 .debug_loc     0x00003582      0x118 ./Generated_Code/DIR_RIGHT.o
 .debug_loc     0x0000369a      0x118 ./Generated_Code/DIR_LEFT.o
 .debug_loc     0x000037b2      0x764 ./Generated_Code/Cpu.o
 .debug_loc     0x00003f16      0x680 ./Generated_Code/CLS1.o
 .debug_loc     0x00004596      0x150 ./Generated_Code/CI2C1.o
 .debug_loc     0x000046e6      0x118 ./Generated_Code/BitIoLdd4.o
 .debug_loc     0x000047fe      0x118 ./Generated_Code/BitIoLdd3.o
 .debug_loc     0x00004916      0x1f8 ./Generated_Code/AdcLdd1.o
 .debug_loc     0x00004b0e      0x194 ./Generated_Code/ASerialLdd1.o
 .debug_loc     0x00004ca2      0x2e0 ./Generated_Code/AS1.o
 .debug_loc     0x00004f82      0x170 ./Generated_Code/AD1.o
 .debug_loc     0x000050f2       0x2c ./Project_Settings/Startup_Code/__arm_start.o
 .debug_loc     0x0000511e       0x38 ./Project_Settings/Startup_Code/__arm_end.o
 .debug_loc     0x00005156       0x9c ./Sources/serial_communication.o
 .debug_loc     0x000051f2       0x70 ./Sources/pid.o
 .debug_loc     0x00005262      0x1e0 ./Sources/motor.o
 .debug_loc     0x00005442       0x2c ./Sources/main.o
 .debug_loc     0x0000546e      0x310 ./Sources/frtos_tasks.o
 .debug_loc     0x0000577e       0x70 ./Sources/driving.o
 .debug_loc     0x000057ee      0x3b8 ./Sources/VL6180X.o
 .debug_loc     0x00005ba6      0x264 ./Sources/L3G.o
 .debug_loc     0x00005e0a      0x248 ./Sources/Events.o
 .debug_loc     0x00006052       0x3e C:/Freescale/CW MCU v10.6/MCU/ARM_GCC_Support/ewl/lib/armv6-m\libc.a(exit.o)
 .debug_loc     0x00006090      0x22a C:/Freescale/CW MCU v10.6/MCU/ARM_GCC_Support/ewl/lib/armv6-m\libc.a(qsort.o)
 .debug_loc     0x000062ba       0x59 C:/Freescale/CW MCU v10.6/MCU/ARM_GCC_Support/ewl/lib/armv6-m\libc.a(memcpy.o)
 .debug_loc     0x00006313       0x6f C:/Freescale/CW MCU v10.6/MCU/ARM_GCC_Support/ewl/lib/armv6-m\libc.a(memset.o)
 .debug_loc     0x00006382       0xaf C:/Freescale/CW MCU v10.6/MCU/ARM_GCC_Support/ewl/lib/armv6-m\libc.a(strchr.o)
 .debug_loc     0x00006431       0x33 C:/Freescale/CW MCU v10.6/MCU/ARM_GCC_Support/ewl/lib/armv6-m\libc.a(strlen.o)
 .debug_loc     0x00006464     0x104b C:/Freescale/CW MCU v10.6/MCU/ARM_GCC_Support/ewl/lib/armv6-m\libc.a(printformat_.o)
 .debug_loc     0x000074af      0x9d8 C:/Freescale/CW MCU v10.6/MCU/ARM_GCC_Support/ewl/lib/armv6-m\libc.a(scanformat_.o)
 .debug_loc     0x00007e87      0x30d C:/Freescale/CW MCU v10.6/MCU/ARM_GCC_Support/ewl/lib/armv6-m\libc.a(ctype_aeabi.o)
 .debug_loc     0x00008194      0x305 C:/Freescale/CW MCU v10.6/MCU/ARM_GCC_Support/ewl/lib/armv6-m\libc.a(__strtoul.o)
 .debug_loc     0x00008499      0x14a C:/Freescale/CW MCU v10.6/MCU/ARM_GCC_Support/ewl/lib/armv6-m\libc.a(__filll_mem.o)
 .debug_loc     0x000085e3       0x77 C:/Freescale/CW MCU v10.6/MCU/ARM_GCC_Support/ewl/lib/armv6-m\libc.a(memchr.o)
 .debug_loc     0x0000865a       0xc8 C:/Freescale/CW MCU v10.6/MCU/ARM_GCC_Support/ewl/lib/armv6-m\libm.a(s_cos.o)
 .debug_loc     0x00008722      0x316 C:/Freescale/CW MCU v10.6/MCU/ARM_GCC_Support/ewl/lib/armv6-m\libm.a(e_rem_pio2.o)
 .debug_loc     0x00008a38      0x10a C:/Freescale/CW MCU v10.6/MCU/ARM_GCC_Support/ewl/lib/armv6-m\libm.a(k_cos.o)
 .debug_loc     0x00008b42      0x66c C:/Freescale/CW MCU v10.6/MCU/ARM_GCC_Support/ewl/lib/armv6-m\libm.a(k_rem_pio2.o)
 .debug_loc     0x000091ae       0xf4 C:/Freescale/CW MCU v10.6/MCU/ARM_GCC_Support/ewl/lib/armv6-m\libm.a(k_sin.o)
 .debug_loc     0x000092a2      0x143 C:/Freescale/CW MCU v10.6/MCU/ARM_GCC_Support/ewl/lib/armv6-m\libm.a(s_floor.o)
 .debug_loc     0x000093e5       0x6e C:/Freescale/CW MCU v10.6/MCU/ARM_GCC_Support/ewl/lib/armv6-m\libm.a(scalbn.o)
 .debug_loc     0x00009453       0xc1 C:/Freescale/CW MCU v10.6/MCU/ARM_GCC_Support/ewl/lib/armv6-m\libm.a(s_frexp.o)
 .debug_loc     0x00009514      0x16b C:/Freescale/CW MCU v10.6/MCU/ARM_GCC_Support/ewl/lib/armv6-m\libm.a(s_ldexp.o)
 .debug_loc     0x0000967f      0x2d7 C:/Freescale/CW MCU v10.6/MCU/ARM_GCC_Support/ewl/lib/armv6-m\libm.a(math_api.o)
 .debug_loc     0x00009956       0x9d C:/Freescale/CW MCU v10.6/MCU/ARM_GCC_Support/ewl/lib/armv6-m\librt.a(gcc_ctor_dtor.o)
 .debug_loc     0x000099f3       0xd9 C:/Freescale/CW MCU v10.6/MCU/ARM_GCC_Support/ewl/lib/armv6-m\librt.a(ROMCopy.o)
 .debug_loc     0x00009acc      0x197 C:/Freescale/CW MCU v10.6/MCU/ARM_GCC_Support/ewl/lib/armv6-m\librt.a(__arm_eabi_init.o)

.debug_aranges  0x00000000     0x16d0
 .debug_aranges
                0x00000000      0x1c0 ./Generated_Code/tasks.o
 .debug_aranges
                0x000001c0      0x100 ./Generated_Code/queue.o
 .debug_aranges
                0x000002c0       0x90 ./Generated_Code/port.o
 .debug_aranges
                0x00000350       0x40 ./Generated_Code/list.o
 .debug_aranges
                0x00000390       0x50 ./Generated_Code/heap_4.o
 .debug_aranges
                0x000003e0       0x40 ./Generated_Code/WAIT1.o
 .debug_aranges
                0x00000420       0x18 ./Generated_Code/Vectors.o
 .debug_aranges
                0x00000438      0x210 ./Generated_Code/UTIL1.o
 .debug_aranges
                0x00000648       0x58 ./Generated_Code/TofCE3.o
 .debug_aranges
                0x000006a0       0x58 ./Generated_Code/TofCE2.o
 .debug_aranges
                0x000006f8       0x58 ./Generated_Code/TofCE1.o
 .debug_aranges
                0x00000750       0x48 ./Generated_Code/TU2.o
 .debug_aranges
                0x00000798       0x48 ./Generated_Code/TU1.o
 .debug_aranges
                0x000007e0       0x20 ./Generated_Code/TSK1.o
 .debug_aranges
                0x00000800       0x30 ./Generated_Code/RED.o
 .debug_aranges
                0x00000830       0x40 ./Generated_Code/PwmLdd3.o
 .debug_aranges
                0x00000870       0x40 ./Generated_Code/PwmLdd2.o
 .debug_aranges
                0x000008b0       0x40 ./Generated_Code/PwmLdd1.o
 .debug_aranges
                0x000008f0       0x30 ./Generated_Code/PE_LDD.o
 .debug_aranges
                0x00000920       0x30 ./Generated_Code/LED_GREEN.o
 .debug_aranges
                0x00000950       0xa0 ./Generated_Code/GI2C1.o
 .debug_aranges
                0x000009f0       0x40 ./Generated_Code/DIR_RIGHT.o
 .debug_aranges
                0x00000a30       0x40 ./Generated_Code/DIR_LEFT.o
 .debug_aranges
                0x00000a70      0x170 ./Generated_Code/Cpu.o
 .debug_aranges
                0x00000be0      0x110 ./Generated_Code/CLS1.o
 .debug_aranges
                0x00000cf0       0x48 ./Generated_Code/CI2C1.o
 .debug_aranges