Archive member included because of file (symbol)

C:/Freescale/CW MCU v10.6/MCU/ARM_GCC_Support/ewl/lib/armv6-m\libc.a(exit.o)
                              ./Project_Settings/Startup_Code/__arm_start.o (exit)
C:/Freescale/CW MCU v10.6/MCU/ARM_GCC_Support/ewl/lib/armv6-m\libc.a(qsort.o)
                              ./Sources/L3G.o (qsort)
C:/Freescale/CW MCU v10.6/MCU/ARM_GCC_Support/ewl/lib/armv6-m\libc.a(memcpy.o)
                              ./Generated_Code/queue.o (memcpy)
C:/Freescale/CW MCU v10.6/MCU/ARM_GCC_Support/ewl/lib/armv6-m\libc.a(memset.o)
                              ./Generated_Code/tasks.o (memset)
C:/Freescale/CW MCU v10.6/MCU/ARM_GCC_Support/ewl/lib/armv6-m\libc.a(strchr.o)
                              ./Generated_Code/UTIL1.o (strchr)
C:/Freescale/CW MCU v10.6/MCU/ARM_GCC_Support/ewl/lib/armv6-m\libc.a(strcmp.o)
                              ./Generated_Code/CLS1.o (strcmp)
C:/Freescale/CW MCU v10.6/MCU/ARM_GCC_Support/ewl/lib/armv6-m\libc.a(strlen.o)
                              ./Generated_Code/tasks.o (strlen)
C:/Freescale/CW MCU v10.6/MCU/ARM_GCC_Support/ewl/lib/armv6-m\libc.a(strncmp.o)
                              ./Generated_Code/UTIL1.o (strncmp)
C:/Freescale/CW MCU v10.6/MCU/ARM_GCC_Support/ewl/lib/armv6-m\libc.a(printformat_.o)
                              (__pformatter_)
C:/Freescale/CW MCU v10.6/MCU/ARM_GCC_Support/ewl/lib/armv6-m\libc.a(scanformat_.o)
                              (__sformatter)
C:/Freescale/CW MCU v10.6/MCU/ARM_GCC_Support/ewl/lib/armv6-m\libc.a(ctype_aeabi.o)
                              C:/Freescale/CW MCU v10.6/MCU/ARM_GCC_Support/ewl/lib/armv6-m\libc.a(scanformat_.o) (isspace)
C:/Freescale/CW MCU v10.6/MCU/ARM_GCC_Support/ewl/lib/armv6-m\libc.a(__strtoul.o)
                              C:/Freescale/CW MCU v10.6/MCU/ARM_GCC_Support/ewl/lib/armv6-m\libc.a(scanformat_.o) (__strtoul)
C:/Freescale/CW MCU v10.6/MCU/ARM_GCC_Support/ewl/lib/armv6-m\libc.a(__filll_mem.o)
                              C:/Freescale/CW MCU v10.6/MCU/ARM_GCC_Support/ewl/lib/armv6-m\libc.a(memset.o) (__fill_mem)
C:/Freescale/CW MCU v10.6/MCU/ARM_GCC_Support/ewl/lib/armv6-m\libc.a(memchr.o)
                              C:/Freescale/CW MCU v10.6/MCU/ARM_GCC_Support/ewl/lib/armv6-m\libc.a(printformat_.o) (memchr)
C:/Freescale/CW MCU v10.6/MCU/ARM_GCC_Support/ewl/lib/armv6-m\libm.a(s_atan.o)
                              ./Sources/L3G.o (atan)
C:/Freescale/CW MCU v10.6/MCU/ARM_GCC_Support/ewl/lib/armv6-m\libm.a(w_sqrt.o)
                              ./Sources/L3G.o (sqrt)
C:/Freescale/CW MCU v10.6/MCU/ARM_GCC_Support/ewl/lib/armv6-m\libm.a(e_sqrt.o)
                              C:/Freescale/CW MCU v10.6/MCU/ARM_GCC_Support/ewl/lib/armv6-m\libm.a(w_sqrt.o) (__ieee754_sqrt)
C:/Freescale/CW MCU v10.6/MCU/ARM_GCC_Support/ewl/lib/armv6-m\libm.a(float.o)
                              C:/Freescale/CW MCU v10.6/MCU/ARM_GCC_Support/ewl/lib/armv6-m\libm.a(e_sqrt.o) (__double_nan)
c:/freescale/cw mcu v10.6/cross_tools/arm-none-eabi-gcc-4_7_3/bin/../lib/gcc/arm-none-eabi/4.7.3/armv6-m\libgcc.a(_thumb1_case_sqi.o)
                              C:/Freescale/CW MCU v10.6/MCU/ARM_GCC_Support/ewl/lib/armv6-m\libc.a(__strtoul.o) (__gnu_thumb1_case_sqi)
c:/freescale/cw mcu v10.6/cross_tools/arm-none-eabi-gcc-4_7_3/bin/../lib/gcc/arm-none-eabi/4.7.3/armv6-m\libgcc.a(_thumb1_case_uqi.o)
                              C:/Freescale/CW MCU v10.6/MCU/ARM_GCC_Support/ewl/lib/armv6-m\libc.a(scanformat_.o) (__gnu_thumb1_case_uqi)
c:/freescale/cw mcu v10.6/cross_tools/arm-none-eabi-gcc-4_7_3/bin/../lib/gcc/arm-none-eabi/4.7.3/armv6-m\libgcc.a(_udivsi3.o)
                              ./Generated_Code/XF1.o (__aeabi_uidiv)
c:/freescale/cw mcu v10.6/cross_tools/arm-none-eabi-gcc-4_7_3/bin/../lib/gcc/arm-none-eabi/4.7.3/armv6-m\libgcc.a(_divsi3.o)
                              ./Generated_Code/UTIL1.o (__aeabi_idiv)
c:/freescale/cw mcu v10.6/cross_tools/arm-none-eabi-gcc-4_7_3/bin/../lib/gcc/arm-none-eabi/4.7.3/armv6-m\libgcc.a(_dvmd_tls.o)
                              c:/freescale/cw mcu v10.6/cross_tools/arm-none-eabi-gcc-4_7_3/bin/../lib/gcc/arm-none-eabi/4.7.3/armv6-m\libgcc.a(_udivsi3.o) (__aeabi_idiv0)
c:/freescale/cw mcu v10.6/cross_tools/arm-none-eabi-gcc-4_7_3/bin/../lib/gcc/arm-none-eabi/4.7.3/armv6-m\libgcc.a(_arm_cmpdf2.o)
                              C:/Freescale/CW MCU v10.6/MCU/ARM_GCC_Support/ewl/lib/armv6-m\libm.a(s_atan.o) (__aeabi_dcmpgt)
c:/freescale/cw mcu v10.6/cross_tools/arm-none-eabi-gcc-4_7_3/bin/../lib/gcc/arm-none-eabi/4.7.3/armv6-m\libgcc.a(_arm_cmpsf2.o)
                              ./Generated_Code/UTIL1.o (__aeabi_fcmplt)
c:/freescale/cw mcu v10.6/cross_tools/arm-none-eabi-gcc-4_7_3/bin/../lib/gcc/arm-none-eabi/4.7.3/armv6-m\libgcc.a(_fixunssfsi.o)
                              ./Generated_Code/PwmLdd4.o (__aeabi_f2uiz)
c:/freescale/cw mcu v10.6/cross_tools/arm-none-eabi-gcc-4_7_3/bin/../lib/gcc/arm-none-eabi/4.7.3/armv6-m\libgcc.a(addsf3.o)
[...]
Memory Configuration

Name             Origin             Length             Attributes
m_interrupts     0x00000000         0x000000c0         xr
m_text           0x00000410         0x0001fbf0         xr
m_data           0x1ffff000         0x00004000         rw
m_cfmprotrom     0x00000400         0x00000010         xr
*default*        0x00000000         0xffffffff

Linker script and memory map

LOAD ./Generated_Code/timers.o
LOAD ./Generated_Code/tasks.o
LOAD ./Generated_Code/queue.o
LOAD ./Generated_Code/portasm.o
LOAD ./Generated_Code/port.o
LOAD ./Generated_Code/mpu_wrappers.o
LOAD ./Generated_Code/list.o
LOAD ./Generated_Code/heap_5.o
LOAD ./Generated_Code/heap_4.o
LOAD ./Generated_Code/heap_3.o
LOAD ./Generated_Code/heap_2.o
LOAD ./Generated_Code/heap_1.o
LOAD ./Generated_Code/event_groups.o
LOAD ./Generated_Code/croutine.o
LOAD ./Generated_Code/XF1.o
LOAD ./Generated_Code/Watermark.o
LOAD ./Generated_Code/WAIT1.o
LOAD ./Generated_Code/Vectors.o
LOAD ./Generated_Code/UTIL1.o
LOAD ./Generated_Code/TofCE3.o
LOAD ./Generated_Code/TofCE2.o
LOAD ./Generated_Code/TofCE1.o
LOAD ./Generated_Code/TU2.o
LOAD ./Generated_Code/TU1.o
LOAD ./Generated_Code/TSK1.o
LOAD ./Generated_Code/TMOUT1.o
LOAD ./Generated_Code/Serial1.o
LOAD ./Generated_Code/RED.o
LOAD ./Generated_Code/PwmLdd4.o
LOAD ./Generated_Code/PwmLdd3.o
LOAD ./Generated_Code/PwmLdd2.o
LOAD ./Generated_Code/PwmLdd1.o
LOAD ./Generated_Code/PWM_Servo.o
LOAD ./Generated_Code/PWM_RIGHT.o
LOAD ./Generated_Code/PWM_LEFT.o
LOAD ./Generated_Code/PWM_Gyro.o
LOAD ./Generated_Code/PE_LDD.o
LOAD ./Generated_Code/MMA1.o
LOAD ./Generated_Code/MCUC1.o
LOAD ./Generated_Code/LEDpin4.o
LOAD ./Generated_Code/LEDpin3.o
LOAD ./Generated_Code/LED_GREEN.o
LOAD ./Generated_Code/GI2C2.o
LOAD ./Generated_Code/GI2C1.o
LOAD ./Generated_Code/FRTOS1.o
LOAD ./Generated_Code/DIR_RIGHT1.o
LOAD ./Generated_Code/DIR_RIGHT.o
LOAD ./Generated_Code/DIR_LEFT1.o
LOAD ./Generated_Code/DIR_LEFT.o
LOAD ./Generated_Code/Cpu.o
LOAD ./Generated_Code/CS1.o
LOAD ./Generated_Code/CLS1.o
LOAD ./Generated_Code/CI2C2.o
LOAD ./Generated_Code/CI2C1.o
LOAD ./Generated_Code/BitIoLdd4.o
LOAD ./Generated_Code/BitIoLdd3.o
LOAD ./Generated_Code/BitIoLdd1.o
LOAD ./Generated_Code/BT_EN.o
LOAD ./Generated_Code/BTState1.o
LOAD ./Generated_Code/BT1.o
LOAD ./Generated_Code/ASerialLdd2.o
LOAD ./Generated_Code/ASerialLdd1.o
LOAD ./Generated_Code/AS1.o
LOAD ./Project_Settings/Startup_Code/__arm_start.o
LOAD ./Project_Settings/Startup_Code/__arm_end.o
LOAD ./Sources/serial_communication.o
LOAD ./Sources/sa_mtb.o
LOAD ./Sources/pid.o
LOAD ./Sources/motor.o
LOAD ./Sources/main.o
LOAD ./Sources/frtos_tasks.o
LOAD ./Sources/driving.o
LOAD ./Sources/VL6180X.o
LOAD ./Sources/L3G.o
LOAD ./Sources/Events.o
                0x0000f4f4                __pformatter = __pformatter_
                [0x0000f91c]                __sformatter = __sformatter
START GROUP
LOAD C:/Freescale/CW MCU v10.6/MCU/ARM_GCC_Support/ewl/lib/armv6-m\libc.a
LOAD C:/Freescale/CW MCU v10.6/MCU/ARM_GCC_Support/ewl/lib/armv6-m\libm.a
LOAD c:/freescale/cw mcu v10.6/cross_tools/arm-none-eabi-gcc-4_7_3/bin/../lib/gcc/arm-none-eabi/4.7.3/armv6-m\libgcc.a
LOAD C:/Freescale/CW MCU v10.6/MCU/ARM_GCC_Support/ewl/lib/armv6-m\librt.a
LOAD C:/Freescale/CW MCU v10.6/MCU/ARM_GCC_Support/ewl/lib/armv6-m\libuart.a
END GROUP
                0x20003000                _estack = 0x20003000
                0x20003000                __SP_INIT = _estack
                0x00000000                __heap_size = 0x0
                0x00000400                __stack_size = 0x400

.interrupts     0x00000000       0xc0
                0x00000000                __vector_table = .
                0x00000000                . = ALIGN (0x4)
 *(.vectortable)
 .vectortable   0x00000000       0xc0 ./Generated_Code/Vectors.o
                0x00000000                __vect_table
                0x000000c0                . = ALIGN (0x4)

.cfmprotect     0x00000400       0x10
                0x00000400                . = ALIGN (0x4)
 *(.cfmconfig)
 .cfmconfig     0x00000400       0x10 ./Generated_Code/Cpu.o
                0x00000400                _cfm
                0x00000410                . = ALIGN (0x4)

.text           0x00000410    0x11818
                0x00000410                . = ALIGN (0x4)
 *(.text)
 .text          0x00000410       0x14 c:/freescale/cw mcu v10.6/cross_tools/arm-none-eabi-gcc-4_7_3/bin/../lib/gcc/arm-none-eabi/4.7.3/armv6-m\libgcc.a(_thumb1_case_sqi.o)
                0x00000410                __gnu_thumb1_case_sqi
 .text          0x00000424       0x14 c:/freescale/cw mcu v10.6/cross_tools/arm-none-eabi-gcc-4_7_3/bin/../lib/gcc/arm-none-eabi/4.7.3/armv6-m\libgcc.a(_thumb1_case_uqi.o)
                0x00000424                __gnu_thumb1_case_uqi
 .text          0x00000438       0x9c c:/freescale/cw mcu v10.6/cross_tools/arm-none-eabi-gcc-4_7_3/bin/../lib/gcc/arm-none-eabi/4.7.3/armv6-m\libgcc.a(_udivsi3.o)
                0x00000438                __aeabi_uidiv
                0x00000438                __udivsi3
                0x000004c0                __aeabi_uidivmod
 .text          0x000004d4       0xc0 c:/freescale/cw mcu v10.6/cross_tools/arm-none-eabi-gcc-4_7_3/bin/../lib/gcc/arm-none-eabi/4.7.3/armv6-m\libgcc.a(_divsi3.o)
                0x000004d4                __divsi3
                0x000004d4                __aeabi_idiv
                0x00000580                __aeabi_idivmod
 .text          0x00000594        0x4 c:/freescale/cw mcu v10.6/cross_tools/arm-none-eabi-gcc-4_7_3/bin/../lib/gcc/arm-none-eabi/4.7.3/armv6-m\libgcc.a(_dvmd_tls.o)
                0x00000594                __aeabi_idiv0
                0x00000594                __aeabi_ldiv0
 .text          0x00000598       0x7c c:/freescale/cw mcu v10.6/cross_tools/arm-none-eabi-gcc-4_7_3/bin/../lib/gcc/arm-none-eabi/4.7.3/armv6-m\libgcc.a(_arm_cmpdf2.o)
                0x00000598                __aeabi_cdrcmple
                0x000005a8                __aeabi_cdcmple
                0x000005a8                __aeabi_cdcmpeq
                0x000005b8                __aeabi_dcmpeq
                0x000005c4                __aeabi_dcmplt
                0x000005d8                __aeabi_dcmple
                0x000005ec                __aeabi_dcmpgt
                0x00000600                __aeabi_dcmpge
 .text          0x00000614       0x74 c:/freescale/cw mcu v10.6/cross_tools/arm-none-eabi-gcc-4_7_3/bin/../lib/gcc/arm-none-eabi/4.7.3/armv6-m\libgcc.a(_arm_cmpsf2.o)
                0x00000614                __aeabi_cfrcmple
                0x0000061c                __aeabi_cfcmpeq
                0x0000061c                __aeabi_cfcmple
                0x0000062c                __aeabi_fcmpeq
                0x00000638                __aeabi_fcmplt
                0x0000064c                __aeabi_fcmple
                0x00000660                __aeabi_fcmpgt
                0x00000674                __aeabi_fcmpge
 .text          0x00000688       0x30 c:/freescale/cw mcu v10.6/cross_tools/arm-none-eabi-gcc-4_7_3/bin/../lib/gcc/arm-none-eabi/4.7.3/armv6-m\libgcc.a(_fixunssfsi.o)
                0x00000688                __fixunssfsi
                0x00000688                __aeabi_f2uiz
 .text          0x000006b8      0x3a4 c:/freescale/cw mcu v10.6/cross_tools/arm-none-eabi-gcc-4_7_3/bin/../lib/gcc/arm-none-eabi/4.7.3/armv6-m\libgcc.a(addsf3.o)
                0x000006b8                __aeabi_fadd
 .text          0x00000a5c       0x50 c:/freescale/cw mcu v10.6/cross_tools/arm-none-eabi-gcc-4_7_3/bin/../lib/gcc/arm-none-eabi/4.7.3/armv6-m\libgcc.a(eqsf2.o)
                0x00000a5c                __eqsf2
                0x00000a5c                __nesf2
 .text          0x00000aac       0x90 c:/freescale/cw mcu v10.6/cross_tools/arm-none-eabi-gcc-4_7_3/bin/../lib/gcc/arm-none-eabi/4.7.3/armv6-m\libgcc.a(gesf2.o)
                0x00000aac                __gesf2
                0x00000aac                __gtsf2
 .text          0x00000b3c       0x90 c:/freescale/cw mcu v10.6/cross_tools/arm-none-eabi-gcc-4_7_3/bin/../lib/gcc/arm-none-eabi/4.7.3/armv6-m\libgcc.a(lesf2.o)
                0x00000b3c                __ltsf2
                0x00000b3c                __lesf2
 .text          0x00000bcc      0x260 c:/freescale/cw mcu v10.6/cross_tools/arm-none-eabi-gcc-4_7_3/bin/../lib/gcc/arm-none-eabi/4.7.3/armv6-m\libgcc.a(mulsf3.o)
                0x00000bcc                __aeabi_fmul
 .text          0x00000e2c      0x3ac c:/freescale/cw mcu v10.6/cross_tools/arm-none-eabi-gcc-4_7_3/bin/../lib/gcc/arm-none-eabi/4.7.3/armv6-m\libgcc.a(subsf3.o)
                0x00000e2c                __aeabi_fsub
 .text          0x000011d8       0x40 c:/freescale/cw mcu v10.6/cross_tools/arm-none-eabi-gcc-4_7_3/bin/../lib/gcc/arm-none-eabi/4.7.3/armv6-m\libgcc.a(fixsfsi.o)
                0x000011d8                __aeabi_f2iz
 .text          0x00001218       0xa8 c:/freescale/cw mcu v10.6/cross_tools/arm-none-eabi-gcc-4_7_3/bin/../lib/gcc/arm-none-eabi/4.7.3/armv6-m\libgcc.a(floatsisf.o)
                0x00001218                __aeabi_i2f
 .text          0x000012c0      0x758 c:/freescale/cw mcu v10.6/cross_tools/arm-none-eabi-gcc-4_7_3/bin/../lib/gcc/arm-none-eabi/4.7.3/armv6-m\libgcc.a(adddf3.o)
                0x000012c0                __aeabi_dadd
 .text          0x00001a18      0x5b8 c:/freescale/cw mcu v10.6/cross_tools/arm-none-eabi-gcc-4_7_3/bin/../lib/gcc/arm-none-eabi/4.7.3/armv6-m\libgcc.a(divdf3.o)
                0x00001a18                __aeabi_ddiv
 .text          0x00001fd0       0x7c c:/freescale/cw mcu v10.6/cross_tools/arm-none-eabi-gcc-4_7_3/bin/../lib/gcc/arm-none-eabi/4.7.3/armv6-m\libgcc.a(eqdf2.o)
                0x00001fd0                __nedf2
                0x00001fd0                __eqdf2
 .text          0x0000204c       0xe8 c:/freescale/cw mcu v10.6/cross_tools/arm-none-eabi-gcc-4_7_3/bin/../lib/gcc/arm-none-eabi/4.7.3/armv6-m\libgcc.a(gedf2.o)
                0x0000204c                __gedf2
                0x0000204c                __gtdf2
 .text          0x00002134       0xd8 c:/freescale/cw mcu v10.6/cross_tools/arm-none-eabi-gcc-4_7_3/bin/../lib/gcc/arm-none-eabi/4.7.3/armv6-m\libgcc.a(ledf2.o)
                0x00002134                __ledf2
                0x00002134                __ltdf2
 .text          0x0000220c      0x4e4 c:/freescale/cw mcu v10.6/cross_tools/arm-none-eabi-gcc-4_7_3/bin/../lib/gcc/arm-none-eabi/4.7.3/armv6-m\libgcc.a(muldf3.o)
                0x0000220c                __aeabi_dmul
 .text          0x000026f0      0x6f8 c:/freescale/cw mcu v10.6/cross_tools/arm-none-eabi-gcc-4_7_3/bin/../lib/gcc/arm-none-eabi/4.7.3/armv6-m\libgcc.a(subdf3.o)
                0x000026f0                __aeabi_dsub
 .text          0x00002de8       0x68 c:/freescale/cw mcu v10.6/cross_tools/arm-none-eabi-gcc-4_7_3/bin/../lib/gcc/arm-none-eabi/4.7.3/armv6-m\libgcc.a(fixdfsi.o)
                0x00002de8                __aeabi_d2iz
 .text          0x00002e50       0x74 c:/freescale/cw mcu v10.6/cross_tools/arm-none-eabi-gcc-4_7_3/bin/../lib/gcc/arm-none-eabi/4.7.3/armv6-m\libgcc.a(floatsidf.o)
                0x00002e50                __aeabi_i2d
 .text          0x00002ec4       0xa8 c:/freescale/cw mcu v10.6/cross_tools/arm-none-eabi-gcc-4_7_3/bin/../lib/gcc/arm-none-eabi/4.7.3/armv6-m\libgcc.a(extendsfdf2.o)
                0x00002ec4                __aeabi_f2d
 .text          0x00002f6c      0x134 c:/freescale/cw mcu v10.6/cross_tools/arm-none-eabi-gcc-4_7_3/bin/../lib/gcc/arm-none-eabi/4.7.3/armv6-m\libgcc.a(truncdfsf2.o)
                0x00002f6c                __aeabi_d2f
 .text          0x000030a0       0x3c c:/freescale/cw mcu v10.6/cross_tools/arm-none-eabi-gcc-4_7_3/bin/../lib/gcc/arm-none-eabi/4.7.3/armv6-m\libgcc.a(_clzsi2.o)
                0x000030a0                __clzsi2
 *(.text*)
 .text.xTaskCreate
                0x000030dc       0x90 ./Generated_Code/tasks.o
                0x000030dc                xTaskCreate
 .text.prvInitialiseNewTask
                0x0000316c      0x10c ./Generated_Code/tasks.o
 .text.prvAddNewTaskToReadyList
                0x00003278       0xc4 ./Generated_Code/tasks.o
 .text.vTaskDelete
                0x0000333c       0xc4 ./Generated_Code/tasks.o
                0x0000333c                vTaskDelete
 .text.vTaskDelay
                0x00003400       0x48 ./Generated_Code/tasks.o
                0x00003400                vTaskDelay
 .text.vTaskSuspend
                0x00003448       0xb4 ./Generated_Code/tasks.o
                0x00003448                vTaskSuspend
 .text.vTaskStartScheduler
                0x000034fc       0x6c ./Generated_Code/tasks.o
                0x000034fc                vTaskStartScheduler
 .text.vTaskSuspendAll
                0x00003568       0x18 ./Generated_Code/tasks.o
                0x00003568                vTaskSuspendAll
 .text.xTaskResumeAll
                0x00003580      0x118 ./Generated_Code/tasks.o
                0x00003580                xTaskResumeAll
 .text.xTaskGetTickCount
                0x00003698       0x24 ./Generated_Code/tasks.o
                0x00003698                xTaskGetTickCount
 .text.xTaskIncrementTick
                0x000036bc      0x17c ./Generated_Code/tasks.o
                0x000036bc                xTaskIncrementTick
 .text.vTaskSwitchContext
                0x00003838       0xc4 ./Generated_Code/tasks.o
                0x00003838                vTaskSwitchContext
 .text.vTaskPlaceOnEventList
                0x000038fc       0x38 ./Generated_Code/tasks.o
                0x000038fc                vTaskPlaceOnEventList
 .text.xTaskRemoveFromEventList
                0x00003934       0xb8 ./Generated_Code/tasks.o
                0x00003934                xTaskRemoveFromEventList
 .text.vTaskSetTimeOutState
                0x000039ec       0x30 ./Generated_Code/tasks.o
                0x000039ec                vTaskSetTimeOutState
 .text.xTaskCheckForTimeOut
                0x00003a1c       0xbc ./Generated_Code/tasks.o
                0x00003a1c                xTaskCheckForTimeOut
 .text.vTaskMissedYield
                0x00003ad8       0x14 ./Generated_Code/tasks.o
                0x00003ad8                vTaskMissedYield
 .text.prvIdleTask
                0x00003aec       0x24 ./Generated_Code/tasks.o
 .text.prvInitialiseTaskLists
                0x00003b10       0x88 ./Generated_Code/tasks.o
 .text.prvCheckTasksWaitingTermination
                0x00003b98       0x74 ./Generated_Code/tasks.o
 .text.prvDeleteTCB
                0x00003c0c       0x20 ./Generated_Code/tasks.o
 .text.prvResetNextTaskUnblockTime
                0x00003c2c       0x44 ./Generated_Code/tasks.o
 .text.xTaskGetCurrentTaskHandle
                0x00003c70       0x1c ./Generated_Code/tasks.o
                0x00003c70                xTaskGetCurrentTaskHandle
 .text.xTaskGetSchedulerState
                0x00003c8c       0x38 ./Generated_Code/tasks.o
                0x00003c8c                xTaskGetSchedulerState
 .text.vTaskPriorityInherit
                0x00003cc4       0xbc ./Generated_Code/tasks.o
                0x00003cc4                vTaskPriorityInherit
 .text.xTaskPriorityDisinherit
                0x00003d80       0xb8 ./Generated_Code/tasks.o
                0x00003d80                xTaskPriorityDisinherit
 .text.pvTaskIncrementMutexHeldCount
                0x00003e38       0x24 ./Generated_Code/tasks.o
                0x00003e38                pvTaskIncrementMutexHeldCount
 .text.prvAddCurrentTaskToDelayedList
                0x00003e5c       0xb0 ./Generated_Code/tasks.o
 .text.xQueueGenericReset
                0x00003f0c       0xac ./Generated_Code/queue.o
                0x00003f0c                xQueueGenericReset
 .text.xQueueGenericCreate
                0x00003fb8       0x64 ./Generated_Code/queue.o
                0x00003fb8                xQueueGenericCreate
 .text.prvInitialiseNewQueue
                0x0000401c       0x44 ./Generated_Code/queue.o
 .text.prvInitialiseMutex
                0x00004060       0x34 ./Generated_Code/queue.o
 .text.xQueueCreateMutex
                0x00004094       0x3c ./Generated_Code/queue.o
                0x00004094                xQueueCreateMutex
 .text.xQueueGiveMutexRecursive
                0x000040d0       0x58 ./Generated_Code/queue.o
                0x000040d0                xQueueGiveMutexRecursive
 .text.xQueueTakeMutexRecursive
                0x00004128       0x64 ./Generated_Code/queue.o
                0x00004128                xQueueTakeMutexRecursive
 .text.xQueueGenericSend
                0x0000418c      0x1a0 ./Generated_Code/queue.o
                0x0000418c                xQueueGenericSend
 .text.xQueueGenericReceive
                0x0000432c      0x1e0 ./Generated_Code/queue.o
                0x0000432c                xQueueGenericReceive
 .text.vQueueDelete
                0x0000450c       0x2c ./Generated_Code/queue.o
                0x0000450c                vQueueDelete
 .text.prvCopyDataToQueue
                0x00004538       0xe0 ./Generated_Code/queue.o
 .text.prvCopyDataFromQueue
                0x00004618       0x50 ./Generated_Code/queue.o
 .text.prvUnlockQueue
                0x00004668       0xc0 ./Generated_Code/queue.o
 .text.prvIsQueueEmpty
                0x00004728       0x2c ./Generated_Code/queue.o
 .text.prvIsQueueFull
                0x00004754       0x30 ./Generated_Code/queue.o
 .text.vQueueAddToRegistry
                0x00004784       0x4c ./Generated_Code/queue.o
                0x00004784                vQueueAddToRegistry
 .text.vQueueUnregisterQueue
                0x000047d0       0x50 ./Generated_Code/queue.o
                0x000047d0                vQueueUnregisterQueue
 .text.pxPortInitialiseStack
                0x00004820       0x50 ./Generated_Code/port.o
                0x00004820                pxPortInitialiseStack
 .text.vPortInitTickTimer
                0x00004870       0x44 ./Generated_Code/port.o
                0x00004870                vPortInitTickTimer
 .text.vPortStartTickTimer
                0x000048b4       0x14 ./Generated_Code/port.o
                0x000048b4                vPortStartTickTimer
 .text.vPortStopTickTimer
                0x000048c8       0x14 ./Generated_Code/port.o
                0x000048c8                vPortStopTickTimer
 .text.xPortStartScheduler
                0x000048dc       0x34 ./Generated_Code/port.o
                0x000048dc                xPortStartScheduler
 .text.vPortEnterCritical
                0x00004910       0x20 ./Generated_Code/port.o
                0x00004910                vPortEnterCritical
 .text.vPortExitCritical
                0x00004930       0x20 ./Generated_Code/port.o
                0x00004930                vPortExitCritical
 .text.vPortYieldFromISR
                0x00004950       0x1c ./Generated_Code/port.o
                0x00004950                vPortYieldFromISR
 .text.vPortTickHandler
                0x0000496c       0x1c ./Generated_Code/port.o
                0x0000496c                vPortTickHandler
 *fill*         0x00004988        0x8 00
 .text.vPortStartFirstTask
                0x00004990       0x50 ./Generated_Code/port.o
                0x00004990                vPortStartFirstTask
 .text.vPortPendSVHandler
                0x000049e0       0x44 ./Generated_Code/port.o
                0x000049e0                vPortPendSVHandler
 .text.vListInitialise
                0x00004a24       0x3c ./Generated_Code/list.o
                0x00004a24                vListInitialise
 .text.vListInitialiseItem
                0x00004a60       0x14 ./Generated_Code/list.o
                0x00004a60                vListInitialiseItem
 .text.vListInsertEnd
                0x00004a74       0x44 ./Generated_Code/list.o
                0x00004a74                vListInsertEnd
 .text.vListInsert
                0x00004ab8       0x6c ./Generated_Code/list.o
                0x00004ab8                vListInsert
 .text.uxListRemove
                0x00004b24       0x50 ./Generated_Code/list.o
                0x00004b24                uxListRemove
 .text.pvPortMalloc
                0x00004b74      0x160 ./Generated_Code/heap_4.o
                0x00004b74                pvPortMalloc
 .text.vPortFree
                0x00004cd4       0x94 ./Generated_Code/heap_4.o
                0x00004cd4                vPortFree
 .text.prvHeapInit
                0x00004d68       0xc4 ./Generated_Code/heap_4.o
 .text.prvInsertBlockIntoFreeList
                0x00004e2c       0xac ./Generated_Code/heap_4.o
 .text.Watermark_Init
                0x00004ed8       0x58 ./Generated_Code/Watermark.o
                0x00004ed8                Watermark_Init
 .text.WAIT1_Wait10Cycles
                0x00004f30        0x8 ./Generated_Code/WAIT1.o
                0x00004f30                WAIT1_Wait10Cycles
 .text.WAIT1_Wait100Cycles
                0x00004f38       0x24 ./Generated_Code/WAIT1.o
                0x00004f38                WAIT1_Wait100Cycles
 .text.WAIT1_WaitCycles
                0x00004f5c       0x44 ./Generated_Code/WAIT1.o
                0x00004f5c                WAIT1_WaitCycles
 .text.WAIT1_WaitLongCycles
                0x00004fa0       0x3c ./Generated_Code/WAIT1.o
                0x00004fa0                WAIT1_WaitLongCycles
 .text.WAIT1_Waitms
                0x00004fdc       0x38 ./Generated_Code/WAIT1.o
                0x00004fdc                WAIT1_Waitms
 .text.WAIT1_Init
                0x00005014        0x8 ./Generated_Code/WAIT1.o
                0x00005014                WAIT1_Init
 .text.UTIL1_strcpy
                0x0000501c       0x48 ./Generated_Code/UTIL1.o
                0x0000501c                UTIL1_strcpy
 .text.UTIL1_strcat
                0x00005064       0x64 ./Generated_Code/UTIL1.o
                0x00005064                UTIL1_strcat
 .text.UTIL1_chcat
                0x000050c8       0x50 ./Generated_Code/UTIL1.o
                0x000050c8                UTIL1_chcat
 .text.UTIL1_Num8uToStr
                0x00005118       0x28 ./Generated_Code/UTIL1.o
                0x00005118                UTIL1_Num8uToStr
 .text.UTIL1_Num16uToStr
                0x00005140      0x138 ./Generated_Code/UTIL1.o
                0x00005140                UTIL1_Num16uToStr
 .text.UTIL1_Num16sToStr
                0x00005278      0x1b8 ./Generated_Code/UTIL1.o
                0x00005278                UTIL1_Num16sToStr
 .text.UTIL1_strcatNum32u
                0x00005430       0x34 ./Generated_Code/UTIL1.o
                0x00005430                UTIL1_strcatNum32u
 .text.UTIL1_Num32sToStr
                0x00005464      0x194 ./Generated_Code/UTIL1.o
                0x00005464                UTIL1_Num32sToStr
 .text.UTIL1_Num32uToStr
                0x000055f8      0x12c ./Generated_Code/UTIL1.o
                0x000055f8                UTIL1_Num32uToStr
 .text.UTIL1_xatoi
                0x00005724      0x1f0 ./Generated_Code/UTIL1.o
                0x00005724                UTIL1_xatoi
 .text.isHexCharacter
                0x00005914       0x4c ./Generated_Code/UTIL1.o
 .text.PreScanHexNumber
                0x00005960       0x54 ./Generated_Code/UTIL1.o
 .text.HexToDec
                0x000059b4       0xb0 ./Generated_Code/UTIL1.o
 .text.UTIL1_ScanHex8uNumber
                0x00005a64       0x9c ./Generated_Code/UTIL1.o
                0x00005a64                UTIL1_ScanHex8uNumber
 .text.UTIL1_strtailcmp
                0x00005b00       0x64 ./Generated_Code/UTIL1.o
                0x00005b00                UTIL1_strtailcmp
 .text.TofCE3_Init
                0x00005b64       0x64 ./Generated_Code/TofCE3.o
                0x00005b64                TofCE3_Init
 .text.TofCE3_SetInput
                0x00005bc8       0x24 ./Generated_Code/TofCE3.o
                0x00005bc8                TofCE3_SetInput
 .text.TofCE3_SetOutput
                0x00005bec       0x20 ./Generated_Code/TofCE3.o
                0x00005bec                TofCE3_SetOutput
 .text.TofCE3_ClrVal
                0x00005c0c       0x1c ./Generated_Code/TofCE3.o
                0x00005c0c                TofCE3_ClrVal
 .text.TofCE2_Init
                0x00005c28       0x64 ./Generated_Code/TofCE2.o
                0x00005c28                TofCE2_Init
 .text.TofCE2_SetInput
                0x00005c8c       0x24 ./Generated_Code/TofCE2.o
                0x00005c8c                TofCE2_SetInput
 .text.TofCE2_SetOutput
                0x00005cb0       0x20 ./Generated_Code/TofCE2.o
                0x00005cb0                TofCE2_SetOutput
 .text.TofCE2_ClrVal
                0x00005cd0       0x1c ./Generated_Code/TofCE2.o
                0x00005cd0                TofCE2_ClrVal
 .text.TofCE1_Init
                0x00005cec       0x64 ./Generated_Code/TofCE1.o
                0x00005cec                TofCE1_Init
 .text.TofCE1_SetInput
                0x00005d50       0x24 ./Generated_Code/TofCE1.o
                0x00005d50                TofCE1_SetInput
 .text.TofCE1_SetOutput
                0x00005d74       0x20 ./Generated_Code/TofCE1.o
                0x00005d74                TofCE1_SetOutput
 .text.TofCE1_ClrVal
                0x00005d94       0x1c ./Generated_Code/TofCE1.o
                0x00005d94                TofCE1_ClrVal
 .text.TU2_Init
                0x00005db0       0xf8 ./Generated_Code/TU2.o
                0x00005db0                TU2_Init
 .text.TU2_GetPeriodTicks
                0x00005ea8       0x3c ./Generated_Code/TU2.o
                0x00005ea8                TU2_GetPeriodTicks
 .text.TU2_SetOffsetTicks
                0x00005ee4       0x58 ./Generated_Code/TU2.o
                0x00005ee4                TU2_SetOffsetTicks
 .text.TU1_Init
                0x00005f3c      0x11c ./Generated_Code/TU1.o
                0x00005f3c                TU1_Init
 .text.TU1_GetPeriodTicks
                0x00006058       0x3c ./Generated_Code/TU1.o
                0x00006058                TU1_GetPeriodTicks
 .text.TU1_SetOffsetTicks
                0x00006094       0x58 ./Generated_Code/TU1.o
                0x00006094                TU1_SetOffsetTicks
 .text.TU1_Interrupt
                0x000060ec       0x5c ./Generated_Code/TU1.o
                0x000060ec                TU1_Interrupt
 .text.TSK1_CreateTasks
                0x00006148        0xc ./Generated_Code/TSK1.o
                0x00006148                TSK1_CreateTasks
 .text.TMOUT1_GetCounter
                0x00006154       0x90 ./Generated_Code/TMOUT1.o
                0x00006154                TMOUT1_GetCounter
 .text.TMOUT1_LeaveCounter
                0x000061e4       0x40 ./Generated_Code/TMOUT1.o
                0x000061e4                TMOUT1_LeaveCounter
 .text.TMOUT1_CounterExpired
                0x00006224       0x44 ./Generated_Code/TMOUT1.o
                0x00006224                TMOUT1_CounterExpired
 .text.TMOUT1_AddTick
                0x00006268       0x50 ./Generated_Code/TMOUT1.o
                0x00006268                TMOUT1_AddTick
 .text.TMOUT1_Init
                0x000062b8       0x44 ./Generated_Code/TMOUT1.o
                0x000062b8                TMOUT1_Init
 .text.HWEnDi   0x000062fc       0x20 ./Generated_Code/Serial1.o
 .text.Serial1_RecvChar
                0x0000631c       0xe8 ./Generated_Code/Serial1.o
                0x0000631c                Serial1_RecvChar
 .text.Serial1_SendChar
                0x00006404       0xec ./Generated_Code/Serial1.o
                0x00006404                Serial1_SendChar
 .text.Serial1_SendBlock
                0x000064f0      0x13c ./Generated_Code/Serial1.o
                0x000064f0                Serial1_SendBlock
 .text.Serial1_ClearRxBuf
                0x0000662c       0x78 ./Generated_Code/Serial1.o
                0x0000662c                Serial1_ClearRxBuf
 .text.Serial1_GetCharsInRxBuf
                0x000066a4       0x14 ./Generated_Code/Serial1.o
                0x000066a4                Serial1_GetCharsInRxBuf
 .text.Serial1_Init
                0x000066b8       0x64 ./Generated_Code/Serial1.o
                0x000066b8                Serial1_Init
 .text.ASerialLdd2_OnBlockReceived
                0x0000671c       0x80 ./Generated_Code/Serial1.o
                0x0000671c                ASerialLdd2_OnBlockReceived
 .text.ASerialLdd2_OnBlockSent
                0x0000679c       0x88 ./Generated_Code/Serial1.o
                0x0000679c                ASerialLdd2_OnBlockSent
 .text.ASerialLdd2_OnError
                0x00006824       0x90 ./Generated_Code/Serial1.o
                0x00006824                ASerialLdd2_OnError
 .text.ASerialLdd2_OnBreak
                0x000068b4       0x20 ./Generated_Code/Serial1.o
                0x000068b4                ASerialLdd2_OnBreak
 .text.RED_Init
                0x000068d4       0x18 ./Generated_Code/RED.o
                0x000068d4                RED_Init
 .text.PwmLdd4_Init
                0x000068ec       0x54 ./Generated_Code/PwmLdd4.o
                0x000068ec                PwmLdd4_Init
 .text.PwmLdd4_SetDutyUS
                0x00006940       0x7c ./Generated_Code/PwmLdd4.o
                0x00006940                PwmLdd4_SetDutyUS
 .text.SetRatio
                0x000069bc       0x68 ./Generated_Code/PwmLdd4.o
 .text.PwmLdd3_Init
                0x00006a24       0x54 ./Generated_Code/PwmLdd3.o
                0x00006a24                PwmLdd3_Init
 .text.PwmLdd3_SetRatio8
                0x00006a78       0x34 ./Generated_Code/PwmLdd3.o
                0x00006a78                PwmLdd3_SetRatio8
 .text.SetRatio
                0x00006aac       0x68 ./Generated_Code/PwmLdd3.o
 .text.PwmLdd2_Init
                0x00006b14       0x54 ./Generated_Code/PwmLdd2.o
                0x00006b14                PwmLdd2_Init
 .text.PwmLdd2_SetRatio8
                0x00006b68       0x34 ./Generated_Code/PwmLdd2.o
                0x00006b68                PwmLdd2_SetRatio8
 .text.TU1_OnCounterRestart1
                0x00006b9c       0x24 ./Generated_Code/PwmLdd2.o
                0x00006b9c                TU1_OnCounterRestart1
 .text.SetRatio
                0x00006bc0       0x68 ./Generated_Code/PwmLdd2.o
 .text.PwmLdd1_Init
                0x00006c28       0x54 ./Generated_Code/PwmLdd1.o
                0x00006c28                PwmLdd1_Init
 .text.PwmLdd1_SetRatio8
                0x00006c7c       0x34 ./Generated_Code/PwmLdd1.o
                0x00006c7c                PwmLdd1_SetRatio8
 .text.TU1_OnCounterRestart0
                0x00006cb0       0x24 ./Generated_Code/PwmLdd1.o
                0x00006cb0                TU1_OnCounterRestart0
 .text.SetRatio
                0x00006cd4       0x68 ./Generated_Code/PwmLdd1.o
 .text.PwmLdd1_OnEnd
                0x00006d3c       0x14 ./Generated_Code/PWM_RIGHT.o
                0x00006d3c                PwmLdd1_OnEnd
 .text.PwmLdd2_OnEnd
                0x00006d50       0x14 ./Generated_Code/PWM_LEFT.o
                0x00006d50                PwmLdd2_OnEnd
 .text.MMA1_Init
                0x00006d64       0x38 ./Generated_Code/MMA1.o
                0x00006d64                MMA1_Init
 .text.MMA1_CalibrateX1g
                0x00006d9c       0xb0 ./Generated_Code/MMA1.o
                0x00006d9c                MMA1_CalibrateX1g
 .text.MMA1_CalibrateY1g
                0x00006e4c       0xb0 ./Generated_Code/MMA1.o
                0x00006e4c                MMA1_CalibrateY1g
 .text.MMA1_CalibrateZ1g
                0x00006efc       0xb0 ./Generated_Code/MMA1.o
                0x00006efc                MMA1_CalibrateZ1g
 .text.MMA1_GetXmg
                0x00006fac       0x1c ./Generated_Code/MMA1.o
                0x00006fac                MMA1_GetXmg
 .text.MMA1_GetYmg
                0x00006fc8       0x1c ./Generated_Code/MMA1.o
                0x00006fc8                MMA1_GetYmg
 .text.MMA1_GetZmg
                0x00006fe4       0x1c ./Generated_Code/MMA1.o
                0x00006fe4                MMA1_GetZmg
 .text.MMA1_MeasureGetRawX
                0x00007000       0x40 ./Generated_Code/MMA1.o
                0x00007000                MMA1_MeasureGetRawX
 .text.MMA1_MeasureGetRawY
                0x00007040       0x40 ./Generated_Code/MMA1.o
                0x00007040                MMA1_MeasureGetRawY
 .text.MMA1_MeasureGetRawZ
                0x00007080       0x40 ./Generated_Code/MMA1.o
                0x00007080                MMA1_MeasureGetRawZ
 .text.MMA1_GetX
                0x000070c0       0x3c ./Generated_Code/MMA1.o
                0x000070c0                MMA1_GetX
 .text.MMA1_GetY
                0x000070fc       0x3c ./Generated_Code/MMA1.o
                0x000070fc                MMA1_GetY
 .text.MMA1_GetZ
                0x00007138       0x3c ./Generated_Code/MMA1.o
                0x00007138                MMA1_GetZ
 .text.MMA1_Enable
                0x00007174       0x64 ./Generated_Code/MMA1.o
                0x00007174                MMA1_Enable
 .text.LED_GREEN_Init
                0x000071d8       0x18 ./Generated_Code/LED_GREEN.o
                0x000071d8                LED_GREEN_Init
 .text.GI2C2_RequestBus
                0x000071f0       0x1c ./Generated_Code/GI2C2.o
                0x000071f0                GI2C2_RequestBus
 .text.GI2C2_ReleaseBus
                0x0000720c       0x18 ./Generated_Code/GI2C2.o
                0x0000720c                GI2C2_ReleaseBus
 .text.GI2C2_SelectSlave
                0x00007224       0x40 ./Generated_Code/GI2C2.o
                0x00007224                GI2C2_SelectSlave
 .text.GI2C2_UnselectSlave
                0x00007264       0x10 ./Generated_Code/GI2C2.o
                0x00007264                GI2C2_UnselectSlave
 .text.GI2C2_ReadAddress
                0x00007274      0x210 ./Generated_Code/GI2C2.o
                0x00007274                GI2C2_ReadAddress
 .text.GI2C2_WriteAddress
                0x00007484      0x1e0 ./Generated_Code/GI2C2.o
                0x00007484                GI2C2_WriteAddress
 .text.CI2C2_OnMasterBlockSent
                0x00007664       0x24 ./Generated_Code/GI2C2.o
                0x00007664                CI2C2_OnMasterBlockSent
 .text.CI2C2_OnMasterBlockReceived
                0x00007688       0x24 ./Generated_Code/GI2C2.o
                0x00007688                CI2C2_OnMasterBlockReceived
 .text.GI2C2_Init
                0x000076ac       0x50 ./Generated_Code/GI2C2.o
                0x000076ac                GI2C2_Init
 .text.GI2C2_ReadByteAddress8
                0x000076fc       0x34 ./Generated_Code/GI2C2.o
                0x000076fc                GI2C2_ReadByteAddress8
 .text.GI2C2_WriteByteAddress8
                0x00007730       0x34 ./Generated_Code/GI2C2.o
                0x00007730                GI2C2_WriteByteAddress8
 .text.GI2C1_RequestBus
                0x00007764       0x1c ./Generated_Code/GI2C1.o
                0x00007764                GI2C1_RequestBus
 .text.GI2C1_ReleaseBus
                0x00007780       0x18 ./Generated_Code/GI2C1.o
                0x00007780                GI2C1_ReleaseBus
 .text.GI2C1_SelectSlave
                0x00007798       0x40 ./Generated_Code/GI2C1.o
                0x00007798                GI2C1_SelectSlave
 .text.GI2C1_UnselectSlave
                0x000077d8       0x10 ./Generated_Code/GI2C1.o
                0x000077d8                GI2C1_UnselectSlave
 .text.GI2C1_ReadAddress
                0x000077e8      0x210 ./Generated_Code/GI2C1.o
                0x000077e8                GI2C1_ReadAddress
 .text.GI2C1_WriteAddress
                0x000079f8      0x1e0 ./Generated_Code/GI2C1.o
                0x000079f8                GI2C1_WriteAddress
 .text.CI2C1_OnMasterBlockSent
                0x00007bd8       0x24 ./Generated_Code/GI2C1.o
                0x00007bd8                CI2C1_OnMasterBlockSent
 .text.CI2C1_OnMasterBlockReceived
                0x00007bfc       0x24 ./Generated_Code/GI2C1.o
                0x00007bfc                CI2C1_OnMasterBlockReceived
 .text.GI2C1_Init
                0x00007c20       0x50 ./Generated_Code/GI2C1.o
                0x00007c20                GI2C1_Init
 .text.GI2C1_Deinit
                0x00007c70       0x34 ./Generated_Code/GI2C1.o
                0x00007c70                GI2C1_Deinit
 .text.FRTOS1_Init
                0x00007ca4       0x10 ./Generated_Code/FRTOS1.o
                0x00007ca4                FRTOS1_Init
 .text.DIR_RIGHT1_Init
                0x00007cb4       0x60 ./Generated_Code/DIR_RIGHT1.o
                0x00007cb4                DIR_RIGHT1_Init
 .text.DIR_RIGHT1_PutVal
                0x00007d14       0x30 ./Generated_Code/DIR_RIGHT1.o
                0x00007d14                DIR_RIGHT1_PutVal
 .text.DIR_RIGHT_Init
                0x00007d44       0x60 ./Generated_Code/DIR_RIGHT.o
                0x00007d44                DIR_RIGHT_Init
 .text.DIR_RIGHT_PutVal
                0x00007da4       0x30 ./Generated_Code/DIR_RIGHT.o
                0x00007da4                DIR_RIGHT_PutVal
 .text.DIR_LEFT1_Init
                0x00007dd4       0x60 ./Generated_Code/DIR_LEFT1.o
                0x00007dd4                DIR_LEFT1_Init
 .text.DIR_LEFT1_PutVal
                0x00007e34       0x30 ./Generated_Code/DIR_LEFT1.o
                0x00007e34                DIR_LEFT1_PutVal
 .text.DIR_LEFT_Init
                0x00007e64       0x60 ./Generated_Code/DIR_LEFT.o
                0x00007e64                DIR_LEFT_Init
 .text.DIR_LEFT_PutVal
                0x00007ec4       0x30 ./Generated_Code/DIR_LEFT.o
                0x00007ec4                DIR_LEFT_PutVal
 .text.Cpu_INT_NMIInterrupt
                0x00007ef4        0xc ./Generated_Code/Cpu.o
                0x00007ef4                Cpu_INT_NMIInterrupt
 .text.Cpu_INT_Hard_FaultInterrupt
                0x00007f00        0xc ./Generated_Code/Cpu.o
                0x00007f00                Cpu_INT_Hard_FaultInterrupt
 .text.Cpu_ivINT_Reserved4
                0x00007f0c        0xc ./Generated_Code/Cpu.o
                0x00007f0c                Cpu_ivINT_Reserved4
 .text.Cpu_ivINT_Reserved5
                0x00007f18        0xc ./Generated_Code/Cpu.o
                0x00007f18                Cpu_ivINT_Reserved5
 .text.Cpu_ivINT_Reserved6
                0x00007f24        0xc ./Generated_Code/Cpu.o
                0x00007f24                Cpu_ivINT_Reserved6
 .text.Cpu_ivINT_Reserved7
                0x00007f30        0xc ./Generated_Code/Cpu.o
                0x00007f30                Cpu_ivINT_Reserved7
 .text.Cpu_ivINT_Reserved8
                0x00007f3c        0xc ./Generated_Code/Cpu.o
                0x00007f3c                Cpu_ivINT_Reserved8
 .text.Cpu_ivINT_Reserved9
                0x00007f48        0xc ./Generated_Code/Cpu.o
                0x00007f48                Cpu_ivINT_Reserved9
 .text.Cpu_ivINT_Reserved10
                0x00007f54        0xc ./Generated_Code/Cpu.o
                0x00007f54                Cpu_ivINT_Reserved10
 .text.Cpu_ivINT_SVCall
                0x00007f60        0xc ./Generated_Code/Cpu.o
                0x00007f60                Cpu_ivINT_SVCall
 .text.Cpu_ivINT_Reserved12
                0x00007f6c        0xc ./Generated_Code/Cpu.o
                0x00007f6c                Cpu_ivINT_Reserved12
 .text.Cpu_ivINT_Reserved13
                0x00007f78        0xc ./Generated_Code/Cpu.o
                0x00007f78                Cpu_ivINT_Reserved13
 .text.Cpu_ivINT_DMA0
                0x00007f84        0xc ./Generated_Code/Cpu.o
                0x00007f84                Cpu_ivINT_DMA0
 .text.Cpu_ivINT_DMA1
                0x00007f90        0xc ./Generated_Code/Cpu.o
                0x00007f90                Cpu_ivINT_DMA1
 .text.Cpu_ivINT_DMA2
                0x00007f9c        0xc ./Generated_Code/Cpu.o
                0x00007f9c                Cpu_ivINT_DMA2
 .text.Cpu_ivINT_DMA3
                0x00007fa8        0xc ./Generated_Code/Cpu.o
                0x00007fa8                Cpu_ivINT_DMA3
 .text.Cpu_ivINT_Reserved20
                0x00007fb4        0xc ./Generated_Code/Cpu.o
                0x00007fb4                Cpu_ivINT_Reserved20
 .text.Cpu_ivINT_FTFA
                0x00007fc0        0xc ./Generated_Code/Cpu.o
                0x00007fc0                Cpu_ivINT_FTFA
 .text.Cpu_ivINT_LVD_LVW
                0x00007fcc        0xc ./Generated_Code/Cpu.o
                0x00007fcc                Cpu_ivINT_LVD_LVW
 .text.Cpu_ivINT_LLW
                0x00007fd8        0xc ./Generated_Code/Cpu.o
                0x00007fd8                Cpu_ivINT_LLW
 .text.Cpu_ivINT_SPI0
                0x00007fe4        0xc ./Generated_Code/Cpu.o
                0x00007fe4                Cpu_ivINT_SPI0
 .text.Cpu_ivINT_SPI1
                0x00007ff0        0xc ./Generated_Code/Cpu.o
                0x00007ff0                Cpu_ivINT_SPI1
 .text.Cpu_ivINT_UART2
                0x00007ffc        0xc ./Generated_Code/Cpu.o
                0x00007ffc                Cpu_ivINT_UART2
 .text.Cpu_ivINT_ADC0
                0x00008008        0xc ./Generated_Code/Cpu.o
                0x00008008                Cpu_ivINT_ADC0
 .text.Cpu_ivINT_CMP0
                0x00008014        0xc ./Generated_Code/Cpu.o
                0x00008014                Cpu_ivINT_CMP0
 .text.Cpu_ivINT_TPM0
                0x00008020        0xc ./Generated_Code/Cpu.o
                0x00008020                Cpu_ivINT_TPM0
 .text.Cpu_ivINT_TPM1
                0x0000802c        0xc ./Generated_Code/Cpu.o
                0x0000802c                Cpu_ivINT_TPM1
 .text.Cpu_ivINT_RTC
                0x00008038        0xc ./Generated_Code/Cpu.o
                0x00008038                Cpu_ivINT_RTC
 .text.Cpu_ivINT_RTC_Seconds
                0x00008044        0xc ./Generated_Code/Cpu.o
                0x00008044                Cpu_ivINT_RTC_Seconds
 .text.Cpu_ivINT_PIT
                0x00008050        0xc ./Generated_Code/Cpu.o
                0x00008050                Cpu_ivINT_PIT
 .text.Cpu_ivINT_Reserved39
                0x0000805c        0xc ./Generated_Code/Cpu.o
                0x0000805c                Cpu_ivINT_Reserved39
 .text.Cpu_ivINT_USB0
                0x00008068        0xc ./Generated_Code/Cpu.o
                0x00008068                Cpu_ivINT_USB0
 .text.Cpu_ivINT_DAC0
                0x00008074        0xc ./Generated_Code/Cpu.o
                0x00008074                Cpu_ivINT_DAC0
 .text.Cpu_ivINT_TSI0
                0x00008080        0xc ./Generated_Code/Cpu.o
                0x00008080                Cpu_ivINT_TSI0
 .text.Cpu_ivINT_MCG
                0x0000808c        0xc ./Generated_Code/Cpu.o
                0x0000808c                Cpu_ivINT_MCG
 .text.Cpu_ivINT_LPTimer
                0x00008098        0xc ./Generated_Code/Cpu.o
                0x00008098                Cpu_ivINT_LPTimer
 .text.Cpu_ivINT_Reserved45
                0x000080a4        0xc ./Generated_Code/Cpu.o
                0x000080a4                Cpu_ivINT_Reserved45
 .text.Cpu_ivINT_PORTA
                0x000080b0        0xc ./Generated_Code/Cpu.o
                0x000080b0                Cpu_ivINT_PORTA
 .text.Cpu_ivINT_PORTD
                0x000080bc        0xc ./Generated_Code/Cpu.o
                0x000080bc                Cpu_ivINT_PORTD
 .text.TU1_OnCounterRestart
                0x000080c8       0x20 ./Generated_Code/Cpu.o
                0x000080c8                TU1_OnCounterRestart
 .text.__init_hardware
                0x000080e8      0x110 ./Generated_Code/Cpu.o
                0x000080e8                __init_hardware
 .text.PE_low_level_init
                0x000081f8      0x158 ./Generated_Code/Cpu.o
                0x000081f8                PE_low_level_init
 .text.CLS1_SendStr
                0x00008350       0x2c ./Generated_Code/CLS1.o
                0x00008350                CLS1_SendStr
 .text.CLS1_SendNum16s
                0x0000837c       0x38 ./Generated_Code/CLS1.o
                0x0000837c                CLS1_SendNum16s
 .text.CLS1_SendNum8u
                0x000083b4       0x34 ./Generated_Code/CLS1.o
                0x000083b4                CLS1_SendNum8u
 .text.CLS1_ParseCommand
                0x000083e8      0x12c ./Generated_Code/CLS1.o
                0x000083e8                CLS1_ParseCommand
 .text.CLS1_PrintPrompt
                0x00008514       0x20 ./Generated_Code/CLS1.o
                0x00008514                CLS1_PrintPrompt
 .text.CLS1_IsHistoryCharacter
                0x00008534       0x24 ./Generated_Code/CLS1.o
                0x00008534                CLS1_IsHistoryCharacter
 .text.CLS1_ReadLine
                0x00008558       0xf8 ./Generated_Code/CLS1.o
                0x00008558                CLS1_ReadLine
 .text.CLS1_PrintStatus
                0x00008650       0x78 ./Generated_Code/CLS1.o
                0x00008650                CLS1_PrintStatus
 .text.CLS1_PrintCommandFailed
                0x000086c8       0x78 ./Generated_Code/CLS1.o
                0x000086c8                CLS1_PrintCommandFailed
 .text.CLS1_IterateTable
                0x00008740       0x64 ./Generated_Code/CLS1.o
                0x00008740                CLS1_IterateTable
 .text.CLS1_ParseWithCommandTable
                0x000087a4       0xb0 ./Generated_Code/CLS1.o
                0x000087a4                CLS1_ParseWithCommandTable
 .text.CLS1_GetStdio
                0x00008854       0x14 ./Generated_Code/CLS1.o
                0x00008854                CLS1_GetStdio
 .text.CLS1_ReadAndParseWithCommandTable
                0x00008868       0xf8 ./Generated_Code/CLS1.o
                0x00008868                CLS1_ReadAndParseWithCommandTable
 .text.SendSeparatedStrings
                0x00008960       0x80 ./Generated_Code/CLS1.o
 .text.CLS1_SendHelpStr
                0x000089e0       0x28 ./Generated_Code/CLS1.o
                0x000089e0                CLS1_SendHelpStr
 .text.CLS1_SendStatusStr
                0x00008a08       0x28 ./Generated_Code/CLS1.o
                0x00008a08                CLS1_SendStatusStr
 .text.CLS1_ReadChar
                0x00008a30       0x4c ./Generated_Code/CLS1.o
                0x00008a30                CLS1_ReadChar
 .text.CLS1_SendChar
                0x00008a7c       0x70 ./Generated_Code/CLS1.o
                0x00008a7c                CLS1_SendChar
 .text.CLS1_KeyPressed
                0x00008aec       0x44 ./Generated_Code/CLS1.o
                0x00008aec                CLS1_KeyPressed
 .text.CLS1_Init
                0x00008b30       0x60 ./Generated_Code/CLS1.o
                0x00008b30                CLS1_Init
 .text.CI2C2_Interrupt
                0x00008b90      0x278 ./Generated_Code/CI2C2.o
                0x00008b90                CI2C2_Interrupt
 .text.CI2C2_Init
                0x00008e08      0x114 ./Generated_Code/CI2C2.o
                0x00008e08                CI2C2_Init
 .text.CI2C2_MasterSendBlock
                0x00008f1c      0x19c ./Generated_Code/CI2C2.o
                0x00008f1c                CI2C2_MasterSendBlock
 .text.CI2C2_MasterReceiveBlock
                0x000090b8      0x19c ./Generated_Code/CI2C2.o
                0x000090b8                CI2C2_MasterReceiveBlock
 .text.CI2C2_SelectSlaveDevice
                0x00009254      0x100 ./Generated_Code/CI2C2.o
                0x00009254                CI2C2_SelectSlaveDevice
 .text.CI2C1_Interrupt
                0x00009354      0x278 ./Generated_Code/CI2C1.o
                0x00009354                CI2C1_Interrupt
 .text.CI2C1_Init
                0x000095cc      0x11c ./Generated_Code/CI2C1.o
                0x000095cc                CI2C1_Init
 .text.CI2C1_Deinit
                0x000096e8       0x40 ./Generated_Code/CI2C1.o
                0x000096e8                CI2C1_Deinit
 .text.CI2C1_MasterSendBlock
                0x00009728      0x19c ./Generated_Code/CI2C1.o
                0x00009728                CI2C1_MasterSendBlock
 .text.CI2C1_MasterReceiveBlock
                0x000098c4      0x19c ./Generated_Code/CI2C1.o
                0x000098c4                CI2C1_MasterReceiveBlock
 .text.CI2C1_SelectSlaveDevice
                0x00009a60      0x100 ./Generated_Code/CI2C1.o
                0x00009a60                CI2C1_SelectSlaveDevice
 .text.BitIoLdd4_Init
                0x00009b60       0x68 ./Generated_Code/BitIoLdd4.o
                0x00009b60                BitIoLdd4_Init
 .text.BitIoLdd4_ClrVal
                0x00009bc8       0x1c ./Generated_Code/BitIoLdd4.o
                0x00009bc8                BitIoLdd4_ClrVal
 .text.BitIoLdd4_SetVal
                0x00009be4       0x1c ./Generated_Code/BitIoLdd4.o
                0x00009be4                BitIoLdd4_SetVal
 .text.BitIoLdd3_Init
                0x00009c00       0x68 ./Generated_Code/BitIoLdd3.o
                0x00009c00                BitIoLdd3_Init
 .text.BitIoLdd3_ClrVal
                0x00009c68       0x1c ./Generated_Code/BitIoLdd3.o
                0x00009c68                BitIoLdd3_ClrVal
 .text.BitIoLdd3_SetVal
                0x00009c84       0x1c ./Generated_Code/BitIoLdd3.o
                0x00009c84                BitIoLdd3_SetVal
 .text.BitIoLdd1_Init
                0x00009ca0       0x54 ./Generated_Code/BitIoLdd1.o
                0x00009ca0                BitIoLdd1_Init
 .text.BT_EN_Init
                0x00009cf4       0x64 ./Generated_Code/BT_EN.o
                0x00009cf4                BT_EN_Init
 .text.isRxError
                0x00009d58      0x17c ./Generated_Code/BT1.o
 .text.RxResponse
                0x00009ed4       0xfc ./Generated_Code/BT1.o
 .text.BT1_SendATCommand
                0x00009fd0       0x60 ./Generated_Code/BT1.o
                0x00009fd0                BT1_SendATCommand
 .text.BT1_StdCmd
                0x0000a030       0x84 ./Generated_Code/BT1.o
                0x0000a030                BT1_StdCmd
 .text.BT1_StdOKCmd
                0x0000a0b4       0x28 ./Generated_Code/BT1.o
                0x0000a0b4                BT1_StdOKCmd
 .text.BT1_Init
                0x0000a0dc       0x14 ./Generated_Code/BT1.o
                0x0000a0dc                BT1_Init
 .text.BT1_btSetDeviceName
                0x0000a0f0       0x60 ./Generated_Code/BT1.o
                0x0000a0f0                BT1_btSetDeviceName
 .text.BT1_btSetBaud
                0x0000a150       0x54 ./Generated_Code/BT1.o
                0x0000a150                BT1_btSetBaud
 .text.BT1_StdIOKeyPressed
                0x0000a1a4       0x18 ./Generated_Code/BT1.o
                0x0000a1a4                BT1_StdIOKeyPressed
 .text.BT1_StdIOReadChar
                0x0000a1bc       0x24 ./Generated_Code/BT1.o
                0x0000a1bc                BT1_StdIOReadChar
 .text.BT1_StdIOSendChar
                0x0000a1e0       0x24 ./Generated_Code/BT1.o
                0x0000a1e0                BT1_StdIOSendChar
 .text.ASerialLdd2_Init
                0x0000a204      0x170 ./Generated_Code/ASerialLdd2.o
                0x0000a204                ASerialLdd2_Init
 .text.ASerialLdd2_ReceiveBlock
                0x0000a374       0x98 ./Generated_Code/ASerialLdd2.o
                0x0000a374                ASerialLdd2_ReceiveBlock
 .text.ASerialLdd2_SendBlock
                0x0000a40c       0xc4 ./Generated_Code/ASerialLdd2.o
                0x0000a40c                ASerialLdd2_SendBlock
 .text.InterruptRx
                0x0000a4d0       0x58 ./Generated_Code/ASerialLdd2.o
 .text.InterruptTx
                0x0000a528       0x80 ./Generated_Code/ASerialLdd2.o
 .text.ASerialLdd2_Interrupt
                0x0000a5a8       0xf4 ./Generated_Code/ASerialLdd2.o
                0x0000a5a8                ASerialLdd2_Interrupt
 .text.ASerialLdd2_GetError
                0x0000a69c       0x74 ./Generated_Code/ASerialLdd2.o
                0x0000a69c                ASerialLdd2_GetError
 .text.ASerialLdd1_Init
                0x0000a710      0x1c4 ./Generated_Code/ASerialLdd1.o
                0x0000a710                ASerialLdd1_Init
 .text.ASerialLdd1_ReceiveBlock
                0x0000a8d4       0x98 ./Generated_Code/ASerialLdd1.o
                0x0000a8d4                ASerialLdd1_ReceiveBlock
 .text.ASerialLdd1_SendBlock
                0x0000a96c       0xc4 ./Generated_Code/ASerialLdd1.o
                0x0000a96c                ASerialLdd1_SendBlock
 .text.InterruptRx
                0x0000aa30       0x58 ./Generated_Code/ASerialLdd1.o
 .text.InterruptTx
                0x0000aa88       0x80 ./Generated_Code/ASerialLdd1.o
 .text.ASerialLdd1_Interrupt
                0x0000ab08       0xfc ./Generated_Code/ASerialLdd1.o
                0x0000ab08                ASerialLdd1_Interrupt
 .text.ASerialLdd1_GetError
                0x0000ac04       0x74 ./Generated_Code/ASerialLdd1.o
                0x0000ac04                ASerialLdd1_GetError
 .text.HWEnDi   0x0000ac78       0x20 ./Generated_Code/AS1.o
 .text.AS1_RecvChar
                0x0000ac98       0xe8 ./Generated_Code/AS1.o
                0x0000ac98                AS1_RecvChar
 .text.AS1_SendChar
                0x0000ad80       0xec ./Generated_Code/AS1.o
                0x0000ad80                AS1_SendChar
 .text.AS1_GetCharsInRxBuf
                0x0000ae6c       0x14 ./Generated_Code/AS1.o
                0x0000ae6c                AS1_GetCharsInRxBuf
 .text.AS1_Init
                0x0000ae80       0x64 ./Generated_Code/AS1.o
                0x0000ae80                AS1_Init
 .text.ASerialLdd1_OnBlockReceived
                0x0000aee4       0xc0 ./Generated_Code/AS1.o
                0x0000aee4                ASerialLdd1_OnBlockReceived
 .text.ASerialLdd1_OnBlockSent
                0x0000afa4       0xe8 ./Generated_Code/AS1.o
                0x0000afa4                ASerialLdd1_OnBlockSent
 .text.ASerialLdd1_OnError
                0x0000b08c       0x94 ./Generated_Code/AS1.o
                0x0000b08c                ASerialLdd1_OnError
 .text.ASerialLdd1_OnBreak
                0x0000b120       0x20 ./Generated_Code/AS1.o
                0x0000b120                ASerialLdd1_OnBreak
 .text.zero_fill_bss
                0x0000b140       0x24 ./Project_Settings/Startup_Code/__arm_start.o
 .text.__thumb_startup
                0x0000b164       0x30 ./Project_Settings/Startup_Code/__arm_start.o
                0x0000b164                __thumb_startup
 .text._ExitProcess
                0x0000b194        0xc ./Project_Settings/Startup_Code/__arm_end.o
                0x0000b194                _ExitProcess
 .text.startCommunication
                0x0000b1a0       0xdc ./Sources/serial_communication.o
                0x0000b1a0                startCommunication
 .text.setState
                0x0000b27c       0x20 ./Sources/serial_communication.o
                0x0000b27c                setState
 .text.ParseCommand
                0x0000b29c      0xa54 ./Sources/serial_communication.o
 .text.initAllSensors
                0x0000bcf0      0x11c ./Sources/serial_communication.o
                0x0000bcf0                initAllSensors
 .text.readValues
                0x0000be0c       0x7c ./Sources/serial_communication.o
                0x0000be0c                readValues
 .text.sendStatusBT
                0x0000be88       0x5c ./Sources/serial_communication.o
                0x0000be88                sendStatusBT
 .text.sendTestStatus
                0x0000bee4       0xc0 ./Sources/serial_communication.o
                0x0000bee4                sendTestStatus
 .text.setErrorState
                0x0000bfa4       0x20 ./Sources/serial_communication.o
                0x0000bfa4                setErrorState
 .text.gyroReady
                0x0000bfc4       0x14 ./Sources/serial_communication.o
                0x0000bfc4                gyroReady
 .text.calcPID  0x0000bfd8      0x3f4 ./Sources/pid.o
                0x0000bfd8                calcPID
 .text.motorGetPWMLeft
                0x0000c3cc       0x18 ./Sources/motor.o
                0x0000c3cc                motorGetPWMLeft
 .text.motorGetPWMRight
                0x0000c3e4       0x18 ./Sources/motor.o
                0x0000c3e4                motorGetPWMRight
 .text.motorIncrementPWMLeft
                0x0000c3fc       0x6c ./Sources/motor.o
                0x0000c3fc                motorIncrementPWMLeft
 .text.motorIncrementPWMRight
                0x0000c468       0x50 ./Sources/motor.o
                0x0000c468                motorIncrementPWMRight
 .text.motorSetPWMLeft
                0x0000c4b8      0x100 ./Sources/motor.o
                0x0000c4b8                motorSetPWMLeft
 .text.motorSetPWMRight
                0x0000c5b8      0x104 ./Sources/motor.o
                0x0000c5b8                motorSetPWMRight
 .text.motorsStartup
                0x0000c6bc      0x12c ./Sources/motor.o
                0x0000c6bc                motorsStartup
 .text.motorsbrake
                0x0000c7e8       0x20 ./Sources/motor.o
                0x0000c7e8                motorsbrake
 .text.main     0x0000c808       0x10 ./Sources/main.o
                0x0000c808                main
 .text.ComunicationTask
                0x0000c818       0x10 ./Sources/frtos_tasks.o
 .text.DrivingTask
                0x0000c828       0x40 ./Sources/frtos_tasks.o
 .text.GyroTask
                0x0000c868      0x130 ./Sources/frtos_tasks.o
 .text.CreateTasks
                0x0000c998       0x38 ./Sources/frtos_tasks.o
                0x0000c998                CreateTasks
 .text.CreateDrivingTask
                0x0000c9d0       0x48 ./Sources/frtos_tasks.o
                0x0000c9d0                CreateDrivingTask
 .text.CreateGyroTask
                0x0000ca18       0x48 ./Sources/frtos_tasks.o
                0x0000ca18                CreateGyroTask
 .text.driveToStair
                0x0000ca60      0x120 ./Sources/driving.o
                0x0000ca60                driveToStair
 .text.driveOverStair
                0x0000cb80      0x328 ./Sources/driving.o
                0x0000cb80                driveOverStair
 .text.driveToTurningPlace
                0x0000cea8       0xfc ./Sources/driving.o
                0x0000cea8                driveToTurningPlace
 .text.driveThroughTurningPlace
                0x0000cfa4      0x510 ./Sources/driving.o
                0x0000cfa4                driveThroughTurningPlace
 .text.driveToEndZone
                0x0000d4b4      0x140 ./Sources/driving.o
                0x0000d4b4                driveToEndZone
 .text.pushTheButton
                0x0000d5f4       0x2c ./Sources/driving.o
                0x0000d5f4                pushTheButton
 .text.regulateMotor
                0x0000d620      0x170 ./Sources/driving.o
                0x0000d620                regulateMotor
 .text.initDriving
                0x0000d790       0x74 ./Sources/driving.o
                0x0000d790                initDriving
 .text.setPID   0x0000d804       0x70 ./Sources/driving.o
                0x0000d804                setPID
 .text.setDistanceSide
                0x0000d874       0x20 ./Sources/driving.o
                0x0000d874                setDistanceSide
 .text.setDistanceFront
                0x0000d894       0x20 ./Sources/driving.o
                0x0000d894                setDistanceFront
 .text.setSpeed
                0x0000d8b4       0x20 ./Sources/driving.o
                0x0000d8b4                setSpeed
 .text.setGyroskopPWM
                0x0000d8d4       0x2c ./Sources/driving.o
                0x0000d8d4                setGyroskopPWM
 .text.setLetter
                0x0000d900       0x20 ./Sources/driving.o
                0x0000d900                setLetter
 .text.setServoPWM
                0x0000d920       0x58 ./Sources/driving.o
                0x0000d920                setServoPWM
 .text.stopDriving
                0x0000d978       0x20 ./Sources/driving.o
                0x0000d978                stopDriving
 .text.getTime  0x0000d998       0x8c ./Sources/driving.o
                0x0000d998                getTime
 .text.VL_OnError
                0x0000da24       0x14 ./Sources/VL6180X.o
 .text.VL_WriteReg8
                0x0000da38       0x50 ./Sources/VL6180X.o
                0x0000da38                VL_WriteReg8
 .text.VL_WriteReg16
                0x0000da88       0x70 ./Sources/VL6180X.o
                0x0000da88                VL_WriteReg16
 .text.VL_ReadReg8
                0x0000daf8       0x54 ./Sources/VL6180X.o
                0x0000daf8                VL_ReadReg8
 .text.VL_ReadReg16
                0x0000db4c       0x54 ./Sources/VL6180X.o
                0x0000db4c                VL_ReadReg16
 .text.readRangeContinuous
                0x0000dba0       0xf0 ./Sources/VL6180X.o
 .text.VL_ReadRangeSingle
                0x0000dc90       0x64 ./Sources/VL6180X.o
                0x0000dc90                VL_ReadRangeSingle
 .text.VL_ConfigureDefault
                0x0000dcf4       0x94 ./Sources/VL6180X.o
                0x0000dcf4                VL_ConfigureDefault
 .text.VL_InitDevice
                0x0000dd88      0x5ac ./Sources/VL6180X.o
                0x0000dd88                VL_InitDevice
 .text.VL_InitAndConfigureDevice
                0x0000e334       0x64 ./Sources/VL6180X.o
                0x0000e334                VL_InitAndConfigureDevice
 .text.VL_ChipEnable
                0x0000e398       0xc0 ./Sources/VL6180X.o
                0x0000e398                VL_ChipEnable
 .text.VL_SetI2CDeviceAddress
                0x0000e458       0xe0 ./Sources/VL6180X.o
                0x0000e458                VL_SetI2CDeviceAddress
 .text.VL_Init  0x0000e538      0x180 ./Sources/VL6180X.o
                0x0000e538                VL_Init
 .text.VL_GetDistance
                0x0000e6b8      0x100 ./Sources/VL6180X.o
                0x0000e6b8                VL_GetDistance
 .text.VL_GetLastDistance
                0x0000e7b8       0x2c ./Sources/VL6180X.o
                0x0000e7b8                VL_GetLastDistance
 .text.L3Ginit  0x0000e7e4       0x58 ./Sources/L3G.o
                0x0000e7e4                L3Ginit
 .text.L3GenableDefault
                0x0000e83c       0xe4 ./Sources/L3G.o
                0x0000e83c                L3GenableDefault
 .text.L3GwriteReg
                0x0000e920       0x38 ./Sources/L3G.o
                0x0000e920                L3GwriteReg
 .text.L3GreadReg
                0x0000e958       0x3c ./Sources/L3G.o
                0x0000e958                L3GreadReg
 .text.L3Greadxyz
                0x0000e994      0x1f0 ./Sources/L3G.o
                0x0000e994                L3Greadxyz
 .text.L3GgetDegree
                0x0000eb84       0x8c ./Sources/L3G.o
                0x0000eb84                L3GgetDegree
 .text.calculateOffset
                0x0000ec10      0x1d0 ./Sources/L3G.o
                0x0000ec10                calculateOffset
 .text.cmpfunc  0x0000ede0       0x28 ./Sources/L3G.o
                0x0000ede0                cmpfunc
 .text.L3GSetAngel
                0x0000ee08       0x5c ./Sources/L3G.o
                0x0000ee08                L3GSetAngel
 *fill*         0x0000ee64        0x4 00
 .text.combineAccel
                0x0000ee68      0x228 ./Sources/L3G.o
                0x0000ee68                combineAccel
 .text.L3GFIFOdataLevel
                0x0000f090       0x24 ./Sources/L3G.o
                0x0000f090                L3GFIFOdataLevel
 .text.L3GFIFOfull
                0x0000f0b4       0x28 ./Sources/L3G.o
                0x0000f0b4                L3GFIFOfull
 .text.Cpu_OnNMIINT
                0x0000f0dc        0x8 ./Sources/Events.o
                0x0000f0dc                Cpu_OnNMIINT
 .text.FRTOS1_vApplicationStackOverflowHook
                0x0000f0e4       0x4c ./Sources/Events.o
                0x0000f0e4                FRTOS1_vApplicationStackOverflowHook
 .text.FRTOS1_vApplicationTickHook
                0x0000f130        0xc ./Sources/Events.o
                0x0000f130                FRTOS1_vApplicationTickHook
 .text.FRTOS1_vApplicationIdleHook
                0x0000f13c        0x8 ./Sources/Events.o
                0x0000f13c                FRTOS1_vApplicationIdleHook
 .text.FRTOS1_vApplicationMallocFailedHook
                0x0000f144        0x8 ./Sources/Events.o
                0x0000f144                FRTOS1_vApplicationMallocFailedHook
 .text.AS1_OnError
                0x0000f14c        0x8 ./Sources/Events.o
                0x0000f14c                AS1_OnError
 .text.AS1_OnRxChar
                0x0000f154        0x8 ./Sources/Events.o
                0x0000f154                AS1_OnRxChar
 .text.AS1_OnTxChar
                0x0000f15c        0x8 ./Sources/Events.o
                0x0000f15c                AS1_OnTxChar
 .text.AS1_OnFullRxBuf
                0x0000f164        0x8 ./Sources/Events.o
                0x0000f164                AS1_OnFullRxBuf
 .text.AS1_OnFreeTxBuf
                0x0000f16c        0x8 ./Sources/Events.o
                0x0000f16c                AS1_OnFreeTxBuf
 .text.Cpu_OnHardFault
                0x0000f174        0x8 ./Sources/Events.o
                0x0000f174                Cpu_OnHardFault
 .text.PWM_LEFT_OnEnd
                0x0000f17c       0x30 ./Sources/Events.o
                0x0000f17c                PWM_LEFT_OnEnd
 .text.PWM_RIGHT_OnEnd
                0x0000f1ac       0x30 ./Sources/Events.o
                0x0000f1ac                PWM_RIGHT_OnEnd
 .text.exit     0x0000f1dc       0x38 C:/Freescale/CW MCU v10.6/MCU/ARM_GCC_Support/ewl/lib/armv6-m\libc.a(exit.o)
                0x0000f1dc                exit
 .text.qsort    0x0000f214       0xb8 C:/Freescale/CW MCU v10.6/MCU/ARM_GCC_Support/ewl/lib/armv6-m\libc.a(qsort.o)
                0x0000f214                qsort
 .text.memcpy   0x0000f2cc       0x12 C:/Freescale/CW MCU v10.6/MCU/ARM_GCC_Support/ewl/lib/armv6-m\libc.a(memcpy.o)
                0x0000f2cc                memcpy
 .text.memset   0x0000f2de        0xc C:/Freescale/CW MCU v10.6/MCU/ARM_GCC_Support/ewl/lib/armv6-m\libc.a(memset.o)
                0x0000f2de                memset
 .text.strchr   0x0000f2ea       0x1e C:/Freescale/CW MCU v10.6/MCU/ARM_GCC_Support/ewl/lib/armv6-m\libc.a(strchr.o)
                0x0000f2ea                strchr
 .text.strcmp   0x0000f308       0x1c C:/Freescale/CW MCU v10.6/MCU/ARM_GCC_Support/ewl/lib/armv6-m\libc.a(strcmp.o)
                0x0000f308                strcmp
 .text.strlen   0x0000f324       0x10 C:/Freescale/CW MCU v10.6/MCU/ARM_GCC_Support/ewl/lib/armv6-m\libc.a(strlen.o)
                0x0000f324                strlen
 .text.strncmp  0x0000f334       0x22 C:/Freescale/CW MCU v10.6/MCU/ARM_GCC_Support/ewl/lib/armv6-m\libc.a(strncmp.o)
                0x0000f334                strncmp
 *fill*         0x0000f356        0x2 00
 .text.long2str.isra.0
                0x0000f358      0x19c C:/Freescale/CW MCU v10.6/MCU/ARM_GCC_Support/ewl/lib/armv6-m\libc.a(printformat_.o)
 .text.__pformatter_
                0x0000f4f4      0x428 C:/Freescale/CW MCU v10.6/MCU/ARM_GCC_Support/ewl/lib/armv6-m\libc.a(printformat_.o)
                0x0000f4f4                __pformatter_
 .text.__sformatter
                0x0000f91c      0x698 C:/Freescale/CW MCU v10.6/MCU/ARM_GCC_Support/ewl/lib/armv6-m\libc.a(scanformat_.o)
                0x0000f91c                __sformatter
 .text.isalpha  0x0000ffb4       0x20 C:/Freescale/CW MCU v10.6/MCU/ARM_GCC_Support/ewl/lib/armv6-m\libc.a(ctype_aeabi.o)
                0x0000ffb4                isalpha
 .text.isspace  0x0000ffd4       0x20 C:/Freescale/CW MCU v10.6/MCU/ARM_GCC_Support/ewl/lib/armv6-m\libc.a(ctype_aeabi.o)
                0x0000ffd4                isspace
 .text.toupper  0x0000fff4        0xe C:/Freescale/CW MCU v10.6/MCU/ARM_GCC_Support/ewl/lib/armv6-m\libc.a(ctype_aeabi.o)
                0x0000fff4                toupper
 .text.__strtoul
                0x00010002      0x1ce C:/Freescale/CW MCU v10.6/MCU/ARM_GCC_Support/ewl/lib/armv6-m\libc.a(__strtoul.o)
                0x00010002                __strtoul
 .text.__fill_mem
                0x000101d0       0x7e C:/Freescale/CW MCU v10.6/MCU/ARM_GCC_Support/ewl/lib/armv6-m\libc.a(__filll_mem.o)
                0x000101d0                __fill_mem
 .text.memchr   0x0001024e       0x1a C:/Freescale/CW MCU v10.6/MCU/ARM_GCC_Support/ewl/lib/armv6-m\libc.a(memchr.o)
                0x0001024e                memchr
 .text.atan     0x00010268      0x358 C:/Freescale/CW MCU v10.6/MCU/ARM_GCC_Support/ewl/lib/armv6-m\libm.a(s_atan.o)
                0x00010268                atan
 .text.sqrt     0x000105c0        0x8 C:/Freescale/CW MCU v10.6/MCU/ARM_GCC_Support/ewl/lib/armv6-m\libm.a(w_sqrt.o)
                0x000105c0                sqrt
 .text.__ieee754_sqrt
                0x000105c8      0x17c C:/Freescale/CW MCU v10.6/MCU/ARM_GCC_Support/ewl/lib/armv6-m\libm.a(e_sqrt.o)
                0x000105c8                __ieee754_sqrt
 .text.__init_cpp
                0x00010744       0x48 C:/Freescale/CW MCU v10.6/MCU/ARM_GCC_Support/ewl/lib/armv6-m\librt.a(gcc_ctor_dtor.o)
                0x00010744                __init_cpp
 .text.__fini_cpp
                0x0001078c       0x34 C:/Freescale/CW MCU v10.6/MCU/ARM_GCC_Support/ewl/lib/armv6-m\librt.a(gcc_ctor_dtor.o)
                0x0001078c                __fini_cpp
 .text.__copy_rom_section
                0x000107c0       0x48 C:/Freescale/CW MCU v10.6/MCU/ARM_GCC_Support/ewl/lib/armv6-m\librt.a(ROMCopy.o)
                0x000107c0                __copy_rom_section
 .text.__copy_rom_sections_to_ram
                0x00010808       0x34 C:/Freescale/CW MCU v10.6/MCU/ARM_GCC_Support/ewl/lib/armv6-m\librt.a(ROMCopy.o)
                0x00010808                __copy_rom_sections_to_ram
 .text.__destroy_global_chain
                0x0001083c       0x1c C:/Freescale/CW MCU v10.6/MCU/ARM_GCC_Support/ewl/lib/armv6-m\librt.a(__arm_eabi_init.o)
                0x0001083c                __destroy_global_chain
 .text.__init_registers
                0x00010858       0x1c C:/Freescale/CW MCU v10.6/MCU/ARM_GCC_Support/ewl/lib/armv6-m\librt.a(__arm_eabi_init.o)
                0x00010858                __init_registers
 .text.__init_user
                0x00010874        0x4 C:/Freescale/CW MCU v10.6/MCU/ARM_GCC_Support/ewl/lib/armv6-m\librt.a(__arm_eabi_init.o)
                0x00010874                __init_user
 *(.rodata)
 .rodata        0x00010878        0x8 ./Generated_Code/tasks.o
 .rodata        0x00010880       0x1c ./Generated_Code/UTIL1.o
 .rodata        0x0001089c        0xc ./Generated_Code/GI2C2.o
 .rodata        0x000108a8        0xc ./Generated_Code/GI2C1.o
 .rodata        0x000108b4      0x15c ./Generated_Code/CLS1.o
 .rodata        0x00010a10      0xa54 ./Generated_Code/BT1.o
 .rodata        0x00011464      0x384 ./Sources/serial_communication.o
 .rodata        0x000117e8       0x5c ./Sources/frtos_tasks.o
 .rodata        0x00011844       0x60 ./Sources/driving.o
 .rodata        0x000118a4       0x14 ./Sources/Events.o
 .rodata        0x000118b8       0x40 c:/freescale/cw mcu v10.6/cross_tools/arm-none-eabi-gcc-4_7_3/bin/../lib/gcc/arm-none-eabi/4.7.3/armv6-m\libgcc.a(mulsf3.o)
 .rodata        0x000118f8       0x40 c:/freescale/cw mcu v10.6/cross_tools/arm-none-eabi-gcc-4_7_3/bin/../lib/gcc/arm-none-eabi/4.7.3/armv6-m\libgcc.a(divdf3.o)
 .rodata        0x00011938       0x40 c:/freescale/cw mcu v10.6/cross_tools/arm-none-eabi-gcc-4_7_3/bin/../lib/gcc/arm-none-eabi/4.7.3/armv6-m\libgcc.a(muldf3.o)
 *(.rodata*)
 .rodata.ChannelDevice
                0x00011978        0x4 ./Generated_Code/TU2.o
 .rodata.ChannelMode
                0x0001197c        0x4 ./Generated_Code/TU2.o
 .rodata.ChannelDevice
                0x00011980        0x4 ./Generated_Code/TU1.o
 .rodata.ChannelMode
                0x00011984        0x4 ./Generated_Code/TU1.o
 .rodata.InitialCalibration
                0x00011988        0x8 ./Generated_Code/MMA1.o
 .rodata.addr.6795
                0x00011990        0x1 ./Generated_Code/MMA1.o
 .rodata.addr.6787
                0x00011991        0x1 ./Generated_Code/MMA1.o
 .rodata.addr.6779
                0x00011992        0x1 ./Generated_Code/MMA1.o
 *fill*         0x00011993        0x1 00
 .rodata.CLS1_stdio
                0x00011994       0x10 ./Generated_Code/CLS1.o
                0x00011994                CLS1_stdio
 .rodata.CmdParserTable
                0x000119a4        0xc ./Sources/serial_communication.o
 .rodata.BT_stdio
                0x000119b0       0x10 ./Sources/serial_communication.o
 .rodata.L3GgetDegree
                0x000119c0       0x8c ./Sources/L3G.o
 .rodata.L3GSetAngel
                0x00011a4c       0x8c ./Sources/L3G.o
 .rodata.str1.1
                0x00011ad8        0x1 C:/Freescale/CW MCU v10.6/MCU/ARM_GCC_Support/ewl/lib/armv6-m\libc.a(printformat_.o)
 .rodata.CSWTCH.20
                0x00011ad9        0x5 C:/Freescale/CW MCU v10.6/MCU/ARM_GCC_Support/ewl/lib/armv6-m\libc.a(printformat_.o)
 .rodata.CSWTCH.21
                0x00011ade        0x5 C:/Freescale/CW MCU v10.6/MCU/ARM_GCC_Support/ewl/lib/armv6-m\libc.a(printformat_.o)
 .rodata.__aeabi_ctype_table_C
                0x00011ae3      0x101 C:/Freescale/CW MCU v10.6/MCU/ARM_GCC_Support/ewl/lib/armv6-m\libc.a(ctype_aeabi.o)
                0x00011ae3                __aeabi_ctype_table_C
 *fill*         0x00011be4        0x4 00
 .rodata.atanlo
                0x00011be8       0x20 C:/Freescale/CW MCU v10.6/MCU/ARM_GCC_Support/ewl/lib/armv6-m\libm.a(s_atan.o)
 .rodata.atanhi
                0x00011c08       0x20 C:/Freescale/CW MCU v10.6/MCU/ARM_GCC_Support/ewl/lib/armv6-m\libm.a(s_atan.o)
 *(.glue_7)
 .glue_7        0x00000000        0x0 linker stubs
 *(.glue_7t)
 .glue_7t       0x00000000        0x0 linker stubs
 *(.eh_frame)
 *(.init)
 *(.fini)
                0x00011c28                . = ALIGN (0x4)
                0x00011c28                _etext = .

.vfp11_veneer   0x00011c28        0x0
 .vfp11_veneer  0x00000000        0x0 linker stubs

.v4_bx          0x00011c28        0x0
 .v4_bx         0x00000000        0x0 linker stubs

.iplt           0x00011c28        0x0
 .iplt          0x00000000        0x0 ./Generated_Code/timers.o

.rel.dyn        0x00011c28        0x0
 .rel.iplt      0x00000000        0x0 ./Generated_Code/timers.o

.ARM.extab
 *(.ARM.extab* .gnu.linkonce.armextab.*)

.ARM            0x00011c28        0x0
                0x00011c28                __exidx_start = .
 *(.ARM.exidx*)
                0x00011c28                __exidx_end = .

.ctors          0x00011c28        0x0
                0x00011c28                __CTOR_LIST__ = .
 *crtbegin.o(.ctors)
 *(EXCLUDE_FILE(*crtend.o) .ctors)
 *(SORT(.ctors.*))
 *(.ctors)
                0x00011c28                __CTOR_END__ = .

.dtors          0x00011c28        0x0
                0x00011c28                __DTOR_LIST__ = .
 *crtbegin.o(.dtors)
 *(EXCLUDE_FILE(*crtend.o) .dtors)
 *(SORT(.dtors.*))
 *(.dtors)
                0x00011c28                __DTOR_END__ = .

.preinit_array  0x00011c28        0x0
                0x00011c28                PROVIDE (__preinit_array_start, .)
 *(.preinit_array*)
                0x00011c28                PROVIDE (__preinit_array_end, .)

.init_array     0x00011c28        0x0
                0x00011c28                PROVIDE (__init_array_start, .)
 *(SORT(.init_array.*))
 *(.init_array*)
                0x00011c28                PROVIDE (__init_array_end, .)

.fini_array     0x00011c28        0x0
                0x00011c28                PROVIDE (__fini_array_start, .)
 *(SORT(.fini_array.*))
 *(.fini_array*)
                0x00011c28                PROVIDE (__fini_array_end, .)
                0x00011c28                ___ROM_AT = .

.mtb            0x1ffff000     0x1000
                0x1ffff000                . = ALIGN (0x8)
                0x1ffff000                _mtb_start = .
 *(.mtb_buf)
 .mtb_buf       0x1ffff000     0x1000 ./Sources/sa_mtb.o
                0x1ffff000                mtb_buf
                0x20000000                . = ALIGN (0x8)
                0x20000000                _mtb_end = .

.data           0x20000000       0x24 load address 0x00011c28
                0x20000000                . = ALIGN (0x4)
                0x20000000                _sdata = .
 *(.data)
 *(.data*)
 .data.uxCriticalNesting
                0x20000000        0x4 ./Generated_Code/port.o
 .data.uxTopUsedPriority
                0x20000004        0x4 ./Generated_Code/port.o
                0x20000004                uxTopUsedPriority
 .data.xHeapStructSize
                0x20000008        0x4 ./Generated_Code/heap_4.o
 .data.CLS1_currStdIO
                0x2000000c        0x4 ./Generated_Code/CLS1.o
 .data.BT1_lastErr
                0x20000010        0x1 ./Generated_Code/BT1.o
 .data.state    0x20000011        0x1 ./Sources/serial_communication.o
 .data.kpT      0x20000012        0x1 ./Sources/serial_communication.o
 .data.kpG      0x20000013        0x1 ./Sources/serial_communication.o
 .data.kiG      0x20000014        0x1 ./Sources/serial_communication.o
 .data.kdG      0x20000015        0x1 ./Sources/serial_communication.o
 .data.distanceSide
                0x20000016        0x1 ./Sources/driving.o
 .data.distanceFront
                0x20000017        0x1 ./Sources/driving.o
 .data.scaling  0x20000018        0x1 ./Sources/VL6180X.o
 .data.initDevices
                0x20000019        0x1 ./Sources/VL6180X.o
                0x20000019                initDevices
 *fill*         0x2000001a        0x2 00
 .data.__double_nan
                0x2000001c        0x8 C:/Freescale/CW MCU v10.6/MCU/ARM_GCC_Support/ewl/lib/armv6-m\libm.a(float.o)
                0x2000001c                __double_nan
                0x20000024                . = ALIGN (0x4)
                0x20000024                _edata = .
                0x00000024                ___data_size = (_edata - _sdata)

.igot.plt       0x20000024        0x0 load address 0x00011c4c
 .igot.plt      0x00000000        0x0 ./Generated_Code/timers.o
                0x20000024                . = ALIGN (0x4)

.bss            0x20000024     0x2ae8 load address 0x00011c4c
                0x20000024                __START_BSS = .
                0x20000024                PROVIDE (__bss_start__, __START_BSS)
 *(.bss)
 *(.bss*)
 .bss.pxCurrentTCB
                0x20000024        0x4 ./Generated_Code/tasks.o
                0x20000024                pxCurrentTCB
 .bss.pxReadyTasksLists
                0x20000028       0x78 ./Generated_Code/tasks.o
 .bss.xDelayedTaskList1
                0x200000a0       0x14 ./Generated_Code/tasks.o
 .bss.xDelayedTaskList2
                0x200000b4       0x14 ./Generated_Code/tasks.o
 .bss.pxDelayedTaskList
                0x200000c8        0x4 ./Generated_Code/tasks.o
 .bss.pxOverflowDelayedTaskList
                0x200000cc        0x4 ./Generated_Code/tasks.o
 .bss.xPendingReadyList
                0x200000d0       0x14 ./Generated_Code/tasks.o
 .bss.xTasksWaitingTermination
                0x200000e4       0x14 ./Generated_Code/tasks.o
 .bss.uxDeletedTasksWaitingCleanUp
                0x200000f8        0x4 ./Generated_Code/tasks.o
 .bss.xSuspendedTaskList
                0x200000fc       0x14 ./Generated_Code/tasks.o
 .bss.uxCurrentNumberOfTasks
                0x20000110        0x4 ./Generated_Code/tasks.o
 .bss.xTickCount
                0x20000114        0x4 ./Generated_Code/tasks.o
 .bss.uxTopReadyPriority
                0x20000118        0x4 ./Generated_Code/tasks.o
 .bss.xSchedulerRunning
                0x2000011c        0x4 ./Generated_Code/tasks.o
 .bss.uxPendedTicks
                0x20000120        0x4 ./Generated_Code/tasks.o
 .bss.xYieldPending
                0x20000124        0x4 ./Generated_Code/tasks.o
 .bss.xNumOfOverflows
                0x20000128        0x4 ./Generated_Code/tasks.o
 .bss.uxTaskNumber
                0x2000012c        0x4 ./Generated_Code/tasks.o
 .bss.xNextTaskUnblockTime
                0x20000130        0x4 ./Generated_Code/tasks.o
 .bss.xIdleTaskHandle
                0x20000134        0x4 ./Generated_Code/tasks.o
 .bss.uxSchedulerSuspended
                0x20000138        0x4 ./Generated_Code/tasks.o
 .bss.ucHeap    0x2000013c     0x2134 ./Generated_Code/heap_4.o
 .bss.xStart    0x20002270        0x8 ./Generated_Code/heap_4.o
 .bss.pxEnd     0x20002278        0x4 ./Generated_Code/heap_4.o
 .bss.xFreeBytesRemaining
                0x2000227c        0x4 ./Generated_Code/heap_4.o
 .bss.xMinimumEverFreeBytesRemaining
                0x20002280        0x4 ./Generated_Code/heap_4.o
 .bss.xBlockAllocatedBit
                0x20002284        0x4 ./Generated_Code/heap_4.o
 .bss.DeviceDataPrv__DEFAULT_RTOS_ALLOC
                0x20002288        0x4 ./Generated_Code/Watermark.o
 .bss.DeviceDataPrv__DEFAULT_RTOS_ALLOC
                0x2000228c        0x4 ./Generated_Code/TofCE3.o
 .bss.DeviceDataPrv__DEFAULT_RTOS_ALLOC
                0x20002290        0x4 ./Generated_Code/TofCE2.o
 .bss.DeviceDataPrv__DEFAULT_RTOS_ALLOC
                0x20002294        0x4 ./Generated_Code/TofCE1.o
 .bss.DeviceDataPrv__DEFAULT_RTOS_ALLOC
                0x20002298        0x8 ./Generated_Code/TU2.o
 .bss.DeviceDataPrv__DEFAULT_RTOS_ALLOC
                0x200022a0        0xc ./Generated_Code/TU1.o
 .bss.INT_TPM2__BAREBOARD_RTOS_ISRPARAM
                0x200022ac        0x4 ./Generated_Code/TU1.o
 .bss.TMOUT1_Counters
                0x200022b0        0x8 ./Generated_Code/TMOUT1.o
 .bss.TMOUT1_FreeCounters
                0x200022b8        0x4 ./Generated_Code/TMOUT1.o
 .bss.SerFlag   0x200022bc        0x2 ./Generated_Code/Serial1.o
 .bss.Serial1_InpLen
                0x200022be        0x2 ./Generated_Code/Serial1.o
 .bss.InpIndexR
                0x200022c0        0x2 ./Generated_Code/Serial1.o
 .bss.InpIndexW
                0x200022c2        0x2 ./Generated_Code/Serial1.o
 .bss.InpBuffer
                0x200022c4       0x20 ./Generated_Code/Serial1.o
 .bss.BufferRead
                0x200022e4        0x1 ./Generated_Code/Serial1.o
 *fill*         0x200022e5        0x1 00
 .bss.Serial1_OutLen
                0x200022e6        0x2 ./Generated_Code/Serial1.o
 .bss.OutIndexR
                0x200022e8        0x2 ./Generated_Code/Serial1.o
 .bss.OutIndexW
                0x200022ea        0x2 ./Generated_Code/Serial1.o
 .bss.OutBuffer
                0x200022ec       0x20 ./Generated_Code/Serial1.o
 .bss.DeviceDataPrv__DEFAULT_RTOS_ALLOC
                0x2000230c        0xc ./Generated_Code/PwmLdd4.o
 .bss.DeviceDataPrv__DEFAULT_RTOS_ALLOC
                0x20002318        0xc ./Generated_Code/PwmLdd3.o
 .bss.DeviceDataPrv__DEFAULT_RTOS_ALLOC
                0x20002324        0xc ./Generated_Code/PwmLdd2.o
 .bss.DeviceDataPrv__DEFAULT_RTOS_ALLOC
                0x20002330        0xc ./Generated_Code/PwmLdd1.o
 .bss.PE_LDD_DeviceDataList
                0x2000233c       0x58 ./Generated_Code/PE_LDD.o
                0x2000233c                PE_LDD_DeviceDataList
 .bss.sCalValues
                0x20002394        0x8 ./Generated_Code/MMA1.o
 .bss.GI2C2_deviceData
                0x2000239c        0x8 ./Generated_Code/GI2C2.o
 .bss.GI2C2_busSem
                0x200023a4        0x4 ./Generated_Code/GI2C2.o
 .bss.writeBuf.6722
                0x200023a8       0x10 ./Generated_Code/GI2C2.o
 .bss.GI2C1_deviceData
                0x200023b8        0x8 ./Generated_Code/GI2C1.o
 .bss.GI2C1_busSem
                0x200023c0        0x4 ./Generated_Code/GI2C1.o
 .bss.writeBuf.6722
                0x200023c4       0x10 ./Generated_Code/GI2C1.o
 .bss.DeviceDataPrv__DEFAULT_RTOS_ALLOC
                0x200023d4        0x4 ./Generated_Code/DIR_RIGHT1.o
 .bss.DeviceDataPrv__DEFAULT_RTOS_ALLOC
                0x200023d8        0x4 ./Generated_Code/DIR_RIGHT.o
 .bss.DeviceDataPrv__DEFAULT_RTOS_ALLOC
                0x200023dc        0x4 ./Generated_Code/DIR_LEFT1.o
 .bss.DeviceDataPrv__DEFAULT_RTOS_ALLOC
                0x200023e0        0x4 ./Generated_Code/DIR_LEFT.o
 .bss.SR_lock   0x200023e4        0x1 ./Generated_Code/Cpu.o
                0x200023e4                SR_lock
 *fill*         0x200023e5        0x3 00
 .bss.ShellSem  0x200023e8        0x4 ./Generated_Code/CLS1.o
 .bss.DeviceDataPrv__DEFAULT_RTOS_ALLOC
                0x200023ec       0x18 ./Generated_Code/CI2C2.o
 .bss.INT_I2C0__BAREBOARD_RTOS_ISRPARAM
                0x20002404        0x4 ./Generated_Code/CI2C2.o
 .bss.DeviceDataPrv__DEFAULT_RTOS_ALLOC
                0x20002408       0x18 ./Generated_Code/CI2C1.o
 .bss.INT_I2C1__BAREBOARD_RTOS_ISRPARAM
                0x20002420        0x4 ./Generated_Code/CI2C1.o
 .bss.DeviceDataPrv__DEFAULT_RTOS_ALLOC
                0x20002424        0x4 ./Generated_Code/BitIoLdd4.o
 .bss.DeviceDataPrv__DEFAULT_RTOS_ALLOC
                0x20002428        0x4 ./Generated_Code/BitIoLdd3.o
 .bss.DeviceDataPrv__DEFAULT_RTOS_ALLOC
                0x2000242c        0x4 ./Generated_Code/BitIoLdd1.o
 .bss.DeviceDataPrv__DEFAULT_RTOS_ALLOC
                0x20002430        0x4 ./Generated_Code/BT_EN.o
 .bss.DeviceDataPrv__DEFAULT_RTOS_ALLOC
                0x20002434       0x20 ./Generated_Code/ASerialLdd2.o
 .bss.INT_UART1__BAREBOARD_RTOS_ISRPARAM
                0x20002454        0x4 ./Generated_Code/ASerialLdd2.o
 .bss.DeviceDataPrv__DEFAULT_RTOS_ALLOC
                0x20002458       0x20 ./Generated_Code/ASerialLdd1.o
 .bss.INT_UART0__BAREBOARD_RTOS_ISRPARAM
                0x20002478        0x4 ./Generated_Code/ASerialLdd1.o
 .bss.SerFlag   0x2000247c        0x2 ./Generated_Code/AS1.o
 .bss.AS1_InpLen
                0x2000247e        0x2 ./Generated_Code/AS1.o
 .bss.InpIndexR
                0x20002480        0x2 ./Generated_Code/AS1.o
 .bss.InpIndexW
                0x20002482        0x2 ./Generated_Code/AS1.o
 .bss.InpBuffer
                0x20002484       0x40 ./Generated_Code/AS1.o
 .bss.BufferRead
                0x200024c4        0x1 ./Generated_Code/AS1.o
 *fill*         0x200024c5        0x1 00
 .bss.AS1_OutLen
                0x200024c6        0x2 ./Generated_Code/AS1.o
 .bss.OutIndexR
                0x200024c8        0x2 ./Generated_Code/AS1.o
 .bss.OutIndexW
                0x200024ca        0x2 ./Generated_Code/AS1.o
 .bss.OutBuffer
                0x200024cc       0x80 ./Generated_Code/AS1.o
 .bss.OnFreeTxBufSemaphore
                0x2000254c        0x1 ./Generated_Code/AS1.o
 *fill*         0x2000254d        0x3 00
 .bss.argv      0x20002550        0x4 ./Project_Settings/Startup_Code/__arm_start.o
 .bss.courseSet
                0x20002554        0x1 ./Sources/serial_communication.o
 .bss.ready     0x20002555        0x1 ./Sources/serial_communication.o
 .bss.hello     0x20002556        0x1 ./Sources/serial_communication.o
 .bss.start     0x20002557        0x1 ./Sources/serial_communication.o
 .bss.course    0x20002558        0x1 ./Sources/serial_communication.o
 *fill*         0x20002559        0x1 00
 .bss.tof_l_s   0x2000255a        0x2 ./Sources/serial_communication.o
 .bss.tof_r_s   0x2000255c        0x2 ./Sources/serial_communication.o
 .bss.tof_f_s   0x2000255e        0x2 ./Sources/serial_communication.o
 .bss.raupe_i_l
                0x20002560        0x1 ./Sources/serial_communication.o
 .bss.raupe_i_r
                0x20002561        0x1 ./Sources/serial_communication.o
 .bss.gyroskop_s
                0x20002562        0x1 ./Sources/serial_communication.o
 .bss.servo_s   0x20002563        0x1 ./Sources/serial_communication.o
 .bss.letter    0x20002564        0x1 ./Sources/serial_communication.o
 *fill*         0x20002565        0x1 00
 .bss.tof_l_i   0x20002566        0x2 ./Sources/serial_communication.o
 .bss.tof_r_i   0x20002568        0x2 ./Sources/serial_communication.o
 .bss.tof_f_i   0x2000256a        0x2 ./Sources/serial_communication.o
 .bss.raupe_l_i
                0x2000256c        0x1 ./Sources/serial_communication.o
 .bss.raupe_r_i
                0x2000256d        0x1 ./Sources/serial_communication.o
 .bss.gyro_n    0x2000256e        0x2 ./Sources/serial_communication.o
 .bss.gyro_g    0x20002570        0x2 ./Sources/serial_communication.o
 .bss.gyroskop_i
                0x20002572        0x1 ./Sources/serial_communication.o
 .bss.servo_i   0x20002573        0x1 ./Sources/serial_communication.o
 .bss.errState  0x20002574        0x1 ./Sources/serial_communication.o
 .bss.kiT       0x20002575        0x1 ./Sources/serial_communication.o
 .bss.kdT       0x20002576        0x1 ./Sources/serial_communication.o
 .bss.timems.7602
                0x20002577        0x1 ./Sources/pid.o
 .bss.pwmLeft   0x20002578        0x2 ./Sources/motor.o
 .bss.pwmRight  0x2000257a        0x2 ./Sources/motor.o
 .bss.safetyVal
                0x2000257c        0x2 ./Sources/motor.o
 .bss.brake     0x2000257e        0x1 ./Sources/motor.o
 .bss.kpToF     0x2000257f        0x1 ./Sources/driving.o
 .bss.kiToF     0x20002580        0x1 ./Sources/driving.o
 .bss.kdToF     0x20002581        0x1 ./Sources/driving.o
 .bss.kpGyro    0x20002582        0x1 ./Sources/driving.o
 .bss.kiGyro    0x20002583        0x1 ./Sources/driving.o
 .bss.kdGyro    0x20002584        0x1 ./Sources/driving.o
 .bss.device    0x20002585        0x1 ./Sources/driving.o
 .bss.speed     0x20002586        0x1 ./Sources/driving.o
 .bss.letter    0x20002587        0x1 ./Sources/driving.o
 .bss.stop      0x20002588        0x1 ./Sources/driving.o
 .bss.parcour   0x20002589        0x1 ./Sources/driving.o
 .bss.timeout   0x2000258a        0x2 ./Sources/driving.o
 .bss.optRange  0x2000258c        0x1 ./Sources/driving.o
 *fill*         0x2000258d        0x1 00
 .bss.optAngel  0x2000258e        0x2 ./Sources/driving.o
 .bss.timems.8225
                0x20002590        0x1 ./Sources/driving.o
 *fill*         0x20002591        0x3 00
 .bss.timecount.8226
                0x20002594        0x4 ./Sources/driving.o
 .bss.ToFDevice
                0x20002598       0x14 ./Sources/VL6180X.o
 .bss.device    0x200025ac        0x1 ./Sources/L3G.o
 *fill*         0x200025ad        0x3 00
 .bss.gyro      0x200025b0       0x1c ./Sources/L3G.o
 .bss.vX        0x200025cc      0x190 ./Sources/L3G.o
 .bss.vY        0x2000275c      0x190 ./Sources/L3G.o
 .bss.vZ        0x200028ec      0x190 ./Sources/L3G.o
 .bss.Offset    0x20002a7c        0x4 ./Sources/L3G.o
 .bss.res       0x20002a80        0x1 ./Sources/L3G.o
 .bss.accelCounter.7812
                0x20002a81        0x1 ./Sources/L3G.o
 *fill*         0x20002a82        0x2 00
 .bss.__stdio_exit
                0x20002a84        0x4 C:/Freescale/CW MCU v10.6/MCU/ARM_GCC_Support/ewl/lib/armv6-m\libc.a(exit.o)
                0x20002a84                __stdio_exit
 .bss.__console_exit
                0x20002a88        0x4 C:/Freescale/CW MCU v10.6/MCU/ARM_GCC_Support/ewl/lib/armv6-m\libc.a(exit.o)
                0x20002a88                __console_exit
 .bss.__S_romp  0x20002a8c        0xc C:/Freescale/CW MCU v10.6/MCU/ARM_GCC_Support/ewl/lib/armv6-m\librt.a(ROMCopy.o)
 .bss.__global_destructor_chain
                0x20002a98        0x4 C:/Freescale/CW MCU v10.6/MCU/ARM_GCC_Support/ewl/lib/armv6-m\librt.a(__arm_eabi_init.o)
                0x20002a98                __global_destructor_chain
 *(COMMON)
 COMMON         0x20002a9c       0x28 ./Generated_Code/queue.o
                0x20002a9c                xQueueRegistry
 COMMON         0x20002ac4        0x4 ./Generated_Code/Serial1.o
                0x20002ac4                ASerialLdd2_DeviceDataPtr
 COMMON         0x20002ac8        0x1 ./Generated_Code/Cpu.o
                0x20002ac8                SR_reg
 *fill*         0x20002ac9        0x3 00
 COMMON         0x20002acc        0x4 ./Generated_Code/AS1.o
                0x20002acc                ASerialLdd1_DeviceDataPtr
 COMMON         0x20002ad0       0x30 ./Sources/pid.o
                0x20002ad0                pid
 COMMON         0x20002b00        0x7 ./Sources/frtos_tasks.o
                0x20002b00                Task3Started
                0x20002b01                Task2Started
                0x20002b02                Task7Started
                0x20002b03                Task4Started
                0x20002b04                Task6Started
                0x20002b05                Task5Started
                0x20002b06                GyroTaskStarted
 *fill*         0x20002b07        0x1 00
 COMMON         0x20002b08        0x4 C:/Freescale/CW MCU v10.6/MCU/ARM_GCC_Support/ewl/lib/armv6-m\libc.a(errno.o)
                0x20002b08                errno
                0x20002b0c                . = ALIGN (0x4)
                0x20002b0c                __END_BSS = .
                0x20002b0c                PROVIDE (__bss_end__, __END_BSS)
                0x00011c4c                _romp_at = (___ROM_AT + SIZEOF (.data))

.romp           0x20002b0c       0x18 load address 0x00011c4c
                0x00011c4c                __S_romp = _romp_at
                0x20002b0c        0x4 LONG 0x11c28 ___ROM_AT
                0x20002b10        0x4 LONG 0x20000000 _sdata
                0x20002b14        0x4 LONG 0x24 ___data_size
                0x20002b18        0x4 LONG 0x0
                0x20002b1c        0x4 LONG 0x0
                0x20002b20        0x4 LONG 0x0

._user_heap_stack
                0x20002b24      0x400 load address 0x00011c64
                0x20002b24                . = ALIGN (0x4)
                0x20002b24                PROVIDE (end, .)
                0x20002b24                PROVIDE (_end, .)
                0x20002b24                __heap_addr = .
                0x20002b24                . = (. + __heap_size)
                0x20002f24                . = (. + __stack_size)
 *fill*         0x20002b24      0x400 00
                0x20002f24                . = ALIGN (0x4)

.ARM.attributes
                0x00000000       0x2f
 *(.ARM.attributes)
 .ARM.attributes
                0x00000000       0x31 ./Generated_Code/tasks.o
 .ARM.attributes
                0x00000031       0x31 ./Generated_Code/queue.o
 .ARM.attributes
                0x00000062       0x31 ./Generated_Code/port.o
 .ARM.attributes
                0x00000093       0x31 ./Generated_Code/list.o
 .ARM.attributes
                0x000000c4       0x31 ./Generated_Code/heap_4.o
 .ARM.attributes
                0x000000f5       0x31 ./Generated_Code/Watermark.o
 .ARM.attributes
                0x00000126       0x31 ./Generated_Code/WAIT1.o
 .ARM.attributes
                0x00000157       0x31 ./Generated_Code/Vectors.o
 .ARM.attributes
                0x00000188       0x31 ./Generated_Code/UTIL1.o
 .ARM.attributes
                0x000001b9       0x31 ./Generated_Code/TofCE3.o
 .ARM.attributes
                0x000001ea       0x31 ./Generated_Code/TofCE2.o
 .ARM.attributes
                0x0000021b       0x31 ./Generated_Code/TofCE1.o
 .ARM.attributes
                0x0000024c       0x31 ./Generated_Code/TU2.o
 .ARM.attributes
                0x0000027d       0x31 ./Generated_Code/TU1.o
 .ARM.attributes
                0x000002ae       0x31 ./Generated_Code/TSK1.o
 .ARM.attributes