Archive member included because of file (symbol)

C:/Freescale/CW MCU v10.6/MCU/ARM_GCC_Support/ewl/lib/armv6-m\libc.a(exit.o)
                              ./Project_Settings/Startup_Code/__arm_start.o (exit)
C:/Freescale/CW MCU v10.6/MCU/ARM_GCC_Support/ewl/lib/armv6-m\libc.a(qsort.o)
                              ./Sources/L3G.o (qsort)
C:/Freescale/CW MCU v10.6/MCU/ARM_GCC_Support/ewl/lib/armv6-m\libc.a(memcpy.o)
                              ./Generated_Code/queue.o (memcpy)
C:/Freescale/CW MCU v10.6/MCU/ARM_GCC_Support/ewl/lib/armv6-m\libc.a(memset.o)
                              ./Generated_Code/tasks.o (memset)
C:/Freescale/CW MCU v10.6/MCU/ARM_GCC_Support/ewl/lib/armv6-m\libc.a(strchr.o)
                              ./Generated_Code/UTIL1.o (strchr)
C:/Freescale/CW MCU v10.6/MCU/ARM_GCC_Support/ewl/lib/armv6-m\libc.a(strcmp.o)
                              ./Generated_Code/CLS1.o (strcmp)
C:/Freescale/CW MCU v10.6/MCU/ARM_GCC_Support/ewl/lib/armv6-m\libc.a(strlen.o)
                              ./Generated_Code/tasks.o (strlen)
C:/Freescale/CW MCU v10.6/MCU/ARM_GCC_Support/ewl/lib/armv6-m\libc.a(strncmp.o)
                              ./Generated_Code/UTIL1.o (strncmp)
C:/Freescale/CW MCU v10.6/MCU/ARM_GCC_Support/ewl/lib/armv6-m\libc.a(printformat_.o)
                              (__pformatter_)
C:/Freescale/CW MCU v10.6/MCU/ARM_GCC_Support/ewl/lib/armv6-m\libc.a(scanformat_.o)
                              (__sformatter)
C:/Freescale/CW MCU v10.6/MCU/ARM_GCC_Support/ewl/lib/armv6-m\libc.a(ctype_aeabi.o)
                              C:/Freescale/CW MCU v10.6/MCU/ARM_GCC_Support/ewl/lib/armv6-m\libc.a(scanformat_.o) (isspace)
C:/Freescale/CW MCU v10.6/MCU/ARM_GCC_Support/ewl/lib/armv6-m\libc.a(__strtoul.o)
                              C:/Freescale/CW MCU v10.6/MCU/ARM_GCC_Support/ewl/lib/armv6-m\libc.a(scanformat_.o) (__strtoul)
C:/Freescale/CW MCU v10.6/MCU/ARM_GCC_Support/ewl/lib/armv6-m\libc.a(__filll_mem.o)
                              C:/Freescale/CW MCU v10.6/MCU/ARM_GCC_Support/ewl/lib/armv6-m\libc.a(memset.o) (__fill_mem)
C:/Freescale/CW MCU v10.6/MCU/ARM_GCC_Support/ewl/lib/armv6-m\libc.a(memchr.o)
                              C:/Freescale/CW MCU v10.6/MCU/ARM_GCC_Support/ewl/lib/armv6-m\libc.a(printformat_.o) (memchr)
C:/Freescale/CW MCU v10.6/MCU/ARM_GCC_Support/ewl/lib/armv6-m\libm.a(s_atan.o)
                              ./Sources/L3G.o (atan)
C:/Freescale/CW MCU v10.6/MCU/ARM_GCC_Support/ewl/lib/armv6-m\libm.a(w_sqrt.o)
                              ./Sources/L3G.o (sqrt)
C:/Freescale/CW MCU v10.6/MCU/ARM_GCC_Support/ewl/lib/armv6-m\libm.a(e_sqrt.o)
                              C:/Freescale/CW MCU v10.6/MCU/ARM_GCC_Support/ewl/lib/armv6-m\libm.a(w_sqrt.o) (__ieee754_sqrt)
C:/Freescale/CW MCU v10.6/MCU/ARM_GCC_Support/ewl/lib/armv6-m\libm.a(float.o)
                              C:/Freescale/CW MCU v10.6/MCU/ARM_GCC_Support/ewl/lib/armv6-m\libm.a(e_sqrt.o) (__double_nan)
c:/freescale/cw mcu v10.6/cross_tools/arm-none-eabi-gcc-4_7_3/bin/../lib/gcc/arm-none-eabi/4.7.3/armv6-m\libgcc.a(_thumb1_case_sqi.o)
                              C:/Freescale/CW MCU v10.6/MCU/ARM_GCC_Support/ewl/lib/armv6-m\libc.a(__strtoul.o) (__gnu_thumb1_case_sqi)
c:/freescale/cw mcu v10.6/cross_tools/arm-none-eabi-gcc-4_7_3/bin/../lib/gcc/arm-none-eabi/4.7.3/armv6-m\libgcc.a(_thumb1_case_uqi.o)
                              C:/Freescale/CW MCU v10.6/MCU/ARM_GCC_Support/ewl/lib/armv6-m\libc.a(scanformat_.o) (__gnu_thumb1_case_uqi)
c:/freescale/cw mcu v10.6/cross_tools/arm-none-eabi-gcc-4_7_3/bin/../lib/gcc/arm-none-eabi/4.7.3/armv6-m\libgcc.a(_udivsi3.o)
                              ./Generated_Code/XF1.o (__aeabi_uidiv)
c:/freescale/cw mcu v10.6/cross_tools/arm-none-eabi-gcc-4_7_3/bin/../lib/gcc/arm-none-eabi/4.7.3/armv6-m\libgcc.a(_divsi3.o)
                              ./Generated_Code/UTIL1.o (__aeabi_idiv)
c:/freescale/cw mcu v10.6/cross_tools/arm-none-eabi-gcc-4_7_3/bin/../lib/gcc/arm-none-eabi/4.7.3/armv6-m\libgcc.a(_dvmd_tls.o)
                              c:/freescale/cw mcu v10.6/cross_tools/arm-none-eabi-gcc-4_7_3/bin/../lib/gcc/arm-none-eabi/4.7.3/armv6-m\libgcc.a(_udivsi3.o) (__aeabi_idiv0)
c:/freescale/cw mcu v10.6/cross_tools/arm-none-eabi-gcc-4_7_3/bin/../lib/gcc/arm-none-eabi/4.7.3/armv6-m\libgcc.a(_arm_cmpdf2.o)
                              C:/Freescale/CW MCU v10.6/MCU/ARM_GCC_Support/ewl/lib/armv6-m\libm.a(s_atan.o) (__aeabi_dcmpgt)
c:/freescale/cw mcu v10.6/cross_tools/arm-none-eabi-gcc-4_7_3/bin/../lib/gcc/arm-none-eabi/4.7.3/armv6-m\libgcc.a(_arm_cmpsf2.o)
                              ./Generated_Code/UTIL1.o (__aeabi_fcmplt)
c:/freescale/cw mcu v10.6/cross_tools/arm-none-eabi-gcc-4_7_3/bin/../lib/gcc/arm-none-eabi/4.7.3/armv6-m\libgcc.a(_fixunssfsi.o)
                              ./Generated_Code/PwmLdd4.o (__aeabi_f2uiz)
c:/freescale/cw mcu v10.6/cross_tools/arm-none-eabi-gcc-4_7_3/bin/../lib/gcc/arm-none-eabi/4.7.3/armv6-m\libgcc.a(addsf3.o)
[...]
Memory Configuration

Name             Origin             Length             Attributes
m_interrupts     0x00000000         0x000000c0         xr
m_text           0x00000410         0x0001fbf0         xr
m_data           0x1ffff000         0x00004000         rw
m_cfmprotrom     0x00000400         0x00000010         xr
*default*        0x00000000         0xffffffff

Linker script and memory map

LOAD ./Generated_Code/timers.o
LOAD ./Generated_Code/tasks.o
LOAD ./Generated_Code/queue.o
LOAD ./Generated_Code/portasm.o
LOAD ./Generated_Code/port.o
LOAD ./Generated_Code/mpu_wrappers.o
LOAD ./Generated_Code/list.o
LOAD ./Generated_Code/heap_5.o
LOAD ./Generated_Code/heap_4.o
LOAD ./Generated_Code/heap_3.o
LOAD ./Generated_Code/heap_2.o
LOAD ./Generated_Code/heap_1.o
LOAD ./Generated_Code/event_groups.o
LOAD ./Generated_Code/croutine.o
LOAD ./Generated_Code/XF1.o
LOAD ./Generated_Code/Watermark.o
LOAD ./Generated_Code/WAIT1.o
LOAD ./Generated_Code/Vectors.o
LOAD ./Generated_Code/UTIL1.o
LOAD ./Generated_Code/TofCE3.o
LOAD ./Generated_Code/TofCE2.o
LOAD ./Generated_Code/TofCE1.o
LOAD ./Generated_Code/TU2.o
LOAD ./Generated_Code/TU1.o
LOAD ./Generated_Code/TSK1.o
LOAD ./Generated_Code/TMOUT1.o
LOAD ./Generated_Code/Serial1.o
LOAD ./Generated_Code/RED.o
LOAD ./Generated_Code/PwmLdd4.o
LOAD ./Generated_Code/PwmLdd3.o
LOAD ./Generated_Code/PwmLdd2.o
LOAD ./Generated_Code/PwmLdd1.o
LOAD ./Generated_Code/PWM_Servo.o
LOAD ./Generated_Code/PWM_RIGHT.o
LOAD ./Generated_Code/PWM_LEFT.o
LOAD ./Generated_Code/PWM_Gyro.o
LOAD ./Generated_Code/PE_LDD.o
LOAD ./Generated_Code/MMA1.o
LOAD ./Generated_Code/MCUC1.o
LOAD ./Generated_Code/LEDpin4.o
LOAD ./Generated_Code/LEDpin3.o
LOAD ./Generated_Code/LED_GREEN.o
LOAD ./Generated_Code/GI2C2.o
LOAD ./Generated_Code/GI2C1.o
LOAD ./Generated_Code/FRTOS1.o
LOAD ./Generated_Code/DIR_RIGHT1.o
LOAD ./Generated_Code/DIR_RIGHT.o
LOAD ./Generated_Code/DIR_LEFT1.o
LOAD ./Generated_Code/DIR_LEFT.o
LOAD ./Generated_Code/Cpu.o
LOAD ./Generated_Code/CS1.o
LOAD ./Generated_Code/CLS1.o
LOAD ./Generated_Code/CI2C2.o
LOAD ./Generated_Code/CI2C1.o
LOAD ./Generated_Code/BitIoLdd4.o
LOAD ./Generated_Code/BitIoLdd3.o
LOAD ./Generated_Code/BitIoLdd1.o
LOAD ./Generated_Code/BT_EN.o
LOAD ./Generated_Code/BTState1.o
LOAD ./Generated_Code/BT1.o
LOAD ./Generated_Code/ASerialLdd2.o
LOAD ./Generated_Code/ASerialLdd1.o
LOAD ./Generated_Code/AS1.o
LOAD ./Project_Settings/Startup_Code/__arm_start.o
LOAD ./Project_Settings/Startup_Code/__arm_end.o
LOAD ./Sources/serial_communication.o
LOAD ./Sources/sa_mtb.o
LOAD ./Sources/pid.o
LOAD ./Sources/motor.o
LOAD ./Sources/main.o
LOAD ./Sources/frtos_tasks.o
LOAD ./Sources/driving.o
LOAD ./Sources/VL6180X.o
LOAD ./Sources/L3G.o
LOAD ./Sources/Events.o
                0x0000ee34                __pformatter = __pformatter_
                [0x0000f25c]                __sformatter = __sformatter
START GROUP
LOAD C:/Freescale/CW MCU v10.6/MCU/ARM_GCC_Support/ewl/lib/armv6-m\libc.a
LOAD C:/Freescale/CW MCU v10.6/MCU/ARM_GCC_Support/ewl/lib/armv6-m\libm.a
LOAD c:/freescale/cw mcu v10.6/cross_tools/arm-none-eabi-gcc-4_7_3/bin/../lib/gcc/arm-none-eabi/4.7.3/armv6-m\libgcc.a
LOAD C:/Freescale/CW MCU v10.6/MCU/ARM_GCC_Support/ewl/lib/armv6-m\librt.a
LOAD C:/Freescale/CW MCU v10.6/MCU/ARM_GCC_Support/ewl/lib/armv6-m\libuart.a
END GROUP
                0x20003000                _estack = 0x20003000
                0x20003000                __SP_INIT = _estack
                0x00000000                __heap_size = 0x0
                0x00000400                __stack_size = 0x400

.interrupts     0x00000000       0xc0
                0x00000000                __vector_table = .
                0x00000000                . = ALIGN (0x4)
 *(.vectortable)
 .vectortable   0x00000000       0xc0 ./Generated_Code/Vectors.o
                0x00000000                __vect_table
                0x000000c0                . = ALIGN (0x4)

.cfmprotect     0x00000400       0x10
                0x00000400                . = ALIGN (0x4)
 *(.cfmconfig)
 .cfmconfig     0x00000400       0x10 ./Generated_Code/Cpu.o
                0x00000400                _cfm
                0x00000410                . = ALIGN (0x4)

.text           0x00000410    0x111e0
                0x00000410                . = ALIGN (0x4)
 *(.text)
 .text          0x00000410       0x14 c:/freescale/cw mcu v10.6/cross_tools/arm-none-eabi-gcc-4_7_3/bin/../lib/gcc/arm-none-eabi/4.7.3/armv6-m\libgcc.a(_thumb1_case_sqi.o)
                0x00000410                __gnu_thumb1_case_sqi
 .text          0x00000424       0x14 c:/freescale/cw mcu v10.6/cross_tools/arm-none-eabi-gcc-4_7_3/bin/../lib/gcc/arm-none-eabi/4.7.3/armv6-m\libgcc.a(_thumb1_case_uqi.o)
                0x00000424                __gnu_thumb1_case_uqi
 .text          0x00000438       0x9c c:/freescale/cw mcu v10.6/cross_tools/arm-none-eabi-gcc-4_7_3/bin/../lib/gcc/arm-none-eabi/4.7.3/armv6-m\libgcc.a(_udivsi3.o)
                0x00000438                __aeabi_uidiv
                0x00000438                __udivsi3
                0x000004c0                __aeabi_uidivmod
 .text          0x000004d4       0xc0 c:/freescale/cw mcu v10.6/cross_tools/arm-none-eabi-gcc-4_7_3/bin/../lib/gcc/arm-none-eabi/4.7.3/armv6-m\libgcc.a(_divsi3.o)
                0x000004d4                __divsi3
                0x000004d4                __aeabi_idiv
                0x00000580                __aeabi_idivmod
 .text          0x00000594        0x4 c:/freescale/cw mcu v10.6/cross_tools/arm-none-eabi-gcc-4_7_3/bin/../lib/gcc/arm-none-eabi/4.7.3/armv6-m\libgcc.a(_dvmd_tls.o)
                0x00000594                __aeabi_idiv0
                0x00000594                __aeabi_ldiv0
 .text          0x00000598       0x7c c:/freescale/cw mcu v10.6/cross_tools/arm-none-eabi-gcc-4_7_3/bin/../lib/gcc/arm-none-eabi/4.7.3/armv6-m\libgcc.a(_arm_cmpdf2.o)
                0x00000598                __aeabi_cdrcmple
                0x000005a8                __aeabi_cdcmple
                0x000005a8                __aeabi_cdcmpeq
                0x000005b8                __aeabi_dcmpeq
                0x000005c4                __aeabi_dcmplt
                0x000005d8                __aeabi_dcmple
                0x000005ec                __aeabi_dcmpgt
                0x00000600                __aeabi_dcmpge
 .text          0x00000614      0x3a4 c:/freescale/cw mcu v10.6/cross_tools/arm-none-eabi-gcc-4_7_3/bin/../lib/gcc/arm-none-eabi/4.7.3/armv6-m\libgcc.a(addsf3.o)
                0x00000614                __aeabi_fadd
 .text          0x000009b8      0x260 c:/freescale/cw mcu v10.6/cross_tools/arm-none-eabi-gcc-4_7_3/bin/../lib/gcc/arm-none-eabi/4.7.3/armv6-m\libgcc.a(mulsf3.o)
                0x000009b8                __aeabi_fmul
 .text          0x00000c18       0x40 c:/freescale/cw mcu v10.6/cross_tools/arm-none-eabi-gcc-4_7_3/bin/../lib/gcc/arm-none-eabi/4.7.3/armv6-m\libgcc.a(fixsfsi.o)
                0x00000c18                __aeabi_f2iz
 .text          0x00000c58       0xa8 c:/freescale/cw mcu v10.6/cross_tools/arm-none-eabi-gcc-4_7_3/bin/../lib/gcc/arm-none-eabi/4.7.3/armv6-m\libgcc.a(floatsisf.o)
                0x00000c58                __aeabi_i2f
 .text          0x00000d00      0x758 c:/freescale/cw mcu v10.6/cross_tools/arm-none-eabi-gcc-4_7_3/bin/../lib/gcc/arm-none-eabi/4.7.3/armv6-m\libgcc.a(adddf3.o)
                0x00000d00                __aeabi_dadd
 .text          0x00001458      0x5b8 c:/freescale/cw mcu v10.6/cross_tools/arm-none-eabi-gcc-4_7_3/bin/../lib/gcc/arm-none-eabi/4.7.3/armv6-m\libgcc.a(divdf3.o)
                0x00001458                __aeabi_ddiv
 .text          0x00001a10       0x7c c:/freescale/cw mcu v10.6/cross_tools/arm-none-eabi-gcc-4_7_3/bin/../lib/gcc/arm-none-eabi/4.7.3/armv6-m\libgcc.a(eqdf2.o)
                0x00001a10                __nedf2
                0x00001a10                __eqdf2
 .text          0x00001a8c       0xe8 c:/freescale/cw mcu v10.6/cross_tools/arm-none-eabi-gcc-4_7_3/bin/../lib/gcc/arm-none-eabi/4.7.3/armv6-m\libgcc.a(gedf2.o)
                0x00001a8c                __gedf2
                0x00001a8c                __gtdf2
 .text          0x00001b74       0xd8 c:/freescale/cw mcu v10.6/cross_tools/arm-none-eabi-gcc-4_7_3/bin/../lib/gcc/arm-none-eabi/4.7.3/armv6-m\libgcc.a(ledf2.o)
                0x00001b74                __ledf2
                0x00001b74                __ltdf2
 .text          0x00001c4c      0x4e4 c:/freescale/cw mcu v10.6/cross_tools/arm-none-eabi-gcc-4_7_3/bin/../lib/gcc/arm-none-eabi/4.7.3/armv6-m\libgcc.a(muldf3.o)
                0x00001c4c                __aeabi_dmul
 .text          0x00002130      0x6f8 c:/freescale/cw mcu v10.6/cross_tools/arm-none-eabi-gcc-4_7_3/bin/../lib/gcc/arm-none-eabi/4.7.3/armv6-m\libgcc.a(subdf3.o)
                0x00002130                __aeabi_dsub
 .text          0x00002828       0x68 c:/freescale/cw mcu v10.6/cross_tools/arm-none-eabi-gcc-4_7_3/bin/../lib/gcc/arm-none-eabi/4.7.3/armv6-m\libgcc.a(fixdfsi.o)
                0x00002828                __aeabi_d2iz
 .text          0x00002890       0x74 c:/freescale/cw mcu v10.6/cross_tools/arm-none-eabi-gcc-4_7_3/bin/../lib/gcc/arm-none-eabi/4.7.3/armv6-m\libgcc.a(floatsidf.o)
                0x00002890                __aeabi_i2d
 .text          0x00002904       0xa8 c:/freescale/cw mcu v10.6/cross_tools/arm-none-eabi-gcc-4_7_3/bin/../lib/gcc/arm-none-eabi/4.7.3/armv6-m\libgcc.a(extendsfdf2.o)
                0x00002904                __aeabi_f2d
 .text          0x000029ac      0x134 c:/freescale/cw mcu v10.6/cross_tools/arm-none-eabi-gcc-4_7_3/bin/../lib/gcc/arm-none-eabi/4.7.3/armv6-m\libgcc.a(truncdfsf2.o)
                0x000029ac                __aeabi_d2f
 .text          0x00002ae0       0x3c c:/freescale/cw mcu v10.6/cross_tools/arm-none-eabi-gcc-4_7_3/bin/../lib/gcc/arm-none-eabi/4.7.3/armv6-m\libgcc.a(_clzsi2.o)
                0x00002ae0                __clzsi2
 *(.text*)
 .text.xTaskCreate
                0x00002b1c       0x90 ./Generated_Code/tasks.o
                0x00002b1c                xTaskCreate
 .text.prvInitialiseNewTask
                0x00002bac      0x10c ./Generated_Code/tasks.o
 .text.prvAddNewTaskToReadyList
                0x00002cb8       0xc4 ./Generated_Code/tasks.o
 .text.vTaskDelete
                0x00002d7c       0xc4 ./Generated_Code/tasks.o
                0x00002d7c                vTaskDelete
 .text.vTaskDelay
                0x00002e40       0x48 ./Generated_Code/tasks.o
                0x00002e40                vTaskDelay
 .text.vTaskSuspend
                0x00002e88       0xb4 ./Generated_Code/tasks.o
                0x00002e88                vTaskSuspend
 .text.vTaskStartScheduler
                0x00002f3c       0x6c ./Generated_Code/tasks.o
                0x00002f3c                vTaskStartScheduler
 .text.vTaskSuspendAll
                0x00002fa8       0x18 ./Generated_Code/tasks.o
                0x00002fa8                vTaskSuspendAll
 .text.xTaskResumeAll
                0x00002fc0      0x118 ./Generated_Code/tasks.o
                0x00002fc0                xTaskResumeAll
 .text.xTaskGetTickCount
                0x000030d8       0x24 ./Generated_Code/tasks.o
                0x000030d8                xTaskGetTickCount
 .text.xTaskIncrementTick
                0x000030fc      0x17c ./Generated_Code/tasks.o
                0x000030fc                xTaskIncrementTick
 .text.vTaskSwitchContext
                0x00003278       0xc4 ./Generated_Code/tasks.o
                0x00003278                vTaskSwitchContext
 .text.vTaskPlaceOnEventList
                0x0000333c       0x38 ./Generated_Code/tasks.o
                0x0000333c                vTaskPlaceOnEventList
 .text.xTaskRemoveFromEventList
                0x00003374       0xb8 ./Generated_Code/tasks.o
                0x00003374                xTaskRemoveFromEventList
 .text.vTaskSetTimeOutState
                0x0000342c       0x30 ./Generated_Code/tasks.o
                0x0000342c                vTaskSetTimeOutState
 .text.xTaskCheckForTimeOut
                0x0000345c       0xbc ./Generated_Code/tasks.o
                0x0000345c                xTaskCheckForTimeOut
 .text.vTaskMissedYield
                0x00003518       0x14 ./Generated_Code/tasks.o
                0x00003518                vTaskMissedYield
 .text.prvIdleTask
                0x0000352c       0x24 ./Generated_Code/tasks.o
 .text.prvInitialiseTaskLists
                0x00003550       0x88 ./Generated_Code/tasks.o
 .text.prvCheckTasksWaitingTermination
                0x000035d8       0x74 ./Generated_Code/tasks.o
 .text.prvDeleteTCB
                0x0000364c       0x20 ./Generated_Code/tasks.o
 .text.prvResetNextTaskUnblockTime
                0x0000366c       0x44 ./Generated_Code/tasks.o
 .text.xTaskGetCurrentTaskHandle
                0x000036b0       0x1c ./Generated_Code/tasks.o
                0x000036b0                xTaskGetCurrentTaskHandle
 .text.xTaskGetSchedulerState
                0x000036cc       0x38 ./Generated_Code/tasks.o
                0x000036cc                xTaskGetSchedulerState
 .text.vTaskPriorityInherit
                0x00003704       0xbc ./Generated_Code/tasks.o
                0x00003704                vTaskPriorityInherit
 .text.xTaskPriorityDisinherit
                0x000037c0       0xb8 ./Generated_Code/tasks.o
                0x000037c0                xTaskPriorityDisinherit
 .text.pvTaskIncrementMutexHeldCount
                0x00003878       0x24 ./Generated_Code/tasks.o
                0x00003878                pvTaskIncrementMutexHeldCount
 .text.prvAddCurrentTaskToDelayedList
                0x0000389c       0xb0 ./Generated_Code/tasks.o
 .text.xQueueGenericReset
                0x0000394c       0xac ./Generated_Code/queue.o
                0x0000394c                xQueueGenericReset
 .text.xQueueGenericCreate
                0x000039f8       0x64 ./Generated_Code/queue.o
                0x000039f8                xQueueGenericCreate
 .text.prvInitialiseNewQueue
                0x00003a5c       0x44 ./Generated_Code/queue.o
 .text.prvInitialiseMutex
                0x00003aa0       0x34 ./Generated_Code/queue.o
 .text.xQueueCreateMutex
                0x00003ad4       0x3c ./Generated_Code/queue.o
                0x00003ad4                xQueueCreateMutex
 .text.xQueueGiveMutexRecursive
                0x00003b10       0x58 ./Generated_Code/queue.o
                0x00003b10                xQueueGiveMutexRecursive
 .text.xQueueTakeMutexRecursive
                0x00003b68       0x64 ./Generated_Code/queue.o
                0x00003b68                xQueueTakeMutexRecursive
 .text.xQueueGenericSend
                0x00003bcc      0x1a0 ./Generated_Code/queue.o
                0x00003bcc                xQueueGenericSend
 .text.xQueueGenericReceive
                0x00003d6c      0x1e0 ./Generated_Code/queue.o
                0x00003d6c                xQueueGenericReceive
 .text.vQueueDelete
                0x00003f4c       0x2c ./Generated_Code/queue.o
                0x00003f4c                vQueueDelete
 .text.prvCopyDataToQueue
                0x00003f78       0xe0 ./Generated_Code/queue.o
 .text.prvCopyDataFromQueue
                0x00004058       0x50 ./Generated_Code/queue.o
 .text.prvUnlockQueue
                0x000040a8       0xc0 ./Generated_Code/queue.o
 .text.prvIsQueueEmpty
                0x00004168       0x2c ./Generated_Code/queue.o
 .text.prvIsQueueFull
                0x00004194       0x30 ./Generated_Code/queue.o
 .text.vQueueAddToRegistry
                0x000041c4       0x4c ./Generated_Code/queue.o
                0x000041c4                vQueueAddToRegistry
 .text.vQueueUnregisterQueue
                0x00004210       0x50 ./Generated_Code/queue.o
                0x00004210                vQueueUnregisterQueue
 .text.pxPortInitialiseStack
                0x00004260       0x50 ./Generated_Code/port.o
                0x00004260                pxPortInitialiseStack
 .text.vPortInitTickTimer
                0x000042b0       0x44 ./Generated_Code/port.o
                0x000042b0                vPortInitTickTimer
 .text.vPortStartTickTimer
                0x000042f4       0x14 ./Generated_Code/port.o
                0x000042f4                vPortStartTickTimer
 .text.vPortStopTickTimer
                0x00004308       0x14 ./Generated_Code/port.o
                0x00004308                vPortStopTickTimer
 .text.xPortStartScheduler
                0x0000431c       0x34 ./Generated_Code/port.o
                0x0000431c                xPortStartScheduler
 .text.vPortEnterCritical
                0x00004350       0x20 ./Generated_Code/port.o
                0x00004350                vPortEnterCritical
 .text.vPortExitCritical
                0x00004370       0x20 ./Generated_Code/port.o
                0x00004370                vPortExitCritical
 .text.vPortYieldFromISR
                0x00004390       0x1c ./Generated_Code/port.o
                0x00004390                vPortYieldFromISR
 .text.vPortTickHandler
                0x000043ac       0x1c ./Generated_Code/port.o
                0x000043ac                vPortTickHandler
 *fill*         0x000043c8        0x8 00
 .text.vPortStartFirstTask
                0x000043d0       0x50 ./Generated_Code/port.o
                0x000043d0                vPortStartFirstTask
 .text.vPortPendSVHandler
                0x00004420       0x44 ./Generated_Code/port.o
                0x00004420                vPortPendSVHandler
 .text.vListInitialise
                0x00004464       0x3c ./Generated_Code/list.o
                0x00004464                vListInitialise
 .text.vListInitialiseItem
                0x000044a0       0x14 ./Generated_Code/list.o
                0x000044a0                vListInitialiseItem
 .text.vListInsertEnd
                0x000044b4       0x44 ./Generated_Code/list.o
                0x000044b4                vListInsertEnd
 .text.vListInsert
                0x000044f8       0x6c ./Generated_Code/list.o
                0x000044f8                vListInsert
 .text.uxListRemove
                0x00004564       0x50 ./Generated_Code/list.o
                0x00004564                uxListRemove
 .text.pvPortMalloc
                0x000045b4      0x160 ./Generated_Code/heap_4.o
                0x000045b4                pvPortMalloc
 .text.vPortFree
                0x00004714       0x94 ./Generated_Code/heap_4.o
                0x00004714                vPortFree
 .text.prvHeapInit
                0x000047a8       0xc4 ./Generated_Code/heap_4.o
 .text.prvInsertBlockIntoFreeList
                0x0000486c       0xac ./Generated_Code/heap_4.o
 .text.Watermark_Init
                0x00004918       0x58 ./Generated_Code/Watermark.o
                0x00004918                Watermark_Init
 .text.WAIT1_Wait10Cycles
                0x00004970        0x8 ./Generated_Code/WAIT1.o
                0x00004970                WAIT1_Wait10Cycles
 .text.WAIT1_Wait100Cycles
                0x00004978       0x24 ./Generated_Code/WAIT1.o
                0x00004978                WAIT1_Wait100Cycles
 .text.WAIT1_WaitCycles
                0x0000499c       0x44 ./Generated_Code/WAIT1.o
                0x0000499c                WAIT1_WaitCycles
 .text.WAIT1_WaitLongCycles
                0x000049e0       0x3c ./Generated_Code/WAIT1.o
                0x000049e0                WAIT1_WaitLongCycles
 .text.WAIT1_Waitms
                0x00004a1c       0x38 ./Generated_Code/WAIT1.o
                0x00004a1c                WAIT1_Waitms
 .text.WAIT1_Init
                0x00004a54        0x8 ./Generated_Code/WAIT1.o
                0x00004a54                WAIT1_Init
 .text.UTIL1_strcpy
                0x00004a5c       0x48 ./Generated_Code/UTIL1.o
                0x00004a5c                UTIL1_strcpy
 .text.UTIL1_strcat
                0x00004aa4       0x64 ./Generated_Code/UTIL1.o
                0x00004aa4                UTIL1_strcat
 .text.UTIL1_chcat
                0x00004b08       0x50 ./Generated_Code/UTIL1.o
                0x00004b08                UTIL1_chcat
 .text.UTIL1_Num8uToStr
                0x00004b58       0x28 ./Generated_Code/UTIL1.o
                0x00004b58                UTIL1_Num8uToStr
 .text.UTIL1_Num8sToStr
                0x00004b80       0x2c ./Generated_Code/UTIL1.o
                0x00004b80                UTIL1_Num8sToStr
 .text.UTIL1_Num16uToStr
                0x00004bac      0x138 ./Generated_Code/UTIL1.o
                0x00004bac                UTIL1_Num16uToStr
 .text.UTIL1_Num16sToStr
                0x00004ce4      0x1b8 ./Generated_Code/UTIL1.o
                0x00004ce4                UTIL1_Num16sToStr
 .text.UTIL1_strcatNum32u
                0x00004e9c       0x34 ./Generated_Code/UTIL1.o
                0x00004e9c                UTIL1_strcatNum32u
 .text.UTIL1_Num32sToStr
                0x00004ed0      0x194 ./Generated_Code/UTIL1.o
                0x00004ed0                UTIL1_Num32sToStr
 .text.UTIL1_Num32uToStr
                0x00005064      0x12c ./Generated_Code/UTIL1.o
                0x00005064                UTIL1_Num32uToStr
 .text.UTIL1_xatoi
                0x00005190      0x1f0 ./Generated_Code/UTIL1.o
                0x00005190                UTIL1_xatoi
 .text.isHexCharacter
                0x00005380       0x4c ./Generated_Code/UTIL1.o
 .text.PreScanHexNumber
                0x000053cc       0x54 ./Generated_Code/UTIL1.o
 .text.HexToDec
                0x00005420       0xb0 ./Generated_Code/UTIL1.o
 .text.UTIL1_ScanHex8uNumber
                0x000054d0       0x9c ./Generated_Code/UTIL1.o
                0x000054d0                UTIL1_ScanHex8uNumber
 .text.UTIL1_strtailcmp
                0x0000556c       0x64 ./Generated_Code/UTIL1.o
                0x0000556c                UTIL1_strtailcmp
 .text.TofCE3_Init
                0x000055d0       0x64 ./Generated_Code/TofCE3.o
                0x000055d0                TofCE3_Init
 .text.TofCE3_SetInput
                0x00005634       0x24 ./Generated_Code/TofCE3.o
                0x00005634                TofCE3_SetInput
 .text.TofCE3_SetOutput
                0x00005658       0x20 ./Generated_Code/TofCE3.o
                0x00005658                TofCE3_SetOutput
 .text.TofCE3_ClrVal
                0x00005678       0x1c ./Generated_Code/TofCE3.o
                0x00005678                TofCE3_ClrVal
 .text.TofCE2_Init
                0x00005694       0x64 ./Generated_Code/TofCE2.o
                0x00005694                TofCE2_Init
 .text.TofCE2_SetInput
                0x000056f8       0x24 ./Generated_Code/TofCE2.o
                0x000056f8                TofCE2_SetInput
 .text.TofCE2_SetOutput
                0x0000571c       0x20 ./Generated_Code/TofCE2.o
                0x0000571c                TofCE2_SetOutput
 .text.TofCE2_ClrVal
                0x0000573c       0x1c ./Generated_Code/TofCE2.o
                0x0000573c                TofCE2_ClrVal
 .text.TofCE1_Init
                0x00005758       0x64 ./Generated_Code/TofCE1.o
                0x00005758                TofCE1_Init
 .text.TofCE1_SetInput
                0x000057bc       0x24 ./Generated_Code/TofCE1.o
                0x000057bc                TofCE1_SetInput
 .text.TofCE1_SetOutput
                0x000057e0       0x20 ./Generated_Code/TofCE1.o
                0x000057e0                TofCE1_SetOutput
 .text.TofCE1_ClrVal
                0x00005800       0x1c ./Generated_Code/TofCE1.o
                0x00005800                TofCE1_ClrVal
 .text.TU2_Init
                0x0000581c       0xf8 ./Generated_Code/TU2.o
                0x0000581c                TU2_Init
 .text.TU2_GetPeriodTicks
                0x00005914       0x3c ./Generated_Code/TU2.o
                0x00005914                TU2_GetPeriodTicks
 .text.TU2_SetOffsetTicks
                0x00005950       0x58 ./Generated_Code/TU2.o
                0x00005950                TU2_SetOffsetTicks
 .text.TU1_Init
                0x000059a8      0x11c ./Generated_Code/TU1.o
                0x000059a8                TU1_Init
 .text.TU1_GetPeriodTicks
                0x00005ac4       0x3c ./Generated_Code/TU1.o
                0x00005ac4                TU1_GetPeriodTicks
 .text.TU1_SetOffsetTicks
                0x00005b00       0x58 ./Generated_Code/TU1.o
                0x00005b00                TU1_SetOffsetTicks
 .text.TU1_Interrupt
                0x00005b58       0x5c ./Generated_Code/TU1.o
                0x00005b58                TU1_Interrupt
 .text.TSK1_CreateTasks
                0x00005bb4        0xc ./Generated_Code/TSK1.o
                0x00005bb4                TSK1_CreateTasks
 .text.TMOUT1_GetCounter
                0x00005bc0       0x90 ./Generated_Code/TMOUT1.o
                0x00005bc0                TMOUT1_GetCounter
 .text.TMOUT1_LeaveCounter
                0x00005c50       0x40 ./Generated_Code/TMOUT1.o
                0x00005c50                TMOUT1_LeaveCounter
 .text.TMOUT1_CounterExpired
                0x00005c90       0x44 ./Generated_Code/TMOUT1.o
                0x00005c90                TMOUT1_CounterExpired
 .text.TMOUT1_AddTick
                0x00005cd4       0x50 ./Generated_Code/TMOUT1.o
                0x00005cd4                TMOUT1_AddTick
 .text.TMOUT1_Init
                0x00005d24       0x44 ./Generated_Code/TMOUT1.o
                0x00005d24                TMOUT1_Init
 .text.HWEnDi   0x00005d68       0x20 ./Generated_Code/Serial1.o
 .text.Serial1_RecvChar
                0x00005d88       0xe8 ./Generated_Code/Serial1.o
                0x00005d88                Serial1_RecvChar
 .text.Serial1_SendChar
                0x00005e70       0xec ./Generated_Code/Serial1.o
                0x00005e70                Serial1_SendChar
 .text.Serial1_SendBlock
                0x00005f5c      0x13c ./Generated_Code/Serial1.o
                0x00005f5c                Serial1_SendBlock
 .text.Serial1_ClearRxBuf
                0x00006098       0x78 ./Generated_Code/Serial1.o
                0x00006098                Serial1_ClearRxBuf
 .text.Serial1_GetCharsInRxBuf
                0x00006110       0x14 ./Generated_Code/Serial1.o
                0x00006110                Serial1_GetCharsInRxBuf
 .text.Serial1_Init
                0x00006124       0x64 ./Generated_Code/Serial1.o
                0x00006124                Serial1_Init
 .text.ASerialLdd2_OnBlockReceived
                0x00006188       0x80 ./Generated_Code/Serial1.o
                0x00006188                ASerialLdd2_OnBlockReceived
 .text.ASerialLdd2_OnBlockSent
                0x00006208       0x88 ./Generated_Code/Serial1.o
                0x00006208                ASerialLdd2_OnBlockSent
 .text.ASerialLdd2_OnError
                0x00006290       0x90 ./Generated_Code/Serial1.o
                0x00006290                ASerialLdd2_OnError
 .text.ASerialLdd2_OnBreak
                0x00006320       0x20 ./Generated_Code/Serial1.o
                0x00006320                ASerialLdd2_OnBreak
 .text.RED_Init
                0x00006340       0x18 ./Generated_Code/RED.o
                0x00006340                RED_Init
 .text.PwmLdd4_Init
                0x00006358       0x54 ./Generated_Code/PwmLdd4.o
                0x00006358                PwmLdd4_Init
 .text.PwmLdd4_SetRatio16
                0x000063ac       0x2c ./Generated_Code/PwmLdd4.o
                0x000063ac                PwmLdd4_SetRatio16
 .text.SetRatio
                0x000063d8       0x68 ./Generated_Code/PwmLdd4.o
 .text.PwmLdd3_Init
                0x00006440       0x54 ./Generated_Code/PwmLdd3.o
                0x00006440                PwmLdd3_Init
 .text.PwmLdd3_SetRatio16
                0x00006494       0x2c ./Generated_Code/PwmLdd3.o
                0x00006494                PwmLdd3_SetRatio16
 .text.SetRatio
                0x000064c0       0x68 ./Generated_Code/PwmLdd3.o
 .text.PwmLdd2_Init
                0x00006528       0x54 ./Generated_Code/PwmLdd2.o
                0x00006528                PwmLdd2_Init
 .text.PwmLdd2_SetRatio8
                0x0000657c       0x34 ./Generated_Code/PwmLdd2.o
                0x0000657c                PwmLdd2_SetRatio8
 .text.TU1_OnCounterRestart1
                0x000065b0       0x24 ./Generated_Code/PwmLdd2.o
                0x000065b0                TU1_OnCounterRestart1
 .text.SetRatio
                0x000065d4       0x68 ./Generated_Code/PwmLdd2.o
 .text.PwmLdd1_Init
                0x0000663c       0x54 ./Generated_Code/PwmLdd1.o
                0x0000663c                PwmLdd1_Init
 .text.PwmLdd1_SetRatio8
                0x00006690       0x34 ./Generated_Code/PwmLdd1.o
                0x00006690                PwmLdd1_SetRatio8
 .text.TU1_OnCounterRestart0
                0x000066c4       0x24 ./Generated_Code/PwmLdd1.o
                0x000066c4                TU1_OnCounterRestart0
 .text.SetRatio
                0x000066e8       0x68 ./Generated_Code/PwmLdd1.o
 .text.PwmLdd1_OnEnd
                0x00006750       0x14 ./Generated_Code/PWM_RIGHT.o
                0x00006750                PwmLdd1_OnEnd
 .text.PwmLdd2_OnEnd
                0x00006764       0x14 ./Generated_Code/PWM_LEFT.o
                0x00006764                PwmLdd2_OnEnd
 .text.MMA1_Init
                0x00006778       0x38 ./Generated_Code/MMA1.o
                0x00006778                MMA1_Init
 .text.MMA1_CalibrateX1g
                0x000067b0       0xb0 ./Generated_Code/MMA1.o
                0x000067b0                MMA1_CalibrateX1g
 .text.MMA1_CalibrateY1g
                0x00006860       0xb0 ./Generated_Code/MMA1.o
                0x00006860                MMA1_CalibrateY1g
 .text.MMA1_CalibrateZ1g
                0x00006910       0xb0 ./Generated_Code/MMA1.o
                0x00006910                MMA1_CalibrateZ1g
 .text.MMA1_GetXmg
                0x000069c0       0x1c ./Generated_Code/MMA1.o
                0x000069c0                MMA1_GetXmg
 .text.MMA1_GetYmg
                0x000069dc       0x1c ./Generated_Code/MMA1.o
                0x000069dc                MMA1_GetYmg
 .text.MMA1_GetZmg
                0x000069f8       0x1c ./Generated_Code/MMA1.o
                0x000069f8                MMA1_GetZmg
 .text.MMA1_MeasureGetRawX
                0x00006a14       0x40 ./Generated_Code/MMA1.o
                0x00006a14                MMA1_MeasureGetRawX
 .text.MMA1_MeasureGetRawY
                0x00006a54       0x40 ./Generated_Code/MMA1.o
                0x00006a54                MMA1_MeasureGetRawY
 .text.MMA1_MeasureGetRawZ
                0x00006a94       0x40 ./Generated_Code/MMA1.o
                0x00006a94                MMA1_MeasureGetRawZ
 .text.MMA1_GetX
                0x00006ad4       0x3c ./Generated_Code/MMA1.o
                0x00006ad4                MMA1_GetX
 .text.MMA1_GetY
                0x00006b10       0x3c ./Generated_Code/MMA1.o
                0x00006b10                MMA1_GetY
 .text.MMA1_GetZ
                0x00006b4c       0x3c ./Generated_Code/MMA1.o
                0x00006b4c                MMA1_GetZ
 .text.MMA1_Enable
                0x00006b88       0x64 ./Generated_Code/MMA1.o
                0x00006b88                MMA1_Enable
 .text.LED_GREEN_Init
                0x00006bec       0x18 ./Generated_Code/LED_GREEN.o
                0x00006bec                LED_GREEN_Init
 .text.GI2C2_RequestBus
                0x00006c04       0x1c ./Generated_Code/GI2C2.o
                0x00006c04                GI2C2_RequestBus
 .text.GI2C2_ReleaseBus
                0x00006c20       0x18 ./Generated_Code/GI2C2.o
                0x00006c20                GI2C2_ReleaseBus
 .text.GI2C2_SelectSlave
                0x00006c38       0x40 ./Generated_Code/GI2C2.o
                0x00006c38                GI2C2_SelectSlave
 .text.GI2C2_UnselectSlave
                0x00006c78       0x10 ./Generated_Code/GI2C2.o
                0x00006c78                GI2C2_UnselectSlave
 .text.GI2C2_ReadAddress
                0x00006c88      0x210 ./Generated_Code/GI2C2.o
                0x00006c88                GI2C2_ReadAddress
 .text.GI2C2_WriteAddress
                0x00006e98      0x1e0 ./Generated_Code/GI2C2.o
                0x00006e98                GI2C2_WriteAddress
 .text.CI2C2_OnMasterBlockSent
                0x00007078       0x24 ./Generated_Code/GI2C2.o
                0x00007078                CI2C2_OnMasterBlockSent
 .text.CI2C2_OnMasterBlockReceived
                0x0000709c       0x24 ./Generated_Code/GI2C2.o
                0x0000709c                CI2C2_OnMasterBlockReceived
 .text.GI2C2_Init
                0x000070c0       0x50 ./Generated_Code/GI2C2.o
                0x000070c0                GI2C2_Init
 .text.GI2C2_ReadByteAddress8
                0x00007110       0x34 ./Generated_Code/GI2C2.o
                0x00007110                GI2C2_ReadByteAddress8
 .text.GI2C2_WriteByteAddress8
                0x00007144       0x34 ./Generated_Code/GI2C2.o
                0x00007144                GI2C2_WriteByteAddress8
 .text.GI2C1_RequestBus
                0x00007178       0x1c ./Generated_Code/GI2C1.o
                0x00007178                GI2C1_RequestBus
 .text.GI2C1_ReleaseBus
                0x00007194       0x18 ./Generated_Code/GI2C1.o
                0x00007194                GI2C1_ReleaseBus
 .text.GI2C1_SelectSlave
                0x000071ac       0x40 ./Generated_Code/GI2C1.o
                0x000071ac                GI2C1_SelectSlave
 .text.GI2C1_UnselectSlave
                0x000071ec       0x10 ./Generated_Code/GI2C1.o
                0x000071ec                GI2C1_UnselectSlave
 .text.GI2C1_ReadAddress
                0x000071fc      0x210 ./Generated_Code/GI2C1.o
                0x000071fc                GI2C1_ReadAddress
 .text.GI2C1_WriteAddress
                0x0000740c      0x1e0 ./Generated_Code/GI2C1.o
                0x0000740c                GI2C1_WriteAddress
 .text.CI2C1_OnMasterBlockSent
                0x000075ec       0x24 ./Generated_Code/GI2C1.o
                0x000075ec                CI2C1_OnMasterBlockSent
 .text.CI2C1_OnMasterBlockReceived
                0x00007610       0x24 ./Generated_Code/GI2C1.o
                0x00007610                CI2C1_OnMasterBlockReceived
 .text.GI2C1_Init
                0x00007634       0x50 ./Generated_Code/GI2C1.o
                0x00007634                GI2C1_Init
 .text.GI2C1_Deinit
                0x00007684       0x34 ./Generated_Code/GI2C1.o
                0x00007684                GI2C1_Deinit
 .text.FRTOS1_Init
                0x000076b8       0x10 ./Generated_Code/FRTOS1.o
                0x000076b8                FRTOS1_Init
 .text.DIR_RIGHT1_Init
                0x000076c8       0x60 ./Generated_Code/DIR_RIGHT1.o
                0x000076c8                DIR_RIGHT1_Init
 .text.DIR_RIGHT_Init
                0x00007728       0x60 ./Generated_Code/DIR_RIGHT.o
                0x00007728                DIR_RIGHT_Init
 .text.DIR_RIGHT_PutVal
                0x00007788       0x30 ./Generated_Code/DIR_RIGHT.o
                0x00007788                DIR_RIGHT_PutVal
 .text.DIR_LEFT1_Init
                0x000077b8       0x60 ./Generated_Code/DIR_LEFT1.o
                0x000077b8                DIR_LEFT1_Init
 .text.DIR_LEFT_Init
                0x00007818       0x60 ./Generated_Code/DIR_LEFT.o
                0x00007818                DIR_LEFT_Init
 .text.DIR_LEFT_PutVal
                0x00007878       0x30 ./Generated_Code/DIR_LEFT.o
                0x00007878                DIR_LEFT_PutVal
 .text.Cpu_INT_NMIInterrupt
                0x000078a8        0xc ./Generated_Code/Cpu.o
                0x000078a8                Cpu_INT_NMIInterrupt
 .text.Cpu_INT_Hard_FaultInterrupt
                0x000078b4        0xc ./Generated_Code/Cpu.o
                0x000078b4                Cpu_INT_Hard_FaultInterrupt
 .text.Cpu_ivINT_Reserved4
                0x000078c0        0xc ./Generated_Code/Cpu.o
                0x000078c0                Cpu_ivINT_Reserved4
 .text.Cpu_ivINT_Reserved5
                0x000078cc        0xc ./Generated_Code/Cpu.o
                0x000078cc                Cpu_ivINT_Reserved5
 .text.Cpu_ivINT_Reserved6
                0x000078d8        0xc ./Generated_Code/Cpu.o
                0x000078d8                Cpu_ivINT_Reserved6
 .text.Cpu_ivINT_Reserved7
                0x000078e4        0xc ./Generated_Code/Cpu.o
                0x000078e4                Cpu_ivINT_Reserved7
 .text.Cpu_ivINT_Reserved8
                0x000078f0        0xc ./Generated_Code/Cpu.o
                0x000078f0                Cpu_ivINT_Reserved8
 .text.Cpu_ivINT_Reserved9
                0x000078fc        0xc ./Generated_Code/Cpu.o
                0x000078fc                Cpu_ivINT_Reserved9
 .text.Cpu_ivINT_Reserved10
                0x00007908        0xc ./Generated_Code/Cpu.o
                0x00007908                Cpu_ivINT_Reserved10
 .text.Cpu_ivINT_SVCall
                0x00007914        0xc ./Generated_Code/Cpu.o
                0x00007914                Cpu_ivINT_SVCall
 .text.Cpu_ivINT_Reserved12
                0x00007920        0xc ./Generated_Code/Cpu.o
                0x00007920                Cpu_ivINT_Reserved12
 .text.Cpu_ivINT_Reserved13
                0x0000792c        0xc ./Generated_Code/Cpu.o
                0x0000792c                Cpu_ivINT_Reserved13
 .text.Cpu_ivINT_DMA0
                0x00007938        0xc ./Generated_Code/Cpu.o
                0x00007938                Cpu_ivINT_DMA0
 .text.Cpu_ivINT_DMA1
                0x00007944        0xc ./Generated_Code/Cpu.o
                0x00007944                Cpu_ivINT_DMA1
 .text.Cpu_ivINT_DMA2
                0x00007950        0xc ./Generated_Code/Cpu.o
                0x00007950                Cpu_ivINT_DMA2
 .text.Cpu_ivINT_DMA3
                0x0000795c        0xc ./Generated_Code/Cpu.o
                0x0000795c                Cpu_ivINT_DMA3
 .text.Cpu_ivINT_Reserved20
                0x00007968        0xc ./Generated_Code/Cpu.o
                0x00007968                Cpu_ivINT_Reserved20
 .text.Cpu_ivINT_FTFA
                0x00007974        0xc ./Generated_Code/Cpu.o
                0x00007974                Cpu_ivINT_FTFA
 .text.Cpu_ivINT_LVD_LVW
                0x00007980        0xc ./Generated_Code/Cpu.o
                0x00007980                Cpu_ivINT_LVD_LVW
 .text.Cpu_ivINT_LLW
                0x0000798c        0xc ./Generated_Code/Cpu.o
                0x0000798c                Cpu_ivINT_LLW
 .text.Cpu_ivINT_SPI0
                0x00007998        0xc ./Generated_Code/Cpu.o
                0x00007998                Cpu_ivINT_SPI0
 .text.Cpu_ivINT_SPI1
                0x000079a4        0xc ./Generated_Code/Cpu.o
                0x000079a4                Cpu_ivINT_SPI1
 .text.Cpu_ivINT_UART2
                0x000079b0        0xc ./Generated_Code/Cpu.o
                0x000079b0                Cpu_ivINT_UART2
 .text.Cpu_ivINT_ADC0
                0x000079bc        0xc ./Generated_Code/Cpu.o
                0x000079bc                Cpu_ivINT_ADC0
 .text.Cpu_ivINT_CMP0
                0x000079c8        0xc ./Generated_Code/Cpu.o
                0x000079c8                Cpu_ivINT_CMP0
 .text.Cpu_ivINT_TPM0
                0x000079d4        0xc ./Generated_Code/Cpu.o
                0x000079d4                Cpu_ivINT_TPM0
 .text.Cpu_ivINT_TPM1
                0x000079e0        0xc ./Generated_Code/Cpu.o
                0x000079e0                Cpu_ivINT_TPM1
 .text.Cpu_ivINT_RTC
                0x000079ec        0xc ./Generated_Code/Cpu.o
                0x000079ec                Cpu_ivINT_RTC
 .text.Cpu_ivINT_RTC_Seconds
                0x000079f8        0xc ./Generated_Code/Cpu.o
                0x000079f8                Cpu_ivINT_RTC_Seconds
 .text.Cpu_ivINT_PIT
                0x00007a04        0xc ./Generated_Code/Cpu.o
                0x00007a04                Cpu_ivINT_PIT
 .text.Cpu_ivINT_Reserved39
                0x00007a10        0xc ./Generated_Code/Cpu.o
                0x00007a10                Cpu_ivINT_Reserved39
 .text.Cpu_ivINT_USB0
                0x00007a1c        0xc ./Generated_Code/Cpu.o
                0x00007a1c                Cpu_ivINT_USB0
 .text.Cpu_ivINT_DAC0
                0x00007a28        0xc ./Generated_Code/Cpu.o
                0x00007a28                Cpu_ivINT_DAC0
 .text.Cpu_ivINT_TSI0
                0x00007a34        0xc ./Generated_Code/Cpu.o
                0x00007a34                Cpu_ivINT_TSI0
 .text.Cpu_ivINT_MCG
                0x00007a40        0xc ./Generated_Code/Cpu.o
                0x00007a40                Cpu_ivINT_MCG
 .text.Cpu_ivINT_LPTimer
                0x00007a4c        0xc ./Generated_Code/Cpu.o
                0x00007a4c                Cpu_ivINT_LPTimer
 .text.Cpu_ivINT_Reserved45
                0x00007a58        0xc ./Generated_Code/Cpu.o
                0x00007a58                Cpu_ivINT_Reserved45
 .text.Cpu_ivINT_PORTA
                0x00007a64        0xc ./Generated_Code/Cpu.o
                0x00007a64                Cpu_ivINT_PORTA
 .text.Cpu_ivINT_PORTD
                0x00007a70        0xc ./Generated_Code/Cpu.o
                0x00007a70                Cpu_ivINT_PORTD
 .text.TU1_OnCounterRestart
                0x00007a7c       0x20 ./Generated_Code/Cpu.o
                0x00007a7c                TU1_OnCounterRestart
 .text.__init_hardware
                0x00007a9c      0x110 ./Generated_Code/Cpu.o
                0x00007a9c                __init_hardware
 .text.PE_low_level_init
                0x00007bac      0x158 ./Generated_Code/Cpu.o
                0x00007bac                PE_low_level_init
 .text.CLS1_SendStr
                0x00007d04       0x2c ./Generated_Code/CLS1.o
                0x00007d04                CLS1_SendStr
 .text.CLS1_SendNum16s
                0x00007d30       0x38 ./Generated_Code/CLS1.o
                0x00007d30                CLS1_SendNum16s
 .text.CLS1_SendNum8u
                0x00007d68       0x34 ./Generated_Code/CLS1.o
                0x00007d68                CLS1_SendNum8u
 .text.CLS1_SendNum8s
                0x00007d9c       0x38 ./Generated_Code/CLS1.o
                0x00007d9c                CLS1_SendNum8s
 .text.CLS1_ParseCommand
                0x00007dd4      0x12c ./Generated_Code/CLS1.o
                0x00007dd4                CLS1_ParseCommand
 .text.CLS1_PrintPrompt
                0x00007f00       0x20 ./Generated_Code/CLS1.o
                0x00007f00                CLS1_PrintPrompt
 .text.CLS1_IsHistoryCharacter
                0x00007f20       0x24 ./Generated_Code/CLS1.o
                0x00007f20                CLS1_IsHistoryCharacter
 .text.CLS1_ReadLine
                0x00007f44       0xf8 ./Generated_Code/CLS1.o
                0x00007f44                CLS1_ReadLine
 .text.CLS1_PrintStatus
                0x0000803c       0x78 ./Generated_Code/CLS1.o
                0x0000803c                CLS1_PrintStatus
 .text.CLS1_PrintCommandFailed
                0x000080b4       0x78 ./Generated_Code/CLS1.o
                0x000080b4                CLS1_PrintCommandFailed
 .text.CLS1_IterateTable
                0x0000812c       0x64 ./Generated_Code/CLS1.o
                0x0000812c                CLS1_IterateTable
 .text.CLS1_ParseWithCommandTable
                0x00008190       0xb0 ./Generated_Code/CLS1.o
                0x00008190                CLS1_ParseWithCommandTable
 .text.CLS1_GetStdio
                0x00008240       0x14 ./Generated_Code/CLS1.o
                0x00008240                CLS1_GetStdio
 .text.CLS1_ReadAndParseWithCommandTable
                0x00008254       0xf8 ./Generated_Code/CLS1.o
                0x00008254                CLS1_ReadAndParseWithCommandTable
 .text.SendSeparatedStrings
                0x0000834c       0x80 ./Generated_Code/CLS1.o
 .text.CLS1_SendHelpStr
                0x000083cc       0x28 ./Generated_Code/CLS1.o
                0x000083cc                CLS1_SendHelpStr
 .text.CLS1_SendStatusStr
                0x000083f4       0x28 ./Generated_Code/CLS1.o
                0x000083f4                CLS1_SendStatusStr
 .text.CLS1_ReadChar
                0x0000841c       0x4c ./Generated_Code/CLS1.o
                0x0000841c                CLS1_ReadChar
 .text.CLS1_SendChar
                0x00008468       0x70 ./Generated_Code/CLS1.o
                0x00008468                CLS1_SendChar
 .text.CLS1_KeyPressed
                0x000084d8       0x44 ./Generated_Code/CLS1.o
                0x000084d8                CLS1_KeyPressed
 .text.CLS1_Init
                0x0000851c       0x60 ./Generated_Code/CLS1.o
                0x0000851c                CLS1_Init
 .text.CI2C2_Interrupt
                0x0000857c      0x278 ./Generated_Code/CI2C2.o
                0x0000857c                CI2C2_Interrupt
 .text.CI2C2_Init
                0x000087f4      0x114 ./Generated_Code/CI2C2.o
                0x000087f4                CI2C2_Init
 .text.CI2C2_MasterSendBlock
                0x00008908      0x19c ./Generated_Code/CI2C2.o
                0x00008908                CI2C2_MasterSendBlock
 .text.CI2C2_MasterReceiveBlock
                0x00008aa4      0x19c ./Generated_Code/CI2C2.o
                0x00008aa4                CI2C2_MasterReceiveBlock
 .text.CI2C2_SelectSlaveDevice
                0x00008c40      0x100 ./Generated_Code/CI2C2.o
                0x00008c40                CI2C2_SelectSlaveDevice
 .text.CI2C1_Interrupt
                0x00008d40      0x278 ./Generated_Code/CI2C1.o
                0x00008d40                CI2C1_Interrupt
 .text.CI2C1_Init
                0x00008fb8      0x11c ./Generated_Code/CI2C1.o
                0x00008fb8                CI2C1_Init
 .text.CI2C1_Deinit
                0x000090d4       0x40 ./Generated_Code/CI2C1.o
                0x000090d4                CI2C1_Deinit
 .text.CI2C1_MasterSendBlock
                0x00009114      0x19c ./Generated_Code/CI2C1.o
                0x00009114                CI2C1_MasterSendBlock
 .text.CI2C1_MasterReceiveBlock
                0x000092b0      0x19c ./Generated_Code/CI2C1.o
                0x000092b0                CI2C1_MasterReceiveBlock
 .text.CI2C1_SelectSlaveDevice
                0x0000944c      0x100 ./Generated_Code/CI2C1.o
                0x0000944c                CI2C1_SelectSlaveDevice
 .text.BitIoLdd4_Init
                0x0000954c       0x68 ./Generated_Code/BitIoLdd4.o
                0x0000954c                BitIoLdd4_Init
 .text.BitIoLdd4_ClrVal
                0x000095b4       0x1c ./Generated_Code/BitIoLdd4.o
                0x000095b4                BitIoLdd4_ClrVal
 .text.BitIoLdd4_SetVal
                0x000095d0       0x1c ./Generated_Code/BitIoLdd4.o
                0x000095d0                BitIoLdd4_SetVal
 .text.BitIoLdd3_Init
                0x000095ec       0x68 ./Generated_Code/BitIoLdd3.o
                0x000095ec                BitIoLdd3_Init
 .text.BitIoLdd3_ClrVal
                0x00009654       0x1c ./Generated_Code/BitIoLdd3.o
                0x00009654                BitIoLdd3_ClrVal
 .text.BitIoLdd3_SetVal
                0x00009670       0x1c ./Generated_Code/BitIoLdd3.o
                0x00009670                BitIoLdd3_SetVal
 .text.BitIoLdd1_Init
                0x0000968c       0x54 ./Generated_Code/BitIoLdd1.o
                0x0000968c                BitIoLdd1_Init
 .text.BT_EN_Init
                0x000096e0       0x64 ./Generated_Code/BT_EN.o
                0x000096e0                BT_EN_Init
 .text.isRxError
                0x00009744      0x17c ./Generated_Code/BT1.o
 .text.RxResponse
                0x000098c0       0xfc ./Generated_Code/BT1.o
 .text.BT1_SendATCommand
                0x000099bc       0x60 ./Generated_Code/BT1.o
                0x000099bc                BT1_SendATCommand
 .text.BT1_StdCmd
                0x00009a1c       0x84 ./Generated_Code/BT1.o
                0x00009a1c                BT1_StdCmd
 .text.BT1_StdOKCmd
                0x00009aa0       0x28 ./Generated_Code/BT1.o
                0x00009aa0                BT1_StdOKCmd
 .text.BT1_Init
                0x00009ac8       0x14 ./Generated_Code/BT1.o
                0x00009ac8                BT1_Init
 .text.BT1_btSetDeviceName
                0x00009adc       0x60 ./Generated_Code/BT1.o
                0x00009adc                BT1_btSetDeviceName
 .text.BT1_btSetBaud
                0x00009b3c       0x54 ./Generated_Code/BT1.o
                0x00009b3c                BT1_btSetBaud
 .text.BT1_StdIOKeyPressed
                0x00009b90       0x18 ./Generated_Code/BT1.o
                0x00009b90                BT1_StdIOKeyPressed
 .text.BT1_StdIOReadChar
                0x00009ba8       0x24 ./Generated_Code/BT1.o
                0x00009ba8                BT1_StdIOReadChar
 .text.BT1_StdIOSendChar
                0x00009bcc       0x24 ./Generated_Code/BT1.o
                0x00009bcc                BT1_StdIOSendChar
 .text.ASerialLdd2_Init
                0x00009bf0      0x170 ./Generated_Code/ASerialLdd2.o
                0x00009bf0                ASerialLdd2_Init
 .text.ASerialLdd2_ReceiveBlock
                0x00009d60       0x98 ./Generated_Code/ASerialLdd2.o
                0x00009d60                ASerialLdd2_ReceiveBlock
 .text.ASerialLdd2_SendBlock
                0x00009df8       0xc4 ./Generated_Code/ASerialLdd2.o
                0x00009df8                ASerialLdd2_SendBlock
 .text.InterruptRx
                0x00009ebc       0x58 ./Generated_Code/ASerialLdd2.o
 .text.InterruptTx
                0x00009f14       0x80 ./Generated_Code/ASerialLdd2.o
 .text.ASerialLdd2_Interrupt
                0x00009f94       0xf4 ./Generated_Code/ASerialLdd2.o
                0x00009f94                ASerialLdd2_Interrupt
 .text.ASerialLdd2_GetError
                0x0000a088       0x74 ./Generated_Code/ASerialLdd2.o
                0x0000a088                ASerialLdd2_GetError
 .text.ASerialLdd1_Init
                0x0000a0fc      0x1c4 ./Generated_Code/ASerialLdd1.o
                0x0000a0fc                ASerialLdd1_Init
 .text.ASerialLdd1_ReceiveBlock
                0x0000a2c0       0x98 ./Generated_Code/ASerialLdd1.o
                0x0000a2c0                ASerialLdd1_ReceiveBlock
 .text.ASerialLdd1_SendBlock
                0x0000a358       0xc4 ./Generated_Code/ASerialLdd1.o
                0x0000a358                ASerialLdd1_SendBlock
 .text.InterruptRx
                0x0000a41c       0x58 ./Generated_Code/ASerialLdd1.o
 .text.InterruptTx
                0x0000a474       0x80 ./Generated_Code/ASerialLdd1.o
 .text.ASerialLdd1_Interrupt
                0x0000a4f4       0xfc ./Generated_Code/ASerialLdd1.o
                0x0000a4f4                ASerialLdd1_Interrupt
 .text.ASerialLdd1_GetError
                0x0000a5f0       0x74 ./Generated_Code/ASerialLdd1.o
                0x0000a5f0                ASerialLdd1_GetError
 .text.HWEnDi   0x0000a664       0x20 ./Generated_Code/AS1.o
 .text.AS1_RecvChar
                0x0000a684       0xe8 ./Generated_Code/AS1.o
                0x0000a684                AS1_RecvChar
 .text.AS1_SendChar
                0x0000a76c       0xec ./Generated_Code/AS1.o
                0x0000a76c                AS1_SendChar
 .text.AS1_GetCharsInRxBuf
                0x0000a858       0x14 ./Generated_Code/AS1.o
                0x0000a858                AS1_GetCharsInRxBuf
 .text.AS1_Init
                0x0000a86c       0x64 ./Generated_Code/AS1.o
                0x0000a86c                AS1_Init
 .text.ASerialLdd1_OnBlockReceived
                0x0000a8d0       0xc0 ./Generated_Code/AS1.o
                0x0000a8d0                ASerialLdd1_OnBlockReceived
 .text.ASerialLdd1_OnBlockSent
                0x0000a990       0xe8 ./Generated_Code/AS1.o
                0x0000a990                ASerialLdd1_OnBlockSent
 .text.ASerialLdd1_OnError
                0x0000aa78       0x94 ./Generated_Code/AS1.o
                0x0000aa78                ASerialLdd1_OnError
 .text.ASerialLdd1_OnBreak
                0x0000ab0c       0x20 ./Generated_Code/AS1.o
                0x0000ab0c                ASerialLdd1_OnBreak
 .text.zero_fill_bss
                0x0000ab2c       0x24 ./Project_Settings/Startup_Code/__arm_start.o
 .text.__thumb_startup
                0x0000ab50       0x30 ./Project_Settings/Startup_Code/__arm_start.o
                0x0000ab50                __thumb_startup
 .text._ExitProcess
                0x0000ab80        0xc ./Project_Settings/Startup_Code/__arm_end.o
                0x0000ab80                _ExitProcess
 .text.startCommunication
                0x0000ab8c      0x188 ./Sources/serial_communication.o
                0x0000ab8c                startCommunication
 .text.setState
                0x0000ad14       0x20 ./Sources/serial_communication.o
                0x0000ad14                setState
 .text.ParseCommand
                0x0000ad34      0xa20 ./Sources/serial_communication.o
 .text.initAllSensors
                0x0000b754      0x11c ./Sources/serial_communication.o
                0x0000b754                initAllSensors
 .text.readValues
                0x0000b870       0x7c ./Sources/serial_communication.o
                0x0000b870                readValues
 .text.sendStatusBT
                0x0000b8ec       0x5c ./Sources/serial_communication.o
                0x0000b8ec                sendStatusBT
 .text.sendTestStatus
                0x0000b948       0xbc ./Sources/serial_communication.o
                0x0000b948                sendTestStatus
 .text.setErrorState
                0x0000ba04       0x20 ./Sources/serial_communication.o
                0x0000ba04                setErrorState
 .text.calcPID  0x0000ba24      0x3f4 ./Sources/pid.o
                0x0000ba24                calcPID
 .text.motorGetPWMLeft
                0x0000be18       0x18 ./Sources/motor.o
                0x0000be18                motorGetPWMLeft
 .text.motorGetPWMRight
                0x0000be30       0x18 ./Sources/motor.o
                0x0000be30                motorGetPWMRight
 .text.motorIncrementPWMLeft
                0x0000be48       0x50 ./Sources/motor.o
                0x0000be48                motorIncrementPWMLeft
 .text.motorIncrementPWMRight
                0x0000be98       0x50 ./Sources/motor.o
                0x0000be98                motorIncrementPWMRight
 .text.motorSetPWMLeft
                0x0000bee8       0x74 ./Sources/motor.o
                0x0000bee8                motorSetPWMLeft
 .text.motorSetPWMRight
                0x0000bf5c       0x74 ./Sources/motor.o
                0x0000bf5c                motorSetPWMRight
 .text.motorsStartup
                0x0000bfd0      0x12c ./Sources/motor.o
                0x0000bfd0                motorsStartup
 .text.main     0x0000c0fc       0x10 ./Sources/main.o
                0x0000c0fc                main
 .text.ComunicationTask
                0x0000c10c       0x10 ./Sources/frtos_tasks.o
 .text.DrivingTask
                0x0000c11c       0x40 ./Sources/frtos_tasks.o
 .text.GyroTask
                0x0000c15c      0x12c ./Sources/frtos_tasks.o
 .text.CreateTasks
                0x0000c288       0x38 ./Sources/frtos_tasks.o
                0x0000c288                CreateTasks
 .text.CreateDrivingTask
                0x0000c2c0       0x48 ./Sources/frtos_tasks.o
                0x0000c2c0                CreateDrivingTask
 .text.CreateGyroTask
                0x0000c308       0x48 ./Sources/frtos_tasks.o
                0x0000c308                CreateGyroTask
 .text.driveToStair
                0x0000c350      0x11c ./Sources/driving.o
                0x0000c350                driveToStair
 .text.driveOverStair
                0x0000c46c      0x23c ./Sources/driving.o
                0x0000c46c                driveOverStair
 .text.driveToTurningPlace
                0x0000c6a8       0xfc ./Sources/driving.o
                0x0000c6a8                driveToTurningPlace
 .text.driveThroughTurningPlace
                0x0000c7a4      0x49c ./Sources/driving.o
                0x0000c7a4                driveThroughTurningPlace
 .text.driveToEndZone
                0x0000cc40      0x134 ./Sources/driving.o
                0x0000cc40                driveToEndZone
 .text.pushTheButton
                0x0000cd74       0x48 ./Sources/driving.o
                0x0000cd74                pushTheButton
 .text.regulateMotor
                0x0000cdbc      0x170 ./Sources/driving.o
                0x0000cdbc                regulateMotor
 .text.initDriving
                0x0000cf2c       0x74 ./Sources/driving.o
                0x0000cf2c                initDriving
 .text.setPID   0x0000cfa0       0x70 ./Sources/driving.o
                0x0000cfa0                setPID
 .text.setDistanceSide
                0x0000d010       0x20 ./Sources/driving.o
                0x0000d010                setDistanceSide
 .text.setDistanceFront
                0x0000d030       0x20 ./Sources/driving.o
                0x0000d030                setDistanceFront
 .text.setSpeed
                0x0000d050       0x20 ./Sources/driving.o
                0x0000d050                setSpeed
 .text.setGyroskopPWM
                0x0000d070       0x34 ./Sources/driving.o
                0x0000d070                setGyroskopPWM
 .text.setLetter
                0x0000d0a4       0x20 ./Sources/driving.o
                0x0000d0a4                setLetter
 .text.setServoPWM
                0x0000d0c4       0x34 ./Sources/driving.o
                0x0000d0c4                setServoPWM
 .text.stopDriving
                0x0000d0f8       0x14 ./Sources/driving.o
                0x0000d0f8                stopDriving
 .text.getTime  0x0000d10c       0x8c ./Sources/driving.o
                0x0000d10c                getTime
 .text.VL_OnError
                0x0000d198       0x14 ./Sources/VL6180X.o
 .text.VL_WriteReg8
                0x0000d1ac       0x50 ./Sources/VL6180X.o
                0x0000d1ac                VL_WriteReg8
 .text.VL_WriteReg16
                0x0000d1fc       0x70 ./Sources/VL6180X.o
                0x0000d1fc                VL_WriteReg16
 .text.VL_ReadReg8
                0x0000d26c       0x54 ./Sources/VL6180X.o
                0x0000d26c                VL_ReadReg8
 .text.VL_ReadReg16
                0x0000d2c0       0x54 ./Sources/VL6180X.o
                0x0000d2c0                VL_ReadReg16
 .text.readRangeContinuous
                0x0000d314       0xf0 ./Sources/VL6180X.o
 .text.VL_ReadRangeSingle
                0x0000d404       0x64 ./Sources/VL6180X.o
                0x0000d404                VL_ReadRangeSingle
 .text.VL_ConfigureDefault
                0x0000d468       0x94 ./Sources/VL6180X.o
                0x0000d468                VL_ConfigureDefault
 .text.VL_InitDevice
                0x0000d4fc      0x5ac ./Sources/VL6180X.o
                0x0000d4fc                VL_InitDevice
 .text.VL_InitAndConfigureDevice
                0x0000daa8       0x64 ./Sources/VL6180X.o
                0x0000daa8                VL_InitAndConfigureDevice
 .text.VL_ChipEnable
                0x0000db0c       0xc0 ./Sources/VL6180X.o
                0x0000db0c                VL_ChipEnable
 .text.VL_SetI2CDeviceAddress
                0x0000dbcc       0xe0 ./Sources/VL6180X.o
                0x0000dbcc                VL_SetI2CDeviceAddress
 .text.VL_Init  0x0000dcac      0x180 ./Sources/VL6180X.o
                0x0000dcac                VL_Init
 .text.VL_GetDistance
                0x0000de2c      0x100 ./Sources/VL6180X.o
                0x0000de2c                VL_GetDistance
 .text.VL_GetLastDistance
                0x0000df2c       0x2c ./Sources/VL6180X.o
                0x0000df2c                VL_GetLastDistance
 .text.L3Ginit  0x0000df58       0x58 ./Sources/L3G.o
                0x0000df58                L3Ginit
 .text.L3GenableDefault
                0x0000dfb0       0xe4 ./Sources/L3G.o
                0x0000dfb0                L3GenableDefault
 .text.L3GwriteReg
                0x0000e094       0x38 ./Sources/L3G.o
                0x0000e094                L3GwriteReg
 .text.L3GreadReg
                0x0000e0cc       0x3c ./Sources/L3G.o
                0x0000e0cc                L3GreadReg
 .text.L3Greadxyz
                0x0000e108      0x1f0 ./Sources/L3G.o
                0x0000e108                L3Greadxyz
 .text.L3GgetDegree
                0x0000e2f8       0x8c ./Sources/L3G.o
                0x0000e2f8                L3GgetDegree
 .text.calculateOffset
                0x0000e384      0x1d0 ./Sources/L3G.o
                0x0000e384                calculateOffset
 .text.cmpfunc  0x0000e554       0x28 ./Sources/L3G.o
                0x0000e554                cmpfunc
 .text.refreshMovingOffset
                0x0000e57c      0x1dc ./Sources/L3G.o
                0x0000e57c                refreshMovingOffset
 .text.L3GSetAngel
                0x0000e758       0x5c ./Sources/L3G.o
                0x0000e758                L3GSetAngel
 *fill*         0x0000e7b4        0x4 00
 .text.combineAccel
                0x0000e7b8      0x228 ./Sources/L3G.o
                0x0000e7b8                combineAccel
 .text.L3GFIFOdataLevel
                0x0000e9e0       0x24 ./Sources/L3G.o
                0x0000e9e0                L3GFIFOdataLevel
 .text.L3GFIFOfull
                0x0000ea04       0x28 ./Sources/L3G.o
                0x0000ea04                L3GFIFOfull
 .text.Cpu_OnNMIINT
                0x0000ea2c        0x8 ./Sources/Events.o
                0x0000ea2c                Cpu_OnNMIINT
 .text.FRTOS1_vApplicationStackOverflowHook
                0x0000ea34       0x4c ./Sources/Events.o
                0x0000ea34                FRTOS1_vApplicationStackOverflowHook
 .text.FRTOS1_vApplicationTickHook
                0x0000ea80        0xc ./Sources/Events.o
                0x0000ea80                FRTOS1_vApplicationTickHook
 .text.FRTOS1_vApplicationIdleHook
                0x0000ea8c        0x8 ./Sources/Events.o
                0x0000ea8c                FRTOS1_vApplicationIdleHook
 .text.FRTOS1_vApplicationMallocFailedHook
                0x0000ea94        0x8 ./Sources/Events.o
                0x0000ea94                FRTOS1_vApplicationMallocFailedHook
 .text.AS1_OnError
                0x0000ea9c        0x8 ./Sources/Events.o
                0x0000ea9c                AS1_OnError
 .text.AS1_OnRxChar
                0x0000eaa4        0x8 ./Sources/Events.o
                0x0000eaa4                AS1_OnRxChar
 .text.AS1_OnTxChar
                0x0000eaac        0x8 ./Sources/Events.o
                0x0000eaac                AS1_OnTxChar
 .text.AS1_OnFullRxBuf
                0x0000eab4        0x8 ./Sources/Events.o
                0x0000eab4                AS1_OnFullRxBuf
 .text.AS1_OnFreeTxBuf
                0x0000eabc        0x8 ./Sources/Events.o
                0x0000eabc                AS1_OnFreeTxBuf
 .text.Cpu_OnHardFault
                0x0000eac4        0x8 ./Sources/Events.o
                0x0000eac4                Cpu_OnHardFault
 .text.PWM_LEFT_OnEnd
                0x0000eacc       0x28 ./Sources/Events.o
                0x0000eacc                PWM_LEFT_OnEnd
 .text.PWM_RIGHT_OnEnd
                0x0000eaf4       0x28 ./Sources/Events.o
                0x0000eaf4                PWM_RIGHT_OnEnd
 .text.exit     0x0000eb1c       0x38 C:/Freescale/CW MCU v10.6/MCU/ARM_GCC_Support/ewl/lib/armv6-m\libc.a(exit.o)
                0x0000eb1c                exit
 .text.qsort    0x0000eb54       0xb8 C:/Freescale/CW MCU v10.6/MCU/ARM_GCC_Support/ewl/lib/armv6-m\libc.a(qsort.o)
                0x0000eb54                qsort
 .text.memcpy   0x0000ec0c       0x12 C:/Freescale/CW MCU v10.6/MCU/ARM_GCC_Support/ewl/lib/armv6-m\libc.a(memcpy.o)
                0x0000ec0c                memcpy
 .text.memset   0x0000ec1e        0xc C:/Freescale/CW MCU v10.6/MCU/ARM_GCC_Support/ewl/lib/armv6-m\libc.a(memset.o)
                0x0000ec1e                memset
 .text.strchr   0x0000ec2a       0x1e C:/Freescale/CW MCU v10.6/MCU/ARM_GCC_Support/ewl/lib/armv6-m\libc.a(strchr.o)
                0x0000ec2a                strchr
 .text.strcmp   0x0000ec48       0x1c C:/Freescale/CW MCU v10.6/MCU/ARM_GCC_Support/ewl/lib/armv6-m\libc.a(strcmp.o)
                0x0000ec48                strcmp
 .text.strlen   0x0000ec64       0x10 C:/Freescale/CW MCU v10.6/MCU/ARM_GCC_Support/ewl/lib/armv6-m\libc.a(strlen.o)
                0x0000ec64                strlen
 .text.strncmp  0x0000ec74       0x22 C:/Freescale/CW MCU v10.6/MCU/ARM_GCC_Support/ewl/lib/armv6-m\libc.a(strncmp.o)
                0x0000ec74                strncmp
 *fill*         0x0000ec96        0x2 00
 .text.long2str.isra.0
                0x0000ec98      0x19c C:/Freescale/CW MCU v10.6/MCU/ARM_GCC_Support/ewl/lib/armv6-m\libc.a(printformat_.o)
 .text.__pformatter_
                0x0000ee34      0x428 C:/Freescale/CW MCU v10.6/MCU/ARM_GCC_Support/ewl/lib/armv6-m\libc.a(printformat_.o)
                0x0000ee34                __pformatter_
 .text.__sformatter
                0x0000f25c      0x698 C:/Freescale/CW MCU v10.6/MCU/ARM_GCC_Support/ewl/lib/armv6-m\libc.a(scanformat_.o)
                0x0000f25c                __sformatter
 .text.isalpha  0x0000f8f4       0x20 C:/Freescale/CW MCU v10.6/MCU/ARM_GCC_Support/ewl/lib/armv6-m\libc.a(ctype_aeabi.o)
                0x0000f8f4                isalpha
 .text.isspace  0x0000f914       0x20 C:/Freescale/CW MCU v10.6/MCU/ARM_GCC_Support/ewl/lib/armv6-m\libc.a(ctype_aeabi.o)
                0x0000f914                isspace
 .text.toupper  0x0000f934        0xe C:/Freescale/CW MCU v10.6/MCU/ARM_GCC_Support/ewl/lib/armv6-m\libc.a(ctype_aeabi.o)
                0x0000f934                toupper
 .text.__strtoul
                0x0000f942      0x1ce C:/Freescale/CW MCU v10.6/MCU/ARM_GCC_Support/ewl/lib/armv6-m\libc.a(__strtoul.o)
                0x0000f942                __strtoul
 .text.__fill_mem
                0x0000fb10       0x7e C:/Freescale/CW MCU v10.6/MCU/ARM_GCC_Support/ewl/lib/armv6-m\libc.a(__filll_mem.o)
                0x0000fb10                __fill_mem
 .text.memchr   0x0000fb8e       0x1a C:/Freescale/CW MCU v10.6/MCU/ARM_GCC_Support/ewl/lib/armv6-m\libc.a(memchr.o)
                0x0000fb8e                memchr
 .text.atan     0x0000fba8      0x358 C:/Freescale/CW MCU v10.6/MCU/ARM_GCC_Support/ewl/lib/armv6-m\libm.a(s_atan.o)
                0x0000fba8                atan
 .text.sqrt     0x0000ff00        0x8 C:/Freescale/CW MCU v10.6/MCU/ARM_GCC_Support/ewl/lib/armv6-m\libm.a(w_sqrt.o)
                0x0000ff00                sqrt
 .text.__ieee754_sqrt
                0x0000ff08      0x17c C:/Freescale/CW MCU v10.6/MCU/ARM_GCC_Support/ewl/lib/armv6-m\libm.a(e_sqrt.o)
                0x0000ff08                __ieee754_sqrt
 .text.__init_cpp
                0x00010084       0x48 C:/Freescale/CW MCU v10.6/MCU/ARM_GCC_Support/ewl/lib/armv6-m\librt.a(gcc_ctor_dtor.o)
                0x00010084                __init_cpp
 .text.__fini_cpp
                0x000100cc       0x34 C:/Freescale/CW MCU v10.6/MCU/ARM_GCC_Support/ewl/lib/armv6-m\librt.a(gcc_ctor_dtor.o)
                0x000100cc                __fini_cpp
 .text.__copy_rom_section
                0x00010100       0x48 C:/Freescale/CW MCU v10.6/MCU/ARM_GCC_Support/ewl/lib/armv6-m\librt.a(ROMCopy.o)
                0x00010100                __copy_rom_section
 .text.__copy_rom_sections_to_ram
                0x00010148       0x34 C:/Freescale/CW MCU v10.6/MCU/ARM_GCC_Support/ewl/lib/armv6-m\librt.a(ROMCopy.o)
                0x00010148                __copy_rom_sections_to_ram
 .text.__destroy_global_chain
                0x0001017c       0x1c C:/Freescale/CW MCU v10.6/MCU/ARM_GCC_Support/ewl/lib/armv6-m\librt.a(__arm_eabi_init.o)
                0x0001017c                __destroy_global_chain
 .text.__init_registers
                0x00010198       0x1c C:/Freescale/CW MCU v10.6/MCU/ARM_GCC_Support/ewl/lib/armv6-m\librt.a(__arm_eabi_init.o)
                0x00010198                __init_registers
 .text.__init_user
                0x000101b4        0x4 C:/Freescale/CW MCU v10.6/MCU/ARM_GCC_Support/ewl/lib/armv6-m\librt.a(__arm_eabi_init.o)
                0x000101b4                __init_user
 *(.rodata)
 .rodata        0x000101b8        0x8 ./Generated_Code/tasks.o
 .rodata        0x000101c0       0x1c ./Generated_Code/UTIL1.o
 .rodata        0x000101dc        0xc ./Generated_Code/GI2C2.o
 .rodata        0x000101e8        0xc ./Generated_Code/GI2C1.o
 .rodata        0x000101f4      0x15c ./Generated_Code/CLS1.o
 .rodata        0x00010350      0xa54 ./Generated_Code/BT1.o
 .rodata        0x00010da4      0x384 ./Sources/serial_communication.o
 .rodata        0x00011128       0x5c ./Sources/frtos_tasks.o
 .rodata        0x00011184       0x60 ./Sources/driving.o
 .rodata        0x000111e4       0x14 ./Sources/Events.o
 .rodata        0x000111f8       0x40 c:/freescale/cw mcu v10.6/cross_tools/arm-none-eabi-gcc-4_7_3/bin/../lib/gcc/arm-none-eabi/4.7.3/armv6-m\libgcc.a(mulsf3.o)
 .rodata        0x00011238       0x40 c:/freescale/cw mcu v10.6/cross_tools/arm-none-eabi-gcc-4_7_3/bin/../lib/gcc/arm-none-eabi/4.7.3/armv6-m\libgcc.a(divdf3.o)
 .rodata        0x00011278       0x40 c:/freescale/cw mcu v10.6/cross_tools/arm-none-eabi-gcc-4_7_3/bin/../lib/gcc/arm-none-eabi/4.7.3/armv6-m\libgcc.a(muldf3.o)
 *(.rodata*)
 .rodata.ChannelDevice
                0x000112b8        0x4 ./Generated_Code/TU2.o
 .rodata.ChannelMode
                0x000112bc        0x4 ./Generated_Code/TU2.o
 .rodata.ChannelDevice
                0x000112c0        0x4 ./Generated_Code/TU1.o
 .rodata.ChannelMode
                0x000112c4        0x4 ./Generated_Code/TU1.o
 .rodata.InitialCalibration
                0x000112c8        0x8 ./Generated_Code/MMA1.o
 .rodata.addr.6795
                0x000112d0        0x1 ./Generated_Code/MMA1.o
 .rodata.addr.6787
                0x000112d1        0x1 ./Generated_Code/MMA1.o
 .rodata.addr.6779
                0x000112d2        0x1 ./Generated_Code/MMA1.o
 *fill*         0x000112d3        0x1 00
 .rodata.CLS1_stdio
                0x000112d4       0x10 ./Generated_Code/CLS1.o
                0x000112d4                CLS1_stdio
 .rodata.CmdParserTable
                0x000112e4        0xc ./Sources/serial_communication.o
 .rodata.BT_stdio
                0x000112f0       0x10 ./Sources/serial_communication.o
 .rodata.L3GgetDegree
                0x00011300       0x8c ./Sources/L3G.o
 .rodata.refreshMovingOffset
                0x0001138c       0x8c ./Sources/L3G.o
 .rodata.L3GSetAngel
                0x00011418       0x8c ./Sources/L3G.o
 .rodata.str1.1
                0x000114a4        0x1 C:/Freescale/CW MCU v10.6/MCU/ARM_GCC_Support/ewl/lib/armv6-m\libc.a(printformat_.o)
 .rodata.CSWTCH.20
                0x000114a5        0x5 C:/Freescale/CW MCU v10.6/MCU/ARM_GCC_Support/ewl/lib/armv6-m\libc.a(printformat_.o)
 .rodata.CSWTCH.21
                0x000114aa        0x5 C:/Freescale/CW MCU v10.6/MCU/ARM_GCC_Support/ewl/lib/armv6-m\libc.a(printformat_.o)
 .rodata.__aeabi_ctype_table_C
                0x000114af      0x101 C:/Freescale/CW MCU v10.6/MCU/ARM_GCC_Support/ewl/lib/armv6-m\libc.a(ctype_aeabi.o)
                0x000114af                __aeabi_ctype_table_C
 .rodata.atanlo
                0x000115b0       0x20 C:/Freescale/CW MCU v10.6/MCU/ARM_GCC_Support/ewl/lib/armv6-m\libm.a(s_atan.o)
 .rodata.atanhi
                0x000115d0       0x20 C:/Freescale/CW MCU v10.6/MCU/ARM_GCC_Support/ewl/lib/armv6-m\libm.a(s_atan.o)
 *(.glue_7)
 .glue_7        0x00000000        0x0 linker stubs
 *(.glue_7t)
 .glue_7t       0x00000000        0x0 linker stubs
 *(.eh_frame)
 *(.init)
 *(.fini)
                0x000115f0                . = ALIGN (0x4)
                0x000115f0                _etext = .

.vfp11_veneer   0x000115f0        0x0
 .vfp11_veneer  0x00000000        0x0 linker stubs

.v4_bx          0x000115f0        0x0
 .v4_bx         0x00000000        0x0 linker stubs

.iplt           0x000115f0        0x0
 .iplt          0x00000000        0x0 ./Generated_Code/timers.o

.rel.dyn        0x000115f0        0x0
 .rel.iplt      0x00000000        0x0 ./Generated_Code/timers.o

.ARM.extab
 *(.ARM.extab* .gnu.linkonce.armextab.*)

.ARM            0x000115f0        0x0
                0x000115f0                __exidx_start = .
 *(.ARM.exidx*)
                0x000115f0                __exidx_end = .

.ctors          0x000115f0        0x0
                0x000115f0                __CTOR_LIST__ = .
 *crtbegin.o(.ctors)
 *(EXCLUDE_FILE(*crtend.o) .ctors)
 *(SORT(.ctors.*))
 *(.ctors)
                0x000115f0                __CTOR_END__ = .

.dtors          0x000115f0        0x0
                0x000115f0                __DTOR_LIST__ = .
 *crtbegin.o(.dtors)
 *(EXCLUDE_FILE(*crtend.o) .dtors)
 *(SORT(.dtors.*))
 *(.dtors)
                0x000115f0                __DTOR_END__ = .

.preinit_array  0x000115f0        0x0
                0x000115f0                PROVIDE (__preinit_array_start, .)
 *(.preinit_array*)
                0x000115f0                PROVIDE (__preinit_array_end, .)

.init_array     0x000115f0        0x0
                0x000115f0                PROVIDE (__init_array_start, .)
 *(SORT(.init_array.*))
 *(.init_array*)
                0x000115f0                PROVIDE (__init_array_end, .)

.fini_array     0x000115f0        0x0
                0x000115f0                PROVIDE (__fini_array_start, .)
 *(SORT(.fini_array.*))
 *(.fini_array*)
                0x000115f0                PROVIDE (__fini_array_end, .)
                0x000115f0                ___ROM_AT = .

.mtb            0x1ffff000     0x1000
                0x1ffff000                . = ALIGN (0x8)
                0x1ffff000                _mtb_start = .
 *(.mtb_buf)
 .mtb_buf       0x1ffff000     0x1000 ./Sources/sa_mtb.o
                0x1ffff000                mtb_buf
                0x20000000                . = ALIGN (0x8)
                0x20000000                _mtb_end = .

.data           0x20000000       0x24 load address 0x000115f0
                0x20000000                . = ALIGN (0x4)
                0x20000000                _sdata = .
 *(.data)
 *(.data*)
 .data.uxCriticalNesting
                0x20000000        0x4 ./Generated_Code/port.o
 .data.uxTopUsedPriority
                0x20000004        0x4 ./Generated_Code/port.o
                0x20000004                uxTopUsedPriority
 .data.xHeapStructSize
                0x20000008        0x4 ./Generated_Code/heap_4.o
 .data.CLS1_currStdIO
                0x2000000c        0x4 ./Generated_Code/CLS1.o
 .data.BT1_lastErr
                0x20000010        0x1 ./Generated_Code/BT1.o
 .data.state    0x20000011        0x1 ./Sources/serial_communication.o
 .data.kpT      0x20000012        0x1 ./Sources/serial_communication.o
 .data.kdT      0x20000013        0x1 ./Sources/serial_communication.o
 .data.kpG      0x20000014        0x1 ./Sources/serial_communication.o
 .data.kiG      0x20000015        0x1 ./Sources/serial_communication.o
 .data.kdG      0x20000016        0x1 ./Sources/serial_communication.o
 .data.distanceSide
                0x20000017        0x1 ./Sources/driving.o
 .data.distanceFront
                0x20000018        0x1 ./Sources/driving.o
 .data.scaling  0x20000019        0x1 ./Sources/VL6180X.o
 .data.initDevices
                0x2000001a        0x1 ./Sources/VL6180X.o
                0x2000001a                initDevices
 *fill*         0x2000001b        0x1 00
 .data.__double_nan
                0x2000001c        0x8 C:/Freescale/CW MCU v10.6/MCU/ARM_GCC_Support/ewl/lib/armv6-m\libm.a(float.o)
                0x2000001c                __double_nan
                0x20000024                . = ALIGN (0x4)
                0x20000024                _edata = .
                0x00000024                ___data_size = (_edata - _sdata)

.igot.plt       0x20000024        0x0 load address 0x00011614
 .igot.plt      0x00000000        0x0 ./Generated_Code/timers.o
                0x20000024                . = ALIGN (0x4)

.bss            0x20000024     0x2ae8 load address 0x00011614
                0x20000024                __START_BSS = .
                0x20000024                PROVIDE (__bss_start__, __START_BSS)
 *(.bss)
 *(.bss*)
 .bss.pxCurrentTCB
                0x20000024        0x4 ./Generated_Code/tasks.o
                0x20000024                pxCurrentTCB
 .bss.pxReadyTasksLists
                0x20000028       0x78 ./Generated_Code/tasks.o
 .bss.xDelayedTaskList1
                0x200000a0       0x14 ./Generated_Code/tasks.o
 .bss.xDelayedTaskList2
                0x200000b4       0x14 ./Generated_Code/tasks.o
 .bss.pxDelayedTaskList
                0x200000c8        0x4 ./Generated_Code/tasks.o
 .bss.pxOverflowDelayedTaskList
                0x200000cc        0x4 ./Generated_Code/tasks.o
 .bss.xPendingReadyList
                0x200000d0       0x14 ./Generated_Code/tasks.o
 .bss.xTasksWaitingTermination
                0x200000e4       0x14 ./Generated_Code/tasks.o
 .bss.uxDeletedTasksWaitingCleanUp
                0x200000f8        0x4 ./Generated_Code/tasks.o
 .bss.xSuspendedTaskList
                0x200000fc       0x14 ./Generated_Code/tasks.o
 .bss.uxCurrentNumberOfTasks
                0x20000110        0x4 ./Generated_Code/tasks.o
 .bss.xTickCount
                0x20000114        0x4 ./Generated_Code/tasks.o
 .bss.uxTopReadyPriority
                0x20000118        0x4 ./Generated_Code/tasks.o
 .bss.xSchedulerRunning
                0x2000011c        0x4 ./Generated_Code/tasks.o
 .bss.uxPendedTicks
                0x20000120        0x4 ./Generated_Code/tasks.o
 .bss.xYieldPending
                0x20000124        0x4 ./Generated_Code/tasks.o
 .bss.xNumOfOverflows
                0x20000128        0x4 ./Generated_Code/tasks.o
 .bss.uxTaskNumber
                0x2000012c        0x4 ./Generated_Code/tasks.o
 .bss.xNextTaskUnblockTime
                0x20000130        0x4 ./Generated_Code/tasks.o
 .bss.xIdleTaskHandle
                0x20000134        0x4 ./Generated_Code/tasks.o
 .bss.uxSchedulerSuspended
                0x20000138        0x4 ./Generated_Code/tasks.o
 .bss.ucHeap    0x2000013c     0x2134 ./Generated_Code/heap_4.o
 .bss.xStart    0x20002270        0x8 ./Generated_Code/heap_4.o
 .bss.pxEnd     0x20002278        0x4 ./Generated_Code/heap_4.o
 .bss.xFreeBytesRemaining
                0x2000227c        0x4 ./Generated_Code/heap_4.o
 .bss.xMinimumEverFreeBytesRemaining
                0x20002280        0x4 ./Generated_Code/heap_4.o
 .bss.xBlockAllocatedBit
                0x20002284        0x4 ./Generated_Code/heap_4.o
 .bss.DeviceDataPrv__DEFAULT_RTOS_ALLOC
                0x20002288        0x4 ./Generated_Code/Watermark.o
 .bss.DeviceDataPrv__DEFAULT_RTOS_ALLOC
                0x2000228c        0x4 ./Generated_Code/TofCE3.o
 .bss.DeviceDataPrv__DEFAULT_RTOS_ALLOC
                0x20002290        0x4 ./Generated_Code/TofCE2.o
 .bss.DeviceDataPrv__DEFAULT_RTOS_ALLOC
                0x20002294        0x4 ./Generated_Code/TofCE1.o
 .bss.DeviceDataPrv__DEFAULT_RTOS_ALLOC
                0x20002298        0x8 ./Generated_Code/TU2.o
 .bss.DeviceDataPrv__DEFAULT_RTOS_ALLOC
                0x200022a0        0xc ./Generated_Code/TU1.o
 .bss.INT_TPM2__BAREBOARD_RTOS_ISRPARAM
                0x200022ac        0x4 ./Generated_Code/TU1.o
 .bss.TMOUT1_Counters
                0x200022b0        0x8 ./Generated_Code/TMOUT1.o
 .bss.TMOUT1_FreeCounters
                0x200022b8        0x4 ./Generated_Code/TMOUT1.o
 .bss.SerFlag   0x200022bc        0x2 ./Generated_Code/Serial1.o
 .bss.Serial1_InpLen
                0x200022be        0x2 ./Generated_Code/Serial1.o
 .bss.InpIndexR
                0x200022c0        0x2 ./Generated_Code/Serial1.o
 .bss.InpIndexW
                0x200022c2        0x2 ./Generated_Code/Serial1.o
 .bss.InpBuffer
                0x200022c4       0x20 ./Generated_Code/Serial1.o
 .bss.BufferRead
                0x200022e4        0x1 ./Generated_Code/Serial1.o
 *fill*         0x200022e5        0x1 00
 .bss.Serial1_OutLen
                0x200022e6        0x2 ./Generated_Code/Serial1.o
 .bss.OutIndexR
                0x200022e8        0x2 ./Generated_Code/Serial1.o
 .bss.OutIndexW
                0x200022ea        0x2 ./Generated_Code/Serial1.o
 .bss.OutBuffer
                0x200022ec       0x20 ./Generated_Code/Serial1.o
 .bss.DeviceDataPrv__DEFAULT_RTOS_ALLOC
                0x2000230c        0xc ./Generated_Code/PwmLdd4.o
 .bss.DeviceDataPrv__DEFAULT_RTOS_ALLOC
                0x20002318        0xc ./Generated_Code/PwmLdd3.o
 .bss.DeviceDataPrv__DEFAULT_RTOS_ALLOC
                0x20002324        0xc ./Generated_Code/PwmLdd2.o
 .bss.DeviceDataPrv__DEFAULT_RTOS_ALLOC
                0x20002330        0xc ./Generated_Code/PwmLdd1.o
 .bss.PE_LDD_DeviceDataList
                0x2000233c       0x58 ./Generated_Code/PE_LDD.o
                0x2000233c                PE_LDD_DeviceDataList
 .bss.sCalValues
                0x20002394        0x8 ./Generated_Code/MMA1.o
 .bss.GI2C2_deviceData
                0x2000239c        0x8 ./Generated_Code/GI2C2.o
 .bss.GI2C2_busSem
                0x200023a4        0x4 ./Generated_Code/GI2C2.o
 .bss.writeBuf.6722
                0x200023a8       0x10 ./Generated_Code/GI2C2.o
 .bss.GI2C1_deviceData
                0x200023b8        0x8 ./Generated_Code/GI2C1.o
 .bss.GI2C1_busSem
                0x200023c0        0x4 ./Generated_Code/GI2C1.o
 .bss.writeBuf.6722
                0x200023c4       0x10 ./Generated_Code/GI2C1.o
 .bss.DeviceDataPrv__DEFAULT_RTOS_ALLOC
                0x200023d4        0x4 ./Generated_Code/DIR_RIGHT1.o
 .bss.DeviceDataPrv__DEFAULT_RTOS_ALLOC
                0x200023d8        0x4 ./Generated_Code/DIR_RIGHT.o
 .bss.DeviceDataPrv__DEFAULT_RTOS_ALLOC
                0x200023dc        0x4 ./Generated_Code/DIR_LEFT1.o
 .bss.DeviceDataPrv__DEFAULT_RTOS_ALLOC
                0x200023e0        0x4 ./Generated_Code/DIR_LEFT.o
 .bss.SR_lock   0x200023e4        0x1 ./Generated_Code/Cpu.o
                0x200023e4                SR_lock
 *fill*         0x200023e5        0x3 00
 .bss.ShellSem  0x200023e8        0x4 ./Generated_Code/CLS1.o
 .bss.DeviceDataPrv__DEFAULT_RTOS_ALLOC
                0x200023ec       0x18 ./Generated_Code/CI2C2.o
 .bss.INT_I2C0__BAREBOARD_RTOS_ISRPARAM
                0x20002404        0x4 ./Generated_Code/CI2C2.o
 .bss.DeviceDataPrv__DEFAULT_RTOS_ALLOC
                0x20002408       0x18 ./Generated_Code/CI2C1.o
 .bss.INT_I2C1__BAREBOARD_RTOS_ISRPARAM
                0x20002420        0x4 ./Generated_Code/CI2C1.o
 .bss.DeviceDataPrv__DEFAULT_RTOS_ALLOC
                0x20002424        0x4 ./Generated_Code/BitIoLdd4.o
 .bss.DeviceDataPrv__DEFAULT_RTOS_ALLOC
                0x20002428        0x4 ./Generated_Code/BitIoLdd3.o
 .bss.DeviceDataPrv__DEFAULT_RTOS_ALLOC
                0x2000242c        0x4 ./Generated_Code/BitIoLdd1.o
 .bss.DeviceDataPrv__DEFAULT_RTOS_ALLOC
                0x20002430        0x4 ./Generated_Code/BT_EN.o
 .bss.DeviceDataPrv__DEFAULT_RTOS_ALLOC
                0x20002434       0x20 ./Generated_Code/ASerialLdd2.o
 .bss.INT_UART1__BAREBOARD_RTOS_ISRPARAM
                0x20002454        0x4 ./Generated_Code/ASerialLdd2.o
 .bss.DeviceDataPrv__DEFAULT_RTOS_ALLOC
                0x20002458       0x20 ./Generated_Code/ASerialLdd1.o
 .bss.INT_UART0__BAREBOARD_RTOS_ISRPARAM
                0x20002478        0x4 ./Generated_Code/ASerialLdd1.o
 .bss.SerFlag   0x2000247c        0x2 ./Generated_Code/AS1.o
 .bss.AS1_InpLen
                0x2000247e        0x2 ./Generated_Code/AS1.o
 .bss.InpIndexR
                0x20002480        0x2 ./Generated_Code/AS1.o
 .bss.InpIndexW
                0x20002482        0x2 ./Generated_Code/AS1.o
 .bss.InpBuffer
                0x20002484       0x40 ./Generated_Code/AS1.o
 .bss.BufferRead
                0x200024c4        0x1 ./Generated_Code/AS1.o
 *fill*         0x200024c5        0x1 00
 .bss.AS1_OutLen
                0x200024c6        0x2 ./Generated_Code/AS1.o
 .bss.OutIndexR
                0x200024c8        0x2 ./Generated_Code/AS1.o
 .bss.OutIndexW
                0x200024ca        0x2 ./Generated_Code/AS1.o
 .bss.OutBuffer
                0x200024cc       0x80 ./Generated_Code/AS1.o
 .bss.OnFreeTxBufSemaphore
                0x2000254c        0x1 ./Generated_Code/AS1.o
 *fill*         0x2000254d        0x3 00
 .bss.argv      0x20002550        0x4 ./Project_Settings/Startup_Code/__arm_start.o
 .bss.courseSet
                0x20002554        0x1 ./Sources/serial_communication.o
 .bss.hello     0x20002555        0x1 ./Sources/serial_communication.o
 .bss.start     0x20002556        0x1 ./Sources/serial_communication.o
 .bss.course    0x20002557        0x1 ./Sources/serial_communication.o
 .bss.tof_l_s   0x20002558        0x2 ./Sources/serial_communication.o
 .bss.tof_r_s   0x2000255a        0x2 ./Sources/serial_communication.o
 .bss.tof_f_s   0x2000255c        0x2 ./Sources/serial_communication.o
 .bss.raupe_i_l
                0x2000255e        0x1 ./Sources/serial_communication.o
 .bss.raupe_i_r
                0x2000255f        0x1 ./Sources/serial_communication.o
 .bss.gyroskop_s
                0x20002560        0x1 ./Sources/serial_communication.o
 .bss.servo_s   0x20002561        0x1 ./Sources/serial_communication.o
 .bss.letter    0x20002562        0x1 ./Sources/serial_communication.o
 *fill*         0x20002563        0x1 00
 .bss.tof_l_i   0x20002564        0x2 ./Sources/serial_communication.o
 .bss.tof_r_i   0x20002566        0x2 ./Sources/serial_communication.o
 .bss.tof_f_i   0x20002568        0x2 ./Sources/serial_communication.o
 .bss.raupe_l_i
                0x2000256a        0x1 ./Sources/serial_communication.o
 .bss.raupe_r_i
                0x2000256b        0x1 ./Sources/serial_communication.o
 .bss.gyro_n    0x2000256c        0x2 ./Sources/serial_communication.o
 .bss.gyro_g    0x2000256e        0x2 ./Sources/serial_communication.o
 .bss.gyroskop_i
                0x20002570        0x1 ./Sources/serial_communication.o
 .bss.servo_i   0x20002571        0x1 ./Sources/serial_communication.o
 .bss.errState  0x20002572        0x1 ./Sources/serial_communication.o
 .bss.kiT       0x20002573        0x1 ./Sources/serial_communication.o
 .bss.timems.7597
                0x20002574        0x1 ./Sources/pid.o
 *fill*         0x20002575        0x1 00
 .bss.pwmLeft   0x20002576        0x2 ./Sources/motor.o
 .bss.pwmRight  0x20002578        0x2 ./Sources/motor.o
 .bss.kpToF     0x2000257a        0x1 ./Sources/driving.o
 .bss.kiToF     0x2000257b        0x1 ./Sources/driving.o
 .bss.kdToF     0x2000257c        0x1 ./Sources/driving.o
 .bss.kpGyro    0x2000257d        0x1 ./Sources/driving.o
 .bss.kiGyro    0x2000257e        0x1 ./Sources/driving.o
 .bss.kdGyro    0x2000257f        0x1 ./Sources/driving.o
 .bss.device    0x20002580        0x1 ./Sources/driving.o
 .bss.speed     0x20002581        0x1 ./Sources/driving.o
 .bss.letter    0x20002582        0x1 ./Sources/driving.o
 .bss.stop      0x20002583        0x1 ./Sources/driving.o
 .bss.parcour   0x20002584        0x1 ./Sources/driving.o
 *fill*         0x20002585        0x1 00
 .bss.timeout   0x20002586        0x2 ./Sources/driving.o
 .bss.optRange  0x20002588        0x1 ./Sources/driving.o
 *fill*         0x20002589        0x1 00
 .bss.optAngel  0x2000258a        0x2 ./Sources/driving.o
 .bss.timems.8208
                0x2000258c        0x1 ./Sources/driving.o
 *fill*         0x2000258d        0x3 00
 .bss.timecount.8209
                0x20002590        0x4 ./Sources/driving.o
 .bss.ToFDevice
                0x20002594       0x14 ./Sources/VL6180X.o
 .bss.device    0x200025a8        0x1 ./Sources/L3G.o
 *fill*         0x200025a9        0x3 00
 .bss.gyro      0x200025ac       0x1c ./Sources/L3G.o
 .bss.vX        0x200025c8      0x190 ./Sources/L3G.o
 .bss.vY        0x20002758      0x190 ./Sources/L3G.o
 .bss.vZ        0x200028e8      0x190 ./Sources/L3G.o
 .bss.Offset    0x20002a78        0x4 ./Sources/L3G.o
 .bss.res       0x20002a7c        0x1 ./Sources/L3G.o
 .bss.accelCounter.7807
                0x20002a7d        0x1 ./Sources/L3G.o
 .bss.iX.7780   0x20002a7e        0x2 ./Sources/L3G.o
 .bss.iY.7781   0x20002a80        0x2 ./Sources/L3G.o
 .bss.iZ.7782   0x20002a82        0x2 ./Sources/L3G.o
 .bss.__stdio_exit
                0x20002a84        0x4 C:/Freescale/CW MCU v10.6/MCU/ARM_GCC_Support/ewl/lib/armv6-m\libc.a(exit.o)
                0x20002a84                __stdio_exit
 .bss.__console_exit
                0x20002a88        0x4 C:/Freescale/CW MCU v10.6/MCU/ARM_GCC_Support/ewl/lib/armv6-m\libc.a(exit.o)
                0x20002a88                __console_exit
 .bss.__S_romp  0x20002a8c        0xc C:/Freescale/CW MCU v10.6/MCU/ARM_GCC_Support/ewl/lib/armv6-m\librt.a(ROMCopy.o)
 .bss.__global_destructor_chain
                0x20002a98        0x4 C:/Freescale/CW MCU v10.6/MCU/ARM_GCC_Support/ewl/lib/armv6-m\librt.a(__arm_eabi_init.o)
                0x20002a98                __global_destructor_chain
 *(COMMON)
 COMMON         0x20002a9c       0x28 ./Generated_Code/queue.o
                0x20002a9c                xQueueRegistry
 COMMON         0x20002ac4        0x4 ./Generated_Code/Serial1.o
                0x20002ac4                ASerialLdd2_DeviceDataPtr
 COMMON         0x20002ac8        0x1 ./Generated_Code/Cpu.o
                0x20002ac8                SR_reg
 *fill*         0x20002ac9        0x3 00
 COMMON         0x20002acc        0x4 ./Generated_Code/AS1.o
                0x20002acc                ASerialLdd1_DeviceDataPtr
 COMMON         0x20002ad0       0x30 ./Sources/pid.o
                0x20002ad0                pid
 COMMON         0x20002b00        0x7 ./Sources/frtos_tasks.o
                0x20002b00                Task3Started
                0x20002b01                Task2Started
                0x20002b02                Task7Started
                0x20002b03                Task4Started
                0x20002b04                Task6Started
                0x20002b05                Task5Started
                0x20002b06                GyroTaskStarted
 *fill*         0x20002b07        0x1 00
 COMMON         0x20002b08        0x4 C:/Freescale/CW MCU v10.6/MCU/ARM_GCC_Support/ewl/lib/armv6-m\libc.a(errno.o)
                0x20002b08                errno
                0x20002b0c                . = ALIGN (0x4)
                0x20002b0c                __END_BSS = .
                0x20002b0c                PROVIDE (__bss_end__, __END_BSS)
                0x00011614                _romp_at = (___ROM_AT + SIZEOF (.data))

.romp           0x20002b0c       0x18 load address 0x00011614
                0x00011614                __S_romp = _romp_at
                0x20002b0c        0x4 LONG 0x115f0 ___ROM_AT
                0x20002b10        0x4 LONG 0x20000000 _sdata
                0x20002b14        0x4 LONG 0x24 ___data_size
                0x20002b18        0x4 LONG 0x0
                0x20002b1c        0x4 LONG 0x0
                0x20002b20        0x4 LONG 0x0

._user_heap_stack
                0x20002b24      0x400 load address 0x0001162c
                0x20002b24                . = ALIGN (0x4)
                0x20002b24                PROVIDE (end, .)
                0x20002b24                PROVIDE (_end, .)
                0x20002b24                __heap_addr = .
                0x20002b24                . = (. + __heap_size)
                0x20002f24                . = (. + __stack_size)
 *fill*         0x20002b24      0x400 00
                0x20002f24                . = ALIGN (0x4)

.ARM.attributes
                0x00000000       0x2f
 *(.ARM.attributes)
 .ARM.attributes
                0x00000000       0x31 ./Generated_Code/tasks.o
 .ARM.attributes
                0x00000031       0x31 ./Generated_Code/queue.o
 .ARM.attributes
                0x00000062       0x31 ./Generated_Code/port.o
 .ARM.attributes
                0x00000093       0x31 ./Generated_Code/list.o
 .ARM.attributes
                0x000000c4       0x31 ./Generated_Code/heap_4.o
 .ARM.attributes
                0x000000f5       0x31 ./Generated_Code/Watermark.o
 .ARM.attributes
                0x00000126       0x31 ./Generated_Code/WAIT1.o
 .ARM.attributes
                0x00000157       0x31 ./Generated_Code/Vectors.o
 .ARM.attributes
                0x00000188       0x31 ./Generated_Code/UTIL1.o
 .ARM.attributes
                0x000001b9       0x31 ./Generated_Code/TofCE3.o
 .ARM.attributes
                0x000001ea       0x31 ./Generated_Code/TofCE2.o
 .ARM.attributes
                0x0000021b       0x31 ./Generated_Code/TofCE1.o
 .ARM.attributes
                0x0000024c       0x31 ./Generated_Code/TU2.o
 .ARM.attributes
                0x0000027d       0x31 ./Generated_Code/TU1.o
 .ARM.attributes
                0x000002ae       0x31 ./Generated_Code/TSK1.o
 .ARM.attributes
                0x000002df       0x31 ./Generated_Code/TMOUT1.o
 .ARM.attributes
                0x00000310       0x31 ./Generated_Code/Serial1.o
 .ARM.attributes
                0x00000341       0x31 ./Generated_Code/RED.o
 .ARM.attributes
                0x00000372       0x31 ./Generated_Code/PwmLdd4.o
 .ARM.attributes
                0x000003a3       0x31 ./Generated_Code/PwmLdd3.o
 .ARM.attributes
                0x000003d4       0x31 ./Generated_Code/PwmLdd2.o
 .ARM.attributes
                0x00000405       0x31 ./Generated_Code/PwmLdd1.o
 .ARM.attributes
                0x00000436       0x31 ./Generated_Code/PWM_RIGHT.o
 .ARM.attributes
                0x00000467       0x31 ./Generated_Code/PWM_LEFT.o
 .ARM.attributes
                0x00000498       0x31 ./Generated_Code/PE_LDD.o
 .ARM.attributes
                0x000004c9       0x31 ./Generated_Code/MMA1.o
 .ARM.attributes
                0x000004fa       0x31 ./Generated_Code/LED_GREEN.o
 .ARM.attributes
                0x0000052b       0x31 ./Generated_Code/GI2C2.o
 .ARM.attributes
                0x0000055c       0x31 ./Generated_Code/GI2C1.o
 .ARM.attributes
                0x0000058d       0x31 ./Generated_Code/FRTOS1.o
 .ARM.attributes
                0x000005be       0x31 ./Generated_Code/DIR_RIGHT1.o
 .ARM.attributes
                0x000005ef       0x31 ./Generated_Code/DIR_RIGHT.o
 .ARM.attributes
                0x00000620       0x31 ./Generated_Code/DIR_LEFT1.o
 .ARM.attributes
                0x00000651       0x31 ./Generated_Code/DIR_LEFT.o
 .ARM.attributes
                0x00000682       0x31 ./Generated_Code/Cpu.o
 .ARM.attributes
                0x000006b3       0x31 ./Generated_Code/CLS1.o
 .ARM.attributes
                0x000006e4       0x31 ./Generated_Code/CI2C2.o
 .ARM.attributes
                0x00000715       0x31 ./Generated_Code/CI2C1.o
 .ARM.attributes
                0x00000746       0x31 ./Generated_Code/BitIoLdd4.o
 .ARM.attributes
                0x00000777       0x31 ./Generated_Code/BitIoLdd3.o
 .ARM.attributes