Archive member included because of file (symbol)

C:/Freescale/CW MCU v10.6/MCU/ARM_GCC_Support/ewl/lib/armv6-m\libc.a(exit.o)
                              ./Project_Settings/Startup_Code/__arm_start.o (exit)
C:/Freescale/CW MCU v10.6/MCU/ARM_GCC_Support/ewl/lib/armv6-m\libc.a(qsort.o)
                              ./Sources/L3G.o (qsort)
C:/Freescale/CW MCU v10.6/MCU/ARM_GCC_Support/ewl/lib/armv6-m\libc.a(memcpy.o)
                              ./Generated_Code/queue.o (memcpy)
C:/Freescale/CW MCU v10.6/MCU/ARM_GCC_Support/ewl/lib/armv6-m\libc.a(memset.o)
                              ./Generated_Code/tasks.o (memset)
C:/Freescale/CW MCU v10.6/MCU/ARM_GCC_Support/ewl/lib/armv6-m\libc.a(strchr.o)
                              ./Generated_Code/UTIL1.o (strchr)
C:/Freescale/CW MCU v10.6/MCU/ARM_GCC_Support/ewl/lib/armv6-m\libc.a(strcmp.o)
                              ./Generated_Code/CLS1.o (strcmp)
C:/Freescale/CW MCU v10.6/MCU/ARM_GCC_Support/ewl/lib/armv6-m\libc.a(strlen.o)
                              ./Generated_Code/tasks.o (strlen)
C:/Freescale/CW MCU v10.6/MCU/ARM_GCC_Support/ewl/lib/armv6-m\libc.a(strncmp.o)
                              ./Generated_Code/UTIL1.o (strncmp)
C:/Freescale/CW MCU v10.6/MCU/ARM_GCC_Support/ewl/lib/armv6-m\libc.a(printformat_.o)
                              (__pformatter_)
C:/Freescale/CW MCU v10.6/MCU/ARM_GCC_Support/ewl/lib/armv6-m\libc.a(scanformat_.o)
                              (__sformatter)
C:/Freescale/CW MCU v10.6/MCU/ARM_GCC_Support/ewl/lib/armv6-m\libc.a(ctype_aeabi.o)
                              C:/Freescale/CW MCU v10.6/MCU/ARM_GCC_Support/ewl/lib/armv6-m\libc.a(scanformat_.o) (isspace)
C:/Freescale/CW MCU v10.6/MCU/ARM_GCC_Support/ewl/lib/armv6-m\libc.a(__strtoul.o)
                              C:/Freescale/CW MCU v10.6/MCU/ARM_GCC_Support/ewl/lib/armv6-m\libc.a(scanformat_.o) (__strtoul)
C:/Freescale/CW MCU v10.6/MCU/ARM_GCC_Support/ewl/lib/armv6-m\libc.a(__filll_mem.o)
                              C:/Freescale/CW MCU v10.6/MCU/ARM_GCC_Support/ewl/lib/armv6-m\libc.a(memset.o) (__fill_mem)
C:/Freescale/CW MCU v10.6/MCU/ARM_GCC_Support/ewl/lib/armv6-m\libc.a(memchr.o)
                              C:/Freescale/CW MCU v10.6/MCU/ARM_GCC_Support/ewl/lib/armv6-m\libc.a(printformat_.o) (memchr)
C:/Freescale/CW MCU v10.6/MCU/ARM_GCC_Support/ewl/lib/armv6-m\libm.a(s_atan.o)
                              ./Sources/L3G.o (atan)
C:/Freescale/CW MCU v10.6/MCU/ARM_GCC_Support/ewl/lib/armv6-m\libm.a(w_asin.o)
                              ./Sources/driving.o (asin)
C:/Freescale/CW MCU v10.6/MCU/ARM_GCC_Support/ewl/lib/armv6-m\libm.a(w_sqrt.o)
                              ./Sources/L3G.o (sqrt)
C:/Freescale/CW MCU v10.6/MCU/ARM_GCC_Support/ewl/lib/armv6-m\libm.a(e_asin.o)
                              C:/Freescale/CW MCU v10.6/MCU/ARM_GCC_Support/ewl/lib/armv6-m\libm.a(w_asin.o) (__ieee754_asin)
C:/Freescale/CW MCU v10.6/MCU/ARM_GCC_Support/ewl/lib/armv6-m\libm.a(e_sqrt.o)
                              C:/Freescale/CW MCU v10.6/MCU/ARM_GCC_Support/ewl/lib/armv6-m\libm.a(w_sqrt.o) (__ieee754_sqrt)
C:/Freescale/CW MCU v10.6/MCU/ARM_GCC_Support/ewl/lib/armv6-m\libm.a(float.o)
                              C:/Freescale/CW MCU v10.6/MCU/ARM_GCC_Support/ewl/lib/armv6-m\libm.a(e_asin.o) (__double_nan)
c:/freescale/cw mcu v10.6/cross_tools/arm-none-eabi-gcc-4_7_3/bin/../lib/gcc/arm-none-eabi/4.7.3/armv6-m\libgcc.a(_thumb1_case_sqi.o)
                              C:/Freescale/CW MCU v10.6/MCU/ARM_GCC_Support/ewl/lib/armv6-m\libc.a(__strtoul.o) (__gnu_thumb1_case_sqi)
c:/freescale/cw mcu v10.6/cross_tools/arm-none-eabi-gcc-4_7_3/bin/../lib/gcc/arm-none-eabi/4.7.3/armv6-m\libgcc.a(_thumb1_case_uqi.o)
                              C:/Freescale/CW MCU v10.6/MCU/ARM_GCC_Support/ewl/lib/armv6-m\libc.a(scanformat_.o) (__gnu_thumb1_case_uqi)
c:/freescale/cw mcu v10.6/cross_tools/arm-none-eabi-gcc-4_7_3/bin/../lib/gcc/arm-none-eabi/4.7.3/armv6-m\libgcc.a(_udivsi3.o)
                              ./Generated_Code/XF1.o (__aeabi_uidiv)
c:/freescale/cw mcu v10.6/cross_tools/arm-none-eabi-gcc-4_7_3/bin/../lib/gcc/arm-none-eabi/4.7.3/armv6-m\libgcc.a(_divsi3.o)
                              ./Generated_Code/UTIL1.o (__aeabi_idiv)
c:/freescale/cw mcu v10.6/cross_tools/arm-none-eabi-gcc-4_7_3/bin/../lib/gcc/arm-none-eabi/4.7.3/armv6-m\libgcc.a(_dvmd_tls.o)
                              c:/freescale/cw mcu v10.6/cross_tools/arm-none-eabi-gcc-4_7_3/bin/../lib/gcc/arm-none-eabi/4.7.3/armv6-m\libgcc.a(_udivsi3.o) (__aeabi_idiv0)
c:/freescale/cw mcu v10.6/cross_tools/arm-none-eabi-gcc-4_7_3/bin/../lib/gcc/arm-none-eabi/4.7.3/armv6-m\libgcc.a(_arm_cmpdf2.o)
                              C:/Freescale/CW MCU v10.6/MCU/ARM_GCC_Support/ewl/lib/armv6-m\libm.a(s_atan.o) (__aeabi_dcmpgt)
c:/freescale/cw mcu v10.6/cross_tools/arm-none-eabi-gcc-4_7_3/bin/../lib/gcc/arm-none-eabi/4.7.3/armv6-m\libgcc.a(_arm_cmpsf2.o)
                              ./Generated_Code/UTIL1.o (__aeabi_fcmplt)
[...]
Memory Configuration

Name             Origin             Length             Attributes
m_interrupts     0x00000000         0x000000c0         xr
m_text           0x00000410         0x0001fbf0         xr
m_data           0x1ffff000         0x00004000         rw
m_cfmprotrom     0x00000400         0x00000010         xr
*default*        0x00000000         0xffffffff

Linker script and memory map

LOAD ./Generated_Code/timers.o
LOAD ./Generated_Code/tasks.o
LOAD ./Generated_Code/queue.o
LOAD ./Generated_Code/portasm.o
LOAD ./Generated_Code/port.o
LOAD ./Generated_Code/mpu_wrappers.o
LOAD ./Generated_Code/list.o
LOAD ./Generated_Code/heap_5.o
LOAD ./Generated_Code/heap_4.o
LOAD ./Generated_Code/heap_3.o
LOAD ./Generated_Code/heap_2.o
LOAD ./Generated_Code/heap_1.o
LOAD ./Generated_Code/event_groups.o
LOAD ./Generated_Code/croutine.o
LOAD ./Generated_Code/XF1.o
LOAD ./Generated_Code/Watermark.o
LOAD ./Generated_Code/WAIT1.o
LOAD ./Generated_Code/Vectors.o
LOAD ./Generated_Code/UTIL1.o
LOAD ./Generated_Code/Toggle.o
LOAD ./Generated_Code/TofCE3.o
LOAD ./Generated_Code/TofCE2.o
LOAD ./Generated_Code/TofCE1.o
LOAD ./Generated_Code/TU2.o
LOAD ./Generated_Code/TU1.o
LOAD ./Generated_Code/TSK1.o
LOAD ./Generated_Code/TMOUT1.o
LOAD ./Generated_Code/Serial1.o
LOAD ./Generated_Code/RED.o
LOAD ./Generated_Code/PwmLdd4.o
LOAD ./Generated_Code/PwmLdd3.o
LOAD ./Generated_Code/PwmLdd2.o
LOAD ./Generated_Code/PwmLdd1.o
LOAD ./Generated_Code/PWM_Servo.o
LOAD ./Generated_Code/PWM_RIGHT.o
LOAD ./Generated_Code/PWM_LEFT.o
LOAD ./Generated_Code/PWM_Gyro.o
LOAD ./Generated_Code/PE_LDD.o
LOAD ./Generated_Code/MMA1.o
LOAD ./Generated_Code/MCUC1.o
LOAD ./Generated_Code/LEDpin4.o
LOAD ./Generated_Code/LEDpin3.o
LOAD ./Generated_Code/LED_GREEN.o
LOAD ./Generated_Code/GI2C2.o
LOAD ./Generated_Code/GI2C1.o
LOAD ./Generated_Code/FRTOS1.o
LOAD ./Generated_Code/DIR_RIGHT1.o
LOAD ./Generated_Code/DIR_RIGHT.o
LOAD ./Generated_Code/DIR_LEFT1.o
LOAD ./Generated_Code/DIR_LEFT.o
LOAD ./Generated_Code/Cpu.o
LOAD ./Generated_Code/CS1.o
LOAD ./Generated_Code/CLS1.o
LOAD ./Generated_Code/CI2C2.o
LOAD ./Generated_Code/CI2C1.o
LOAD ./Generated_Code/BitIoLdd4.o
LOAD ./Generated_Code/BitIoLdd3.o
LOAD ./Generated_Code/BitIoLdd1.o
LOAD ./Generated_Code/BT_EN.o
LOAD ./Generated_Code/BTState1.o
LOAD ./Generated_Code/BT1.o
LOAD ./Generated_Code/ASerialLdd2.o
LOAD ./Generated_Code/ASerialLdd1.o
LOAD ./Generated_Code/AS1.o
LOAD ./Project_Settings/Startup_Code/__arm_start.o
LOAD ./Project_Settings/Startup_Code/__arm_end.o
LOAD ./Sources/serial_communication.o
LOAD ./Sources/sa_mtb.o
LOAD ./Sources/pid.o
LOAD ./Sources/motor.o
LOAD ./Sources/main.o
LOAD ./Sources/frtos_tasks.o
LOAD ./Sources/driving.o
LOAD ./Sources/VL6180X.o
LOAD ./Sources/L3G.o
LOAD ./Sources/Events.o
                0x0000faa4                __pformatter = __pformatter_
                [0x0000fecc]                __sformatter = __sformatter
START GROUP
LOAD C:/Freescale/CW MCU v10.6/MCU/ARM_GCC_Support/ewl/lib/armv6-m\libc.a
LOAD C:/Freescale/CW MCU v10.6/MCU/ARM_GCC_Support/ewl/lib/armv6-m\libm.a
LOAD c:/freescale/cw mcu v10.6/cross_tools/arm-none-eabi-gcc-4_7_3/bin/../lib/gcc/arm-none-eabi/4.7.3/armv6-m\libgcc.a
LOAD C:/Freescale/CW MCU v10.6/MCU/ARM_GCC_Support/ewl/lib/armv6-m\librt.a
LOAD C:/Freescale/CW MCU v10.6/MCU/ARM_GCC_Support/ewl/lib/armv6-m\libuart.a
END GROUP
                0x20003000                _estack = 0x20003000
                0x20003000                __SP_INIT = _estack
                0x00000000                __heap_size = 0x0
                0x00000400                __stack_size = 0x400

.interrupts     0x00000000       0xc0
                0x00000000                __vector_table = .
                0x00000000                . = ALIGN (0x4)
 *(.vectortable)
 .vectortable   0x00000000       0xc0 ./Generated_Code/Vectors.o
                0x00000000                __vect_table
                0x000000c0                . = ALIGN (0x4)

.cfmprotect     0x00000400       0x10
                0x00000400                . = ALIGN (0x4)
 *(.cfmconfig)
 .cfmconfig     0x00000400       0x10 ./Generated_Code/Cpu.o
                0x00000400                _cfm
                0x00000410                . = ALIGN (0x4)

.text           0x00000410    0x12240
                0x00000410                . = ALIGN (0x4)
 *(.text)
 .text          0x00000410       0x14 c:/freescale/cw mcu v10.6/cross_tools/arm-none-eabi-gcc-4_7_3/bin/../lib/gcc/arm-none-eabi/4.7.3/armv6-m\libgcc.a(_thumb1_case_sqi.o)
                0x00000410                __gnu_thumb1_case_sqi
 .text          0x00000424       0x14 c:/freescale/cw mcu v10.6/cross_tools/arm-none-eabi-gcc-4_7_3/bin/../lib/gcc/arm-none-eabi/4.7.3/armv6-m\libgcc.a(_thumb1_case_uqi.o)
                0x00000424                __gnu_thumb1_case_uqi
 .text          0x00000438       0x9c c:/freescale/cw mcu v10.6/cross_tools/arm-none-eabi-gcc-4_7_3/bin/../lib/gcc/arm-none-eabi/4.7.3/armv6-m\libgcc.a(_udivsi3.o)
                0x00000438                __aeabi_uidiv
                0x00000438                __udivsi3
                0x000004c0                __aeabi_uidivmod
 .text          0x000004d4       0xc0 c:/freescale/cw mcu v10.6/cross_tools/arm-none-eabi-gcc-4_7_3/bin/../lib/gcc/arm-none-eabi/4.7.3/armv6-m\libgcc.a(_divsi3.o)
                0x000004d4                __divsi3
                0x000004d4                __aeabi_idiv
                0x00000580                __aeabi_idivmod
 .text          0x00000594        0x4 c:/freescale/cw mcu v10.6/cross_tools/arm-none-eabi-gcc-4_7_3/bin/../lib/gcc/arm-none-eabi/4.7.3/armv6-m\libgcc.a(_dvmd_tls.o)
                0x00000594                __aeabi_idiv0
                0x00000594                __aeabi_ldiv0
 .text          0x00000598       0x7c c:/freescale/cw mcu v10.6/cross_tools/arm-none-eabi-gcc-4_7_3/bin/../lib/gcc/arm-none-eabi/4.7.3/armv6-m\libgcc.a(_arm_cmpdf2.o)
                0x00000598                __aeabi_cdrcmple
                0x000005a8                __aeabi_cdcmple
                0x000005a8                __aeabi_cdcmpeq
                0x000005b8                __aeabi_dcmpeq
                0x000005c4                __aeabi_dcmplt
                0x000005d8                __aeabi_dcmple
                0x000005ec                __aeabi_dcmpgt
                0x00000600                __aeabi_dcmpge
 .text          0x00000614       0x74 c:/freescale/cw mcu v10.6/cross_tools/arm-none-eabi-gcc-4_7_3/bin/../lib/gcc/arm-none-eabi/4.7.3/armv6-m\libgcc.a(_arm_cmpsf2.o)
                0x00000614                __aeabi_cfrcmple
                0x0000061c                __aeabi_cfcmpeq
                0x0000061c                __aeabi_cfcmple
                0x0000062c                __aeabi_fcmpeq
                0x00000638                __aeabi_fcmplt
                0x0000064c                __aeabi_fcmple
                0x00000660                __aeabi_fcmpgt
                0x00000674                __aeabi_fcmpge
 .text          0x00000688       0x30 c:/freescale/cw mcu v10.6/cross_tools/arm-none-eabi-gcc-4_7_3/bin/../lib/gcc/arm-none-eabi/4.7.3/armv6-m\libgcc.a(_fixunssfsi.o)
                0x00000688                __fixunssfsi
                0x00000688                __aeabi_f2uiz
 .text          0x000006b8      0x3a4 c:/freescale/cw mcu v10.6/cross_tools/arm-none-eabi-gcc-4_7_3/bin/../lib/gcc/arm-none-eabi/4.7.3/armv6-m\libgcc.a(addsf3.o)
                0x000006b8                __aeabi_fadd
 .text          0x00000a5c       0x50 c:/freescale/cw mcu v10.6/cross_tools/arm-none-eabi-gcc-4_7_3/bin/../lib/gcc/arm-none-eabi/4.7.3/armv6-m\libgcc.a(eqsf2.o)
                0x00000a5c                __eqsf2
                0x00000a5c                __nesf2
 .text          0x00000aac       0x90 c:/freescale/cw mcu v10.6/cross_tools/arm-none-eabi-gcc-4_7_3/bin/../lib/gcc/arm-none-eabi/4.7.3/armv6-m\libgcc.a(gesf2.o)
                0x00000aac                __gesf2
                0x00000aac                __gtsf2
 .text          0x00000b3c       0x90 c:/freescale/cw mcu v10.6/cross_tools/arm-none-eabi-gcc-4_7_3/bin/../lib/gcc/arm-none-eabi/4.7.3/armv6-m\libgcc.a(lesf2.o)
                0x00000b3c                __ltsf2
                0x00000b3c                __lesf2
 .text          0x00000bcc      0x260 c:/freescale/cw mcu v10.6/cross_tools/arm-none-eabi-gcc-4_7_3/bin/../lib/gcc/arm-none-eabi/4.7.3/armv6-m\libgcc.a(mulsf3.o)
                0x00000bcc                __aeabi_fmul
 .text          0x00000e2c      0x3ac c:/freescale/cw mcu v10.6/cross_tools/arm-none-eabi-gcc-4_7_3/bin/../lib/gcc/arm-none-eabi/4.7.3/armv6-m\libgcc.a(subsf3.o)
                0x00000e2c                __aeabi_fsub
 .text          0x000011d8       0x40 c:/freescale/cw mcu v10.6/cross_tools/arm-none-eabi-gcc-4_7_3/bin/../lib/gcc/arm-none-eabi/4.7.3/armv6-m\libgcc.a(fixsfsi.o)
                0x000011d8                __aeabi_f2iz
 .text          0x00001218       0xa8 c:/freescale/cw mcu v10.6/cross_tools/arm-none-eabi-gcc-4_7_3/bin/../lib/gcc/arm-none-eabi/4.7.3/armv6-m\libgcc.a(floatsisf.o)
                0x00001218                __aeabi_i2f
 .text          0x000012c0      0x758 c:/freescale/cw mcu v10.6/cross_tools/arm-none-eabi-gcc-4_7_3/bin/../lib/gcc/arm-none-eabi/4.7.3/armv6-m\libgcc.a(adddf3.o)
                0x000012c0                __aeabi_dadd
 .text          0x00001a18      0x5b8 c:/freescale/cw mcu v10.6/cross_tools/arm-none-eabi-gcc-4_7_3/bin/../lib/gcc/arm-none-eabi/4.7.3/armv6-m\libgcc.a(divdf3.o)
                0x00001a18                __aeabi_ddiv
 .text          0x00001fd0       0x7c c:/freescale/cw mcu v10.6/cross_tools/arm-none-eabi-gcc-4_7_3/bin/../lib/gcc/arm-none-eabi/4.7.3/armv6-m\libgcc.a(eqdf2.o)
                0x00001fd0                __nedf2
                0x00001fd0                __eqdf2
 .text          0x0000204c       0xe8 c:/freescale/cw mcu v10.6/cross_tools/arm-none-eabi-gcc-4_7_3/bin/../lib/gcc/arm-none-eabi/4.7.3/armv6-m\libgcc.a(gedf2.o)
                0x0000204c                __gedf2
                0x0000204c                __gtdf2
 .text          0x00002134       0xd8 c:/freescale/cw mcu v10.6/cross_tools/arm-none-eabi-gcc-4_7_3/bin/../lib/gcc/arm-none-eabi/4.7.3/armv6-m\libgcc.a(ledf2.o)
                0x00002134                __ledf2
                0x00002134                __ltdf2
 .text          0x0000220c      0x4e4 c:/freescale/cw mcu v10.6/cross_tools/arm-none-eabi-gcc-4_7_3/bin/../lib/gcc/arm-none-eabi/4.7.3/armv6-m\libgcc.a(muldf3.o)
                0x0000220c                __aeabi_dmul
 .text          0x000026f0      0x6f8 c:/freescale/cw mcu v10.6/cross_tools/arm-none-eabi-gcc-4_7_3/bin/../lib/gcc/arm-none-eabi/4.7.3/armv6-m\libgcc.a(subdf3.o)
                0x000026f0                __aeabi_dsub
 .text          0x00002de8       0x68 c:/freescale/cw mcu v10.6/cross_tools/arm-none-eabi-gcc-4_7_3/bin/../lib/gcc/arm-none-eabi/4.7.3/armv6-m\libgcc.a(fixdfsi.o)
                0x00002de8                __aeabi_d2iz
 .text          0x00002e50       0x74 c:/freescale/cw mcu v10.6/cross_tools/arm-none-eabi-gcc-4_7_3/bin/../lib/gcc/arm-none-eabi/4.7.3/armv6-m\libgcc.a(floatsidf.o)
                0x00002e50                __aeabi_i2d
 .text          0x00002ec4       0xa8 c:/freescale/cw mcu v10.6/cross_tools/arm-none-eabi-gcc-4_7_3/bin/../lib/gcc/arm-none-eabi/4.7.3/armv6-m\libgcc.a(extendsfdf2.o)
                0x00002ec4                __aeabi_f2d
 .text          0x00002f6c      0x134 c:/freescale/cw mcu v10.6/cross_tools/arm-none-eabi-gcc-4_7_3/bin/../lib/gcc/arm-none-eabi/4.7.3/armv6-m\libgcc.a(truncdfsf2.o)
                0x00002f6c                __aeabi_d2f
 .text          0x000030a0       0x3c c:/freescale/cw mcu v10.6/cross_tools/arm-none-eabi-gcc-4_7_3/bin/../lib/gcc/arm-none-eabi/4.7.3/armv6-m\libgcc.a(_clzsi2.o)
                0x000030a0                __clzsi2
 *(.text*)
 .text.xTaskCreate
                0x000030dc       0x90 ./Generated_Code/tasks.o
                0x000030dc                xTaskCreate
 .text.prvInitialiseNewTask
                0x0000316c      0x10c ./Generated_Code/tasks.o
 .text.prvAddNewTaskToReadyList
                0x00003278       0xc4 ./Generated_Code/tasks.o
 .text.vTaskDelay
                0x0000333c       0x48 ./Generated_Code/tasks.o
                0x0000333c                vTaskDelay
 .text.vTaskStartScheduler
                0x00003384       0x6c ./Generated_Code/tasks.o
                0x00003384                vTaskStartScheduler
 .text.vTaskSuspendAll
                0x000033f0       0x18 ./Generated_Code/tasks.o
                0x000033f0                vTaskSuspendAll
 .text.xTaskResumeAll
                0x00003408      0x118 ./Generated_Code/tasks.o
                0x00003408                xTaskResumeAll
 .text.xTaskGetTickCount
                0x00003520       0x24 ./Generated_Code/tasks.o
                0x00003520                xTaskGetTickCount
 .text.xTaskIncrementTick
                0x00003544      0x17c ./Generated_Code/tasks.o
                0x00003544                xTaskIncrementTick
 .text.vTaskSwitchContext
                0x000036c0       0xc4 ./Generated_Code/tasks.o
                0x000036c0                vTaskSwitchContext
 .text.vTaskPlaceOnEventList
                0x00003784       0x38 ./Generated_Code/tasks.o
                0x00003784                vTaskPlaceOnEventList
 .text.xTaskRemoveFromEventList
                0x000037bc       0xb8 ./Generated_Code/tasks.o
                0x000037bc                xTaskRemoveFromEventList
 .text.vTaskSetTimeOutState
                0x00003874       0x30 ./Generated_Code/tasks.o
                0x00003874                vTaskSetTimeOutState
 .text.xTaskCheckForTimeOut
                0x000038a4       0xbc ./Generated_Code/tasks.o
                0x000038a4                xTaskCheckForTimeOut
 .text.vTaskMissedYield
                0x00003960       0x14 ./Generated_Code/tasks.o
                0x00003960                vTaskMissedYield
 .text.prvIdleTask
                0x00003974       0x24 ./Generated_Code/tasks.o
 .text.prvInitialiseTaskLists
                0x00003998       0x88 ./Generated_Code/tasks.o
 .text.prvCheckTasksWaitingTermination
                0x00003a20       0x74 ./Generated_Code/tasks.o
 .text.prvDeleteTCB
                0x00003a94       0x20 ./Generated_Code/tasks.o
 .text.prvResetNextTaskUnblockTime
                0x00003ab4       0x44 ./Generated_Code/tasks.o
 .text.xTaskGetCurrentTaskHandle
                0x00003af8       0x1c ./Generated_Code/tasks.o
                0x00003af8                xTaskGetCurrentTaskHandle
 .text.xTaskGetSchedulerState
                0x00003b14       0x38 ./Generated_Code/tasks.o
                0x00003b14                xTaskGetSchedulerState
 .text.vTaskPriorityInherit
                0x00003b4c       0xbc ./Generated_Code/tasks.o
                0x00003b4c                vTaskPriorityInherit
 .text.xTaskPriorityDisinherit
                0x00003c08       0xb8 ./Generated_Code/tasks.o
                0x00003c08                xTaskPriorityDisinherit
 .text.pvTaskIncrementMutexHeldCount
                0x00003cc0       0x24 ./Generated_Code/tasks.o
                0x00003cc0                pvTaskIncrementMutexHeldCount
 .text.prvAddCurrentTaskToDelayedList
                0x00003ce4       0xb0 ./Generated_Code/tasks.o
 .text.xQueueGenericReset
                0x00003d94       0xac ./Generated_Code/queue.o
                0x00003d94                xQueueGenericReset
 .text.xQueueGenericCreate
                0x00003e40       0x64 ./Generated_Code/queue.o
                0x00003e40                xQueueGenericCreate
 .text.prvInitialiseNewQueue
                0x00003ea4       0x44 ./Generated_Code/queue.o
 .text.prvInitialiseMutex
                0x00003ee8       0x34 ./Generated_Code/queue.o
 .text.xQueueCreateMutex
                0x00003f1c       0x3c ./Generated_Code/queue.o
                0x00003f1c                xQueueCreateMutex
 .text.xQueueGiveMutexRecursive
                0x00003f58       0x58 ./Generated_Code/queue.o
                0x00003f58                xQueueGiveMutexRecursive
 .text.xQueueTakeMutexRecursive
                0x00003fb0       0x64 ./Generated_Code/queue.o
                0x00003fb0                xQueueTakeMutexRecursive
 .text.xQueueGenericSend
                0x00004014      0x1a0 ./Generated_Code/queue.o
                0x00004014                xQueueGenericSend
 .text.xQueueGenericReceive
                0x000041b4      0x1e0 ./Generated_Code/queue.o
                0x000041b4                xQueueGenericReceive
 .text.vQueueDelete
                0x00004394       0x2c ./Generated_Code/queue.o
                0x00004394                vQueueDelete
 .text.prvCopyDataToQueue
                0x000043c0       0xe0 ./Generated_Code/queue.o
 .text.prvCopyDataFromQueue
                0x000044a0       0x50 ./Generated_Code/queue.o
 .text.prvUnlockQueue
                0x000044f0       0xc0 ./Generated_Code/queue.o
 .text.prvIsQueueEmpty
                0x000045b0       0x2c ./Generated_Code/queue.o
 .text.prvIsQueueFull
                0x000045dc       0x30 ./Generated_Code/queue.o
 .text.vQueueAddToRegistry
                0x0000460c       0x4c ./Generated_Code/queue.o
                0x0000460c                vQueueAddToRegistry
 .text.vQueueUnregisterQueue
                0x00004658       0x50 ./Generated_Code/queue.o
                0x00004658                vQueueUnregisterQueue
 .text.pxPortInitialiseStack
                0x000046a8       0x50 ./Generated_Code/port.o
                0x000046a8                pxPortInitialiseStack
 .text.vPortInitTickTimer
                0x000046f8       0x44 ./Generated_Code/port.o
                0x000046f8                vPortInitTickTimer
 .text.vPortStartTickTimer
                0x0000473c       0x14 ./Generated_Code/port.o
                0x0000473c                vPortStartTickTimer
 .text.vPortStopTickTimer
                0x00004750       0x14 ./Generated_Code/port.o
                0x00004750                vPortStopTickTimer
 .text.xPortStartScheduler
                0x00004764       0x34 ./Generated_Code/port.o
                0x00004764                xPortStartScheduler
 .text.vPortEnterCritical
                0x00004798       0x20 ./Generated_Code/port.o
                0x00004798                vPortEnterCritical
 .text.vPortExitCritical
                0x000047b8       0x20 ./Generated_Code/port.o
                0x000047b8                vPortExitCritical
 .text.vPortYieldFromISR
                0x000047d8       0x1c ./Generated_Code/port.o
                0x000047d8                vPortYieldFromISR
 .text.vPortTickHandler
                0x000047f4       0x1c ./Generated_Code/port.o
                0x000047f4                vPortTickHandler
 .text.vPortStartFirstTask
                0x00004810       0x50 ./Generated_Code/port.o
                0x00004810                vPortStartFirstTask
 .text.vPortPendSVHandler
                0x00004860       0x44 ./Generated_Code/port.o
                0x00004860                vPortPendSVHandler
 .text.vListInitialise
                0x000048a4       0x3c ./Generated_Code/list.o
                0x000048a4                vListInitialise
 .text.vListInitialiseItem
                0x000048e0       0x14 ./Generated_Code/list.o
                0x000048e0                vListInitialiseItem
 .text.vListInsertEnd
                0x000048f4       0x44 ./Generated_Code/list.o
                0x000048f4                vListInsertEnd
 .text.vListInsert
                0x00004938       0x6c ./Generated_Code/list.o
                0x00004938                vListInsert
 .text.uxListRemove
                0x000049a4       0x50 ./Generated_Code/list.o
                0x000049a4                uxListRemove
 .text.pvPortMalloc
                0x000049f4      0x160 ./Generated_Code/heap_4.o
                0x000049f4                pvPortMalloc
 .text.vPortFree
                0x00004b54       0x94 ./Generated_Code/heap_4.o
                0x00004b54                vPortFree
 .text.prvHeapInit
                0x00004be8       0xc4 ./Generated_Code/heap_4.o
 .text.prvInsertBlockIntoFreeList
                0x00004cac       0xac ./Generated_Code/heap_4.o
 .text.Watermark_Init
                0x00004d58       0x58 ./Generated_Code/Watermark.o
                0x00004d58                Watermark_Init
 .text.WAIT1_Wait10Cycles
                0x00004db0        0x8 ./Generated_Code/WAIT1.o
                0x00004db0                WAIT1_Wait10Cycles
 .text.WAIT1_Wait100Cycles
                0x00004db8       0x24 ./Generated_Code/WAIT1.o
                0x00004db8                WAIT1_Wait100Cycles
 .text.WAIT1_WaitCycles
                0x00004ddc       0x44 ./Generated_Code/WAIT1.o
                0x00004ddc                WAIT1_WaitCycles
 .text.WAIT1_WaitLongCycles
                0x00004e20       0x3c ./Generated_Code/WAIT1.o
                0x00004e20                WAIT1_WaitLongCycles
 .text.WAIT1_Waitms
                0x00004e5c       0x38 ./Generated_Code/WAIT1.o
                0x00004e5c                WAIT1_Waitms
 .text.WAIT1_Init
                0x00004e94        0x8 ./Generated_Code/WAIT1.o
                0x00004e94                WAIT1_Init
 .text.UTIL1_strcpy
                0x00004e9c       0x48 ./Generated_Code/UTIL1.o
                0x00004e9c                UTIL1_strcpy
 .text.UTIL1_strcat
                0x00004ee4       0x64 ./Generated_Code/UTIL1.o
                0x00004ee4                UTIL1_strcat
 .text.UTIL1_chcat
                0x00004f48       0x50 ./Generated_Code/UTIL1.o
                0x00004f48                UTIL1_chcat
 .text.UTIL1_Num8uToStr
                0x00004f98       0x28 ./Generated_Code/UTIL1.o
                0x00004f98                UTIL1_Num8uToStr
 .text.UTIL1_Num8sToStr
                0x00004fc0       0x2c ./Generated_Code/UTIL1.o
                0x00004fc0                UTIL1_Num8sToStr
 .text.UTIL1_Num16uToStr
                0x00004fec      0x138 ./Generated_Code/UTIL1.o
                0x00004fec                UTIL1_Num16uToStr
 .text.UTIL1_Num16sToStr
                0x00005124      0x1b8 ./Generated_Code/UTIL1.o
                0x00005124                UTIL1_Num16sToStr
 .text.UTIL1_strcatNum32u
                0x000052dc       0x34 ./Generated_Code/UTIL1.o
                0x000052dc                UTIL1_strcatNum32u
 .text.UTIL1_Num32sToStr
                0x00005310      0x194 ./Generated_Code/UTIL1.o
                0x00005310                UTIL1_Num32sToStr
 .text.UTIL1_Num32uToStr
                0x000054a4      0x12c ./Generated_Code/UTIL1.o
                0x000054a4                UTIL1_Num32uToStr
 .text.UTIL1_xatoi
                0x000055d0      0x1f0 ./Generated_Code/UTIL1.o
                0x000055d0                UTIL1_xatoi
 .text.isHexCharacter
                0x000057c0       0x4c ./Generated_Code/UTIL1.o
 .text.PreScanHexNumber
                0x0000580c       0x54 ./Generated_Code/UTIL1.o
 .text.HexToDec
                0x00005860       0xb0 ./Generated_Code/UTIL1.o
 .text.UTIL1_ScanHex8uNumber
                0x00005910       0x9c ./Generated_Code/UTIL1.o
                0x00005910                UTIL1_ScanHex8uNumber
 .text.UTIL1_strtailcmp
                0x000059ac       0x64 ./Generated_Code/UTIL1.o
                0x000059ac                UTIL1_strtailcmp
 .text.Toggle_Init
                0x00005a10       0x60 ./Generated_Code/Toggle.o
                0x00005a10                Toggle_Init
 .text.Toggle_GetVal
                0x00005a70       0x28 ./Generated_Code/Toggle.o
                0x00005a70                Toggle_GetVal
 .text.Toggle_PutVal
                0x00005a98       0x30 ./Generated_Code/Toggle.o
                0x00005a98                Toggle_PutVal
 .text.TofCE3_Init
                0x00005ac8       0x64 ./Generated_Code/TofCE3.o
                0x00005ac8                TofCE3_Init
 .text.TofCE3_SetInput
                0x00005b2c       0x24 ./Generated_Code/TofCE3.o
                0x00005b2c                TofCE3_SetInput
 .text.TofCE3_SetOutput
                0x00005b50       0x20 ./Generated_Code/TofCE3.o
                0x00005b50                TofCE3_SetOutput
 .text.TofCE3_ClrVal
                0x00005b70       0x1c ./Generated_Code/TofCE3.o
                0x00005b70                TofCE3_ClrVal
 .text.TofCE2_Init
                0x00005b8c       0x64 ./Generated_Code/TofCE2.o
                0x00005b8c                TofCE2_Init
 .text.TofCE2_SetInput
                0x00005bf0       0x24 ./Generated_Code/TofCE2.o
                0x00005bf0                TofCE2_SetInput
 .text.TofCE2_SetOutput
                0x00005c14       0x20 ./Generated_Code/TofCE2.o
                0x00005c14                TofCE2_SetOutput
 .text.TofCE2_ClrVal
                0x00005c34       0x1c ./Generated_Code/TofCE2.o
                0x00005c34                TofCE2_ClrVal
 .text.TofCE1_Init
                0x00005c50       0x64 ./Generated_Code/TofCE1.o
                0x00005c50                TofCE1_Init
 .text.TofCE1_SetInput
                0x00005cb4       0x24 ./Generated_Code/TofCE1.o
                0x00005cb4                TofCE1_SetInput
 .text.TofCE1_SetOutput
                0x00005cd8       0x20 ./Generated_Code/TofCE1.o
                0x00005cd8                TofCE1_SetOutput
 .text.TofCE1_ClrVal
                0x00005cf8       0x1c ./Generated_Code/TofCE1.o
                0x00005cf8                TofCE1_ClrVal
 .text.TU2_Init
                0x00005d14       0xf8 ./Generated_Code/TU2.o
                0x00005d14                TU2_Init
 .text.TU2_GetPeriodTicks
                0x00005e0c       0x3c ./Generated_Code/TU2.o
                0x00005e0c                TU2_GetPeriodTicks
 .text.TU2_SetOffsetTicks
                0x00005e48       0x58 ./Generated_Code/TU2.o
                0x00005e48                TU2_SetOffsetTicks
 .text.TU1_Init
                0x00005ea0      0x11c ./Generated_Code/TU1.o
                0x00005ea0                TU1_Init
 .text.TU1_GetPeriodTicks
                0x00005fbc       0x3c ./Generated_Code/TU1.o
                0x00005fbc                TU1_GetPeriodTicks
 .text.TU1_SetOffsetTicks
                0x00005ff8       0x58 ./Generated_Code/TU1.o
                0x00005ff8                TU1_SetOffsetTicks
 .text.TU1_Interrupt
                0x00006050       0x5c ./Generated_Code/TU1.o
                0x00006050                TU1_Interrupt
 .text.TSK1_CreateTasks
                0x000060ac        0xc ./Generated_Code/TSK1.o
                0x000060ac                TSK1_CreateTasks
 .text.TMOUT1_GetCounter
                0x000060b8       0x90 ./Generated_Code/TMOUT1.o
                0x000060b8                TMOUT1_GetCounter
 .text.TMOUT1_LeaveCounter
                0x00006148       0x40 ./Generated_Code/TMOUT1.o
                0x00006148                TMOUT1_LeaveCounter
 .text.TMOUT1_CounterExpired
                0x00006188       0x44 ./Generated_Code/TMOUT1.o
                0x00006188                TMOUT1_CounterExpired
 .text.TMOUT1_AddTick
                0x000061cc       0x50 ./Generated_Code/TMOUT1.o
                0x000061cc                TMOUT1_AddTick
 .text.TMOUT1_Init
                0x0000621c       0x44 ./Generated_Code/TMOUT1.o
                0x0000621c                TMOUT1_Init
 .text.HWEnDi   0x00006260       0x20 ./Generated_Code/Serial1.o
 .text.Serial1_RecvChar
                0x00006280       0xe8 ./Generated_Code/Serial1.o
                0x00006280                Serial1_RecvChar
 .text.Serial1_SendChar
                0x00006368       0xec ./Generated_Code/Serial1.o
                0x00006368                Serial1_SendChar
 .text.Serial1_SendBlock
                0x00006454      0x13c ./Generated_Code/Serial1.o
                0x00006454                Serial1_SendBlock
 .text.Serial1_ClearRxBuf
                0x00006590       0x78 ./Generated_Code/Serial1.o
                0x00006590                Serial1_ClearRxBuf
 .text.Serial1_GetCharsInRxBuf
                0x00006608       0x14 ./Generated_Code/Serial1.o
                0x00006608                Serial1_GetCharsInRxBuf
 .text.Serial1_Init
                0x0000661c       0x64 ./Generated_Code/Serial1.o
                0x0000661c                Serial1_Init
 .text.ASerialLdd2_OnBlockReceived
                0x00006680       0x80 ./Generated_Code/Serial1.o
                0x00006680                ASerialLdd2_OnBlockReceived
 .text.ASerialLdd2_OnBlockSent
                0x00006700       0x88 ./Generated_Code/Serial1.o
                0x00006700                ASerialLdd2_OnBlockSent
 .text.ASerialLdd2_OnError
                0x00006788       0x90 ./Generated_Code/Serial1.o
                0x00006788                ASerialLdd2_OnError
 .text.ASerialLdd2_OnBreak
                0x00006818       0x20 ./Generated_Code/Serial1.o
                0x00006818                ASerialLdd2_OnBreak
 .text.RED_Init
                0x00006838       0x18 ./Generated_Code/RED.o
                0x00006838                RED_Init
 .text.PwmLdd4_Init
                0x00006850       0x54 ./Generated_Code/PwmLdd4.o
                0x00006850                PwmLdd4_Init
 .text.PwmLdd4_SetDutyUS
                0x000068a4       0x7c ./Generated_Code/PwmLdd4.o
                0x000068a4                PwmLdd4_SetDutyUS
 .text.SetRatio
                0x00006920       0x68 ./Generated_Code/PwmLdd4.o
 .text.PwmLdd3_Init
                0x00006988       0x54 ./Generated_Code/PwmLdd3.o
                0x00006988                PwmLdd3_Init
 .text.PwmLdd3_SetRatio8
                0x000069dc       0x34 ./Generated_Code/PwmLdd3.o
                0x000069dc                PwmLdd3_SetRatio8
 .text.SetRatio
                0x00006a10       0x68 ./Generated_Code/PwmLdd3.o
 .text.PwmLdd2_Init
                0x00006a78       0x54 ./Generated_Code/PwmLdd2.o
                0x00006a78                PwmLdd2_Init
 .text.PwmLdd2_SetRatio8
                0x00006acc       0x34 ./Generated_Code/PwmLdd2.o
                0x00006acc                PwmLdd2_SetRatio8
 .text.TU1_OnCounterRestart1
                0x00006b00       0x24 ./Generated_Code/PwmLdd2.o
                0x00006b00                TU1_OnCounterRestart1
 .text.SetRatio
                0x00006b24       0x68 ./Generated_Code/PwmLdd2.o
 .text.PwmLdd1_Init
                0x00006b8c       0x54 ./Generated_Code/PwmLdd1.o
                0x00006b8c                PwmLdd1_Init
 .text.PwmLdd1_SetRatio8
                0x00006be0       0x34 ./Generated_Code/PwmLdd1.o
                0x00006be0                PwmLdd1_SetRatio8
 .text.TU1_OnCounterRestart0
                0x00006c14       0x24 ./Generated_Code/PwmLdd1.o
                0x00006c14                TU1_OnCounterRestart0
 .text.SetRatio
                0x00006c38       0x68 ./Generated_Code/PwmLdd1.o
 .text.PwmLdd1_OnEnd
                0x00006ca0       0x14 ./Generated_Code/PWM_RIGHT.o
                0x00006ca0                PwmLdd1_OnEnd
 .text.PwmLdd2_OnEnd
                0x00006cb4       0x14 ./Generated_Code/PWM_LEFT.o
                0x00006cb4                PwmLdd2_OnEnd
 .text.MMA1_Init
                0x00006cc8       0x38 ./Generated_Code/MMA1.o
                0x00006cc8                MMA1_Init
 .text.MMA1_CalibrateX1g
                0x00006d00       0xb0 ./Generated_Code/MMA1.o
                0x00006d00                MMA1_CalibrateX1g
 .text.MMA1_CalibrateY1g
                0x00006db0       0xb0 ./Generated_Code/MMA1.o
                0x00006db0                MMA1_CalibrateY1g
 .text.MMA1_CalibrateZ1g
                0x00006e60       0xb0 ./Generated_Code/MMA1.o
                0x00006e60                MMA1_CalibrateZ1g
 .text.MMA1_GetXmg
                0x00006f10       0x1c ./Generated_Code/MMA1.o
                0x00006f10                MMA1_GetXmg
 .text.MMA1_GetYmg
                0x00006f2c       0x1c ./Generated_Code/MMA1.o
                0x00006f2c                MMA1_GetYmg
 .text.MMA1_GetZmg
                0x00006f48       0x1c ./Generated_Code/MMA1.o
                0x00006f48                MMA1_GetZmg
 .text.MMA1_MeasureGetRawX
                0x00006f64       0x40 ./Generated_Code/MMA1.o
                0x00006f64                MMA1_MeasureGetRawX
 .text.MMA1_MeasureGetRawY
                0x00006fa4       0x40 ./Generated_Code/MMA1.o
                0x00006fa4                MMA1_MeasureGetRawY
 .text.MMA1_MeasureGetRawZ
                0x00006fe4       0x40 ./Generated_Code/MMA1.o
                0x00006fe4                MMA1_MeasureGetRawZ
 .text.MMA1_GetX
                0x00007024       0x3c ./Generated_Code/MMA1.o
                0x00007024                MMA1_GetX
 .text.MMA1_GetY
                0x00007060       0x3c ./Generated_Code/MMA1.o
                0x00007060                MMA1_GetY
 .text.MMA1_GetZ
                0x0000709c       0x3c ./Generated_Code/MMA1.o
                0x0000709c                MMA1_GetZ
 .text.MMA1_Enable
                0x000070d8       0x64 ./Generated_Code/MMA1.o
                0x000070d8                MMA1_Enable
 .text.LED_GREEN_Init
                0x0000713c       0x18 ./Generated_Code/LED_GREEN.o
                0x0000713c                LED_GREEN_Init
 .text.GI2C2_RequestBus
                0x00007154       0x1c ./Generated_Code/GI2C2.o
                0x00007154                GI2C2_RequestBus
 .text.GI2C2_ReleaseBus
                0x00007170       0x18 ./Generated_Code/GI2C2.o
                0x00007170                GI2C2_ReleaseBus
 .text.GI2C2_SelectSlave
                0x00007188       0x40 ./Generated_Code/GI2C2.o
                0x00007188                GI2C2_SelectSlave
 .text.GI2C2_UnselectSlave
                0x000071c8       0x10 ./Generated_Code/GI2C2.o
                0x000071c8                GI2C2_UnselectSlave
 .text.GI2C2_ReadAddress
                0x000071d8      0x210 ./Generated_Code/GI2C2.o
                0x000071d8                GI2C2_ReadAddress
 .text.GI2C2_WriteAddress
                0x000073e8      0x1e0 ./Generated_Code/GI2C2.o
                0x000073e8                GI2C2_WriteAddress
 .text.CI2C2_OnMasterBlockSent
                0x000075c8       0x24 ./Generated_Code/GI2C2.o
                0x000075c8                CI2C2_OnMasterBlockSent
 .text.CI2C2_OnMasterBlockReceived
                0x000075ec       0x24 ./Generated_Code/GI2C2.o
                0x000075ec                CI2C2_OnMasterBlockReceived
 .text.GI2C2_Init
                0x00007610       0x50 ./Generated_Code/GI2C2.o
                0x00007610                GI2C2_Init
 .text.GI2C2_ReadByteAddress8
                0x00007660       0x34 ./Generated_Code/GI2C2.o
                0x00007660                GI2C2_ReadByteAddress8
 .text.GI2C2_WriteByteAddress8
                0x00007694       0x34 ./Generated_Code/GI2C2.o
                0x00007694                GI2C2_WriteByteAddress8
 .text.GI2C1_RequestBus
                0x000076c8       0x1c ./Generated_Code/GI2C1.o
                0x000076c8                GI2C1_RequestBus
 .text.GI2C1_ReleaseBus
                0x000076e4       0x18 ./Generated_Code/GI2C1.o
                0x000076e4                GI2C1_ReleaseBus
 .text.GI2C1_SelectSlave
                0x000076fc       0x40 ./Generated_Code/GI2C1.o
                0x000076fc                GI2C1_SelectSlave
 .text.GI2C1_UnselectSlave
                0x0000773c       0x10 ./Generated_Code/GI2C1.o
                0x0000773c                GI2C1_UnselectSlave
 .text.GI2C1_ReadAddress
                0x0000774c      0x210 ./Generated_Code/GI2C1.o
                0x0000774c                GI2C1_ReadAddress
 .text.GI2C1_WriteAddress
                0x0000795c      0x1e0 ./Generated_Code/GI2C1.o
                0x0000795c                GI2C1_WriteAddress
 .text.CI2C1_OnMasterBlockSent
                0x00007b3c       0x24 ./Generated_Code/GI2C1.o
                0x00007b3c                CI2C1_OnMasterBlockSent
 .text.CI2C1_OnMasterBlockReceived
                0x00007b60       0x24 ./Generated_Code/GI2C1.o
                0x00007b60                CI2C1_OnMasterBlockReceived
 .text.GI2C1_Init
                0x00007b84       0x50 ./Generated_Code/GI2C1.o
                0x00007b84                GI2C1_Init
 .text.GI2C1_Deinit
                0x00007bd4       0x34 ./Generated_Code/GI2C1.o
                0x00007bd4                GI2C1_Deinit
 .text.FRTOS1_Init
                0x00007c08       0x10 ./Generated_Code/FRTOS1.o
                0x00007c08                FRTOS1_Init
 .text.DIR_RIGHT1_Init
                0x00007c18       0x60 ./Generated_Code/DIR_RIGHT1.o
                0x00007c18                DIR_RIGHT1_Init
 .text.DIR_RIGHT1_PutVal
                0x00007c78       0x30 ./Generated_Code/DIR_RIGHT1.o
                0x00007c78                DIR_RIGHT1_PutVal
 .text.DIR_RIGHT_Init
                0x00007ca8       0x60 ./Generated_Code/DIR_RIGHT.o
                0x00007ca8                DIR_RIGHT_Init
 .text.DIR_RIGHT_PutVal
                0x00007d08       0x30 ./Generated_Code/DIR_RIGHT.o
                0x00007d08                DIR_RIGHT_PutVal
 .text.DIR_LEFT1_Init
                0x00007d38       0x60 ./Generated_Code/DIR_LEFT1.o
                0x00007d38                DIR_LEFT1_Init
 .text.DIR_LEFT1_PutVal
                0x00007d98       0x30 ./Generated_Code/DIR_LEFT1.o
                0x00007d98                DIR_LEFT1_PutVal
 .text.DIR_LEFT_Init
                0x00007dc8       0x60 ./Generated_Code/DIR_LEFT.o
                0x00007dc8                DIR_LEFT_Init
 .text.DIR_LEFT_PutVal
                0x00007e28       0x30 ./Generated_Code/DIR_LEFT.o
                0x00007e28                DIR_LEFT_PutVal
 .text.Cpu_INT_NMIInterrupt
                0x00007e58        0xc ./Generated_Code/Cpu.o
                0x00007e58                Cpu_INT_NMIInterrupt
 .text.Cpu_INT_Hard_FaultInterrupt
                0x00007e64        0xc ./Generated_Code/Cpu.o
                0x00007e64                Cpu_INT_Hard_FaultInterrupt
 .text.Cpu_ivINT_Reserved4
                0x00007e70        0xc ./Generated_Code/Cpu.o
                0x00007e70                Cpu_ivINT_Reserved4
 .text.Cpu_ivINT_Reserved5
                0x00007e7c        0xc ./Generated_Code/Cpu.o
                0x00007e7c                Cpu_ivINT_Reserved5
 .text.Cpu_ivINT_Reserved6
                0x00007e88        0xc ./Generated_Code/Cpu.o
                0x00007e88                Cpu_ivINT_Reserved6
 .text.Cpu_ivINT_Reserved7
                0x00007e94        0xc ./Generated_Code/Cpu.o
                0x00007e94                Cpu_ivINT_Reserved7
 .text.Cpu_ivINT_Reserved8
                0x00007ea0        0xc ./Generated_Code/Cpu.o
                0x00007ea0                Cpu_ivINT_Reserved8
 .text.Cpu_ivINT_Reserved9
                0x00007eac        0xc ./Generated_Code/Cpu.o
                0x00007eac                Cpu_ivINT_Reserved9
 .text.Cpu_ivINT_Reserved10
                0x00007eb8        0xc ./Generated_Code/Cpu.o
                0x00007eb8                Cpu_ivINT_Reserved10
 .text.Cpu_ivINT_SVCall
                0x00007ec4        0xc ./Generated_Code/Cpu.o
                0x00007ec4                Cpu_ivINT_SVCall
 .text.Cpu_ivINT_Reserved12
                0x00007ed0        0xc ./Generated_Code/Cpu.o
                0x00007ed0                Cpu_ivINT_Reserved12
 .text.Cpu_ivINT_Reserved13
                0x00007edc        0xc ./Generated_Code/Cpu.o
                0x00007edc                Cpu_ivINT_Reserved13
 .text.Cpu_ivINT_DMA0
                0x00007ee8        0xc ./Generated_Code/Cpu.o
                0x00007ee8                Cpu_ivINT_DMA0
 .text.Cpu_ivINT_DMA1
                0x00007ef4        0xc ./Generated_Code/Cpu.o
                0x00007ef4                Cpu_ivINT_DMA1
 .text.Cpu_ivINT_DMA2
                0x00007f00        0xc ./Generated_Code/Cpu.o
                0x00007f00                Cpu_ivINT_DMA2
 .text.Cpu_ivINT_DMA3
                0x00007f0c        0xc ./Generated_Code/Cpu.o
                0x00007f0c                Cpu_ivINT_DMA3
 .text.Cpu_ivINT_Reserved20
                0x00007f18        0xc ./Generated_Code/Cpu.o
                0x00007f18                Cpu_ivINT_Reserved20
 .text.Cpu_ivINT_FTFA
                0x00007f24        0xc ./Generated_Code/Cpu.o
                0x00007f24                Cpu_ivINT_FTFA
 .text.Cpu_ivINT_LVD_LVW
                0x00007f30        0xc ./Generated_Code/Cpu.o
                0x00007f30                Cpu_ivINT_LVD_LVW
 .text.Cpu_ivINT_LLW
                0x00007f3c        0xc ./Generated_Code/Cpu.o
                0x00007f3c                Cpu_ivINT_LLW
 .text.Cpu_ivINT_SPI0
                0x00007f48        0xc ./Generated_Code/Cpu.o
                0x00007f48                Cpu_ivINT_SPI0
 .text.Cpu_ivINT_SPI1
                0x00007f54        0xc ./Generated_Code/Cpu.o
                0x00007f54                Cpu_ivINT_SPI1
 .text.Cpu_ivINT_UART2
                0x00007f60        0xc ./Generated_Code/Cpu.o
                0x00007f60                Cpu_ivINT_UART2
 .text.Cpu_ivINT_ADC0
                0x00007f6c        0xc ./Generated_Code/Cpu.o
                0x00007f6c                Cpu_ivINT_ADC0
 .text.Cpu_ivINT_CMP0
                0x00007f78        0xc ./Generated_Code/Cpu.o
                0x00007f78                Cpu_ivINT_CMP0
 .text.Cpu_ivINT_TPM0
                0x00007f84        0xc ./Generated_Code/Cpu.o
                0x00007f84                Cpu_ivINT_TPM0
 .text.Cpu_ivINT_TPM1
                0x00007f90        0xc ./Generated_Code/Cpu.o
                0x00007f90                Cpu_ivINT_TPM1
 .text.Cpu_ivINT_RTC
                0x00007f9c        0xc ./Generated_Code/Cpu.o
                0x00007f9c                Cpu_ivINT_RTC
 .text.Cpu_ivINT_RTC_Seconds
                0x00007fa8        0xc ./Generated_Code/Cpu.o
                0x00007fa8                Cpu_ivINT_RTC_Seconds
 .text.Cpu_ivINT_PIT
                0x00007fb4        0xc ./Generated_Code/Cpu.o
                0x00007fb4                Cpu_ivINT_PIT
 .text.Cpu_ivINT_Reserved39
                0x00007fc0        0xc ./Generated_Code/Cpu.o
                0x00007fc0                Cpu_ivINT_Reserved39
 .text.Cpu_ivINT_USB0
                0x00007fcc        0xc ./Generated_Code/Cpu.o
                0x00007fcc                Cpu_ivINT_USB0
 .text.Cpu_ivINT_DAC0
                0x00007fd8        0xc ./Generated_Code/Cpu.o
                0x00007fd8                Cpu_ivINT_DAC0
 .text.Cpu_ivINT_TSI0
                0x00007fe4        0xc ./Generated_Code/Cpu.o
                0x00007fe4                Cpu_ivINT_TSI0
 .text.Cpu_ivINT_MCG
                0x00007ff0        0xc ./Generated_Code/Cpu.o
                0x00007ff0                Cpu_ivINT_MCG
 .text.Cpu_ivINT_LPTimer
                0x00007ffc        0xc ./Generated_Code/Cpu.o
                0x00007ffc                Cpu_ivINT_LPTimer
 .text.Cpu_ivINT_Reserved45
                0x00008008        0xc ./Generated_Code/Cpu.o
                0x00008008                Cpu_ivINT_Reserved45
 .text.Cpu_ivINT_PORTA
                0x00008014        0xc ./Generated_Code/Cpu.o
                0x00008014                Cpu_ivINT_PORTA
 .text.Cpu_ivINT_PORTD
                0x00008020        0xc ./Generated_Code/Cpu.o
                0x00008020                Cpu_ivINT_PORTD
 .text.TU1_OnCounterRestart
                0x0000802c       0x20 ./Generated_Code/Cpu.o
                0x0000802c                TU1_OnCounterRestart
 .text.__init_hardware
                0x0000804c      0x110 ./Generated_Code/Cpu.o
                0x0000804c                __init_hardware
 .text.PE_low_level_init
                0x0000815c      0x15c ./Generated_Code/Cpu.o
                0x0000815c                PE_low_level_init
 .text.CLS1_SendStr
                0x000082b8       0x2c ./Generated_Code/CLS1.o
                0x000082b8                CLS1_SendStr
 .text.CLS1_SendNum16s
                0x000082e4       0x38 ./Generated_Code/CLS1.o
                0x000082e4                CLS1_SendNum16s
 .text.CLS1_SendNum16u
                0x0000831c       0x34 ./Generated_Code/CLS1.o
                0x0000831c                CLS1_SendNum16u
 .text.CLS1_SendNum8u
                0x00008350       0x34 ./Generated_Code/CLS1.o
                0x00008350                CLS1_SendNum8u
 .text.CLS1_SendNum8s
                0x00008384       0x38 ./Generated_Code/CLS1.o
                0x00008384                CLS1_SendNum8s
 .text.CLS1_ParseCommand
                0x000083bc      0x12c ./Generated_Code/CLS1.o
                0x000083bc                CLS1_ParseCommand
 .text.CLS1_PrintPrompt
                0x000084e8       0x20 ./Generated_Code/CLS1.o
                0x000084e8                CLS1_PrintPrompt
 .text.CLS1_IsHistoryCharacter
                0x00008508       0x24 ./Generated_Code/CLS1.o
                0x00008508                CLS1_IsHistoryCharacter
 .text.CLS1_ReadLine
                0x0000852c       0xf8 ./Generated_Code/CLS1.o
                0x0000852c                CLS1_ReadLine
 .text.CLS1_PrintStatus
                0x00008624       0x78 ./Generated_Code/CLS1.o
                0x00008624                CLS1_PrintStatus
 .text.CLS1_PrintCommandFailed
                0x0000869c       0x78 ./Generated_Code/CLS1.o
                0x0000869c                CLS1_PrintCommandFailed
 .text.CLS1_IterateTable
                0x00008714       0x64 ./Generated_Code/CLS1.o
                0x00008714                CLS1_IterateTable
 .text.CLS1_ParseWithCommandTable
                0x00008778       0xb0 ./Generated_Code/CLS1.o
                0x00008778                CLS1_ParseWithCommandTable
 .text.CLS1_GetStdio
                0x00008828       0x14 ./Generated_Code/CLS1.o
                0x00008828                CLS1_GetStdio
 .text.CLS1_ReadAndParseWithCommandTable
                0x0000883c       0xf8 ./Generated_Code/CLS1.o
                0x0000883c                CLS1_ReadAndParseWithCommandTable
 .text.SendSeparatedStrings
                0x00008934       0x80 ./Generated_Code/CLS1.o
 .text.CLS1_SendHelpStr
                0x000089b4       0x28 ./Generated_Code/CLS1.o
                0x000089b4                CLS1_SendHelpStr
 .text.CLS1_SendStatusStr
                0x000089dc       0x28 ./Generated_Code/CLS1.o
                0x000089dc                CLS1_SendStatusStr
 .text.CLS1_ReadChar
                0x00008a04       0x4c ./Generated_Code/CLS1.o
                0x00008a04                CLS1_ReadChar
 .text.CLS1_SendChar
                0x00008a50       0x70 ./Generated_Code/CLS1.o
                0x00008a50                CLS1_SendChar
 .text.CLS1_KeyPressed
                0x00008ac0       0x44 ./Generated_Code/CLS1.o
                0x00008ac0                CLS1_KeyPressed
 .text.CLS1_Init
                0x00008b04       0x60 ./Generated_Code/CLS1.o
                0x00008b04                CLS1_Init
 .text.CI2C2_Interrupt
                0x00008b64      0x278 ./Generated_Code/CI2C2.o
                0x00008b64                CI2C2_Interrupt
 .text.CI2C2_Init
                0x00008ddc      0x114 ./Generated_Code/CI2C2.o
                0x00008ddc                CI2C2_Init
 .text.CI2C2_MasterSendBlock
                0x00008ef0      0x19c ./Generated_Code/CI2C2.o
                0x00008ef0                CI2C2_MasterSendBlock
 .text.CI2C2_MasterReceiveBlock
                0x0000908c      0x19c ./Generated_Code/CI2C2.o
                0x0000908c                CI2C2_MasterReceiveBlock
 .text.CI2C2_SelectSlaveDevice
                0x00009228      0x100 ./Generated_Code/CI2C2.o
                0x00009228                CI2C2_SelectSlaveDevice
 .text.CI2C1_Interrupt
                0x00009328      0x278 ./Generated_Code/CI2C1.o
                0x00009328                CI2C1_Interrupt
 .text.CI2C1_Init
                0x000095a0      0x11c ./Generated_Code/CI2C1.o
                0x000095a0                CI2C1_Init
 .text.CI2C1_Deinit
                0x000096bc       0x40 ./Generated_Code/CI2C1.o
                0x000096bc                CI2C1_Deinit
 .text.CI2C1_MasterSendBlock
                0x000096fc      0x19c ./Generated_Code/CI2C1.o
                0x000096fc                CI2C1_MasterSendBlock
 .text.CI2C1_MasterReceiveBlock
                0x00009898      0x19c ./Generated_Code/CI2C1.o
                0x00009898                CI2C1_MasterReceiveBlock
 .text.CI2C1_SelectSlaveDevice
                0x00009a34      0x100 ./Generated_Code/CI2C1.o
                0x00009a34                CI2C1_SelectSlaveDevice
 .text.BitIoLdd4_Init
                0x00009b34       0x68 ./Generated_Code/BitIoLdd4.o
                0x00009b34                BitIoLdd4_Init
 .text.BitIoLdd4_ClrVal
                0x00009b9c       0x1c ./Generated_Code/BitIoLdd4.o
                0x00009b9c                BitIoLdd4_ClrVal
 .text.BitIoLdd4_SetVal
                0x00009bb8       0x1c ./Generated_Code/BitIoLdd4.o
                0x00009bb8                BitIoLdd4_SetVal
 .text.BitIoLdd3_Init
                0x00009bd4       0x68 ./Generated_Code/BitIoLdd3.o
                0x00009bd4                BitIoLdd3_Init
 .text.BitIoLdd3_ClrVal
                0x00009c3c       0x1c ./Generated_Code/BitIoLdd3.o
                0x00009c3c                BitIoLdd3_ClrVal
 .text.BitIoLdd3_SetVal
                0x00009c58       0x1c ./Generated_Code/BitIoLdd3.o
                0x00009c58                BitIoLdd3_SetVal
 .text.BitIoLdd1_Init
                0x00009c74       0x54 ./Generated_Code/BitIoLdd1.o
                0x00009c74                BitIoLdd1_Init
 .text.BT_EN_Init
                0x00009cc8       0x64 ./Generated_Code/BT_EN.o
                0x00009cc8                BT_EN_Init
 .text.isRxError
                0x00009d2c      0x17c ./Generated_Code/BT1.o
 .text.RxResponse
                0x00009ea8       0xfc ./Generated_Code/BT1.o
 .text.BT1_SendATCommand
                0x00009fa4       0x60 ./Generated_Code/BT1.o
                0x00009fa4                BT1_SendATCommand
 .text.BT1_StdCmd
                0x0000a004       0x84 ./Generated_Code/BT1.o
                0x0000a004                BT1_StdCmd
 .text.BT1_StdOKCmd
                0x0000a088       0x28 ./Generated_Code/BT1.o
                0x0000a088                BT1_StdOKCmd
 .text.BT1_Init
                0x0000a0b0       0x14 ./Generated_Code/BT1.o
                0x0000a0b0                BT1_Init
 .text.BT1_btSetDeviceName
                0x0000a0c4       0x60 ./Generated_Code/BT1.o
                0x0000a0c4                BT1_btSetDeviceName
 .text.BT1_btSetBaud
                0x0000a124       0x54 ./Generated_Code/BT1.o
                0x0000a124                BT1_btSetBaud
 .text.BT1_StdIOKeyPressed
                0x0000a178       0x18 ./Generated_Code/BT1.o
                0x0000a178                BT1_StdIOKeyPressed
 .text.BT1_StdIOReadChar
                0x0000a190       0x24 ./Generated_Code/BT1.o
                0x0000a190                BT1_StdIOReadChar
 .text.BT1_StdIOSendChar
                0x0000a1b4       0x24 ./Generated_Code/BT1.o
                0x0000a1b4                BT1_StdIOSendChar
 .text.ASerialLdd2_Init
                0x0000a1d8      0x170 ./Generated_Code/ASerialLdd2.o
                0x0000a1d8                ASerialLdd2_Init
 .text.ASerialLdd2_ReceiveBlock
                0x0000a348       0x98 ./Generated_Code/ASerialLdd2.o
                0x0000a348                ASerialLdd2_ReceiveBlock
 .text.ASerialLdd2_SendBlock
                0x0000a3e0       0xc4 ./Generated_Code/ASerialLdd2.o
                0x0000a3e0                ASerialLdd2_SendBlock
 .text.InterruptRx
                0x0000a4a4       0x58 ./Generated_Code/ASerialLdd2.o
 .text.InterruptTx
                0x0000a4fc       0x80 ./Generated_Code/ASerialLdd2.o
 .text.ASerialLdd2_Interrupt
                0x0000a57c       0xf4 ./Generated_Code/ASerialLdd2.o
                0x0000a57c                ASerialLdd2_Interrupt
 .text.ASerialLdd2_GetError
                0x0000a670       0x74 ./Generated_Code/ASerialLdd2.o
                0x0000a670                ASerialLdd2_GetError
 .text.ASerialLdd1_Init
                0x0000a6e4      0x1c4 ./Generated_Code/ASerialLdd1.o
                0x0000a6e4                ASerialLdd1_Init
 .text.ASerialLdd1_ReceiveBlock
                0x0000a8a8       0x98 ./Generated_Code/ASerialLdd1.o
                0x0000a8a8                ASerialLdd1_ReceiveBlock
 .text.ASerialLdd1_SendBlock
                0x0000a940       0xc4 ./Generated_Code/ASerialLdd1.o
                0x0000a940                ASerialLdd1_SendBlock
 .text.InterruptRx
                0x0000aa04       0x58 ./Generated_Code/ASerialLdd1.o
 .text.InterruptTx
                0x0000aa5c       0x80 ./Generated_Code/ASerialLdd1.o
 .text.ASerialLdd1_Interrupt
                0x0000aadc       0xfc ./Generated_Code/ASerialLdd1.o
                0x0000aadc                ASerialLdd1_Interrupt
 .text.ASerialLdd1_GetError
                0x0000abd8       0x74 ./Generated_Code/ASerialLdd1.o
                0x0000abd8                ASerialLdd1_GetError
 .text.HWEnDi   0x0000ac4c       0x20 ./Generated_Code/AS1.o
 .text.AS1_RecvChar
                0x0000ac6c       0xe8 ./Generated_Code/AS1.o
                0x0000ac6c                AS1_RecvChar
 .text.AS1_SendChar
                0x0000ad54       0xec ./Generated_Code/AS1.o
                0x0000ad54                AS1_SendChar
 .text.AS1_GetCharsInRxBuf
                0x0000ae40       0x14 ./Generated_Code/AS1.o
                0x0000ae40                AS1_GetCharsInRxBuf
 .text.AS1_Init
                0x0000ae54       0x64 ./Generated_Code/AS1.o
                0x0000ae54                AS1_Init
 .text.ASerialLdd1_OnBlockReceived
                0x0000aeb8       0xc0 ./Generated_Code/AS1.o
                0x0000aeb8                ASerialLdd1_OnBlockReceived
 .text.ASerialLdd1_OnBlockSent
                0x0000af78       0xe8 ./Generated_Code/AS1.o
                0x0000af78                ASerialLdd1_OnBlockSent
 .text.ASerialLdd1_OnError
                0x0000b060       0x94 ./Generated_Code/AS1.o
                0x0000b060                ASerialLdd1_OnError
 .text.ASerialLdd1_OnBreak
                0x0000b0f4       0x20 ./Generated_Code/AS1.o
                0x0000b0f4                ASerialLdd1_OnBreak
 .text.zero_fill_bss
                0x0000b114       0x24 ./Project_Settings/Startup_Code/__arm_start.o
 .text.__thumb_startup
                0x0000b138       0x30 ./Project_Settings/Startup_Code/__arm_start.o
                0x0000b138                __thumb_startup
 .text._ExitProcess
                0x0000b168        0xc ./Project_Settings/Startup_Code/__arm_end.o
                0x0000b168                _ExitProcess
 .text.startCommunication
                0x0000b174       0xdc ./Sources/serial_communication.o
                0x0000b174                startCommunication
 .text.setState
                0x0000b250       0x20 ./Sources/serial_communication.o
                0x0000b250                setState
 .text.getState
                0x0000b270       0x14 ./Sources/serial_communication.o
                0x0000b270                getState
 .text.ParseCommand
                0x0000b284      0xa54 ./Sources/serial_communication.o
 .text.initAllSensors
                0x0000bcd8      0x11c ./Sources/serial_communication.o
                0x0000bcd8                initAllSensors
 .text.sendStatus
                0x0000bdf4      0x2f0 ./Sources/serial_communication.o
                0x0000bdf4                sendStatus
 .text.readValues
                0x0000c0e4       0x7c ./Sources/serial_communication.o
                0x0000c0e4                readValues
 .text.sendStatusBT
                0x0000c160       0x5c ./Sources/serial_communication.o
                0x0000c160                sendStatusBT
 .text.setErrorState
                0x0000c1bc       0x20 ./Sources/serial_communication.o
                0x0000c1bc                setErrorState
 .text.gyroReady
                0x0000c1dc       0x14 ./Sources/serial_communication.o
                0x0000c1dc                gyroReady
 .text.calcPID  0x0000c1f0      0x3f4 ./Sources/pid.o
                0x0000c1f0                calcPID
 .text.motorGetPWMLeft
                0x0000c5e4       0x18 ./Sources/motor.o
                0x0000c5e4                motorGetPWMLeft
 .text.motorGetPWMRight
                0x0000c5fc       0x18 ./Sources/motor.o
                0x0000c5fc                motorGetPWMRight
 .text.motorSetPWMLeft
                0x0000c614      0x104 ./Sources/motor.o
                0x0000c614                motorSetPWMLeft
 .text.motorSetPWMRight
                0x0000c718      0x104 ./Sources/motor.o
                0x0000c718                motorSetPWMRight
 .text.motorsStartup
                0x0000c81c       0x80 ./Sources/motor.o
                0x0000c81c                motorsStartup
 .text.motorsbrake
                0x0000c89c       0x30 ./Sources/motor.o
                0x0000c89c                motorsbrake
 .text.main     0x0000c8cc       0x10 ./Sources/main.o
                0x0000c8cc                main
 .text.ComunicationTask
                0x0000c8dc       0x10 ./Sources/frtos_tasks.o
 .text.DrivingTask
                0x0000c8ec       0x68 ./Sources/frtos_tasks.o
 .text.GyroTask
                0x0000c954      0x130 ./Sources/frtos_tasks.o
 .text.CreateTasks
                0x0000ca84       0x38 ./Sources/frtos_tasks.o
                0x0000ca84                CreateTasks
 .text.CreateDrivingTask
                0x0000cabc       0x48 ./Sources/frtos_tasks.o
                0x0000cabc                CreateDrivingTask
 .text.CreateGyroTask
                0x0000cb04       0x48 ./Sources/frtos_tasks.o
                0x0000cb04                CreateGyroTask
 .text.driveToStair
                0x0000cb4c      0x134 ./Sources/driving.o
                0x0000cb4c                driveToStair
 .text.driveOverStair
                0x0000cc80      0x328 ./Sources/driving.o
                0x0000cc80                driveOverStair
 .text.driveToTurningPlace
                0x0000cfa8      0x108 ./Sources/driving.o
                0x0000cfa8                driveToTurningPlace
 .text.driveThroughTurningPlace
                0x0000d0b0      0x578 ./Sources/driving.o
                0x0000d0b0                driveThroughTurningPlace
 .text.driveOverChannel
                0x0000d628      0x12c ./Sources/driving.o
                0x0000d628                driveOverChannel
 .text.driveToEndZone
                0x0000d754      0x150 ./Sources/driving.o
                0x0000d754                driveToEndZone
 *fill*         0x0000d8a4        0x4 00
 .text.pushTheButton
                0x0000d8a8      0x1a0 ./Sources/driving.o
                0x0000d8a8                pushTheButton
 .text.regulateMotor
                0x0000da48      0x1e8 ./Sources/driving.o
                0x0000da48                regulateMotor
 .text.initDriving
                0x0000dc30       0x74 ./Sources/driving.o
                0x0000dc30                initDriving
 .text.setPID   0x0000dca4       0x70 ./Sources/driving.o
                0x0000dca4                setPID
 .text.setDistanceSide
                0x0000dd14       0x20 ./Sources/driving.o
                0x0000dd14                setDistanceSide
 .text.setDistanceFront
                0x0000dd34       0x20 ./Sources/driving.o
                0x0000dd34                setDistanceFront
 .text.setSpeed
                0x0000dd54       0x20 ./Sources/driving.o
                0x0000dd54                setSpeed
 .text.setGyroskopPWM
                0x0000dd74       0x2c ./Sources/driving.o
                0x0000dd74                setGyroskopPWM
 .text.setLetter
                0x0000dda0       0x20 ./Sources/driving.o
                0x0000dda0                setLetter
 .text.setServoPWM
                0x0000ddc0       0x58 ./Sources/driving.o
                0x0000ddc0                setServoPWM
 .text.stopDriving
                0x0000de18       0x20 ./Sources/driving.o
                0x0000de18                stopDriving
 .text.getTime  0x0000de38       0x8c ./Sources/driving.o
                0x0000de38                getTime
 .text.VL_OnError
                0x0000dec4       0x14 ./Sources/VL6180X.o
 .text.VL_WriteReg8
                0x0000ded8       0x50 ./Sources/VL6180X.o
                0x0000ded8                VL_WriteReg8
 .text.VL_WriteReg16
                0x0000df28       0x70 ./Sources/VL6180X.o
                0x0000df28                VL_WriteReg16
 .text.VL_ReadReg8
                0x0000df98       0x54 ./Sources/VL6180X.o
                0x0000df98                VL_ReadReg8
 .text.VL_ReadReg16
                0x0000dfec       0x54 ./Sources/VL6180X.o
                0x0000dfec                VL_ReadReg16
 .text.readRangeContinuous
                0x0000e040       0xf0 ./Sources/VL6180X.o
 .text.VL_ReadRangeSingle
                0x0000e130       0x64 ./Sources/VL6180X.o
                0x0000e130                VL_ReadRangeSingle
 .text.VL_ConfigureDefault
                0x0000e194       0x94 ./Sources/VL6180X.o
                0x0000e194                VL_ConfigureDefault
 .text.VL_InitDevice
                0x0000e228      0x5ac ./Sources/VL6180X.o
                0x0000e228                VL_InitDevice
 .text.VL_InitAndConfigureDevice
                0x0000e7d4       0x64 ./Sources/VL6180X.o
                0x0000e7d4                VL_InitAndConfigureDevice
 .text.VL_ChipEnable
                0x0000e838       0xc0 ./Sources/VL6180X.o
                0x0000e838                VL_ChipEnable
 .text.VL_SetI2CDeviceAddress
                0x0000e8f8       0xe0 ./Sources/VL6180X.o
                0x0000e8f8                VL_SetI2CDeviceAddress
 .text.VL_Init  0x0000e9d8      0x180 ./Sources/VL6180X.o
                0x0000e9d8                VL_Init
 .text.VL_GetDistance
                0x0000eb58      0x100 ./Sources/VL6180X.o
                0x0000eb58                VL_GetDistance
 .text.VL_GetLastDistance
                0x0000ec58       0x2c ./Sources/VL6180X.o
                0x0000ec58                VL_GetLastDistance
 .text.L3Ginit  0x0000ec84       0x58 ./Sources/L3G.o
                0x0000ec84                L3Ginit
 .text.L3GenableDefault
                0x0000ecdc       0xe4 ./Sources/L3G.o
                0x0000ecdc                L3GenableDefault
 .text.L3GwriteReg
                0x0000edc0       0x38 ./Sources/L3G.o
                0x0000edc0                L3GwriteReg
 .text.L3GreadReg
                0x0000edf8       0x3c ./Sources/L3G.o
                0x0000edf8                L3GreadReg
 .text.L3Greadxyz
                0x0000ee34      0x1f0 ./Sources/L3G.o
                0x0000ee34                L3Greadxyz
 .text.L3GgetDegree
                0x0000f024       0x8c ./Sources/L3G.o
                0x0000f024                L3GgetDegree
 .text.calculateOffset
                0x0000f0b0      0x1d0 ./Sources/L3G.o
                0x0000f0b0                calculateOffset
 .text.cmpfunc  0x0000f280       0x28 ./Sources/L3G.o
                0x0000f280                cmpfunc
 .text.L3GSetAngel
                0x0000f2a8       0x5c ./Sources/L3G.o
                0x0000f2a8                L3GSetAngel
 *fill*         0x0000f304        0x4 00
 .text.combineAccel
                0x0000f308      0x228 ./Sources/L3G.o
                0x0000f308                combineAccel
 .text.L3GFIFOdataLevel
                0x0000f530       0x24 ./Sources/L3G.o
                0x0000f530                L3GFIFOdataLevel
 .text.L3GFIFOfull
                0x0000f554       0x28 ./Sources/L3G.o
                0x0000f554                L3GFIFOfull
 .text.angelCorrection
                0x0000f57c       0xf4 ./Sources/L3G.o
                0x0000f57c                angelCorrection
 .text.cmpfunc_32
                0x0000f670       0x1c ./Sources/L3G.o
                0x0000f670                cmpfunc_32
 .text.Cpu_OnNMIINT
                0x0000f68c        0x8 ./Sources/Events.o
                0x0000f68c                Cpu_OnNMIINT
 .text.FRTOS1_vApplicationStackOverflowHook
                0x0000f694       0x4c ./Sources/Events.o
                0x0000f694                FRTOS1_vApplicationStackOverflowHook
 .text.FRTOS1_vApplicationTickHook
                0x0000f6e0        0xc ./Sources/Events.o
                0x0000f6e0                FRTOS1_vApplicationTickHook
 .text.FRTOS1_vApplicationIdleHook
                0x0000f6ec        0x8 ./Sources/Events.o
                0x0000f6ec                FRTOS1_vApplicationIdleHook
 .text.FRTOS1_vApplicationMallocFailedHook
                0x0000f6f4        0x8 ./Sources/Events.o
                0x0000f6f4                FRTOS1_vApplicationMallocFailedHook
 .text.AS1_OnError
                0x0000f6fc        0x8 ./Sources/Events.o
                0x0000f6fc                AS1_OnError
 .text.AS1_OnRxChar
                0x0000f704        0x8 ./Sources/Events.o
                0x0000f704                AS1_OnRxChar
 .text.AS1_OnTxChar
                0x0000f70c        0x8 ./Sources/Events.o
                0x0000f70c                AS1_OnTxChar
 .text.AS1_OnFullRxBuf
                0x0000f714        0x8 ./Sources/Events.o
                0x0000f714                AS1_OnFullRxBuf
 .text.AS1_OnFreeTxBuf
                0x0000f71c        0x8 ./Sources/Events.o
                0x0000f71c                AS1_OnFreeTxBuf
 .text.Cpu_OnHardFault
                0x0000f724        0x8 ./Sources/Events.o
                0x0000f724                Cpu_OnHardFault
 .text.PWM_LEFT_OnEnd
                0x0000f72c       0x30 ./Sources/Events.o
                0x0000f72c                PWM_LEFT_OnEnd
 .text.PWM_RIGHT_OnEnd
                0x0000f75c       0x30 ./Sources/Events.o
                0x0000f75c                PWM_RIGHT_OnEnd
 .text.exit     0x0000f78c       0x38 C:/Freescale/CW MCU v10.6/MCU/ARM_GCC_Support/ewl/lib/armv6-m\libc.a(exit.o)
                0x0000f78c                exit
 .text.qsort    0x0000f7c4       0xb8 C:/Freescale/CW MCU v10.6/MCU/ARM_GCC_Support/ewl/lib/armv6-m\libc.a(qsort.o)
                0x0000f7c4                qsort
 .text.memcpy   0x0000f87c       0x12 C:/Freescale/CW MCU v10.6/MCU/ARM_GCC_Support/ewl/lib/armv6-m\libc.a(memcpy.o)
                0x0000f87c                memcpy
 .text.memset   0x0000f88e        0xc C:/Freescale/CW MCU v10.6/MCU/ARM_GCC_Support/ewl/lib/armv6-m\libc.a(memset.o)
                0x0000f88e                memset
 .text.strchr   0x0000f89a       0x1e C:/Freescale/CW MCU v10.6/MCU/ARM_GCC_Support/ewl/lib/armv6-m\libc.a(strchr.o)
                0x0000f89a                strchr
 .text.strcmp   0x0000f8b8       0x1c C:/Freescale/CW MCU v10.6/MCU/ARM_GCC_Support/ewl/lib/armv6-m\libc.a(strcmp.o)
                0x0000f8b8                strcmp
 .text.strlen   0x0000f8d4       0x10 C:/Freescale/CW MCU v10.6/MCU/ARM_GCC_Support/ewl/lib/armv6-m\libc.a(strlen.o)
                0x0000f8d4                strlen
 .text.strncmp  0x0000f8e4       0x22 C:/Freescale/CW MCU v10.6/MCU/ARM_GCC_Support/ewl/lib/armv6-m\libc.a(strncmp.o)
                0x0000f8e4                strncmp
 *fill*         0x0000f906        0x2 00
 .text.long2str.isra.0
                0x0000f908      0x19c C:/Freescale/CW MCU v10.6/MCU/ARM_GCC_Support/ewl/lib/armv6-m\libc.a(printformat_.o)
 .text.__pformatter_
                0x0000faa4      0x428 C:/Freescale/CW MCU v10.6/MCU/ARM_GCC_Support/ewl/lib/armv6-m\libc.a(printformat_.o)
                0x0000faa4                __pformatter_
 .text.__sformatter
                0x0000fecc      0x698 C:/Freescale/CW MCU v10.6/MCU/ARM_GCC_Support/ewl/lib/armv6-m\libc.a(scanformat_.o)
                0x0000fecc                __sformatter
 .text.isalpha  0x00010564       0x20 C:/Freescale/CW MCU v10.6/MCU/ARM_GCC_Support/ewl/lib/armv6-m\libc.a(ctype_aeabi.o)
                0x00010564                isalpha
 .text.isspace  0x00010584       0x20 C:/Freescale/CW MCU v10.6/MCU/ARM_GCC_Support/ewl/lib/armv6-m\libc.a(ctype_aeabi.o)
                0x00010584                isspace
 .text.toupper  0x000105a4        0xe C:/Freescale/CW MCU v10.6/MCU/ARM_GCC_Support/ewl/lib/armv6-m\libc.a(ctype_aeabi.o)
                0x000105a4                toupper
 .text.__strtoul
                0x000105b2      0x1ce C:/Freescale/CW MCU v10.6/MCU/ARM_GCC_Support/ewl/lib/armv6-m\libc.a(__strtoul.o)
                0x000105b2                __strtoul
 .text.__fill_mem
                0x00010780       0x7e C:/Freescale/CW MCU v10.6/MCU/ARM_GCC_Support/ewl/lib/armv6-m\libc.a(__filll_mem.o)
                0x00010780                __fill_mem
 .text.memchr   0x000107fe       0x1a C:/Freescale/CW MCU v10.6/MCU/ARM_GCC_Support/ewl/lib/armv6-m\libc.a(memchr.o)
                0x000107fe                memchr
 .text.atan     0x00010818      0x358 C:/Freescale/CW MCU v10.6/MCU/ARM_GCC_Support/ewl/lib/armv6-m\libm.a(s_atan.o)
                0x00010818                atan
 .text.asin     0x00010b70        0x8 C:/Freescale/CW MCU v10.6/MCU/ARM_GCC_Support/ewl/lib/armv6-m\libm.a(w_asin.o)
                0x00010b70                asin
 .text.sqrt     0x00010b78        0x8 C:/Freescale/CW MCU v10.6/MCU/ARM_GCC_Support/ewl/lib/armv6-m\libm.a(w_sqrt.o)
                0x00010b78                sqrt
 .text.__ieee754_asin
                0x00010b80      0x420 C:/Freescale/CW MCU v10.6/MCU/ARM_GCC_Support/ewl/lib/armv6-m\libm.a(e_asin.o)
                0x00010b80                __ieee754_asin
 .text.__ieee754_sqrt
                0x00010fa0      0x17c C:/Freescale/CW MCU v10.6/MCU/ARM_GCC_Support/ewl/lib/armv6-m\libm.a(e_sqrt.o)
                0x00010fa0                __ieee754_sqrt
 .text.__init_cpp
                0x0001111c       0x48 C:/Freescale/CW MCU v10.6/MCU/ARM_GCC_Support/ewl/lib/armv6-m\librt.a(gcc_ctor_dtor.o)
                0x0001111c                __init_cpp
 .text.__fini_cpp
                0x00011164       0x34 C:/Freescale/CW MCU v10.6/MCU/ARM_GCC_Support/ewl/lib/armv6-m\librt.a(gcc_ctor_dtor.o)
                0x00011164                __fini_cpp
 .text.__copy_rom_section
                0x00011198       0x48 C:/Freescale/CW MCU v10.6/MCU/ARM_GCC_Support/ewl/lib/armv6-m\librt.a(ROMCopy.o)
                0x00011198                __copy_rom_section
 .text.__copy_rom_sections_to_ram
                0x000111e0       0x34 C:/Freescale/CW MCU v10.6/MCU/ARM_GCC_Support/ewl/lib/armv6-m\librt.a(ROMCopy.o)
                0x000111e0                __copy_rom_sections_to_ram
 .text.__destroy_global_chain
                0x00011214       0x1c C:/Freescale/CW MCU v10.6/MCU/ARM_GCC_Support/ewl/lib/armv6-m\librt.a(__arm_eabi_init.o)
                0x00011214                __destroy_global_chain
 .text.__init_registers
                0x00011230       0x1c C:/Freescale/CW MCU v10.6/MCU/ARM_GCC_Support/ewl/lib/armv6-m\librt.a(__arm_eabi_init.o)
                0x00011230                __init_registers
 .text.__init_user
                0x0001124c        0x4 C:/Freescale/CW MCU v10.6/MCU/ARM_GCC_Support/ewl/lib/armv6-m\librt.a(__arm_eabi_init.o)
                0x0001124c                __init_user
 *(.rodata)
 .rodata        0x00011250        0x8 ./Generated_Code/tasks.o
 .rodata        0x00011258       0x1c ./Generated_Code/UTIL1.o
 .rodata        0x00011274        0xc ./Generated_Code/GI2C2.o
 .rodata        0x00011280        0xc ./Generated_Code/GI2C1.o
 .rodata        0x0001128c      0x15c ./Generated_Code/CLS1.o
 .rodata        0x000113e8      0xa54 ./Generated_Code/BT1.o
 .rodata        0x00011e3c      0x384 ./Sources/serial_communication.o
 .rodata        0x000121c0       0x7c ./Sources/frtos_tasks.o
 .rodata        0x0001223c       0x74 ./Sources/driving.o
 .rodata        0x000122b0       0x14 ./Sources/Events.o
 .rodata        0x000122c4       0x40 c:/freescale/cw mcu v10.6/cross_tools/arm-none-eabi-gcc-4_7_3/bin/../lib/gcc/arm-none-eabi/4.7.3/armv6-m\libgcc.a(mulsf3.o)
 .rodata        0x00012304       0x40 c:/freescale/cw mcu v10.6/cross_tools/arm-none-eabi-gcc-4_7_3/bin/../lib/gcc/arm-none-eabi/4.7.3/armv6-m\libgcc.a(divdf3.o)
 .rodata        0x00012344       0x40 c:/freescale/cw mcu v10.6/cross_tools/arm-none-eabi-gcc-4_7_3/bin/../lib/gcc/arm-none-eabi/4.7.3/armv6-m\libgcc.a(muldf3.o)
 *(.rodata*)
 .rodata.ChannelDevice
                0x00012384        0x4 ./Generated_Code/TU2.o
 .rodata.ChannelMode
                0x00012388        0x4 ./Generated_Code/TU2.o
 .rodata.ChannelDevice
                0x0001238c        0x4 ./Generated_Code/TU1.o
 .rodata.ChannelMode
                0x00012390        0x4 ./Generated_Code/TU1.o
 .rodata.InitialCalibration
                0x00012394        0x8 ./Generated_Code/MMA1.o
 .rodata.addr.6795
                0x0001239c        0x1 ./Generated_Code/MMA1.o
 .rodata.addr.6787
                0x0001239d        0x1 ./Generated_Code/MMA1.o
 .rodata.addr.6779
                0x0001239e        0x1 ./Generated_Code/MMA1.o
 *fill*         0x0001239f        0x1 00
 .rodata.CLS1_stdio
                0x000123a0       0x10 ./Generated_Code/CLS1.o
                0x000123a0                CLS1_stdio
 .rodata.CmdParserTable
                0x000123b0        0xc ./Sources/serial_communication.o
 .rodata.BT_stdio
                0x000123bc       0x10 ./Sources/serial_communication.o
 .rodata.DrivingTask
                0x000123cc       0x20 ./Sources/frtos_tasks.o
 .rodata.L3GgetDegree
                0x000123ec       0x8c ./Sources/L3G.o
 .rodata.L3GSetAngel
                0x00012478       0x8c ./Sources/L3G.o
 .rodata.str1.1
                0x00012504        0x1 C:/Freescale/CW MCU v10.6/MCU/ARM_GCC_Support/ewl/lib/armv6-m\libc.a(printformat_.o)
 .rodata.CSWTCH.20
                0x00012505        0x5 C:/Freescale/CW MCU v10.6/MCU/ARM_GCC_Support/ewl/lib/armv6-m\libc.a(printformat_.o)
 .rodata.CSWTCH.21
                0x0001250a        0x5 C:/Freescale/CW MCU v10.6/MCU/ARM_GCC_Support/ewl/lib/armv6-m\libc.a(printformat_.o)
 .rodata.__aeabi_ctype_table_C
                0x0001250f      0x101 C:/Freescale/CW MCU v10.6/MCU/ARM_GCC_Support/ewl/lib/armv6-m\libc.a(ctype_aeabi.o)
                0x0001250f                __aeabi_ctype_table_C
 .rodata.atanlo
                0x00012610       0x20 C:/Freescale/CW MCU v10.6/MCU/ARM_GCC_Support/ewl/lib/armv6-m\libm.a(s_atan.o)
 .rodata.atanhi
                0x00012630       0x20 C:/Freescale/CW MCU v10.6/MCU/ARM_GCC_Support/ewl/lib/armv6-m\libm.a(s_atan.o)
 *(.glue_7)
 .glue_7        0x00000000        0x0 linker stubs
 *(.glue_7t)
 .glue_7t       0x00000000        0x0 linker stubs
 *(.eh_frame)
 *(.init)
 *(.fini)
                0x00012650                . = ALIGN (0x4)
                0x00012650                _etext = .

.vfp11_veneer   0x00012650        0x0
 .vfp11_veneer  0x00000000        0x0 linker stubs

.v4_bx          0x00012650        0x0
 .v4_bx         0x00000000        0x0 linker stubs

.iplt           0x00012650        0x0
 .iplt          0x00000000        0x0 ./Generated_Code/timers.o

.rel.dyn        0x00012650        0x0
 .rel.iplt      0x00000000        0x0 ./Generated_Code/timers.o

.ARM.extab
 *(.ARM.extab* .gnu.linkonce.armextab.*)

.ARM            0x00012650        0x0
                0x00012650                __exidx_start = .
 *(.ARM.exidx*)
                0x00012650                __exidx_end = .

.ctors          0x00012650        0x0
                0x00012650                __CTOR_LIST__ = .
 *crtbegin.o(.ctors)
 *(EXCLUDE_FILE(*crtend.o) .ctors)
 *(SORT(.ctors.*))
 *(.ctors)
                0x00012650                __CTOR_END__ = .

.dtors          0x00012650        0x0
                0x00012650                __DTOR_LIST__ = .
 *crtbegin.o(.dtors)
 *(EXCLUDE_FILE(*crtend.o) .dtors)
 *(SORT(.dtors.*))
 *(.dtors)
                0x00012650                __DTOR_END__ = .

.preinit_array  0x00012650        0x0
                0x00012650                PROVIDE (__preinit_array_start, .)
 *(.preinit_array*)
                0x00012650                PROVIDE (__preinit_array_end, .)

.init_array     0x00012650        0x0
                0x00012650                PROVIDE (__init_array_start, .)
 *(SORT(.init_array.*))
 *(.init_array*)
                0x00012650                PROVIDE (__init_array_end, .)

.fini_array     0x00012650        0x0
                0x00012650                PROVIDE (__fini_array_start, .)
 *(SORT(.fini_array.*))
 *(.fini_array*)
                0x00012650                PROVIDE (__fini_array_end, .)
                0x00012650                ___ROM_AT = .

.mtb            0x1ffff000     0x1000
                0x1ffff000                . = ALIGN (0x8)
                0x1ffff000                _mtb_start = .
 *(.mtb_buf)
 .mtb_buf       0x1ffff000     0x1000 ./Sources/sa_mtb.o
                0x1ffff000                mtb_buf
                0x20000000                . = ALIGN (0x8)
                0x20000000                _mtb_end = .

.data           0x20000000       0x24 load address 0x00012650
                0x20000000                . = ALIGN (0x4)
                0x20000000                _sdata = .
 *(.data)
 *(.data*)
 .data.uxCriticalNesting
                0x20000000        0x4 ./Generated_Code/port.o
 .data.uxTopUsedPriority
                0x20000004        0x4 ./Generated_Code/port.o
                0x20000004                uxTopUsedPriority
 .data.xHeapStructSize
                0x20000008        0x4 ./Generated_Code/heap_4.o
 .data.CLS1_currStdIO
                0x2000000c        0x4 ./Generated_Code/CLS1.o
 .data.BT1_lastErr
                0x20000010        0x1 ./Generated_Code/BT1.o
 .data.course   0x20000011        0x1 ./Sources/serial_communication.o
 .data.state    0x20000012        0x1 ./Sources/serial_communication.o
 .data.kpT      0x20000013        0x1 ./Sources/serial_communication.o
 .data.kpG      0x20000014        0x1 ./Sources/serial_communication.o
 .data.kiG      0x20000015        0x1 ./Sources/serial_communication.o
 .data.kdG      0x20000016        0x1 ./Sources/serial_communication.o
 .data.distanceSide
                0x20000017        0x1 ./Sources/driving.o
 .data.distanceFront
                0x20000018        0x1 ./Sources/driving.o
 .data.scaling  0x20000019        0x1 ./Sources/VL6180X.o
 .data.initDevices
                0x2000001a        0x1 ./Sources/VL6180X.o
                0x2000001a                initDevices
 *fill*         0x2000001b        0x1 00
 .data.__double_nan
                0x2000001c        0x8 C:/Freescale/CW MCU v10.6/MCU/ARM_GCC_Support/ewl/lib/armv6-m\libm.a(float.o)
                0x2000001c                __double_nan
                0x20000024                . = ALIGN (0x4)
                0x20000024                _edata = .
                0x00000024                ___data_size = (_edata - _sdata)

.igot.plt       0x20000024        0x0 load address 0x00012674
 .igot.plt      0x00000000        0x0 ./Generated_Code/timers.o
                0x20000024                . = ALIGN (0x4)

.bss            0x20000024     0x2b68 load address 0x00012674
                0x20000024                __START_BSS = .
                0x20000024                PROVIDE (__bss_start__, __START_BSS)
 *(.bss)
 *(.bss*)
 .bss.pxCurrentTCB
                0x20000024        0x4 ./Generated_Code/tasks.o
                0x20000024                pxCurrentTCB
 .bss.pxReadyTasksLists
                0x20000028       0x78 ./Generated_Code/tasks.o
 .bss.xDelayedTaskList1
                0x200000a0       0x14 ./Generated_Code/tasks.o
 .bss.xDelayedTaskList2
                0x200000b4       0x14 ./Generated_Code/tasks.o
 .bss.pxDelayedTaskList
                0x200000c8        0x4 ./Generated_Code/tasks.o
 .bss.pxOverflowDelayedTaskList
                0x200000cc        0x4 ./Generated_Code/tasks.o
 .bss.xPendingReadyList
                0x200000d0       0x14 ./Generated_Code/tasks.o
 .bss.xTasksWaitingTermination
                0x200000e4       0x14 ./Generated_Code/tasks.o
 .bss.uxDeletedTasksWaitingCleanUp
                0x200000f8        0x4 ./Generated_Code/tasks.o
 .bss.xSuspendedTaskList
                0x200000fc       0x14 ./Generated_Code/tasks.o
 .bss.uxCurrentNumberOfTasks
                0x20000110        0x4 ./Generated_Code/tasks.o
 .bss.xTickCount
                0x20000114        0x4 ./Generated_Code/tasks.o
 .bss.uxTopReadyPriority
                0x20000118        0x4 ./Generated_Code/tasks.o
 .bss.xSchedulerRunning
                0x2000011c        0x4 ./Generated_Code/tasks.o
 .bss.uxPendedTicks
                0x20000120        0x4 ./Generated_Code/tasks.o
 .bss.xYieldPending
                0x20000124        0x4 ./Generated_Code/tasks.o
 .bss.xNumOfOverflows
                0x20000128        0x4 ./Generated_Code/tasks.o
 .bss.uxTaskNumber
                0x2000012c        0x4 ./Generated_Code/tasks.o
 .bss.xNextTaskUnblockTime
                0x20000130        0x4 ./Generated_Code/tasks.o
 .bss.xIdleTaskHandle
                0x20000134        0x4 ./Generated_Code/tasks.o
 .bss.uxSchedulerSuspended
                0x20000138        0x4 ./Generated_Code/tasks.o
 .bss.ucHeap    0x2000013c     0x2134 ./Generated_Code/heap_4.o
 .bss.xStart    0x20002270        0x8 ./Generated_Code/heap_4.o
 .bss.pxEnd     0x20002278        0x4 ./Generated_Code/heap_4.o
 .bss.xFreeBytesRemaining
                0x2000227c        0x4 ./Generated_Code/heap_4.o
 .bss.xMinimumEverFreeBytesRemaining
                0x20002280        0x4 ./Generated_Code/heap_4.o
 .bss.xBlockAllocatedBit
                0x20002284        0x4 ./Generated_Code/heap_4.o
 .bss.DeviceDataPrv__DEFAULT_RTOS_ALLOC
                0x20002288        0x4 ./Generated_Code/Watermark.o
 .bss.DeviceDataPrv__DEFAULT_RTOS_ALLOC
                0x2000228c        0x4 ./Generated_Code/Toggle.o
 .bss.DeviceDataPrv__DEFAULT_RTOS_ALLOC
                0x20002290        0x4 ./Generated_Code/TofCE3.o
 .bss.DeviceDataPrv__DEFAULT_RTOS_ALLOC
                0x20002294        0x4 ./Generated_Code/TofCE2.o
 .bss.DeviceDataPrv__DEFAULT_RTOS_ALLOC
                0x20002298        0x4 ./Generated_Code/TofCE1.o
 .bss.DeviceDataPrv__DEFAULT_RTOS_ALLOC
                0x2000229c        0x8 ./Generated_Code/TU2.o
 .bss.DeviceDataPrv__DEFAULT_RTOS_ALLOC
                0x200022a4        0xc ./Generated_Code/TU1.o
 .bss.INT_TPM2__BAREBOARD_RTOS_ISRPARAM
                0x200022b0        0x4 ./Generated_Code/TU1.o
 .bss.TMOUT1_Counters
                0x200022b4        0x8 ./Generated_Code/TMOUT1.o
 .bss.TMOUT1_FreeCounters
                0x200022bc        0x4 ./Generated_Code/TMOUT1.o
 .bss.SerFlag   0x200022c0        0x2 ./Generated_Code/Serial1.o
 .bss.Serial1_InpLen
                0x200022c2        0x2 ./Generated_Code/Serial1.o
 .bss.InpIndexR
                0x200022c4        0x2 ./Generated_Code/Serial1.o
 .bss.InpIndexW
                0x200022c6        0x2 ./Generated_Code/Serial1.o
 .bss.InpBuffer
                0x200022c8       0x20 ./Generated_Code/Serial1.o
 .bss.BufferRead
                0x200022e8        0x1 ./Generated_Code/Serial1.o
 *fill*         0x200022e9        0x1 00
 .bss.Serial1_OutLen
                0x200022ea        0x2 ./Generated_Code/Serial1.o
 .bss.OutIndexR
                0x200022ec        0x2 ./Generated_Code/Serial1.o
 .bss.OutIndexW
                0x200022ee        0x2 ./Generated_Code/Serial1.o
 .bss.OutBuffer
                0x200022f0       0x20 ./Generated_Code/Serial1.o
 .bss.DeviceDataPrv__DEFAULT_RTOS_ALLOC
                0x20002310        0xc ./Generated_Code/PwmLdd4.o
 .bss.DeviceDataPrv__DEFAULT_RTOS_ALLOC
                0x2000231c        0xc ./Generated_Code/PwmLdd3.o
 .bss.DeviceDataPrv__DEFAULT_RTOS_ALLOC
                0x20002328        0xc ./Generated_Code/PwmLdd2.o
 .bss.DeviceDataPrv__DEFAULT_RTOS_ALLOC
                0x20002334        0xc ./Generated_Code/PwmLdd1.o
 .bss.PE_LDD_DeviceDataList
                0x20002340       0x5c ./Generated_Code/PE_LDD.o
                0x20002340                PE_LDD_DeviceDataList
 .bss.sCalValues
                0x2000239c        0x8 ./Generated_Code/MMA1.o
 .bss.GI2C2_deviceData
                0x200023a4        0x8 ./Generated_Code/GI2C2.o
 .bss.GI2C2_busSem
                0x200023ac        0x4 ./Generated_Code/GI2C2.o
 .bss.writeBuf.6722
                0x200023b0       0x10 ./Generated_Code/GI2C2.o
 .bss.GI2C1_deviceData
                0x200023c0        0x8 ./Generated_Code/GI2C1.o
 .bss.GI2C1_busSem
                0x200023c8        0x4 ./Generated_Code/GI2C1.o
 .bss.writeBuf.6722
                0x200023cc       0x10 ./Generated_Code/GI2C1.o
 .bss.DeviceDataPrv__DEFAULT_RTOS_ALLOC
                0x200023dc        0x4 ./Generated_Code/DIR_RIGHT1.o
 .bss.DeviceDataPrv__DEFAULT_RTOS_ALLOC
                0x200023e0        0x4 ./Generated_Code/DIR_RIGHT.o
 .bss.DeviceDataPrv__DEFAULT_RTOS_ALLOC
                0x200023e4        0x4 ./Generated_Code/DIR_LEFT1.o
 .bss.DeviceDataPrv__DEFAULT_RTOS_ALLOC
                0x200023e8        0x4 ./Generated_Code/DIR_LEFT.o
 .bss.SR_lock   0x200023ec        0x1 ./Generated_Code/Cpu.o
                0x200023ec                SR_lock
 *fill*         0x200023ed        0x3 00
 .bss.ShellSem  0x200023f0        0x4 ./Generated_Code/CLS1.o
 .bss.DeviceDataPrv__DEFAULT_RTOS_ALLOC
                0x200023f4       0x18 ./Generated_Code/CI2C2.o
 .bss.INT_I2C0__BAREBOARD_RTOS_ISRPARAM
                0x2000240c        0x4 ./Generated_Code/CI2C2.o
 .bss.DeviceDataPrv__DEFAULT_RTOS_ALLOC
                0x20002410       0x18 ./Generated_Code/CI2C1.o
 .bss.INT_I2C1__BAREBOARD_RTOS_ISRPARAM
                0x20002428        0x4 ./Generated_Code/CI2C1.o
 .bss.DeviceDataPrv__DEFAULT_RTOS_ALLOC
                0x2000242c        0x4 ./Generated_Code/BitIoLdd4.o
 .bss.DeviceDataPrv__DEFAULT_RTOS_ALLOC
                0x20002430        0x4 ./Generated_Code/BitIoLdd3.o
 .bss.DeviceDataPrv__DEFAULT_RTOS_ALLOC
                0x20002434        0x4 ./Generated_Code/BitIoLdd1.o
 .bss.DeviceDataPrv__DEFAULT_RTOS_ALLOC
                0x20002438        0x4 ./Generated_Code/BT_EN.o
 .bss.DeviceDataPrv__DEFAULT_RTOS_ALLOC
                0x2000243c       0x20 ./Generated_Code/ASerialLdd2.o
 .bss.INT_UART1__BAREBOARD_RTOS_ISRPARAM
                0x2000245c        0x4 ./Generated_Code/ASerialLdd2.o
 .bss.DeviceDataPrv__DEFAULT_RTOS_ALLOC
                0x20002460       0x20 ./Generated_Code/ASerialLdd1.o
 .bss.INT_UART0__BAREBOARD_RTOS_ISRPARAM
                0x20002480        0x4 ./Generated_Code/ASerialLdd1.o
 .bss.SerFlag   0x20002484        0x2 ./Generated_Code/AS1.o
 .bss.AS1_InpLen
                0x20002486        0x2 ./Generated_Code/AS1.o
 .bss.InpIndexR
                0x20002488        0x2 ./Generated_Code/AS1.o
 .bss.InpIndexW
                0x2000248a        0x2 ./Generated_Code/AS1.o
 .bss.InpBuffer
                0x2000248c       0x40 ./Generated_Code/AS1.o
 .bss.BufferRead
                0x200024cc        0x1 ./Generated_Code/AS1.o
 *fill*         0x200024cd        0x1 00
 .bss.AS1_OutLen
                0x200024ce        0x2 ./Generated_Code/AS1.o
 .bss.OutIndexR
                0x200024d0        0x2 ./Generated_Code/AS1.o
 .bss.OutIndexW
                0x200024d2        0x2 ./Generated_Code/AS1.o
 .bss.OutBuffer
                0x200024d4       0x80 ./Generated_Code/AS1.o
 .bss.OnFreeTxBufSemaphore
                0x20002554        0x1 ./Generated_Code/AS1.o
 *fill*         0x20002555        0x3 00
 .bss.argv      0x20002558        0x4 ./Project_Settings/Startup_Code/__arm_start.o
 .bss.courseSet
                0x2000255c        0x1 ./Sources/serial_communication.o
 .bss.ready     0x2000255d        0x1 ./Sources/serial_communication.o
 .bss.hello     0x2000255e        0x1 ./Sources/serial_communication.o
 .bss.start     0x2000255f        0x1 ./Sources/serial_communication.o
 .bss.tof_l_s   0x20002560        0x2 ./Sources/serial_communication.o
 .bss.tof_r_s   0x20002562        0x2 ./Sources/serial_communication.o
 .bss.tof_f_s   0x20002564        0x2 ./Sources/serial_communication.o
 .bss.raupe_i_l
                0x20002566        0x1 ./Sources/serial_communication.o
 .bss.raupe_i_r
                0x20002567        0x1 ./Sources/serial_communication.o
 .bss.gyroskop_s
                0x20002568        0x1 ./Sources/serial_communication.o
 .bss.servo_s   0x20002569        0x1 ./Sources/serial_communication.o
 .bss.letter    0x2000256a        0x1 ./Sources/serial_communication.o
 *fill*         0x2000256b        0x1 00
 .bss.tof_l_i   0x2000256c        0x2 ./Sources/serial_communication.o
 .bss.tof_r_i   0x2000256e        0x2 ./Sources/serial_communication.o
 .bss.tof_f_i   0x20002570        0x2 ./Sources/serial_communication.o
 .bss.raupe_l_i
                0x20002572        0x1 ./Sources/serial_communication.o
 .bss.raupe_r_i
                0x20002573        0x1 ./Sources/serial_communication.o
 .bss.gyro_n    0x20002574        0x2 ./Sources/serial_communication.o
 .bss.gyro_g    0x20002576        0x2 ./Sources/serial_communication.o
 .bss.gyroskop_i
                0x20002578        0x1 ./Sources/serial_communication.o
 .bss.servo_i   0x20002579        0x1 ./Sources/serial_communication.o
 .bss.errState  0x2000257a        0x1 ./Sources/serial_communication.o
 .bss.kiT       0x2000257b        0x1 ./Sources/serial_communication.o
 .bss.kdT       0x2000257c        0x1 ./Sources/serial_communication.o
 .bss.timems.7602
                0x2000257d        0x1 ./Sources/pid.o
 .bss.pwmLeft   0x2000257e        0x2 ./Sources/motor.o
 .bss.pwmRight  0x20002580        0x2 ./Sources/motor.o
 .bss.safetyVal
                0x20002582        0x2 ./Sources/motor.o
 .bss.brake     0x20002584        0x1 ./Sources/motor.o
 .bss.kpToF     0x20002585        0x1 ./Sources/driving.o
 .bss.kiToF     0x20002586        0x1 ./Sources/driving.o
 .bss.kdToF     0x20002587        0x1 ./Sources/driving.o
 .bss.kpGyro    0x20002588        0x1 ./Sources/driving.o
 .bss.kiGyro    0x20002589        0x1 ./Sources/driving.o
 .bss.kdGyro    0x2000258a        0x1 ./Sources/driving.o
 .bss.device    0x2000258b        0x1 ./Sources/driving.o
 .bss.speed     0x2000258c        0x1 ./Sources/driving.o
 .bss.letter    0x2000258d        0x1 ./Sources/driving.o
 .bss.stop      0x2000258e        0x1 ./Sources/driving.o
 .bss.parcour   0x2000258f        0x1 ./Sources/driving.o
 .bss.timeout   0x20002590        0x2 ./Sources/driving.o
 .bss.optRangeLeft
                0x20002592        0x1 ./Sources/driving.o
 .bss.optRangeRight
                0x20002593        0x1 ./Sources/driving.o
 .bss.optAngel  0x20002594        0x2 ./Sources/driving.o
 .bss.timems.8256
                0x20002596        0x1 ./Sources/driving.o
 *fill*         0x20002597        0x1 00
 .bss.timecount.8257
                0x20002598        0x4 ./Sources/driving.o
 .bss.ToFDevice
                0x2000259c       0x14 ./Sources/VL6180X.o
 .bss.device    0x200025b0        0x1 ./Sources/L3G.o
 *fill*         0x200025b1        0x3 00
 .bss.gyro      0x200025b4       0x1c ./Sources/L3G.o
 .bss.vX        0x200025d0      0x190 ./Sources/L3G.o
 .bss.vY        0x20002760      0x190 ./Sources/L3G.o
 .bss.vZ        0x200028f0      0x190 ./Sources/L3G.o
 .bss.Offset    0x20002a80        0x4 ./Sources/L3G.o
 .bss.res       0x20002a84        0x1 ./Sources/L3G.o
 .bss.arrayCount.7853
                0x20002a85        0x1 ./Sources/L3G.o
 *fill*         0x20002a86        0x2 00
 .bss.gearList.7852
                0x20002a88       0x78 ./Sources/L3G.o
 .bss.accelCounter.7812
                0x20002b00        0x1 ./Sources/L3G.o
 *fill*         0x20002b01        0x3 00
 .bss.__stdio_exit
                0x20002b04        0x4 C:/Freescale/CW MCU v10.6/MCU/ARM_GCC_Support/ewl/lib/armv6-m\libc.a(exit.o)
                0x20002b04                __stdio_exit
 .bss.__console_exit
                0x20002b08        0x4 C:/Freescale/CW MCU v10.6/MCU/ARM_GCC_Support/ewl/lib/armv6-m\libc.a(exit.o)
                0x20002b08                __console_exit
 .bss.__S_romp  0x20002b0c        0xc C:/Freescale/CW MCU v10.6/MCU/ARM_GCC_Support/ewl/lib/armv6-m\librt.a(ROMCopy.o)
 .bss.__global_destructor_chain
                0x20002b18        0x4 C:/Freescale/CW MCU v10.6/MCU/ARM_GCC_Support/ewl/lib/armv6-m\librt.a(__arm_eabi_init.o)
                0x20002b18                __global_destructor_chain
 *(COMMON)
 COMMON         0x20002b1c       0x28 ./Generated_Code/queue.o
                0x20002b1c                xQueueRegistry
 COMMON         0x20002b44        0x4 ./Generated_Code/Serial1.o
                0x20002b44                ASerialLdd2_DeviceDataPtr
 COMMON         0x20002b48        0x1 ./Generated_Code/Cpu.o
                0x20002b48                SR_reg
 *fill*         0x20002b49        0x3 00
 COMMON         0x20002b4c        0x4 ./Generated_Code/AS1.o
                0x20002b4c                ASerialLdd1_DeviceDataPtr
 COMMON         0x20002b50       0x30 ./Sources/pid.o
                0x20002b50                pid
 COMMON         0x20002b80        0x7 ./Sources/frtos_tasks.o
                0x20002b80                Task3Started
                0x20002b81                Task2Started
                0x20002b82                Task7Started
                0x20002b83                Task4Started
                0x20002b84                Task6Started
                0x20002b85                Task5Started
                0x20002b86                GyroTaskStarted
 *fill*         0x20002b87        0x1 00
 COMMON         0x20002b88        0x4 C:/Freescale/CW MCU v10.6/MCU/ARM_GCC_Support/ewl/lib/armv6-m\libc.a(errno.o)
                0x20002b88                errno
                0x20002b8c                . = ALIGN (0x4)
                0x20002b8c                __END_BSS = .
                0x20002b8c                PROVIDE (__bss_end__, __END_BSS)
                0x00012674                _romp_at = (___ROM_AT + SIZEOF (.data))

.romp           0x20002b8c       0x18 load address 0x00012674
                0x00012674                __S_romp = _romp_at
                0x20002b8c        0x4 LONG 0x12650 ___ROM_AT
                0x20002b90        0x4 LONG 0x20000000 _sdata
                0x20002b94        0x4 LONG 0x24 ___data_size
                0x20002b98        0x4 LONG 0x0
                0x20002b9c        0x4 LONG 0x0
                0x20002ba0        0x4 LONG 0x0

._user_heap_stack
                0x20002ba4      0x400 load address 0x0001268c
                0x20002ba4                . = ALIGN (0x4)
                0x20002ba4                PROVIDE (end, .)
                0x20002ba4                PROVIDE (_end, .)
                0x20002ba4                __heap_addr = .