Archive member included because of file (symbol)

C:/Freescale/CW MCU v10.6/MCU/ARM_GCC_Support/ewl/lib/armv6-m\libc.a(exit.o)
                              ./Project_Settings/Startup_Code/__arm_start.o (exit)
C:/Freescale/CW MCU v10.6/MCU/ARM_GCC_Support/ewl/lib/armv6-m\libc.a(qsort.o)
                              ./Sources/L3G.o (qsort)
C:/Freescale/CW MCU v10.6/MCU/ARM_GCC_Support/ewl/lib/armv6-m\libc.a(memcpy.o)
                              ./Generated_Code/queue.o (memcpy)
C:/Freescale/CW MCU v10.6/MCU/ARM_GCC_Support/ewl/lib/armv6-m\libc.a(memset.o)
                              ./Generated_Code/tasks.o (memset)
C:/Freescale/CW MCU v10.6/MCU/ARM_GCC_Support/ewl/lib/armv6-m\libc.a(strchr.o)
                              ./Generated_Code/UTIL1.o (strchr)
C:/Freescale/CW MCU v10.6/MCU/ARM_GCC_Support/ewl/lib/armv6-m\libc.a(strcmp.o)
                              ./Generated_Code/CLS1.o (strcmp)
C:/Freescale/CW MCU v10.6/MCU/ARM_GCC_Support/ewl/lib/armv6-m\libc.a(strlen.o)
                              ./Generated_Code/tasks.o (strlen)
C:/Freescale/CW MCU v10.6/MCU/ARM_GCC_Support/ewl/lib/armv6-m\libc.a(strncmp.o)
                              ./Generated_Code/UTIL1.o (strncmp)
C:/Freescale/CW MCU v10.6/MCU/ARM_GCC_Support/ewl/lib/armv6-m\libc.a(printformat_.o)
                              (__pformatter_)
C:/Freescale/CW MCU v10.6/MCU/ARM_GCC_Support/ewl/lib/armv6-m\libc.a(scanformat_.o)
                              (__sformatter)
C:/Freescale/CW MCU v10.6/MCU/ARM_GCC_Support/ewl/lib/armv6-m\libc.a(ctype_aeabi.o)
                              C:/Freescale/CW MCU v10.6/MCU/ARM_GCC_Support/ewl/lib/armv6-m\libc.a(scanformat_.o) (isspace)
C:/Freescale/CW MCU v10.6/MCU/ARM_GCC_Support/ewl/lib/armv6-m\libc.a(__strtoul.o)
                              C:/Freescale/CW MCU v10.6/MCU/ARM_GCC_Support/ewl/lib/armv6-m\libc.a(scanformat_.o) (__strtoul)
C:/Freescale/CW MCU v10.6/MCU/ARM_GCC_Support/ewl/lib/armv6-m\libc.a(__filll_mem.o)
                              C:/Freescale/CW MCU v10.6/MCU/ARM_GCC_Support/ewl/lib/armv6-m\libc.a(memset.o) (__fill_mem)
C:/Freescale/CW MCU v10.6/MCU/ARM_GCC_Support/ewl/lib/armv6-m\libc.a(memchr.o)
                              C:/Freescale/CW MCU v10.6/MCU/ARM_GCC_Support/ewl/lib/armv6-m\libc.a(printformat_.o) (memchr)
C:/Freescale/CW MCU v10.6/MCU/ARM_GCC_Support/ewl/lib/armv6-m\libm.a(s_atan.o)
                              ./Sources/L3G.o (atan)
C:/Freescale/CW MCU v10.6/MCU/ARM_GCC_Support/ewl/lib/armv6-m\libm.a(w_asin.o)
                              ./Sources/driving.o (asin)
C:/Freescale/CW MCU v10.6/MCU/ARM_GCC_Support/ewl/lib/armv6-m\libm.a(w_sqrt.o)
                              ./Sources/L3G.o (sqrt)
C:/Freescale/CW MCU v10.6/MCU/ARM_GCC_Support/ewl/lib/armv6-m\libm.a(e_asin.o)
                              C:/Freescale/CW MCU v10.6/MCU/ARM_GCC_Support/ewl/lib/armv6-m\libm.a(w_asin.o) (__ieee754_asin)
C:/Freescale/CW MCU v10.6/MCU/ARM_GCC_Support/ewl/lib/armv6-m\libm.a(e_sqrt.o)
                              C:/Freescale/CW MCU v10.6/MCU/ARM_GCC_Support/ewl/lib/armv6-m\libm.a(w_sqrt.o) (__ieee754_sqrt)
C:/Freescale/CW MCU v10.6/MCU/ARM_GCC_Support/ewl/lib/armv6-m\libm.a(float.o)
                              C:/Freescale/CW MCU v10.6/MCU/ARM_GCC_Support/ewl/lib/armv6-m\libm.a(e_asin.o) (__double_nan)
c:/freescale/cw mcu v10.6/cross_tools/arm-none-eabi-gcc-4_7_3/bin/../lib/gcc/arm-none-eabi/4.7.3/armv6-m\libgcc.a(_thumb1_case_sqi.o)
                              C:/Freescale/CW MCU v10.6/MCU/ARM_GCC_Support/ewl/lib/armv6-m\libc.a(__strtoul.o) (__gnu_thumb1_case_sqi)
c:/freescale/cw mcu v10.6/cross_tools/arm-none-eabi-gcc-4_7_3/bin/../lib/gcc/arm-none-eabi/4.7.3/armv6-m\libgcc.a(_thumb1_case_uqi.o)
                              C:/Freescale/CW MCU v10.6/MCU/ARM_GCC_Support/ewl/lib/armv6-m\libc.a(scanformat_.o) (__gnu_thumb1_case_uqi)
c:/freescale/cw mcu v10.6/cross_tools/arm-none-eabi-gcc-4_7_3/bin/../lib/gcc/arm-none-eabi/4.7.3/armv6-m\libgcc.a(_udivsi3.o)
                              ./Generated_Code/XF1.o (__aeabi_uidiv)
c:/freescale/cw mcu v10.6/cross_tools/arm-none-eabi-gcc-4_7_3/bin/../lib/gcc/arm-none-eabi/4.7.3/armv6-m\libgcc.a(_divsi3.o)
                              ./Generated_Code/UTIL1.o (__aeabi_idiv)
c:/freescale/cw mcu v10.6/cross_tools/arm-none-eabi-gcc-4_7_3/bin/../lib/gcc/arm-none-eabi/4.7.3/armv6-m\libgcc.a(_dvmd_tls.o)
                              c:/freescale/cw mcu v10.6/cross_tools/arm-none-eabi-gcc-4_7_3/bin/../lib/gcc/arm-none-eabi/4.7.3/armv6-m\libgcc.a(_udivsi3.o) (__aeabi_idiv0)
c:/freescale/cw mcu v10.6/cross_tools/arm-none-eabi-gcc-4_7_3/bin/../lib/gcc/arm-none-eabi/4.7.3/armv6-m\libgcc.a(_arm_cmpdf2.o)
                              C:/Freescale/CW MCU v10.6/MCU/ARM_GCC_Support/ewl/lib/armv6-m\libm.a(s_atan.o) (__aeabi_dcmpgt)
c:/freescale/cw mcu v10.6/cross_tools/arm-none-eabi-gcc-4_7_3/bin/../lib/gcc/arm-none-eabi/4.7.3/armv6-m\libgcc.a(_arm_cmpsf2.o)
                              ./Generated_Code/UTIL1.o (__aeabi_fcmplt)
[...]
Memory Configuration

Name             Origin             Length             Attributes
m_interrupts     0x00000000         0x000000c0         xr
m_text           0x00000410         0x0001fbf0         xr
m_data           0x1ffff000         0x00004000         rw
m_cfmprotrom     0x00000400         0x00000010         xr
*default*        0x00000000         0xffffffff

Linker script and memory map

LOAD ./Generated_Code/timers.o
LOAD ./Generated_Code/tasks.o
LOAD ./Generated_Code/queue.o
LOAD ./Generated_Code/portasm.o
LOAD ./Generated_Code/port.o
LOAD ./Generated_Code/mpu_wrappers.o
LOAD ./Generated_Code/list.o
LOAD ./Generated_Code/heap_5.o
LOAD ./Generated_Code/heap_4.o
LOAD ./Generated_Code/heap_3.o
LOAD ./Generated_Code/heap_2.o
LOAD ./Generated_Code/heap_1.o
LOAD ./Generated_Code/event_groups.o
LOAD ./Generated_Code/croutine.o
LOAD ./Generated_Code/XF1.o
LOAD ./Generated_Code/Watermark.o
LOAD ./Generated_Code/WAIT1.o
LOAD ./Generated_Code/Vectors.o
LOAD ./Generated_Code/UTIL1.o
LOAD ./Generated_Code/Toggle.o
LOAD ./Generated_Code/TofCE3.o
LOAD ./Generated_Code/TofCE2.o
LOAD ./Generated_Code/TofCE1.o
LOAD ./Generated_Code/TU2.o
LOAD ./Generated_Code/TU1.o
LOAD ./Generated_Code/TSK1.o
LOAD ./Generated_Code/TMOUT1.o
LOAD ./Generated_Code/Serial1.o
LOAD ./Generated_Code/RED.o
LOAD ./Generated_Code/PwmLdd4.o
LOAD ./Generated_Code/PwmLdd3.o
LOAD ./Generated_Code/PwmLdd2.o
LOAD ./Generated_Code/PwmLdd1.o
LOAD ./Generated_Code/PWM_Servo.o
LOAD ./Generated_Code/PWM_RIGHT.o
LOAD ./Generated_Code/PWM_LEFT.o
LOAD ./Generated_Code/PWM_Gyro.o
LOAD ./Generated_Code/PE_LDD.o
LOAD ./Generated_Code/MMA1.o
LOAD ./Generated_Code/MCUC1.o
LOAD ./Generated_Code/LEDpin4.o
LOAD ./Generated_Code/LEDpin3.o
LOAD ./Generated_Code/LED_GREEN.o
LOAD ./Generated_Code/GI2C2.o
LOAD ./Generated_Code/GI2C1.o
LOAD ./Generated_Code/FRTOS1.o
LOAD ./Generated_Code/DIR_RIGHT1.o
LOAD ./Generated_Code/DIR_RIGHT.o
LOAD ./Generated_Code/DIR_LEFT1.o
LOAD ./Generated_Code/DIR_LEFT.o
LOAD ./Generated_Code/Cpu.o
LOAD ./Generated_Code/CS1.o
LOAD ./Generated_Code/CLS1.o
LOAD ./Generated_Code/CI2C2.o
LOAD ./Generated_Code/CI2C1.o
LOAD ./Generated_Code/BitIoLdd4.o
LOAD ./Generated_Code/BitIoLdd3.o
LOAD ./Generated_Code/BitIoLdd1.o
LOAD ./Generated_Code/BT_EN.o
LOAD ./Generated_Code/BTState1.o
LOAD ./Generated_Code/BT1.o
LOAD ./Generated_Code/ASerialLdd2.o
LOAD ./Generated_Code/ASerialLdd1.o
LOAD ./Generated_Code/AS1.o
LOAD ./Project_Settings/Startup_Code/__arm_start.o
LOAD ./Project_Settings/Startup_Code/__arm_end.o
LOAD ./Sources/serial_communication.o
LOAD ./Sources/sa_mtb.o
LOAD ./Sources/pid.o
LOAD ./Sources/motor.o
LOAD ./Sources/main.o
LOAD ./Sources/frtos_tasks.o
LOAD ./Sources/driving.o
LOAD ./Sources/VL6180X.o
LOAD ./Sources/L3G.o
LOAD ./Sources/Events.o
                0x0000fc5c                __pformatter = __pformatter_
                [0x00010084]                __sformatter = __sformatter
START GROUP
LOAD C:/Freescale/CW MCU v10.6/MCU/ARM_GCC_Support/ewl/lib/armv6-m\libc.a
LOAD C:/Freescale/CW MCU v10.6/MCU/ARM_GCC_Support/ewl/lib/armv6-m\libm.a
LOAD c:/freescale/cw mcu v10.6/cross_tools/arm-none-eabi-gcc-4_7_3/bin/../lib/gcc/arm-none-eabi/4.7.3/armv6-m\libgcc.a
LOAD C:/Freescale/CW MCU v10.6/MCU/ARM_GCC_Support/ewl/lib/armv6-m\librt.a
LOAD C:/Freescale/CW MCU v10.6/MCU/ARM_GCC_Support/ewl/lib/armv6-m\libuart.a
END GROUP
                0x20003000                _estack = 0x20003000
                0x20003000                __SP_INIT = _estack
                0x00000000                __heap_size = 0x0
                0x00000400                __stack_size = 0x400

.interrupts     0x00000000       0xc0
                0x00000000                __vector_table = .
                0x00000000                . = ALIGN (0x4)
 *(.vectortable)
 .vectortable   0x00000000       0xc0 ./Generated_Code/Vectors.o
                0x00000000                __vect_table
                0x000000c0                . = ALIGN (0x4)

.cfmprotect     0x00000400       0x10
                0x00000400                . = ALIGN (0x4)
 *(.cfmconfig)
 .cfmconfig     0x00000400       0x10 ./Generated_Code/Cpu.o
                0x00000400                _cfm
                0x00000410                . = ALIGN (0x4)

.text           0x00000410    0x123f8
                0x00000410                . = ALIGN (0x4)
 *(.text)
 .text          0x00000410       0x14 c:/freescale/cw mcu v10.6/cross_tools/arm-none-eabi-gcc-4_7_3/bin/../lib/gcc/arm-none-eabi/4.7.3/armv6-m\libgcc.a(_thumb1_case_sqi.o)
                0x00000410                __gnu_thumb1_case_sqi
 .text          0x00000424       0x14 c:/freescale/cw mcu v10.6/cross_tools/arm-none-eabi-gcc-4_7_3/bin/../lib/gcc/arm-none-eabi/4.7.3/armv6-m\libgcc.a(_thumb1_case_uqi.o)
                0x00000424                __gnu_thumb1_case_uqi
 .text          0x00000438       0x9c c:/freescale/cw mcu v10.6/cross_tools/arm-none-eabi-gcc-4_7_3/bin/../lib/gcc/arm-none-eabi/4.7.3/armv6-m\libgcc.a(_udivsi3.o)
                0x00000438                __aeabi_uidiv
                0x00000438                __udivsi3
                0x000004c0                __aeabi_uidivmod
 .text          0x000004d4       0xc0 c:/freescale/cw mcu v10.6/cross_tools/arm-none-eabi-gcc-4_7_3/bin/../lib/gcc/arm-none-eabi/4.7.3/armv6-m\libgcc.a(_divsi3.o)
                0x000004d4                __divsi3
                0x000004d4                __aeabi_idiv
                0x00000580                __aeabi_idivmod
 .text          0x00000594        0x4 c:/freescale/cw mcu v10.6/cross_tools/arm-none-eabi-gcc-4_7_3/bin/../lib/gcc/arm-none-eabi/4.7.3/armv6-m\libgcc.a(_dvmd_tls.o)
                0x00000594                __aeabi_idiv0
                0x00000594                __aeabi_ldiv0
 .text          0x00000598       0x7c c:/freescale/cw mcu v10.6/cross_tools/arm-none-eabi-gcc-4_7_3/bin/../lib/gcc/arm-none-eabi/4.7.3/armv6-m\libgcc.a(_arm_cmpdf2.o)
                0x00000598                __aeabi_cdrcmple
                0x000005a8                __aeabi_cdcmple
                0x000005a8                __aeabi_cdcmpeq
                0x000005b8                __aeabi_dcmpeq
                0x000005c4                __aeabi_dcmplt
                0x000005d8                __aeabi_dcmple
                0x000005ec                __aeabi_dcmpgt
                0x00000600                __aeabi_dcmpge
 .text          0x00000614       0x74 c:/freescale/cw mcu v10.6/cross_tools/arm-none-eabi-gcc-4_7_3/bin/../lib/gcc/arm-none-eabi/4.7.3/armv6-m\libgcc.a(_arm_cmpsf2.o)
                0x00000614                __aeabi_cfrcmple
                0x0000061c                __aeabi_cfcmpeq
                0x0000061c                __aeabi_cfcmple
                0x0000062c                __aeabi_fcmpeq
                0x00000638                __aeabi_fcmplt
                0x0000064c                __aeabi_fcmple
                0x00000660                __aeabi_fcmpgt
                0x00000674                __aeabi_fcmpge
 .text          0x00000688       0x30 c:/freescale/cw mcu v10.6/cross_tools/arm-none-eabi-gcc-4_7_3/bin/../lib/gcc/arm-none-eabi/4.7.3/armv6-m\libgcc.a(_fixunssfsi.o)
                0x00000688                __fixunssfsi
                0x00000688                __aeabi_f2uiz
 .text          0x000006b8       0x40 c:/freescale/cw mcu v10.6/cross_tools/arm-none-eabi-gcc-4_7_3/bin/../lib/gcc/arm-none-eabi/4.7.3/armv6-m\libgcc.a(_fixunsdfsi.o)
                0x000006b8                __aeabi_d2uiz
                0x000006b8                __fixunsdfsi
 .text          0x000006f8      0x3a4 c:/freescale/cw mcu v10.6/cross_tools/arm-none-eabi-gcc-4_7_3/bin/../lib/gcc/arm-none-eabi/4.7.3/armv6-m\libgcc.a(addsf3.o)
                0x000006f8                __aeabi_fadd
 .text          0x00000a9c       0x50 c:/freescale/cw mcu v10.6/cross_tools/arm-none-eabi-gcc-4_7_3/bin/../lib/gcc/arm-none-eabi/4.7.3/armv6-m\libgcc.a(eqsf2.o)
                0x00000a9c                __eqsf2
                0x00000a9c                __nesf2
 .text          0x00000aec       0x90 c:/freescale/cw mcu v10.6/cross_tools/arm-none-eabi-gcc-4_7_3/bin/../lib/gcc/arm-none-eabi/4.7.3/armv6-m\libgcc.a(gesf2.o)
                0x00000aec                __gesf2
                0x00000aec                __gtsf2
 .text          0x00000b7c       0x90 c:/freescale/cw mcu v10.6/cross_tools/arm-none-eabi-gcc-4_7_3/bin/../lib/gcc/arm-none-eabi/4.7.3/armv6-m\libgcc.a(lesf2.o)
                0x00000b7c                __ltsf2
                0x00000b7c                __lesf2
 .text          0x00000c0c      0x260 c:/freescale/cw mcu v10.6/cross_tools/arm-none-eabi-gcc-4_7_3/bin/../lib/gcc/arm-none-eabi/4.7.3/armv6-m\libgcc.a(mulsf3.o)
                0x00000c0c                __aeabi_fmul
 .text          0x00000e6c      0x3ac c:/freescale/cw mcu v10.6/cross_tools/arm-none-eabi-gcc-4_7_3/bin/../lib/gcc/arm-none-eabi/4.7.3/armv6-m\libgcc.a(subsf3.o)
                0x00000e6c                __aeabi_fsub
 .text          0x00001218       0x40 c:/freescale/cw mcu v10.6/cross_tools/arm-none-eabi-gcc-4_7_3/bin/../lib/gcc/arm-none-eabi/4.7.3/armv6-m\libgcc.a(fixsfsi.o)
                0x00001218                __aeabi_f2iz
 .text          0x00001258       0xa8 c:/freescale/cw mcu v10.6/cross_tools/arm-none-eabi-gcc-4_7_3/bin/../lib/gcc/arm-none-eabi/4.7.3/armv6-m\libgcc.a(floatsisf.o)
                0x00001258                __aeabi_i2f
 .text          0x00001300      0x758 c:/freescale/cw mcu v10.6/cross_tools/arm-none-eabi-gcc-4_7_3/bin/../lib/gcc/arm-none-eabi/4.7.3/armv6-m\libgcc.a(adddf3.o)
                0x00001300                __aeabi_dadd
 .text          0x00001a58      0x5b8 c:/freescale/cw mcu v10.6/cross_tools/arm-none-eabi-gcc-4_7_3/bin/../lib/gcc/arm-none-eabi/4.7.3/armv6-m\libgcc.a(divdf3.o)
                0x00001a58                __aeabi_ddiv
 .text          0x00002010       0x7c c:/freescale/cw mcu v10.6/cross_tools/arm-none-eabi-gcc-4_7_3/bin/../lib/gcc/arm-none-eabi/4.7.3/armv6-m\libgcc.a(eqdf2.o)
                0x00002010                __nedf2
                0x00002010                __eqdf2
 .text          0x0000208c       0xe8 c:/freescale/cw mcu v10.6/cross_tools/arm-none-eabi-gcc-4_7_3/bin/../lib/gcc/arm-none-eabi/4.7.3/armv6-m\libgcc.a(gedf2.o)
                0x0000208c                __gedf2
                0x0000208c                __gtdf2
 .text          0x00002174       0xd8 c:/freescale/cw mcu v10.6/cross_tools/arm-none-eabi-gcc-4_7_3/bin/../lib/gcc/arm-none-eabi/4.7.3/armv6-m\libgcc.a(ledf2.o)
                0x00002174                __ledf2
                0x00002174                __ltdf2
 .text          0x0000224c      0x4e4 c:/freescale/cw mcu v10.6/cross_tools/arm-none-eabi-gcc-4_7_3/bin/../lib/gcc/arm-none-eabi/4.7.3/armv6-m\libgcc.a(muldf3.o)
                0x0000224c                __aeabi_dmul
 .text          0x00002730      0x6f8 c:/freescale/cw mcu v10.6/cross_tools/arm-none-eabi-gcc-4_7_3/bin/../lib/gcc/arm-none-eabi/4.7.3/armv6-m\libgcc.a(subdf3.o)
                0x00002730                __aeabi_dsub
 .text          0x00002e28       0x68 c:/freescale/cw mcu v10.6/cross_tools/arm-none-eabi-gcc-4_7_3/bin/../lib/gcc/arm-none-eabi/4.7.3/armv6-m\libgcc.a(fixdfsi.o)
                0x00002e28                __aeabi_d2iz
 .text          0x00002e90       0x74 c:/freescale/cw mcu v10.6/cross_tools/arm-none-eabi-gcc-4_7_3/bin/../lib/gcc/arm-none-eabi/4.7.3/armv6-m\libgcc.a(floatsidf.o)
                0x00002e90                __aeabi_i2d
 .text          0x00002f04       0x64 c:/freescale/cw mcu v10.6/cross_tools/arm-none-eabi-gcc-4_7_3/bin/../lib/gcc/arm-none-eabi/4.7.3/armv6-m\libgcc.a(floatunsidf.o)
                0x00002f04                __aeabi_ui2d
 .text          0x00002f68       0xa8 c:/freescale/cw mcu v10.6/cross_tools/arm-none-eabi-gcc-4_7_3/bin/../lib/gcc/arm-none-eabi/4.7.3/armv6-m\libgcc.a(extendsfdf2.o)
                0x00002f68                __aeabi_f2d
 .text          0x00003010      0x134 c:/freescale/cw mcu v10.6/cross_tools/arm-none-eabi-gcc-4_7_3/bin/../lib/gcc/arm-none-eabi/4.7.3/armv6-m\libgcc.a(truncdfsf2.o)
                0x00003010                __aeabi_d2f
 .text          0x00003144       0x3c c:/freescale/cw mcu v10.6/cross_tools/arm-none-eabi-gcc-4_7_3/bin/../lib/gcc/arm-none-eabi/4.7.3/armv6-m\libgcc.a(_clzsi2.o)
                0x00003144                __clzsi2
 *(.text*)
 .text.xTaskCreate
                0x00003180       0x90 ./Generated_Code/tasks.o
                0x00003180                xTaskCreate
 .text.prvInitialiseNewTask
                0x00003210      0x10c ./Generated_Code/tasks.o
 .text.prvAddNewTaskToReadyList
                0x0000331c       0xc4 ./Generated_Code/tasks.o
 .text.vTaskDelay
                0x000033e0       0x48 ./Generated_Code/tasks.o
                0x000033e0                vTaskDelay
 .text.vTaskStartScheduler
                0x00003428       0x6c ./Generated_Code/tasks.o
                0x00003428                vTaskStartScheduler
 .text.vTaskSuspendAll
                0x00003494       0x18 ./Generated_Code/tasks.o
                0x00003494                vTaskSuspendAll
 .text.xTaskResumeAll
                0x000034ac      0x118 ./Generated_Code/tasks.o
                0x000034ac                xTaskResumeAll
 .text.xTaskGetTickCount
                0x000035c4       0x24 ./Generated_Code/tasks.o
                0x000035c4                xTaskGetTickCount
 .text.xTaskIncrementTick
                0x000035e8      0x17c ./Generated_Code/tasks.o
                0x000035e8                xTaskIncrementTick
 .text.vTaskSwitchContext
                0x00003764       0xc4 ./Generated_Code/tasks.o
                0x00003764                vTaskSwitchContext
 .text.vTaskPlaceOnEventList
                0x00003828       0x38 ./Generated_Code/tasks.o
                0x00003828                vTaskPlaceOnEventList
 .text.xTaskRemoveFromEventList
                0x00003860       0xb8 ./Generated_Code/tasks.o
                0x00003860                xTaskRemoveFromEventList
 .text.vTaskSetTimeOutState
                0x00003918       0x30 ./Generated_Code/tasks.o
                0x00003918                vTaskSetTimeOutState
 .text.xTaskCheckForTimeOut
                0x00003948       0xbc ./Generated_Code/tasks.o
                0x00003948                xTaskCheckForTimeOut
 .text.vTaskMissedYield
                0x00003a04       0x14 ./Generated_Code/tasks.o
                0x00003a04                vTaskMissedYield
 .text.prvIdleTask
                0x00003a18       0x24 ./Generated_Code/tasks.o
 .text.prvInitialiseTaskLists
                0x00003a3c       0x88 ./Generated_Code/tasks.o
 .text.prvCheckTasksWaitingTermination
                0x00003ac4       0x74 ./Generated_Code/tasks.o
 .text.prvDeleteTCB
                0x00003b38       0x20 ./Generated_Code/tasks.o
 .text.prvResetNextTaskUnblockTime
                0x00003b58       0x44 ./Generated_Code/tasks.o
 .text.xTaskGetCurrentTaskHandle
                0x00003b9c       0x1c ./Generated_Code/tasks.o
                0x00003b9c                xTaskGetCurrentTaskHandle
 .text.xTaskGetSchedulerState
                0x00003bb8       0x38 ./Generated_Code/tasks.o
                0x00003bb8                xTaskGetSchedulerState
 .text.vTaskPriorityInherit
                0x00003bf0       0xbc ./Generated_Code/tasks.o
                0x00003bf0                vTaskPriorityInherit
 .text.xTaskPriorityDisinherit
                0x00003cac       0xb8 ./Generated_Code/tasks.o
                0x00003cac                xTaskPriorityDisinherit
 .text.pvTaskIncrementMutexHeldCount
                0x00003d64       0x24 ./Generated_Code/tasks.o
                0x00003d64                pvTaskIncrementMutexHeldCount
 .text.prvAddCurrentTaskToDelayedList
                0x00003d88       0xb0 ./Generated_Code/tasks.o
 .text.xQueueGenericReset
                0x00003e38       0xac ./Generated_Code/queue.o
                0x00003e38                xQueueGenericReset
 .text.xQueueGenericCreate
                0x00003ee4       0x64 ./Generated_Code/queue.o
                0x00003ee4                xQueueGenericCreate
 .text.prvInitialiseNewQueue
                0x00003f48       0x44 ./Generated_Code/queue.o
 .text.prvInitialiseMutex
                0x00003f8c       0x34 ./Generated_Code/queue.o
 .text.xQueueCreateMutex
                0x00003fc0       0x3c ./Generated_Code/queue.o
                0x00003fc0                xQueueCreateMutex
 .text.xQueueGiveMutexRecursive
                0x00003ffc       0x58 ./Generated_Code/queue.o
                0x00003ffc                xQueueGiveMutexRecursive
 .text.xQueueTakeMutexRecursive
                0x00004054       0x64 ./Generated_Code/queue.o
                0x00004054                xQueueTakeMutexRecursive
 .text.xQueueGenericSend
                0x000040b8      0x1a0 ./Generated_Code/queue.o
                0x000040b8                xQueueGenericSend
 .text.xQueueGenericReceive
                0x00004258      0x1e0 ./Generated_Code/queue.o
                0x00004258                xQueueGenericReceive
 .text.vQueueDelete
                0x00004438       0x2c ./Generated_Code/queue.o
                0x00004438                vQueueDelete
 .text.prvCopyDataToQueue
                0x00004464       0xe0 ./Generated_Code/queue.o
 .text.prvCopyDataFromQueue
                0x00004544       0x50 ./Generated_Code/queue.o
 .text.prvUnlockQueue
                0x00004594       0xc0 ./Generated_Code/queue.o
 .text.prvIsQueueEmpty
                0x00004654       0x2c ./Generated_Code/queue.o
 .text.prvIsQueueFull
                0x00004680       0x30 ./Generated_Code/queue.o
 .text.vQueueAddToRegistry
                0x000046b0       0x4c ./Generated_Code/queue.o
                0x000046b0                vQueueAddToRegistry
 .text.vQueueUnregisterQueue
                0x000046fc       0x50 ./Generated_Code/queue.o
                0x000046fc                vQueueUnregisterQueue
 .text.pxPortInitialiseStack
                0x0000474c       0x50 ./Generated_Code/port.o
                0x0000474c                pxPortInitialiseStack
 .text.vPortInitTickTimer
                0x0000479c       0x44 ./Generated_Code/port.o
                0x0000479c                vPortInitTickTimer
 .text.vPortStartTickTimer
                0x000047e0       0x14 ./Generated_Code/port.o
                0x000047e0                vPortStartTickTimer
 .text.vPortStopTickTimer
                0x000047f4       0x14 ./Generated_Code/port.o
                0x000047f4                vPortStopTickTimer
 .text.xPortStartScheduler
                0x00004808       0x34 ./Generated_Code/port.o
                0x00004808                xPortStartScheduler
 .text.vPortEnterCritical
                0x0000483c       0x20 ./Generated_Code/port.o
                0x0000483c                vPortEnterCritical
 .text.vPortExitCritical
                0x0000485c       0x20 ./Generated_Code/port.o
                0x0000485c                vPortExitCritical
 .text.vPortYieldFromISR
                0x0000487c       0x1c ./Generated_Code/port.o
                0x0000487c                vPortYieldFromISR
 .text.vPortTickHandler
                0x00004898       0x1c ./Generated_Code/port.o
                0x00004898                vPortTickHandler
 *fill*         0x000048b4        0xc 00
 .text.vPortStartFirstTask
                0x000048c0       0x50 ./Generated_Code/port.o
                0x000048c0                vPortStartFirstTask
 .text.vPortPendSVHandler
                0x00004910       0x44 ./Generated_Code/port.o
                0x00004910                vPortPendSVHandler
 .text.vListInitialise
                0x00004954       0x3c ./Generated_Code/list.o
                0x00004954                vListInitialise
 .text.vListInitialiseItem
                0x00004990       0x14 ./Generated_Code/list.o
                0x00004990                vListInitialiseItem
 .text.vListInsertEnd
                0x000049a4       0x44 ./Generated_Code/list.o
                0x000049a4                vListInsertEnd
 .text.vListInsert
                0x000049e8       0x6c ./Generated_Code/list.o
                0x000049e8                vListInsert
 .text.uxListRemove
                0x00004a54       0x50 ./Generated_Code/list.o
                0x00004a54                uxListRemove
 .text.pvPortMalloc
                0x00004aa4      0x160 ./Generated_Code/heap_4.o
                0x00004aa4                pvPortMalloc
 .text.vPortFree
                0x00004c04       0x94 ./Generated_Code/heap_4.o
                0x00004c04                vPortFree
 .text.prvHeapInit
                0x00004c98       0xc4 ./Generated_Code/heap_4.o
 .text.prvInsertBlockIntoFreeList
                0x00004d5c       0xac ./Generated_Code/heap_4.o
 .text.Watermark_Init
                0x00004e08       0x58 ./Generated_Code/Watermark.o
                0x00004e08                Watermark_Init
 .text.WAIT1_Wait10Cycles
                0x00004e60        0x8 ./Generated_Code/WAIT1.o
                0x00004e60                WAIT1_Wait10Cycles
 .text.WAIT1_Wait100Cycles
                0x00004e68       0x24 ./Generated_Code/WAIT1.o
                0x00004e68                WAIT1_Wait100Cycles
 .text.WAIT1_WaitCycles
                0x00004e8c       0x44 ./Generated_Code/WAIT1.o
                0x00004e8c                WAIT1_WaitCycles
 .text.WAIT1_WaitLongCycles
                0x00004ed0       0x3c ./Generated_Code/WAIT1.o
                0x00004ed0                WAIT1_WaitLongCycles
 .text.WAIT1_Waitms
                0x00004f0c       0x38 ./Generated_Code/WAIT1.o
                0x00004f0c                WAIT1_Waitms
 .text.WAIT1_Init
                0x00004f44        0x8 ./Generated_Code/WAIT1.o
                0x00004f44                WAIT1_Init
 .text.UTIL1_strcpy
                0x00004f4c       0x48 ./Generated_Code/UTIL1.o
                0x00004f4c                UTIL1_strcpy
 .text.UTIL1_strcat
                0x00004f94       0x64 ./Generated_Code/UTIL1.o
                0x00004f94                UTIL1_strcat
 .text.UTIL1_chcat
                0x00004ff8       0x50 ./Generated_Code/UTIL1.o
                0x00004ff8                UTIL1_chcat
 .text.UTIL1_Num8uToStr
                0x00005048       0x28 ./Generated_Code/UTIL1.o
                0x00005048                UTIL1_Num8uToStr
 .text.UTIL1_Num8sToStr
                0x00005070       0x2c ./Generated_Code/UTIL1.o
                0x00005070                UTIL1_Num8sToStr
 .text.UTIL1_Num16uToStr
                0x0000509c      0x138 ./Generated_Code/UTIL1.o
                0x0000509c                UTIL1_Num16uToStr
 .text.UTIL1_Num16sToStr
                0x000051d4      0x1b8 ./Generated_Code/UTIL1.o
                0x000051d4                UTIL1_Num16sToStr
 .text.UTIL1_strcatNum32u
                0x0000538c       0x34 ./Generated_Code/UTIL1.o
                0x0000538c                UTIL1_strcatNum32u
 .text.UTIL1_Num32sToStr
                0x000053c0      0x194 ./Generated_Code/UTIL1.o
                0x000053c0                UTIL1_Num32sToStr
 .text.UTIL1_Num32uToStr
                0x00005554      0x12c ./Generated_Code/UTIL1.o
                0x00005554                UTIL1_Num32uToStr
 .text.UTIL1_xatoi
                0x00005680      0x1f0 ./Generated_Code/UTIL1.o
                0x00005680                UTIL1_xatoi
 .text.isHexCharacter
                0x00005870       0x4c ./Generated_Code/UTIL1.o
 .text.PreScanHexNumber
                0x000058bc       0x54 ./Generated_Code/UTIL1.o
 .text.HexToDec
                0x00005910       0xb0 ./Generated_Code/UTIL1.o
 .text.UTIL1_ScanHex8uNumber
                0x000059c0       0x9c ./Generated_Code/UTIL1.o
                0x000059c0                UTIL1_ScanHex8uNumber
 .text.UTIL1_strtailcmp
                0x00005a5c       0x64 ./Generated_Code/UTIL1.o
                0x00005a5c                UTIL1_strtailcmp
 .text.Toggle_Init
                0x00005ac0       0x60 ./Generated_Code/Toggle.o
                0x00005ac0                Toggle_Init
 .text.Toggle_GetVal
                0x00005b20       0x28 ./Generated_Code/Toggle.o
                0x00005b20                Toggle_GetVal
 .text.Toggle_PutVal
                0x00005b48       0x30 ./Generated_Code/Toggle.o
                0x00005b48                Toggle_PutVal
 .text.TofCE3_Init
                0x00005b78       0x64 ./Generated_Code/TofCE3.o
                0x00005b78                TofCE3_Init
 .text.TofCE3_SetInput
                0x00005bdc       0x24 ./Generated_Code/TofCE3.o
                0x00005bdc                TofCE3_SetInput
 .text.TofCE3_SetOutput
                0x00005c00       0x20 ./Generated_Code/TofCE3.o
                0x00005c00                TofCE3_SetOutput
 .text.TofCE3_ClrVal
                0x00005c20       0x1c ./Generated_Code/TofCE3.o
                0x00005c20                TofCE3_ClrVal
 .text.TofCE2_Init
                0x00005c3c       0x64 ./Generated_Code/TofCE2.o
                0x00005c3c                TofCE2_Init
 .text.TofCE2_SetInput
                0x00005ca0       0x24 ./Generated_Code/TofCE2.o
                0x00005ca0                TofCE2_SetInput
 .text.TofCE2_SetOutput
                0x00005cc4       0x20 ./Generated_Code/TofCE2.o
                0x00005cc4                TofCE2_SetOutput
 .text.TofCE2_ClrVal
                0x00005ce4       0x1c ./Generated_Code/TofCE2.o
                0x00005ce4                TofCE2_ClrVal
 .text.TofCE1_Init
                0x00005d00       0x64 ./Generated_Code/TofCE1.o
                0x00005d00                TofCE1_Init
 .text.TofCE1_SetInput
                0x00005d64       0x24 ./Generated_Code/TofCE1.o
                0x00005d64                TofCE1_SetInput
 .text.TofCE1_SetOutput
                0x00005d88       0x20 ./Generated_Code/TofCE1.o
                0x00005d88                TofCE1_SetOutput
 .text.TofCE1_ClrVal
                0x00005da8       0x1c ./Generated_Code/TofCE1.o
                0x00005da8                TofCE1_ClrVal
 .text.TU2_Init
                0x00005dc4       0xf8 ./Generated_Code/TU2.o
                0x00005dc4                TU2_Init
 .text.TU2_GetPeriodTicks
                0x00005ebc       0x3c ./Generated_Code/TU2.o
                0x00005ebc                TU2_GetPeriodTicks
 .text.TU2_SetOffsetTicks
                0x00005ef8       0x58 ./Generated_Code/TU2.o
                0x00005ef8                TU2_SetOffsetTicks
 .text.TU1_Init
                0x00005f50      0x11c ./Generated_Code/TU1.o
                0x00005f50                TU1_Init
 .text.TU1_GetPeriodTicks
                0x0000606c       0x3c ./Generated_Code/TU1.o
                0x0000606c                TU1_GetPeriodTicks
 .text.TU1_SetOffsetTicks
                0x000060a8       0x58 ./Generated_Code/TU1.o
                0x000060a8                TU1_SetOffsetTicks
 .text.TU1_Interrupt
                0x00006100       0x5c ./Generated_Code/TU1.o
                0x00006100                TU1_Interrupt
 .text.TSK1_CreateTasks
                0x0000615c        0xc ./Generated_Code/TSK1.o
                0x0000615c                TSK1_CreateTasks
 .text.TMOUT1_GetCounter
                0x00006168       0x90 ./Generated_Code/TMOUT1.o
                0x00006168                TMOUT1_GetCounter
 .text.TMOUT1_LeaveCounter
                0x000061f8       0x40 ./Generated_Code/TMOUT1.o
                0x000061f8                TMOUT1_LeaveCounter
 .text.TMOUT1_CounterExpired
                0x00006238       0x44 ./Generated_Code/TMOUT1.o
                0x00006238                TMOUT1_CounterExpired
 .text.TMOUT1_AddTick
                0x0000627c       0x50 ./Generated_Code/TMOUT1.o
                0x0000627c                TMOUT1_AddTick
 .text.TMOUT1_Init
                0x000062cc       0x44 ./Generated_Code/TMOUT1.o
                0x000062cc                TMOUT1_Init
 .text.HWEnDi   0x00006310       0x20 ./Generated_Code/Serial1.o
 .text.Serial1_RecvChar
                0x00006330       0xe8 ./Generated_Code/Serial1.o
                0x00006330                Serial1_RecvChar
 .text.Serial1_SendChar
                0x00006418       0xec ./Generated_Code/Serial1.o
                0x00006418                Serial1_SendChar
 .text.Serial1_SendBlock
                0x00006504      0x13c ./Generated_Code/Serial1.o
                0x00006504                Serial1_SendBlock
 .text.Serial1_ClearRxBuf
                0x00006640       0x78 ./Generated_Code/Serial1.o
                0x00006640                Serial1_ClearRxBuf
 .text.Serial1_GetCharsInRxBuf
                0x000066b8       0x14 ./Generated_Code/Serial1.o
                0x000066b8                Serial1_GetCharsInRxBuf
 .text.Serial1_Init
                0x000066cc       0x64 ./Generated_Code/Serial1.o
                0x000066cc                Serial1_Init
 .text.ASerialLdd2_OnBlockReceived
                0x00006730       0x80 ./Generated_Code/Serial1.o
                0x00006730                ASerialLdd2_OnBlockReceived
 .text.ASerialLdd2_OnBlockSent
                0x000067b0       0x88 ./Generated_Code/Serial1.o
                0x000067b0                ASerialLdd2_OnBlockSent
 .text.ASerialLdd2_OnError
                0x00006838       0x90 ./Generated_Code/Serial1.o
                0x00006838                ASerialLdd2_OnError
 .text.ASerialLdd2_OnBreak
                0x000068c8       0x20 ./Generated_Code/Serial1.o
                0x000068c8                ASerialLdd2_OnBreak
 .text.RED_Init
                0x000068e8       0x18 ./Generated_Code/RED.o
                0x000068e8                RED_Init
 .text.PwmLdd4_Init
                0x00006900       0x54 ./Generated_Code/PwmLdd4.o
                0x00006900                PwmLdd4_Init
 .text.PwmLdd4_SetDutyUS
                0x00006954       0x7c ./Generated_Code/PwmLdd4.o
                0x00006954                PwmLdd4_SetDutyUS
 .text.SetRatio
                0x000069d0       0x68 ./Generated_Code/PwmLdd4.o
 .text.PwmLdd3_Init
                0x00006a38       0x54 ./Generated_Code/PwmLdd3.o
                0x00006a38                PwmLdd3_Init
 .text.PwmLdd3_SetRatio8
                0x00006a8c       0x34 ./Generated_Code/PwmLdd3.o
                0x00006a8c                PwmLdd3_SetRatio8
 .text.SetRatio
                0x00006ac0       0x68 ./Generated_Code/PwmLdd3.o
 .text.PwmLdd2_Init
                0x00006b28       0x54 ./Generated_Code/PwmLdd2.o
                0x00006b28                PwmLdd2_Init
 .text.PwmLdd2_SetRatio8
                0x00006b7c       0x34 ./Generated_Code/PwmLdd2.o
                0x00006b7c                PwmLdd2_SetRatio8
 .text.TU1_OnCounterRestart1
                0x00006bb0       0x24 ./Generated_Code/PwmLdd2.o
                0x00006bb0                TU1_OnCounterRestart1
 .text.SetRatio
                0x00006bd4       0x68 ./Generated_Code/PwmLdd2.o
 .text.PwmLdd1_Init
                0x00006c3c       0x54 ./Generated_Code/PwmLdd1.o
                0x00006c3c                PwmLdd1_Init
 .text.PwmLdd1_SetRatio8
                0x00006c90       0x34 ./Generated_Code/PwmLdd1.o
                0x00006c90                PwmLdd1_SetRatio8
 .text.TU1_OnCounterRestart0
                0x00006cc4       0x24 ./Generated_Code/PwmLdd1.o
                0x00006cc4                TU1_OnCounterRestart0
 .text.SetRatio
                0x00006ce8       0x68 ./Generated_Code/PwmLdd1.o
 .text.PwmLdd1_OnEnd
                0x00006d50       0x14 ./Generated_Code/PWM_RIGHT.o
                0x00006d50                PwmLdd1_OnEnd
 .text.PwmLdd2_OnEnd
                0x00006d64       0x14 ./Generated_Code/PWM_LEFT.o
                0x00006d64                PwmLdd2_OnEnd
 .text.MMA1_Init
                0x00006d78       0x38 ./Generated_Code/MMA1.o
                0x00006d78                MMA1_Init
 .text.MMA1_CalibrateX1g
                0x00006db0       0xb0 ./Generated_Code/MMA1.o
                0x00006db0                MMA1_CalibrateX1g
 .text.MMA1_CalibrateY1g
                0x00006e60       0xb0 ./Generated_Code/MMA1.o
                0x00006e60                MMA1_CalibrateY1g
 .text.MMA1_CalibrateZ1g
                0x00006f10       0xb0 ./Generated_Code/MMA1.o
                0x00006f10                MMA1_CalibrateZ1g
 .text.MMA1_GetXmg
                0x00006fc0       0x1c ./Generated_Code/MMA1.o
                0x00006fc0                MMA1_GetXmg
 .text.MMA1_GetYmg
                0x00006fdc       0x1c ./Generated_Code/MMA1.o
                0x00006fdc                MMA1_GetYmg
 .text.MMA1_GetZmg
                0x00006ff8       0x1c ./Generated_Code/MMA1.o
                0x00006ff8                MMA1_GetZmg
 .text.MMA1_MeasureGetRawX
                0x00007014       0x40 ./Generated_Code/MMA1.o
                0x00007014                MMA1_MeasureGetRawX
 .text.MMA1_MeasureGetRawY
                0x00007054       0x40 ./Generated_Code/MMA1.o
                0x00007054                MMA1_MeasureGetRawY
 .text.MMA1_MeasureGetRawZ
                0x00007094       0x40 ./Generated_Code/MMA1.o
                0x00007094                MMA1_MeasureGetRawZ
 .text.MMA1_GetX
                0x000070d4       0x3c ./Generated_Code/MMA1.o
                0x000070d4                MMA1_GetX
 .text.MMA1_GetY
                0x00007110       0x3c ./Generated_Code/MMA1.o
                0x00007110                MMA1_GetY
 .text.MMA1_GetZ
                0x0000714c       0x3c ./Generated_Code/MMA1.o
                0x0000714c                MMA1_GetZ
 .text.MMA1_Enable
                0x00007188       0x64 ./Generated_Code/MMA1.o
                0x00007188                MMA1_Enable
 .text.LED_GREEN_Init
                0x000071ec       0x18 ./Generated_Code/LED_GREEN.o
                0x000071ec                LED_GREEN_Init
 .text.GI2C2_RequestBus
                0x00007204       0x1c ./Generated_Code/GI2C2.o
                0x00007204                GI2C2_RequestBus
 .text.GI2C2_ReleaseBus
                0x00007220       0x18 ./Generated_Code/GI2C2.o
                0x00007220                GI2C2_ReleaseBus
 .text.GI2C2_SelectSlave
                0x00007238       0x40 ./Generated_Code/GI2C2.o
                0x00007238                GI2C2_SelectSlave
 .text.GI2C2_UnselectSlave
                0x00007278       0x10 ./Generated_Code/GI2C2.o
                0x00007278                GI2C2_UnselectSlave
 .text.GI2C2_ReadAddress
                0x00007288      0x210 ./Generated_Code/GI2C2.o
                0x00007288                GI2C2_ReadAddress
 .text.GI2C2_WriteAddress
                0x00007498      0x1e0 ./Generated_Code/GI2C2.o
                0x00007498                GI2C2_WriteAddress
 .text.CI2C2_OnMasterBlockSent
                0x00007678       0x24 ./Generated_Code/GI2C2.o
                0x00007678                CI2C2_OnMasterBlockSent
 .text.CI2C2_OnMasterBlockReceived
                0x0000769c       0x24 ./Generated_Code/GI2C2.o
                0x0000769c                CI2C2_OnMasterBlockReceived
 .text.GI2C2_Init
                0x000076c0       0x50 ./Generated_Code/GI2C2.o
                0x000076c0                GI2C2_Init
 .text.GI2C2_ReadByteAddress8
                0x00007710       0x34 ./Generated_Code/GI2C2.o
                0x00007710                GI2C2_ReadByteAddress8
 .text.GI2C2_WriteByteAddress8
                0x00007744       0x34 ./Generated_Code/GI2C2.o
                0x00007744                GI2C2_WriteByteAddress8
 .text.GI2C1_RequestBus
                0x00007778       0x1c ./Generated_Code/GI2C1.o
                0x00007778                GI2C1_RequestBus
 .text.GI2C1_ReleaseBus
                0x00007794       0x18 ./Generated_Code/GI2C1.o
                0x00007794                GI2C1_ReleaseBus
 .text.GI2C1_SelectSlave
                0x000077ac       0x40 ./Generated_Code/GI2C1.o
                0x000077ac                GI2C1_SelectSlave
 .text.GI2C1_UnselectSlave
                0x000077ec       0x10 ./Generated_Code/GI2C1.o
                0x000077ec                GI2C1_UnselectSlave
 .text.GI2C1_ReadAddress
                0x000077fc      0x210 ./Generated_Code/GI2C1.o
                0x000077fc                GI2C1_ReadAddress
 .text.GI2C1_WriteAddress
                0x00007a0c      0x1e0 ./Generated_Code/GI2C1.o
                0x00007a0c                GI2C1_WriteAddress
 .text.CI2C1_OnMasterBlockSent
                0x00007bec       0x24 ./Generated_Code/GI2C1.o
                0x00007bec                CI2C1_OnMasterBlockSent
 .text.CI2C1_OnMasterBlockReceived
                0x00007c10       0x24 ./Generated_Code/GI2C1.o
                0x00007c10                CI2C1_OnMasterBlockReceived
 .text.GI2C1_Init
                0x00007c34       0x50 ./Generated_Code/GI2C1.o
                0x00007c34                GI2C1_Init
 .text.GI2C1_Deinit
                0x00007c84       0x34 ./Generated_Code/GI2C1.o
                0x00007c84                GI2C1_Deinit
 .text.FRTOS1_Init
                0x00007cb8       0x10 ./Generated_Code/FRTOS1.o
                0x00007cb8                FRTOS1_Init
 .text.DIR_RIGHT1_Init
                0x00007cc8       0x60 ./Generated_Code/DIR_RIGHT1.o
                0x00007cc8                DIR_RIGHT1_Init
 .text.DIR_RIGHT1_PutVal
                0x00007d28       0x30 ./Generated_Code/DIR_RIGHT1.o
                0x00007d28                DIR_RIGHT1_PutVal
 .text.DIR_RIGHT_Init
                0x00007d58       0x60 ./Generated_Code/DIR_RIGHT.o
                0x00007d58                DIR_RIGHT_Init
 .text.DIR_RIGHT_PutVal
                0x00007db8       0x30 ./Generated_Code/DIR_RIGHT.o
                0x00007db8                DIR_RIGHT_PutVal
 .text.DIR_LEFT1_Init
                0x00007de8       0x60 ./Generated_Code/DIR_LEFT1.o
                0x00007de8                DIR_LEFT1_Init
 .text.DIR_LEFT1_PutVal
                0x00007e48       0x30 ./Generated_Code/DIR_LEFT1.o
                0x00007e48                DIR_LEFT1_PutVal
 .text.DIR_LEFT_Init
                0x00007e78       0x60 ./Generated_Code/DIR_LEFT.o
                0x00007e78                DIR_LEFT_Init
 .text.DIR_LEFT_PutVal
                0x00007ed8       0x30 ./Generated_Code/DIR_LEFT.o
                0x00007ed8                DIR_LEFT_PutVal
 .text.Cpu_INT_NMIInterrupt
                0x00007f08        0xc ./Generated_Code/Cpu.o
                0x00007f08                Cpu_INT_NMIInterrupt
 .text.Cpu_INT_Hard_FaultInterrupt
                0x00007f14        0xc ./Generated_Code/Cpu.o
                0x00007f14                Cpu_INT_Hard_FaultInterrupt
 .text.Cpu_ivINT_Reserved4
                0x00007f20        0xc ./Generated_Code/Cpu.o
                0x00007f20                Cpu_ivINT_Reserved4
 .text.Cpu_ivINT_Reserved5
                0x00007f2c        0xc ./Generated_Code/Cpu.o
                0x00007f2c                Cpu_ivINT_Reserved5
 .text.Cpu_ivINT_Reserved6
                0x00007f38        0xc ./Generated_Code/Cpu.o
                0x00007f38                Cpu_ivINT_Reserved6
 .text.Cpu_ivINT_Reserved7
                0x00007f44        0xc ./Generated_Code/Cpu.o
                0x00007f44                Cpu_ivINT_Reserved7
 .text.Cpu_ivINT_Reserved8
                0x00007f50        0xc ./Generated_Code/Cpu.o
                0x00007f50                Cpu_ivINT_Reserved8
 .text.Cpu_ivINT_Reserved9
                0x00007f5c        0xc ./Generated_Code/Cpu.o
                0x00007f5c                Cpu_ivINT_Reserved9
 .text.Cpu_ivINT_Reserved10
                0x00007f68        0xc ./Generated_Code/Cpu.o
                0x00007f68                Cpu_ivINT_Reserved10
 .text.Cpu_ivINT_SVCall
                0x00007f74        0xc ./Generated_Code/Cpu.o
                0x00007f74                Cpu_ivINT_SVCall
 .text.Cpu_ivINT_Reserved12
                0x00007f80        0xc ./Generated_Code/Cpu.o
                0x00007f80                Cpu_ivINT_Reserved12
 .text.Cpu_ivINT_Reserved13
                0x00007f8c        0xc ./Generated_Code/Cpu.o
                0x00007f8c                Cpu_ivINT_Reserved13
 .text.Cpu_ivINT_DMA0
                0x00007f98        0xc ./Generated_Code/Cpu.o
                0x00007f98                Cpu_ivINT_DMA0
 .text.Cpu_ivINT_DMA1
                0x00007fa4        0xc ./Generated_Code/Cpu.o
                0x00007fa4                Cpu_ivINT_DMA1
 .text.Cpu_ivINT_DMA2
                0x00007fb0        0xc ./Generated_Code/Cpu.o
                0x00007fb0                Cpu_ivINT_DMA2
 .text.Cpu_ivINT_DMA3
                0x00007fbc        0xc ./Generated_Code/Cpu.o
                0x00007fbc                Cpu_ivINT_DMA3
 .text.Cpu_ivINT_Reserved20
                0x00007fc8        0xc ./Generated_Code/Cpu.o
                0x00007fc8                Cpu_ivINT_Reserved20
 .text.Cpu_ivINT_FTFA
                0x00007fd4        0xc ./Generated_Code/Cpu.o
                0x00007fd4                Cpu_ivINT_FTFA
 .text.Cpu_ivINT_LVD_LVW
                0x00007fe0        0xc ./Generated_Code/Cpu.o
                0x00007fe0                Cpu_ivINT_LVD_LVW
 .text.Cpu_ivINT_LLW
                0x00007fec        0xc ./Generated_Code/Cpu.o
                0x00007fec                Cpu_ivINT_LLW
 .text.Cpu_ivINT_SPI0
                0x00007ff8        0xc ./Generated_Code/Cpu.o
                0x00007ff8                Cpu_ivINT_SPI0
 .text.Cpu_ivINT_SPI1
                0x00008004        0xc ./Generated_Code/Cpu.o
                0x00008004                Cpu_ivINT_SPI1
 .text.Cpu_ivINT_UART2
                0x00008010        0xc ./Generated_Code/Cpu.o
                0x00008010                Cpu_ivINT_UART2
 .text.Cpu_ivINT_ADC0
                0x0000801c        0xc ./Generated_Code/Cpu.o
                0x0000801c                Cpu_ivINT_ADC0
 .text.Cpu_ivINT_CMP0
                0x00008028        0xc ./Generated_Code/Cpu.o
                0x00008028                Cpu_ivINT_CMP0
 .text.Cpu_ivINT_TPM0
                0x00008034        0xc ./Generated_Code/Cpu.o
                0x00008034                Cpu_ivINT_TPM0
 .text.Cpu_ivINT_TPM1
                0x00008040        0xc ./Generated_Code/Cpu.o
                0x00008040                Cpu_ivINT_TPM1
 .text.Cpu_ivINT_RTC
                0x0000804c        0xc ./Generated_Code/Cpu.o
                0x0000804c                Cpu_ivINT_RTC
 .text.Cpu_ivINT_RTC_Seconds
                0x00008058        0xc ./Generated_Code/Cpu.o
                0x00008058                Cpu_ivINT_RTC_Seconds
 .text.Cpu_ivINT_PIT
                0x00008064        0xc ./Generated_Code/Cpu.o
                0x00008064                Cpu_ivINT_PIT
 .text.Cpu_ivINT_Reserved39
                0x00008070        0xc ./Generated_Code/Cpu.o
                0x00008070                Cpu_ivINT_Reserved39
 .text.Cpu_ivINT_USB0
                0x0000807c        0xc ./Generated_Code/Cpu.o
                0x0000807c                Cpu_ivINT_USB0
 .text.Cpu_ivINT_DAC0
                0x00008088        0xc ./Generated_Code/Cpu.o
                0x00008088                Cpu_ivINT_DAC0
 .text.Cpu_ivINT_TSI0
                0x00008094        0xc ./Generated_Code/Cpu.o
                0x00008094                Cpu_ivINT_TSI0
 .text.Cpu_ivINT_MCG
                0x000080a0        0xc ./Generated_Code/Cpu.o
                0x000080a0                Cpu_ivINT_MCG
 .text.Cpu_ivINT_LPTimer
                0x000080ac        0xc ./Generated_Code/Cpu.o
                0x000080ac                Cpu_ivINT_LPTimer
 .text.Cpu_ivINT_Reserved45
                0x000080b8        0xc ./Generated_Code/Cpu.o
                0x000080b8                Cpu_ivINT_Reserved45
 .text.Cpu_ivINT_PORTA
                0x000080c4        0xc ./Generated_Code/Cpu.o
                0x000080c4                Cpu_ivINT_PORTA
 .text.Cpu_ivINT_PORTD
                0x000080d0        0xc ./Generated_Code/Cpu.o
                0x000080d0                Cpu_ivINT_PORTD
 .text.TU1_OnCounterRestart
                0x000080dc       0x20 ./Generated_Code/Cpu.o
                0x000080dc                TU1_OnCounterRestart
 .text.__init_hardware
                0x000080fc      0x110 ./Generated_Code/Cpu.o
                0x000080fc                __init_hardware
 .text.PE_low_level_init
                0x0000820c      0x15c ./Generated_Code/Cpu.o
                0x0000820c                PE_low_level_init
 .text.CLS1_SendStr
                0x00008368       0x2c ./Generated_Code/CLS1.o
                0x00008368                CLS1_SendStr
 .text.CLS1_SendNum16s
                0x00008394       0x38 ./Generated_Code/CLS1.o
                0x00008394                CLS1_SendNum16s
 .text.CLS1_SendNum16u
                0x000083cc       0x34 ./Generated_Code/CLS1.o
                0x000083cc                CLS1_SendNum16u
 .text.CLS1_SendNum8u
                0x00008400       0x34 ./Generated_Code/CLS1.o
                0x00008400                CLS1_SendNum8u
 .text.CLS1_SendNum8s
                0x00008434       0x38 ./Generated_Code/CLS1.o
                0x00008434                CLS1_SendNum8s
 .text.CLS1_ParseCommand
                0x0000846c      0x12c ./Generated_Code/CLS1.o
                0x0000846c                CLS1_ParseCommand
 .text.CLS1_PrintPrompt
                0x00008598       0x20 ./Generated_Code/CLS1.o
                0x00008598                CLS1_PrintPrompt
 .text.CLS1_IsHistoryCharacter
                0x000085b8       0x24 ./Generated_Code/CLS1.o
                0x000085b8                CLS1_IsHistoryCharacter
 .text.CLS1_ReadLine
                0x000085dc       0xf8 ./Generated_Code/CLS1.o
                0x000085dc                CLS1_ReadLine
 .text.CLS1_PrintStatus
                0x000086d4       0x78 ./Generated_Code/CLS1.o
                0x000086d4                CLS1_PrintStatus
 .text.CLS1_PrintCommandFailed
                0x0000874c       0x78 ./Generated_Code/CLS1.o
                0x0000874c                CLS1_PrintCommandFailed
 .text.CLS1_IterateTable
                0x000087c4       0x64 ./Generated_Code/CLS1.o
                0x000087c4                CLS1_IterateTable
 .text.CLS1_ParseWithCommandTable
                0x00008828       0xb0 ./Generated_Code/CLS1.o
                0x00008828                CLS1_ParseWithCommandTable
 .text.CLS1_GetStdio
                0x000088d8       0x14 ./Generated_Code/CLS1.o
                0x000088d8                CLS1_GetStdio
 .text.CLS1_ReadAndParseWithCommandTable
                0x000088ec       0xf8 ./Generated_Code/CLS1.o
                0x000088ec                CLS1_ReadAndParseWithCommandTable
 .text.SendSeparatedStrings
                0x000089e4       0x80 ./Generated_Code/CLS1.o
 .text.CLS1_SendHelpStr
                0x00008a64       0x28 ./Generated_Code/CLS1.o
                0x00008a64                CLS1_SendHelpStr
 .text.CLS1_SendStatusStr
                0x00008a8c       0x28 ./Generated_Code/CLS1.o
                0x00008a8c                CLS1_SendStatusStr
 .text.CLS1_ReadChar
                0x00008ab4       0x4c ./Generated_Code/CLS1.o
                0x00008ab4                CLS1_ReadChar
 .text.CLS1_SendChar
                0x00008b00       0x70 ./Generated_Code/CLS1.o
                0x00008b00                CLS1_SendChar
 .text.CLS1_KeyPressed
                0x00008b70       0x44 ./Generated_Code/CLS1.o
                0x00008b70                CLS1_KeyPressed
 .text.CLS1_Init
                0x00008bb4       0x60 ./Generated_Code/CLS1.o
                0x00008bb4                CLS1_Init
 .text.CI2C2_Interrupt
                0x00008c14      0x278 ./Generated_Code/CI2C2.o
                0x00008c14                CI2C2_Interrupt
 .text.CI2C2_Init
                0x00008e8c      0x114 ./Generated_Code/CI2C2.o
                0x00008e8c                CI2C2_Init
 .text.CI2C2_MasterSendBlock
                0x00008fa0      0x19c ./Generated_Code/CI2C2.o
                0x00008fa0                CI2C2_MasterSendBlock
 .text.CI2C2_MasterReceiveBlock
                0x0000913c      0x19c ./Generated_Code/CI2C2.o
                0x0000913c                CI2C2_MasterReceiveBlock
 .text.CI2C2_SelectSlaveDevice
                0x000092d8      0x100 ./Generated_Code/CI2C2.o
                0x000092d8                CI2C2_SelectSlaveDevice
 .text.CI2C1_Interrupt
                0x000093d8      0x278 ./Generated_Code/CI2C1.o
                0x000093d8                CI2C1_Interrupt
 .text.CI2C1_Init
                0x00009650      0x11c ./Generated_Code/CI2C1.o
                0x00009650                CI2C1_Init
 .text.CI2C1_Deinit
                0x0000976c       0x40 ./Generated_Code/CI2C1.o
                0x0000976c                CI2C1_Deinit
 .text.CI2C1_MasterSendBlock
                0x000097ac      0x19c ./Generated_Code/CI2C1.o
                0x000097ac                CI2C1_MasterSendBlock
 .text.CI2C1_MasterReceiveBlock
                0x00009948      0x19c ./Generated_Code/CI2C1.o
                0x00009948                CI2C1_MasterReceiveBlock
 .text.CI2C1_SelectSlaveDevice
                0x00009ae4      0x100 ./Generated_Code/CI2C1.o
                0x00009ae4                CI2C1_SelectSlaveDevice
 .text.BitIoLdd4_Init
                0x00009be4       0x68 ./Generated_Code/BitIoLdd4.o
                0x00009be4                BitIoLdd4_Init
 .text.BitIoLdd4_ClrVal
                0x00009c4c       0x1c ./Generated_Code/BitIoLdd4.o
                0x00009c4c                BitIoLdd4_ClrVal
 .text.BitIoLdd4_SetVal
                0x00009c68       0x1c ./Generated_Code/BitIoLdd4.o
                0x00009c68                BitIoLdd4_SetVal
 .text.BitIoLdd3_Init
                0x00009c84       0x68 ./Generated_Code/BitIoLdd3.o
                0x00009c84                BitIoLdd3_Init
 .text.BitIoLdd3_ClrVal
                0x00009cec       0x1c ./Generated_Code/BitIoLdd3.o
                0x00009cec                BitIoLdd3_ClrVal
 .text.BitIoLdd3_SetVal
                0x00009d08       0x1c ./Generated_Code/BitIoLdd3.o
                0x00009d08                BitIoLdd3_SetVal
 .text.BitIoLdd1_Init
                0x00009d24       0x54 ./Generated_Code/BitIoLdd1.o
                0x00009d24                BitIoLdd1_Init
 .text.BT_EN_Init
                0x00009d78       0x64 ./Generated_Code/BT_EN.o
                0x00009d78                BT_EN_Init
 .text.isRxError
                0x00009ddc      0x17c ./Generated_Code/BT1.o
 .text.RxResponse
                0x00009f58       0xfc ./Generated_Code/BT1.o
 .text.BT1_SendATCommand
                0x0000a054       0x60 ./Generated_Code/BT1.o
                0x0000a054                BT1_SendATCommand
 .text.BT1_StdCmd
                0x0000a0b4       0x84 ./Generated_Code/BT1.o
                0x0000a0b4                BT1_StdCmd
 .text.BT1_StdOKCmd
                0x0000a138       0x28 ./Generated_Code/BT1.o
                0x0000a138                BT1_StdOKCmd
 .text.BT1_Init
                0x0000a160       0x14 ./Generated_Code/BT1.o
                0x0000a160                BT1_Init
 .text.BT1_btSetDeviceName
                0x0000a174       0x60 ./Generated_Code/BT1.o
                0x0000a174                BT1_btSetDeviceName
 .text.BT1_btSetBaud
                0x0000a1d4       0x54 ./Generated_Code/BT1.o
                0x0000a1d4                BT1_btSetBaud
 .text.BT1_StdIOKeyPressed
                0x0000a228       0x18 ./Generated_Code/BT1.o
                0x0000a228                BT1_StdIOKeyPressed
 .text.BT1_StdIOReadChar
                0x0000a240       0x24 ./Generated_Code/BT1.o
                0x0000a240                BT1_StdIOReadChar
 .text.BT1_StdIOSendChar
                0x0000a264       0x24 ./Generated_Code/BT1.o
                0x0000a264                BT1_StdIOSendChar
 .text.ASerialLdd2_Init
                0x0000a288      0x170 ./Generated_Code/ASerialLdd2.o
                0x0000a288                ASerialLdd2_Init
 .text.ASerialLdd2_ReceiveBlock
                0x0000a3f8       0x98 ./Generated_Code/ASerialLdd2.o
                0x0000a3f8                ASerialLdd2_ReceiveBlock
 .text.ASerialLdd2_SendBlock
                0x0000a490       0xc4 ./Generated_Code/ASerialLdd2.o
                0x0000a490                ASerialLdd2_SendBlock
 .text.InterruptRx
                0x0000a554       0x58 ./Generated_Code/ASerialLdd2.o
 .text.InterruptTx
                0x0000a5ac       0x80 ./Generated_Code/ASerialLdd2.o
 .text.ASerialLdd2_Interrupt
                0x0000a62c       0xf4 ./Generated_Code/ASerialLdd2.o
                0x0000a62c                ASerialLdd2_Interrupt
 .text.ASerialLdd2_GetError
                0x0000a720       0x74 ./Generated_Code/ASerialLdd2.o
                0x0000a720                ASerialLdd2_GetError
 .text.ASerialLdd1_Init
                0x0000a794      0x1c4 ./Generated_Code/ASerialLdd1.o
                0x0000a794                ASerialLdd1_Init
 .text.ASerialLdd1_ReceiveBlock
                0x0000a958       0x98 ./Generated_Code/ASerialLdd1.o
                0x0000a958                ASerialLdd1_ReceiveBlock
 .text.ASerialLdd1_SendBlock
                0x0000a9f0       0xc4 ./Generated_Code/ASerialLdd1.o
                0x0000a9f0                ASerialLdd1_SendBlock
 .text.InterruptRx
                0x0000aab4       0x58 ./Generated_Code/ASerialLdd1.o
 .text.InterruptTx
                0x0000ab0c       0x80 ./Generated_Code/ASerialLdd1.o
 .text.ASerialLdd1_Interrupt
                0x0000ab8c       0xfc ./Generated_Code/ASerialLdd1.o
                0x0000ab8c                ASerialLdd1_Interrupt
 .text.ASerialLdd1_GetError
                0x0000ac88       0x74 ./Generated_Code/ASerialLdd1.o
                0x0000ac88                ASerialLdd1_GetError
 .text.HWEnDi   0x0000acfc       0x20 ./Generated_Code/AS1.o
 .text.AS1_RecvChar
                0x0000ad1c       0xe8 ./Generated_Code/AS1.o
                0x0000ad1c                AS1_RecvChar
 .text.AS1_SendChar
                0x0000ae04       0xec ./Generated_Code/AS1.o
                0x0000ae04                AS1_SendChar
 .text.AS1_GetCharsInRxBuf
                0x0000aef0       0x14 ./Generated_Code/AS1.o
                0x0000aef0                AS1_GetCharsInRxBuf
 .text.AS1_Init
                0x0000af04       0x64 ./Generated_Code/AS1.o
                0x0000af04                AS1_Init
 .text.ASerialLdd1_OnBlockReceived
                0x0000af68       0xc0 ./Generated_Code/AS1.o
                0x0000af68                ASerialLdd1_OnBlockReceived
 .text.ASerialLdd1_OnBlockSent
                0x0000b028       0xe8 ./Generated_Code/AS1.o
                0x0000b028                ASerialLdd1_OnBlockSent
 .text.ASerialLdd1_OnError
                0x0000b110       0x94 ./Generated_Code/AS1.o
                0x0000b110                ASerialLdd1_OnError
 .text.ASerialLdd1_OnBreak
                0x0000b1a4       0x20 ./Generated_Code/AS1.o
                0x0000b1a4                ASerialLdd1_OnBreak
 .text.zero_fill_bss
                0x0000b1c4       0x24 ./Project_Settings/Startup_Code/__arm_start.o
 .text.__thumb_startup
                0x0000b1e8       0x30 ./Project_Settings/Startup_Code/__arm_start.o
                0x0000b1e8                __thumb_startup
 .text._ExitProcess
                0x0000b218        0xc ./Project_Settings/Startup_Code/__arm_end.o
                0x0000b218                _ExitProcess
 .text.startCommunication
                0x0000b224       0xc8 ./Sources/serial_communication.o
                0x0000b224                startCommunication
 .text.setState
                0x0000b2ec       0x20 ./Sources/serial_communication.o
                0x0000b2ec                setState
 .text.getState
                0x0000b30c       0x14 ./Sources/serial_communication.o
                0x0000b30c                getState
 .text.ParseCommand
                0x0000b320      0xa54 ./Sources/serial_communication.o
 .text.initAllSensors
                0x0000bd74      0x17c ./Sources/serial_communication.o
                0x0000bd74                initAllSensors
 .text.sendStatus
                0x0000bef0      0x2f0 ./Sources/serial_communication.o
                0x0000bef0                sendStatus
 .text.readValues
                0x0000c1e0       0x7c ./Sources/serial_communication.o
                0x0000c1e0                readValues
 .text.sendStatusBT
                0x0000c25c       0x5c ./Sources/serial_communication.o
                0x0000c25c                sendStatusBT
 .text.setErrorState
                0x0000c2b8       0x20 ./Sources/serial_communication.o
                0x0000c2b8                setErrorState
 .text.gyroReady
                0x0000c2d8       0x14 ./Sources/serial_communication.o
                0x0000c2d8                gyroReady
 .text.calcPID  0x0000c2ec      0x3f4 ./Sources/pid.o
                0x0000c2ec                calcPID
 .text.motorGetPWMLeft
                0x0000c6e0       0x18 ./Sources/motor.o
                0x0000c6e0                motorGetPWMLeft
 .text.motorGetPWMRight
                0x0000c6f8       0x18 ./Sources/motor.o
                0x0000c6f8                motorGetPWMRight
 .text.motorSetPWMLeft
                0x0000c710      0x104 ./Sources/motor.o
                0x0000c710                motorSetPWMLeft
 .text.motorSetPWMRight
                0x0000c814      0x104 ./Sources/motor.o
                0x0000c814                motorSetPWMRight
 .text.motorsStartup
                0x0000c918       0x80 ./Sources/motor.o
                0x0000c918                motorsStartup
 .text.motorsbrake
                0x0000c998       0x30 ./Sources/motor.o
                0x0000c998                motorsbrake
 .text.main     0x0000c9c8       0x10 ./Sources/main.o
                0x0000c9c8                main
 .text.ComunicationTask
                0x0000c9d8       0x10 ./Sources/frtos_tasks.o
 .text.DrivingTask
                0x0000c9e8       0x68 ./Sources/frtos_tasks.o
 .text.GyroTask
                0x0000ca50       0xac ./Sources/frtos_tasks.o
 .text.CreateTasks
                0x0000cafc       0x38 ./Sources/frtos_tasks.o
                0x0000cafc                CreateTasks
 .text.CreateDrivingTask
                0x0000cb34       0x48 ./Sources/frtos_tasks.o
                0x0000cb34                CreateDrivingTask
 .text.CreateGyroTask
                0x0000cb7c       0x48 ./Sources/frtos_tasks.o
                0x0000cb7c                CreateGyroTask
 .text.driveToStair
                0x0000cbc4      0x134 ./Sources/driving.o
                0x0000cbc4                driveToStair
 .text.driveOverStair
                0x0000ccf8      0x328 ./Sources/driving.o
                0x0000ccf8                driveOverStair
 .text.driveToTurningPlace
                0x0000d020      0x108 ./Sources/driving.o
                0x0000d020                driveToTurningPlace
 .text.driveThroughTurningPlace
                0x0000d128      0x578 ./Sources/driving.o
                0x0000d128                driveThroughTurningPlace
 .text.driveOverChannel
                0x0000d6a0      0x12c ./Sources/driving.o
                0x0000d6a0                driveOverChannel
 .text.driveToEndZone
                0x0000d7cc      0x150 ./Sources/driving.o
                0x0000d7cc                driveToEndZone
 *fill*         0x0000d91c        0x4 00
 .text.pushTheButton
                0x0000d920      0x2b0 ./Sources/driving.o
                0x0000d920                pushTheButton
 .text.regulateMotor
                0x0000dbd0      0x1e8 ./Sources/driving.o
                0x0000dbd0                regulateMotor
 .text.initDriving
                0x0000ddb8       0x74 ./Sources/driving.o
                0x0000ddb8                initDriving
 .text.setPID   0x0000de2c       0x70 ./Sources/driving.o
                0x0000de2c                setPID
 .text.setDistanceSide
                0x0000de9c       0x20 ./Sources/driving.o
                0x0000de9c                setDistanceSide
 .text.setDistanceFront
                0x0000debc       0x20 ./Sources/driving.o
                0x0000debc                setDistanceFront
 .text.setSpeed
                0x0000dedc       0x20 ./Sources/driving.o
                0x0000dedc                setSpeed
 .text.setGyroskopPWM
                0x0000defc       0x2c ./Sources/driving.o
                0x0000defc                setGyroskopPWM
 .text.setLetter
                0x0000df28       0x20 ./Sources/driving.o
                0x0000df28                setLetter
 .text.setServoPWM
                0x0000df48       0x88 ./Sources/driving.o
                0x0000df48                setServoPWM
 .text.stopDriving
                0x0000dfd0       0x20 ./Sources/driving.o
                0x0000dfd0                stopDriving
 .text.getTime  0x0000dff0       0x8c ./Sources/driving.o
                0x0000dff0                getTime
 .text.VL_OnError
                0x0000e07c       0x14 ./Sources/VL6180X.o
 .text.VL_WriteReg8
                0x0000e090       0x50 ./Sources/VL6180X.o
                0x0000e090                VL_WriteReg8
 .text.VL_WriteReg16
                0x0000e0e0       0x70 ./Sources/VL6180X.o
                0x0000e0e0                VL_WriteReg16
 .text.VL_ReadReg8
                0x0000e150       0x54 ./Sources/VL6180X.o
                0x0000e150                VL_ReadReg8
 .text.VL_ReadReg16
                0x0000e1a4       0x54 ./Sources/VL6180X.o
                0x0000e1a4                VL_ReadReg16
 .text.readRangeContinuous
                0x0000e1f8       0xf0 ./Sources/VL6180X.o
 .text.VL_ReadRangeSingle
                0x0000e2e8       0x64 ./Sources/VL6180X.o
                0x0000e2e8                VL_ReadRangeSingle
 .text.VL_ConfigureDefault
                0x0000e34c       0x94 ./Sources/VL6180X.o
                0x0000e34c                VL_ConfigureDefault
 .text.VL_InitDevice
                0x0000e3e0      0x5ac ./Sources/VL6180X.o
                0x0000e3e0                VL_InitDevice
 .text.VL_InitAndConfigureDevice
                0x0000e98c       0x64 ./Sources/VL6180X.o
                0x0000e98c                VL_InitAndConfigureDevice
 .text.VL_ChipEnable
                0x0000e9f0       0xc0 ./Sources/VL6180X.o
                0x0000e9f0                VL_ChipEnable
 .text.VL_SetI2CDeviceAddress
                0x0000eab0       0xe0 ./Sources/VL6180X.o
                0x0000eab0                VL_SetI2CDeviceAddress
 .text.VL_Init  0x0000eb90      0x180 ./Sources/VL6180X.o
                0x0000eb90                VL_Init
 .text.VL_GetDistance
                0x0000ed10      0x100 ./Sources/VL6180X.o
                0x0000ed10                VL_GetDistance
 .text.VL_GetLastDistance
                0x0000ee10       0x2c ./Sources/VL6180X.o
                0x0000ee10                VL_GetLastDistance
 .text.L3Ginit  0x0000ee3c       0x58 ./Sources/L3G.o
                0x0000ee3c                L3Ginit
 .text.L3GenableDefault
                0x0000ee94       0xe4 ./Sources/L3G.o
                0x0000ee94                L3GenableDefault
 .text.L3GwriteReg
                0x0000ef78       0x38 ./Sources/L3G.o
                0x0000ef78                L3GwriteReg
 .text.L3GreadReg
                0x0000efb0       0x3c ./Sources/L3G.o
                0x0000efb0                L3GreadReg
 .text.L3Greadxyz
                0x0000efec      0x1f0 ./Sources/L3G.o
                0x0000efec                L3Greadxyz
 .text.L3GgetDegree
                0x0000f1dc       0x8c ./Sources/L3G.o
                0x0000f1dc                L3GgetDegree
 .text.calculateOffset
                0x0000f268      0x1d0 ./Sources/L3G.o
                0x0000f268                calculateOffset
 .text.cmpfunc  0x0000f438       0x28 ./Sources/L3G.o
                0x0000f438                cmpfunc
 .text.L3GSetAngel
                0x0000f460       0x5c ./Sources/L3G.o
                0x0000f460                L3GSetAngel
 *fill*         0x0000f4bc        0x4 00
 .text.combineAccel
                0x0000f4c0      0x228 ./Sources/L3G.o
                0x0000f4c0                combineAccel
 .text.L3GFIFOdataLevel
                0x0000f6e8       0x24 ./Sources/L3G.o
                0x0000f6e8                L3GFIFOdataLevel
 .text.L3GFIFOfull
                0x0000f70c       0x28 ./Sources/L3G.o
                0x0000f70c                L3GFIFOfull
 .text.angelCorrection
                0x0000f734       0xf4 ./Sources/L3G.o
                0x0000f734                angelCorrection
 .text.cmpfunc_32
                0x0000f828       0x1c ./Sources/L3G.o
                0x0000f828                cmpfunc_32
 .text.Cpu_OnNMIINT
                0x0000f844        0x8 ./Sources/Events.o
                0x0000f844                Cpu_OnNMIINT
 .text.FRTOS1_vApplicationStackOverflowHook
                0x0000f84c       0x4c ./Sources/Events.o
                0x0000f84c                FRTOS1_vApplicationStackOverflowHook
 .text.FRTOS1_vApplicationTickHook
                0x0000f898        0xc ./Sources/Events.o
                0x0000f898                FRTOS1_vApplicationTickHook
 .text.FRTOS1_vApplicationIdleHook
                0x0000f8a4        0x8 ./Sources/Events.o
                0x0000f8a4                FRTOS1_vApplicationIdleHook
 .text.FRTOS1_vApplicationMallocFailedHook
                0x0000f8ac        0x8 ./Sources/Events.o
                0x0000f8ac                FRTOS1_vApplicationMallocFailedHook
 .text.AS1_OnError
                0x0000f8b4        0x8 ./Sources/Events.o
                0x0000f8b4                AS1_OnError
 .text.AS1_OnRxChar
                0x0000f8bc        0x8 ./Sources/Events.o
                0x0000f8bc                AS1_OnRxChar
 .text.AS1_OnTxChar
                0x0000f8c4        0x8 ./Sources/Events.o
                0x0000f8c4                AS1_OnTxChar
 .text.AS1_OnFullRxBuf
                0x0000f8cc        0x8 ./Sources/Events.o
                0x0000f8cc                AS1_OnFullRxBuf
 .text.AS1_OnFreeTxBuf
                0x0000f8d4        0x8 ./Sources/Events.o
                0x0000f8d4                AS1_OnFreeTxBuf
 .text.Cpu_OnHardFault
                0x0000f8dc        0x8 ./Sources/Events.o
                0x0000f8dc                Cpu_OnHardFault
 .text.PWM_LEFT_OnEnd
                0x0000f8e4       0x30 ./Sources/Events.o
                0x0000f8e4                PWM_LEFT_OnEnd
 .text.PWM_RIGHT_OnEnd
                0x0000f914       0x30 ./Sources/Events.o
                0x0000f914                PWM_RIGHT_OnEnd
 .text.exit     0x0000f944       0x38 C:/Freescale/CW MCU v10.6/MCU/ARM_GCC_Support/ewl/lib/armv6-m\libc.a(exit.o)
                0x0000f944                exit
 .text.qsort    0x0000f97c       0xb8 C:/Freescale/CW MCU v10.6/MCU/ARM_GCC_Support/ewl/lib/armv6-m\libc.a(qsort.o)
                0x0000f97c                qsort
 .text.memcpy   0x0000fa34       0x12 C:/Freescale/CW MCU v10.6/MCU/ARM_GCC_Support/ewl/lib/armv6-m\libc.a(memcpy.o)
                0x0000fa34                memcpy
 .text.memset   0x0000fa46        0xc C:/Freescale/CW MCU v10.6/MCU/ARM_GCC_Support/ewl/lib/armv6-m\libc.a(memset.o)
                0x0000fa46                memset
 .text.strchr   0x0000fa52       0x1e C:/Freescale/CW MCU v10.6/MCU/ARM_GCC_Support/ewl/lib/armv6-m\libc.a(strchr.o)
                0x0000fa52                strchr
 .text.strcmp   0x0000fa70       0x1c C:/Freescale/CW MCU v10.6/MCU/ARM_GCC_Support/ewl/lib/armv6-m\libc.a(strcmp.o)
                0x0000fa70                strcmp
 .text.strlen   0x0000fa8c       0x10 C:/Freescale/CW MCU v10.6/MCU/ARM_GCC_Support/ewl/lib/armv6-m\libc.a(strlen.o)
                0x0000fa8c                strlen
 .text.strncmp  0x0000fa9c       0x22 C:/Freescale/CW MCU v10.6/MCU/ARM_GCC_Support/ewl/lib/armv6-m\libc.a(strncmp.o)
                0x0000fa9c                strncmp
 *fill*         0x0000fabe        0x2 00
 .text.long2str.isra.0
                0x0000fac0      0x19c C:/Freescale/CW MCU v10.6/MCU/ARM_GCC_Support/ewl/lib/armv6-m\libc.a(printformat_.o)
 .text.__pformatter_
                0x0000fc5c      0x428 C:/Freescale/CW MCU v10.6/MCU/ARM_GCC_Support/ewl/lib/armv6-m\libc.a(printformat_.o)
                0x0000fc5c                __pformatter_
 .text.__sformatter
                0x00010084      0x698 C:/Freescale/CW MCU v10.6/MCU/ARM_GCC_Support/ewl/lib/armv6-m\libc.a(scanformat_.o)
                0x00010084                __sformatter
 .text.isalpha  0x0001071c       0x20 C:/Freescale/CW MCU v10.6/MCU/ARM_GCC_Support/ewl/lib/armv6-m\libc.a(ctype_aeabi.o)
                0x0001071c                isalpha
 .text.isspace  0x0001073c       0x20 C:/Freescale/CW MCU v10.6/MCU/ARM_GCC_Support/ewl/lib/armv6-m\libc.a(ctype_aeabi.o)
                0x0001073c                isspace
 .text.toupper  0x0001075c        0xe C:/Freescale/CW MCU v10.6/MCU/ARM_GCC_Support/ewl/lib/armv6-m\libc.a(ctype_aeabi.o)
                0x0001075c                toupper
 .text.__strtoul
                0x0001076a      0x1ce C:/Freescale/CW MCU v10.6/MCU/ARM_GCC_Support/ewl/lib/armv6-m\libc.a(__strtoul.o)
                0x0001076a                __strtoul
 .text.__fill_mem
                0x00010938       0x7e C:/Freescale/CW MCU v10.6/MCU/ARM_GCC_Support/ewl/lib/armv6-m\libc.a(__filll_mem.o)
                0x00010938                __fill_mem
 .text.memchr   0x000109b6       0x1a C:/Freescale/CW MCU v10.6/MCU/ARM_GCC_Support/ewl/lib/armv6-m\libc.a(memchr.o)
                0x000109b6                memchr
 .text.atan     0x000109d0      0x358 C:/Freescale/CW MCU v10.6/MCU/ARM_GCC_Support/ewl/lib/armv6-m\libm.a(s_atan.o)
                0x000109d0                atan
 .text.asin     0x00010d28        0x8 C:/Freescale/CW MCU v10.6/MCU/ARM_GCC_Support/ewl/lib/armv6-m\libm.a(w_asin.o)
                0x00010d28                asin
 .text.sqrt     0x00010d30        0x8 C:/Freescale/CW MCU v10.6/MCU/ARM_GCC_Support/ewl/lib/armv6-m\libm.a(w_sqrt.o)
                0x00010d30                sqrt
 .text.__ieee754_asin
                0x00010d38      0x420 C:/Freescale/CW MCU v10.6/MCU/ARM_GCC_Support/ewl/lib/armv6-m\libm.a(e_asin.o)
                0x00010d38                __ieee754_asin
 .text.__ieee754_sqrt
                0x00011158      0x17c C:/Freescale/CW MCU v10.6/MCU/ARM_GCC_Support/ewl/lib/armv6-m\libm.a(e_sqrt.o)
                0x00011158                __ieee754_sqrt
 .text.__init_cpp
                0x000112d4       0x48 C:/Freescale/CW MCU v10.6/MCU/ARM_GCC_Support/ewl/lib/armv6-m\librt.a(gcc_ctor_dtor.o)
                0x000112d4                __init_cpp
 .text.__fini_cpp
                0x0001131c       0x34 C:/Freescale/CW MCU v10.6/MCU/ARM_GCC_Support/ewl/lib/armv6-m\librt.a(gcc_ctor_dtor.o)
                0x0001131c                __fini_cpp
 .text.__copy_rom_section
                0x00011350       0x48 C:/Freescale/CW MCU v10.6/MCU/ARM_GCC_Support/ewl/lib/armv6-m\librt.a(ROMCopy.o)
                0x00011350                __copy_rom_section
 .text.__copy_rom_sections_to_ram
                0x00011398       0x34 C:/Freescale/CW MCU v10.6/MCU/ARM_GCC_Support/ewl/lib/armv6-m\librt.a(ROMCopy.o)
                0x00011398                __copy_rom_sections_to_ram
 .text.__destroy_global_chain
                0x000113cc       0x1c C:/Freescale/CW MCU v10.6/MCU/ARM_GCC_Support/ewl/lib/armv6-m\librt.a(__arm_eabi_init.o)
                0x000113cc                __destroy_global_chain
 .text.__init_registers
                0x000113e8       0x1c C:/Freescale/CW MCU v10.6/MCU/ARM_GCC_Support/ewl/lib/armv6-m\librt.a(__arm_eabi_init.o)
                0x000113e8                __init_registers
 .text.__init_user
                0x00011404        0x4 C:/Freescale/CW MCU v10.6/MCU/ARM_GCC_Support/ewl/lib/armv6-m\librt.a(__arm_eabi_init.o)
                0x00011404                __init_user
 *(.rodata)
 .rodata        0x00011408        0x8 ./Generated_Code/tasks.o
 .rodata        0x00011410       0x1c ./Generated_Code/UTIL1.o
 .rodata        0x0001142c        0xc ./Generated_Code/GI2C2.o
 .rodata        0x00011438        0xc ./Generated_Code/GI2C1.o
 .rodata        0x00011444      0x15c ./Generated_Code/CLS1.o
 .rodata        0x000115a0      0xa54 ./Generated_Code/BT1.o
 .rodata        0x00011ff4      0x3bc ./Sources/serial_communication.o
 .rodata        0x000123b0       0x44 ./Sources/frtos_tasks.o
 .rodata        0x000123f4       0x74 ./Sources/driving.o
 .rodata        0x00012468       0x14 ./Sources/Events.o
 .rodata        0x0001247c       0x40 c:/freescale/cw mcu v10.6/cross_tools/arm-none-eabi-gcc-4_7_3/bin/../lib/gcc/arm-none-eabi/4.7.3/armv6-m\libgcc.a(mulsf3.o)
 .rodata        0x000124bc       0x40 c:/freescale/cw mcu v10.6/cross_tools/arm-none-eabi-gcc-4_7_3/bin/../lib/gcc/arm-none-eabi/4.7.3/armv6-m\libgcc.a(divdf3.o)
 .rodata        0x000124fc       0x40 c:/freescale/cw mcu v10.6/cross_tools/arm-none-eabi-gcc-4_7_3/bin/../lib/gcc/arm-none-eabi/4.7.3/armv6-m\libgcc.a(muldf3.o)
 *(.rodata*)
 .rodata.ChannelDevice
                0x0001253c        0x4 ./Generated_Code/TU2.o
 .rodata.ChannelMode
                0x00012540        0x4 ./Generated_Code/TU2.o
 .rodata.ChannelDevice
                0x00012544        0x4 ./Generated_Code/TU1.o
 .rodata.ChannelMode
                0x00012548        0x4 ./Generated_Code/TU1.o
 .rodata.InitialCalibration
                0x0001254c        0x8 ./Generated_Code/MMA1.o
 .rodata.addr.6795
                0x00012554        0x1 ./Generated_Code/MMA1.o
 .rodata.addr.6787
                0x00012555        0x1 ./Generated_Code/MMA1.o
 .rodata.addr.6779
                0x00012556        0x1 ./Generated_Code/MMA1.o
 *fill*         0x00012557        0x1 00
 .rodata.CLS1_stdio
                0x00012558       0x10 ./Generated_Code/CLS1.o
                0x00012558                CLS1_stdio
 .rodata.CmdParserTable
                0x00012568        0xc ./Sources/serial_communication.o
 .rodata.BT_stdio
                0x00012574       0x10 ./Sources/serial_communication.o
 .rodata.DrivingTask
                0x00012584       0x20 ./Sources/frtos_tasks.o
 .rodata.L3GgetDegree
                0x000125a4       0x8c ./Sources/L3G.o
 .rodata.L3GSetAngel
                0x00012630       0x8c ./Sources/L3G.o
 .rodata.str1.1
                0x000126bc        0x1 C:/Freescale/CW MCU v10.6/MCU/ARM_GCC_Support/ewl/lib/armv6-m\libc.a(printformat_.o)
 .rodata.CSWTCH.20
                0x000126bd        0x5 C:/Freescale/CW MCU v10.6/MCU/ARM_GCC_Support/ewl/lib/armv6-m\libc.a(printformat_.o)
 .rodata.CSWTCH.21
                0x000126c2        0x5 C:/Freescale/CW MCU v10.6/MCU/ARM_GCC_Support/ewl/lib/armv6-m\libc.a(printformat_.o)
 .rodata.__aeabi_ctype_table_C
                0x000126c7      0x101 C:/Freescale/CW MCU v10.6/MCU/ARM_GCC_Support/ewl/lib/armv6-m\libc.a(ctype_aeabi.o)
                0x000126c7                __aeabi_ctype_table_C
 .rodata.atanlo
                0x000127c8       0x20 C:/Freescale/CW MCU v10.6/MCU/ARM_GCC_Support/ewl/lib/armv6-m\libm.a(s_atan.o)
 .rodata.atanhi
                0x000127e8       0x20 C:/Freescale/CW MCU v10.6/MCU/ARM_GCC_Support/ewl/lib/armv6-m\libm.a(s_atan.o)
 *(.glue_7)
 .glue_7        0x00000000        0x0 linker stubs
 *(.glue_7t)
 .glue_7t       0x00000000        0x0 linker stubs
 *(.eh_frame)
 *(.init)
 *(.fini)
                0x00012808                . = ALIGN (0x4)
                0x00012808                _etext = .

.vfp11_veneer   0x00012808        0x0
 .vfp11_veneer  0x00000000        0x0 linker stubs

.v4_bx          0x00012808        0x0
 .v4_bx         0x00000000        0x0 linker stubs

.iplt           0x00012808        0x0
 .iplt          0x00000000        0x0 ./Generated_Code/timers.o

.rel.dyn        0x00012808        0x0
 .rel.iplt      0x00000000        0x0 ./Generated_Code/timers.o

.ARM.extab
 *(.ARM.extab* .gnu.linkonce.armextab.*)

.ARM            0x00012808        0x0
                0x00012808                __exidx_start = .
 *(.ARM.exidx*)
                0x00012808                __exidx_end = .

.ctors          0x00012808        0x0
                0x00012808                __CTOR_LIST__ = .
 *crtbegin.o(.ctors)
 *(EXCLUDE_FILE(*crtend.o) .ctors)
 *(SORT(.ctors.*))
 *(.ctors)
                0x00012808                __CTOR_END__ = .

.dtors          0x00012808        0x0
                0x00012808                __DTOR_LIST__ = .
 *crtbegin.o(.dtors)
 *(EXCLUDE_FILE(*crtend.o) .dtors)
 *(SORT(.dtors.*))
 *(.dtors)
                0x00012808                __DTOR_END__ = .

.preinit_array  0x00012808        0x0
                0x00012808                PROVIDE (__preinit_array_start, .)
 *(.preinit_array*)
                0x00012808                PROVIDE (__preinit_array_end, .)

.init_array     0x00012808        0x0
                0x00012808                PROVIDE (__init_array_start, .)
 *(SORT(.init_array.*))
 *(.init_array*)
                0x00012808                PROVIDE (__init_array_end, .)

.fini_array     0x00012808        0x0
                0x00012808                PROVIDE (__fini_array_start, .)
 *(SORT(.fini_array.*))
 *(.fini_array*)
                0x00012808                PROVIDE (__fini_array_end, .)
                0x00012808                ___ROM_AT = .

.mtb            0x1ffff000     0x1000
                0x1ffff000                . = ALIGN (0x8)
                0x1ffff000                _mtb_start = .
 *(.mtb_buf)
 .mtb_buf       0x1ffff000     0x1000 ./Sources/sa_mtb.o
                0x1ffff000                mtb_buf
                0x20000000                . = ALIGN (0x8)
                0x20000000                _mtb_end = .

.data           0x20000000       0x24 load address 0x00012808
                0x20000000                . = ALIGN (0x4)
                0x20000000                _sdata = .
 *(.data)
 *(.data*)
 .data.uxCriticalNesting
                0x20000000        0x4 ./Generated_Code/port.o
 .data.uxTopUsedPriority
                0x20000004        0x4 ./Generated_Code/port.o
                0x20000004                uxTopUsedPriority
 .data.xHeapStructSize
                0x20000008        0x4 ./Generated_Code/heap_4.o
 .data.CLS1_currStdIO
                0x2000000c        0x4 ./Generated_Code/CLS1.o
 .data.BT1_lastErr
                0x20000010        0x1 ./Generated_Code/BT1.o
 .data.state    0x20000011        0x1 ./Sources/serial_communication.o
 .data.kpT      0x20000012        0x1 ./Sources/serial_communication.o
 .data.kpG      0x20000013        0x1 ./Sources/serial_communication.o
 .data.kiG      0x20000014        0x1 ./Sources/serial_communication.o
 .data.kdG      0x20000015        0x1 ./Sources/serial_communication.o
 .data.distanceSide
                0x20000016        0x1 ./Sources/driving.o
 .data.distanceFront
                0x20000017        0x1 ./Sources/driving.o
 .data.letter   0x20000018        0x1 ./Sources/driving.o
 .data.scaling  0x20000019        0x1 ./Sources/VL6180X.o
 .data.initDevices
                0x2000001a        0x1 ./Sources/VL6180X.o
                0x2000001a                initDevices
 *fill*         0x2000001b        0x1 00
 .data.__double_nan
                0x2000001c        0x8 C:/Freescale/CW MCU v10.6/MCU/ARM_GCC_Support/ewl/lib/armv6-m\libm.a(float.o)
                0x2000001c                __double_nan
                0x20000024                . = ALIGN (0x4)
                0x20000024                _edata = .
                0x00000024                ___data_size = (_edata - _sdata)

.igot.plt       0x20000024        0x0 load address 0x0001282c
 .igot.plt      0x00000000        0x0 ./Generated_Code/timers.o
                0x20000024                . = ALIGN (0x4)

.bss            0x20000024     0x2b6c load address 0x0001282c
                0x20000024                __START_BSS = .
                0x20000024                PROVIDE (__bss_start__, __START_BSS)
 *(.bss)
 *(.bss*)
 .bss.pxCurrentTCB
                0x20000024        0x4 ./Generated_Code/tasks.o
                0x20000024                pxCurrentTCB
 .bss.pxReadyTasksLists
                0x20000028       0x78 ./Generated_Code/tasks.o
 .bss.xDelayedTaskList1
                0x200000a0       0x14 ./Generated_Code/tasks.o
 .bss.xDelayedTaskList2
                0x200000b4       0x14 ./Generated_Code/tasks.o
 .bss.pxDelayedTaskList
                0x200000c8        0x4 ./Generated_Code/tasks.o
 .bss.pxOverflowDelayedTaskList
                0x200000cc        0x4 ./Generated_Code/tasks.o
 .bss.xPendingReadyList
                0x200000d0       0x14 ./Generated_Code/tasks.o
 .bss.xTasksWaitingTermination
                0x200000e4       0x14 ./Generated_Code/tasks.o
 .bss.uxDeletedTasksWaitingCleanUp
                0x200000f8        0x4 ./Generated_Code/tasks.o
 .bss.xSuspendedTaskList
                0x200000fc       0x14 ./Generated_Code/tasks.o
 .bss.uxCurrentNumberOfTasks
                0x20000110        0x4 ./Generated_Code/tasks.o
 .bss.xTickCount
                0x20000114        0x4 ./Generated_Code/tasks.o
 .bss.uxTopReadyPriority
                0x20000118        0x4 ./Generated_Code/tasks.o
 .bss.xSchedulerRunning
                0x2000011c        0x4 ./Generated_Code/tasks.o
 .bss.uxPendedTicks
                0x20000120        0x4 ./Generated_Code/tasks.o
 .bss.xYieldPending
                0x20000124        0x4 ./Generated_Code/tasks.o
 .bss.xNumOfOverflows
                0x20000128        0x4 ./Generated_Code/tasks.o
 .bss.uxTaskNumber
                0x2000012c        0x4 ./Generated_Code/tasks.o
 .bss.xNextTaskUnblockTime
                0x20000130        0x4 ./Generated_Code/tasks.o
 .bss.xIdleTaskHandle
                0x20000134        0x4 ./Generated_Code/tasks.o
 .bss.uxSchedulerSuspended
                0x20000138        0x4 ./Generated_Code/tasks.o
 .bss.ucHeap    0x2000013c     0x2134 ./Generated_Code/heap_4.o
 .bss.xStart    0x20002270        0x8 ./Generated_Code/heap_4.o
 .bss.pxEnd     0x20002278        0x4 ./Generated_Code/heap_4.o
 .bss.xFreeBytesRemaining
                0x2000227c        0x4 ./Generated_Code/heap_4.o
 .bss.xMinimumEverFreeBytesRemaining
                0x20002280        0x4 ./Generated_Code/heap_4.o
 .bss.xBlockAllocatedBit
                0x20002284        0x4 ./Generated_Code/heap_4.o
 .bss.DeviceDataPrv__DEFAULT_RTOS_ALLOC
                0x20002288        0x4 ./Generated_Code/Watermark.o
 .bss.DeviceDataPrv__DEFAULT_RTOS_ALLOC
                0x2000228c        0x4 ./Generated_Code/Toggle.o
 .bss.DeviceDataPrv__DEFAULT_RTOS_ALLOC
                0x20002290        0x4 ./Generated_Code/TofCE3.o
 .bss.DeviceDataPrv__DEFAULT_RTOS_ALLOC
                0x20002294        0x4 ./Generated_Code/TofCE2.o
 .bss.DeviceDataPrv__DEFAULT_RTOS_ALLOC
                0x20002298        0x4 ./Generated_Code/TofCE1.o
 .bss.DeviceDataPrv__DEFAULT_RTOS_ALLOC
                0x2000229c        0x8 ./Generated_Code/TU2.o
 .bss.DeviceDataPrv__DEFAULT_RTOS_ALLOC
                0x200022a4        0xc ./Generated_Code/TU1.o
 .bss.INT_TPM2__BAREBOARD_RTOS_ISRPARAM
                0x200022b0        0x4 ./Generated_Code/TU1.o
 .bss.TMOUT1_Counters
                0x200022b4        0x8 ./Generated_Code/TMOUT1.o
 .bss.TMOUT1_FreeCounters
                0x200022bc        0x4 ./Generated_Code/TMOUT1.o
 .bss.SerFlag   0x200022c0        0x2 ./Generated_Code/Serial1.o
 .bss.Serial1_InpLen
                0x200022c2        0x2 ./Generated_Code/Serial1.o
 .bss.InpIndexR
                0x200022c4        0x2 ./Generated_Code/Serial1.o
 .bss.InpIndexW
                0x200022c6        0x2 ./Generated_Code/Serial1.o
 .bss.InpBuffer
                0x200022c8       0x20 ./Generated_Code/Serial1.o
 .bss.BufferRead
                0x200022e8        0x1 ./Generated_Code/Serial1.o
 *fill*         0x200022e9        0x1 00
 .bss.Serial1_OutLen
                0x200022ea        0x2 ./Generated_Code/Serial1.o
 .bss.OutIndexR
                0x200022ec        0x2 ./Generated_Code/Serial1.o
 .bss.OutIndexW
                0x200022ee        0x2 ./Generated_Code/Serial1.o
 .bss.OutBuffer
                0x200022f0       0x20 ./Generated_Code/Serial1.o
 .bss.DeviceDataPrv__DEFAULT_RTOS_ALLOC
                0x20002310        0xc ./Generated_Code/PwmLdd4.o
 .bss.DeviceDataPrv__DEFAULT_RTOS_ALLOC
                0x2000231c        0xc ./Generated_Code/PwmLdd3.o
 .bss.DeviceDataPrv__DEFAULT_RTOS_ALLOC
                0x20002328        0xc ./Generated_Code/PwmLdd2.o
 .bss.DeviceDataPrv__DEFAULT_RTOS_ALLOC
                0x20002334        0xc ./Generated_Code/PwmLdd1.o
 .bss.PE_LDD_DeviceDataList
                0x20002340       0x5c ./Generated_Code/PE_LDD.o
                0x20002340                PE_LDD_DeviceDataList
 .bss.sCalValues
                0x2000239c        0x8 ./Generated_Code/MMA1.o
 .bss.GI2C2_deviceData
                0x200023a4        0x8 ./Generated_Code/GI2C2.o
 .bss.GI2C2_busSem
                0x200023ac        0x4 ./Generated_Code/GI2C2.o
 .bss.writeBuf.6722
                0x200023b0       0x10 ./Generated_Code/GI2C2.o
 .bss.GI2C1_deviceData
                0x200023c0        0x8 ./Generated_Code/GI2C1.o
 .bss.GI2C1_busSem
                0x200023c8        0x4 ./Generated_Code/GI2C1.o
 .bss.writeBuf.6722
                0x200023cc       0x10 ./Generated_Code/GI2C1.o
 .bss.DeviceDataPrv__DEFAULT_RTOS_ALLOC
                0x200023dc        0x4 ./Generated_Code/DIR_RIGHT1.o
 .bss.DeviceDataPrv__DEFAULT_RTOS_ALLOC
                0x200023e0        0x4 ./Generated_Code/DIR_RIGHT.o
 .bss.DeviceDataPrv__DEFAULT_RTOS_ALLOC
                0x200023e4        0x4 ./Generated_Code/DIR_LEFT1.o
 .bss.DeviceDataPrv__DEFAULT_RTOS_ALLOC
                0x200023e8        0x4 ./Generated_Code/DIR_LEFT.o
 .bss.SR_lock   0x200023ec        0x1 ./Generated_Code/Cpu.o
                0x200023ec                SR_lock
 *fill*         0x200023ed        0x3 00
 .bss.ShellSem  0x200023f0        0x4 ./Generated_Code/CLS1.o
 .bss.DeviceDataPrv__DEFAULT_RTOS_ALLOC
                0x200023f4       0x18 ./Generated_Code/CI2C2.o
 .bss.INT_I2C0__BAREBOARD_RTOS_ISRPARAM
                0x2000240c        0x4 ./Generated_Code/CI2C2.o
 .bss.DeviceDataPrv__DEFAULT_RTOS_ALLOC
                0x20002410       0x18 ./Generated_Code/CI2C1.o
 .bss.INT_I2C1__BAREBOARD_RTOS_ISRPARAM
                0x20002428        0x4 ./Generated_Code/CI2C1.o
 .bss.DeviceDataPrv__DEFAULT_RTOS_ALLOC
                0x2000242c        0x4 ./Generated_Code/BitIoLdd4.o
 .bss.DeviceDataPrv__DEFAULT_RTOS_ALLOC
                0x20002430        0x4 ./Generated_Code/BitIoLdd3.o
 .bss.DeviceDataPrv__DEFAULT_RTOS_ALLOC
                0x20002434        0x4 ./Generated_Code/BitIoLdd1.o
 .bss.DeviceDataPrv__DEFAULT_RTOS_ALLOC
                0x20002438        0x4 ./Generated_Code/BT_EN.o
 .bss.DeviceDataPrv__DEFAULT_RTOS_ALLOC
                0x2000243c       0x20 ./Generated_Code/ASerialLdd2.o
 .bss.INT_UART1__BAREBOARD_RTOS_ISRPARAM
                0x2000245c        0x4 ./Generated_Code/ASerialLdd2.o
 .bss.DeviceDataPrv__DEFAULT_RTOS_ALLOC
                0x20002460       0x20 ./Generated_Code/ASerialLdd1.o
 .bss.INT_UART0__BAREBOARD_RTOS_ISRPARAM
                0x20002480        0x4 ./Generated_Code/ASerialLdd1.o
 .bss.SerFlag   0x20002484        0x2 ./Generated_Code/AS1.o
 .bss.AS1_InpLen
                0x20002486        0x2 ./Generated_Code/AS1.o
 .bss.InpIndexR
                0x20002488        0x2 ./Generated_Code/AS1.o
 .bss.InpIndexW
                0x2000248a        0x2 ./Generated_Code/AS1.o
 .bss.InpBuffer
                0x2000248c       0x40 ./Generated_Code/AS1.o
 .bss.BufferRead
                0x200024cc        0x1 ./Generated_Code/AS1.o
 *fill*         0x200024cd        0x1 00
 .bss.AS1_OutLen
                0x200024ce        0x2 ./Generated_Code/AS1.o
 .bss.OutIndexR
                0x200024d0        0x2 ./Generated_Code/AS1.o
 .bss.OutIndexW
                0x200024d2        0x2 ./Generated_Code/AS1.o
 .bss.OutBuffer
                0x200024d4       0x80 ./Generated_Code/AS1.o
 .bss.OnFreeTxBufSemaphore
                0x20002554        0x1 ./Generated_Code/AS1.o
 *fill*         0x20002555        0x3 00
 .bss.argv      0x20002558        0x4 ./Project_Settings/Startup_Code/__arm_start.o
 .bss.courseSet
                0x2000255c        0x1 ./Sources/serial_communication.o
 .bss.ready     0x2000255d        0x1 ./Sources/serial_communication.o
 .bss.hello     0x2000255e        0x1 ./Sources/serial_communication.o
 .bss.start     0x2000255f        0x1 ./Sources/serial_communication.o
 .bss.course    0x20002560        0x1 ./Sources/serial_communication.o
 *fill*         0x20002561        0x1 00
 .bss.tof_l_s   0x20002562        0x2 ./Sources/serial_communication.o
 .bss.tof_r_s   0x20002564        0x2 ./Sources/serial_communication.o
 .bss.tof_f_s   0x20002566        0x2 ./Sources/serial_communication.o
 .bss.raupe_i_l
                0x20002568        0x1 ./Sources/serial_communication.o
 .bss.raupe_i_r
                0x20002569        0x1 ./Sources/serial_communication.o
 .bss.gyroskop_s
                0x2000256a        0x1 ./Sources/serial_communication.o
 .bss.servo_s   0x2000256b        0x1 ./Sources/serial_communication.o
 .bss.letter    0x2000256c        0x1 ./Sources/serial_communication.o
 *fill*         0x2000256d        0x1 00
 .bss.tof_l_i   0x2000256e        0x2 ./Sources/serial_communication.o
 .bss.tof_r_i   0x20002570        0x2 ./Sources/serial_communication.o
 .bss.tof_f_i   0x20002572        0x2 ./Sources/serial_communication.o
 .bss.raupe_l_i
                0x20002574        0x1 ./Sources/serial_communication.o
 .bss.raupe_r_i
                0x20002575        0x1 ./Sources/serial_communication.o
 .bss.gyro_n    0x20002576        0x2 ./Sources/serial_communication.o
 .bss.gyro_g    0x20002578        0x2 ./Sources/serial_communication.o
 .bss.gyroskop_i
                0x2000257a        0x1 ./Sources/serial_communication.o
 .bss.servo_i   0x2000257b        0x1 ./Sources/serial_communication.o
 .bss.errState  0x2000257c        0x1 ./Sources/serial_communication.o
 .bss.kiT       0x2000257d        0x1 ./Sources/serial_communication.o
 .bss.kdT       0x2000257e        0x1 ./Sources/serial_communication.o
 .bss.timems.7602
                0x2000257f        0x1 ./Sources/pid.o
 .bss.pwmLeft   0x20002580        0x2 ./Sources/motor.o
 .bss.pwmRight  0x20002582        0x2 ./Sources/motor.o
 .bss.safetyVal
                0x20002584        0x2 ./Sources/motor.o
 .bss.brake     0x20002586        0x1 ./Sources/motor.o
 .bss.kpToF     0x20002587        0x1 ./Sources/driving.o
 .bss.kiToF     0x20002588        0x1 ./Sources/driving.o
 .bss.kdToF     0x20002589        0x1 ./Sources/driving.o
 .bss.kpGyro    0x2000258a        0x1 ./Sources/driving.o
 .bss.kiGyro    0x2000258b        0x1 ./Sources/driving.o
 .bss.kdGyro    0x2000258c        0x1 ./Sources/driving.o
 .bss.device    0x2000258d        0x1 ./Sources/driving.o
 .bss.speed     0x2000258e        0x1 ./Sources/driving.o
 .bss.stop      0x2000258f        0x1 ./Sources/driving.o
 .bss.parcour   0x20002590        0x1 ./Sources/driving.o
 *fill*         0x20002591        0x1 00
 .bss.timeout   0x20002592        0x2 ./Sources/driving.o
 .bss.optRangeLeft
                0x20002594        0x1 ./Sources/driving.o
 .bss.optRangeRight
                0x20002595        0x1 ./Sources/driving.o
 .bss.optAngel  0x20002596        0x2 ./Sources/driving.o
 .bss.timems.8262
                0x20002598        0x1 ./Sources/driving.o
 *fill*         0x20002599        0x3 00
 .bss.timecount.8263
                0x2000259c        0x4 ./Sources/driving.o
 .bss.ToFDevice
                0x200025a0       0x14 ./Sources/VL6180X.o
 .bss.device    0x200025b4        0x1 ./Sources/L3G.o
 *fill*         0x200025b5        0x3 00
 .bss.gyro      0x200025b8       0x1c ./Sources/L3G.o
 .bss.vX        0x200025d4      0x190 ./Sources/L3G.o
 .bss.vY        0x20002764      0x190 ./Sources/L3G.o
 .bss.vZ        0x200028f4      0x190 ./Sources/L3G.o
 .bss.Offset    0x20002a84        0x4 ./Sources/L3G.o
 .bss.res       0x20002a88        0x1 ./Sources/L3G.o
 .bss.arrayCount.7853
                0x20002a89        0x1 ./Sources/L3G.o
 *fill*         0x20002a8a        0x2 00
 .bss.gearList.7852
                0x20002a8c       0x78 ./Sources/L3G.o
 .bss.accelCounter.7812
                0x20002b04        0x1 ./Sources/L3G.o
 *fill*         0x20002b05        0x3 00
 .bss.__stdio_exit
                0x20002b08        0x4 C:/Freescale/CW MCU v10.6/MCU/ARM_GCC_Support/ewl/lib/armv6-m\libc.a(exit.o)
                0x20002b08                __stdio_exit
 .bss.__console_exit
                0x20002b0c        0x4 C:/Freescale/CW MCU v10.6/MCU/ARM_GCC_Support/ewl/lib/armv6-m\libc.a(exit.o)
                0x20002b0c                __console_exit
 .bss.__S_romp  0x20002b10        0xc C:/Freescale/CW MCU v10.6/MCU/ARM_GCC_Support/ewl/lib/armv6-m\librt.a(ROMCopy.o)
 .bss.__global_destructor_chain
                0x20002b1c        0x4 C:/Freescale/CW MCU v10.6/MCU/ARM_GCC_Support/ewl/lib/armv6-m\librt.a(__arm_eabi_init.o)
                0x20002b1c                __global_destructor_chain
 *(COMMON)
 COMMON         0x20002b20       0x28 ./Generated_Code/queue.o
                0x20002b20                xQueueRegistry
 COMMON         0x20002b48        0x4 ./Generated_Code/Serial1.o
                0x20002b48                ASerialLdd2_DeviceDataPtr
 COMMON         0x20002b4c        0x1 ./Generated_Code/Cpu.o
                0x20002b4c                SR_reg
 *fill*         0x20002b4d        0x3 00
 COMMON         0x20002b50        0x4 ./Generated_Code/AS1.o
                0x20002b50                ASerialLdd1_DeviceDataPtr
 COMMON         0x20002b54       0x30 ./Sources/pid.o
                0x20002b54                pid
 COMMON         0x20002b84        0x7 ./Sources/frtos_tasks.o
                0x20002b84                Task3Started
                0x20002b85                Task2Started
                0x20002b86                Task7Started
                0x20002b87                Task4Started
                0x20002b88                Task6Started
                0x20002b89                Task5Started
                0x20002b8a                GyroTaskStarted
 *fill*         0x20002b8b        0x1 00
 COMMON         0x20002b8c        0x4 C:/Freescale/CW MCU v10.6/MCU/ARM_GCC_Support/ewl/lib/armv6-m\libc.a(errno.o)
                0x20002b8c                errno
                0x20002b90                . = ALIGN (0x4)
                0x20002b90                __END_BSS = .
                0x20002b90                PROVIDE (__bss_end__, __END_BSS)
                0x0001282c                _romp_at = (___ROM_AT + SIZEOF (.data))

.romp           0x20002b90       0x18 load address 0x0001282c
                0x0001282c                __S_romp = _romp_at