Archive member included because of file (symbol)

C:/Freescale/CW MCU v10.6/MCU/ARM_GCC_Support/ewl/lib/armv6-m\libc.a(exit.o)
                              ./Project_Settings/Startup_Code/__arm_start.o (exit)
C:/Freescale/CW MCU v10.6/MCU/ARM_GCC_Support/ewl/lib/armv6-m\libc.a(qsort.o)
                              ./Sources/L3G.o (qsort)
C:/Freescale/CW MCU v10.6/MCU/ARM_GCC_Support/ewl/lib/armv6-m\libc.a(memcpy.o)
                              ./Generated_Code/queue.o (memcpy)
C:/Freescale/CW MCU v10.6/MCU/ARM_GCC_Support/ewl/lib/armv6-m\libc.a(memset.o)
                              ./Generated_Code/tasks.o (memset)
C:/Freescale/CW MCU v10.6/MCU/ARM_GCC_Support/ewl/lib/armv6-m\libc.a(strchr.o)
                              ./Generated_Code/UTIL1.o (strchr)
C:/Freescale/CW MCU v10.6/MCU/ARM_GCC_Support/ewl/lib/armv6-m\libc.a(strcmp.o)
                              ./Generated_Code/CLS1.o (strcmp)
C:/Freescale/CW MCU v10.6/MCU/ARM_GCC_Support/ewl/lib/armv6-m\libc.a(strlen.o)
                              ./Generated_Code/UTIL1.o (strlen)
C:/Freescale/CW MCU v10.6/MCU/ARM_GCC_Support/ewl/lib/armv6-m\libc.a(strncmp.o)
                              ./Generated_Code/UTIL1.o (strncmp)
C:/Freescale/CW MCU v10.6/MCU/ARM_GCC_Support/ewl/lib/armv6-m\libc.a(printformat_.o)
                              (__pformatter_)
C:/Freescale/CW MCU v10.6/MCU/ARM_GCC_Support/ewl/lib/armv6-m\libc.a(scanformat_.o)
                              (__sformatter)
C:/Freescale/CW MCU v10.6/MCU/ARM_GCC_Support/ewl/lib/armv6-m\libc.a(ctype_aeabi.o)
                              C:/Freescale/CW MCU v10.6/MCU/ARM_GCC_Support/ewl/lib/armv6-m\libc.a(scanformat_.o) (isspace)
C:/Freescale/CW MCU v10.6/MCU/ARM_GCC_Support/ewl/lib/armv6-m\libc.a(__strtoul.o)
                              C:/Freescale/CW MCU v10.6/MCU/ARM_GCC_Support/ewl/lib/armv6-m\libc.a(scanformat_.o) (__strtoul)
C:/Freescale/CW MCU v10.6/MCU/ARM_GCC_Support/ewl/lib/armv6-m\libc.a(__filll_mem.o)
                              C:/Freescale/CW MCU v10.6/MCU/ARM_GCC_Support/ewl/lib/armv6-m\libc.a(memset.o) (__fill_mem)
C:/Freescale/CW MCU v10.6/MCU/ARM_GCC_Support/ewl/lib/armv6-m\libc.a(memchr.o)
                              C:/Freescale/CW MCU v10.6/MCU/ARM_GCC_Support/ewl/lib/armv6-m\libc.a(printformat_.o) (memchr)
C:/Freescale/CW MCU v10.6/MCU/ARM_GCC_Support/ewl/lib/armv6-m\libm.a(s_atan.o)
                              ./Sources/L3G.o (atan)
C:/Freescale/CW MCU v10.6/MCU/ARM_GCC_Support/ewl/lib/armv6-m\libm.a(w_sqrt.o)
                              ./Sources/L3G.o (sqrt)
C:/Freescale/CW MCU v10.6/MCU/ARM_GCC_Support/ewl/lib/armv6-m\libm.a(e_sqrt.o)
                              C:/Freescale/CW MCU v10.6/MCU/ARM_GCC_Support/ewl/lib/armv6-m\libm.a(w_sqrt.o) (__ieee754_sqrt)
C:/Freescale/CW MCU v10.6/MCU/ARM_GCC_Support/ewl/lib/armv6-m\libm.a(float.o)
                              C:/Freescale/CW MCU v10.6/MCU/ARM_GCC_Support/ewl/lib/armv6-m\libm.a(e_sqrt.o) (__double_nan)
c:/freescale/cw mcu v10.6/cross_tools/arm-none-eabi-gcc-4_7_3/bin/../lib/gcc/arm-none-eabi/4.7.3/armv6-m\libgcc.a(_thumb1_case_sqi.o)
                              C:/Freescale/CW MCU v10.6/MCU/ARM_GCC_Support/ewl/lib/armv6-m\libc.a(__strtoul.o) (__gnu_thumb1_case_sqi)
c:/freescale/cw mcu v10.6/cross_tools/arm-none-eabi-gcc-4_7_3/bin/../lib/gcc/arm-none-eabi/4.7.3/armv6-m\libgcc.a(_thumb1_case_uqi.o)
                              C:/Freescale/CW MCU v10.6/MCU/ARM_GCC_Support/ewl/lib/armv6-m\libc.a(scanformat_.o) (__gnu_thumb1_case_uqi)
c:/freescale/cw mcu v10.6/cross_tools/arm-none-eabi-gcc-4_7_3/bin/../lib/gcc/arm-none-eabi/4.7.3/armv6-m\libgcc.a(_udivsi3.o)
                              ./Generated_Code/UTIL1.o (__aeabi_uidiv)
c:/freescale/cw mcu v10.6/cross_tools/arm-none-eabi-gcc-4_7_3/bin/../lib/gcc/arm-none-eabi/4.7.3/armv6-m\libgcc.a(_divsi3.o)
                              ./Generated_Code/UTIL1.o (__aeabi_idiv)
c:/freescale/cw mcu v10.6/cross_tools/arm-none-eabi-gcc-4_7_3/bin/../lib/gcc/arm-none-eabi/4.7.3/armv6-m\libgcc.a(_dvmd_tls.o)
                              c:/freescale/cw mcu v10.6/cross_tools/arm-none-eabi-gcc-4_7_3/bin/../lib/gcc/arm-none-eabi/4.7.3/armv6-m\libgcc.a(_udivsi3.o) (__aeabi_idiv0)
c:/freescale/cw mcu v10.6/cross_tools/arm-none-eabi-gcc-4_7_3/bin/../lib/gcc/arm-none-eabi/4.7.3/armv6-m\libgcc.a(_arm_cmpdf2.o)
                              C:/Freescale/CW MCU v10.6/MCU/ARM_GCC_Support/ewl/lib/armv6-m\libm.a(s_atan.o) (__aeabi_dcmpgt)
c:/freescale/cw mcu v10.6/cross_tools/arm-none-eabi-gcc-4_7_3/bin/../lib/gcc/arm-none-eabi/4.7.3/armv6-m\libgcc.a(_arm_cmpsf2.o)
                              ./Generated_Code/UTIL1.o (__aeabi_fcmplt)
c:/freescale/cw mcu v10.6/cross_tools/arm-none-eabi-gcc-4_7_3/bin/../lib/gcc/arm-none-eabi/4.7.3/armv6-m\libgcc.a(_fixunssfsi.o)
                              ./Generated_Code/UTIL1.o (__aeabi_f2uiz)
c:/freescale/cw mcu v10.6/cross_tools/arm-none-eabi-gcc-4_7_3/bin/../lib/gcc/arm-none-eabi/4.7.3/armv6-m\libgcc.a(addsf3.o)
[...]
Memory Configuration

Name             Origin             Length             Attributes
m_interrupts     0x00000000         0x000000c0         xr
m_text           0x00000410         0x0001fbf0         xr
m_data           0x1ffff000         0x00004000         rw
m_cfmprotrom     0x00000400         0x00000010         xr
*default*        0x00000000         0xffffffff

Linker script and memory map

LOAD ./Generated_Code/timers.o
LOAD ./Generated_Code/tasks.o
LOAD ./Generated_Code/queue.o
LOAD ./Generated_Code/portasm.o
LOAD ./Generated_Code/port.o
LOAD ./Generated_Code/list.o
LOAD ./Generated_Code/heap_5.o
LOAD ./Generated_Code/heap_4.o
LOAD ./Generated_Code/heap_3.o
LOAD ./Generated_Code/heap_2.o
LOAD ./Generated_Code/heap_1.o
LOAD ./Generated_Code/event_groups.o
LOAD ./Generated_Code/croutine.o
LOAD ./Generated_Code/Watermark.o
LOAD ./Generated_Code/WAIT1.o
LOAD ./Generated_Code/Vectors.o
LOAD ./Generated_Code/UTIL1.o
LOAD ./Generated_Code/TofCE3.o
LOAD ./Generated_Code/TofCE2.o
LOAD ./Generated_Code/TofCE1.o
LOAD ./Generated_Code/TU2.o
LOAD ./Generated_Code/TU1.o
LOAD ./Generated_Code/TSK1.o
LOAD ./Generated_Code/TMOUT1.o
LOAD ./Generated_Code/RED.o
LOAD ./Generated_Code/PwmLdd4.o
LOAD ./Generated_Code/PwmLdd3.o
LOAD ./Generated_Code/PwmLdd2.o
LOAD ./Generated_Code/PwmLdd1.o
LOAD ./Generated_Code/PWM_Servo.o
LOAD ./Generated_Code/PWM_RIGHT.o
LOAD ./Generated_Code/PWM_LEFT.o
LOAD ./Generated_Code/PWM_Gyro.o
LOAD ./Generated_Code/PE_LDD.o
LOAD ./Generated_Code/MMA1.o
LOAD ./Generated_Code/LEDpin4.o
LOAD ./Generated_Code/LEDpin3.o
LOAD ./Generated_Code/LED_GREEN.o
LOAD ./Generated_Code/KSDK1.o
LOAD ./Generated_Code/GI2C2.o
LOAD ./Generated_Code/GI2C1.o
LOAD ./Generated_Code/FRTOS1.o
LOAD ./Generated_Code/DIR_RIGHT1.o
LOAD ./Generated_Code/DIR_RIGHT.o
LOAD ./Generated_Code/DIR_LEFT1.o
LOAD ./Generated_Code/DIR_LEFT.o
LOAD ./Generated_Code/Cpu.o
LOAD ./Generated_Code/CS1.o
LOAD ./Generated_Code/CLS1.o
LOAD ./Generated_Code/CI2C2.o
LOAD ./Generated_Code/CI2C1.o
LOAD ./Generated_Code/BitIoLdd4.o
LOAD ./Generated_Code/BitIoLdd3.o
LOAD ./Generated_Code/BT_EN.o
LOAD ./Generated_Code/ASerialLdd1.o
LOAD ./Generated_Code/AS1.o
LOAD ./Project_Settings/Startup_Code/__arm_start.o
LOAD ./Project_Settings/Startup_Code/__arm_end.o
LOAD ./Sources/serial_communication.o
LOAD ./Sources/sa_mtb.o
LOAD ./Sources/pid.o
LOAD ./Sources/motor.o
LOAD ./Sources/main.o
LOAD ./Sources/frtos_tasks.o
LOAD ./Sources/driving.o
LOAD ./Sources/VL6180X.o
LOAD ./Sources/L3G.o
LOAD ./Sources/Events.o
                0x0000cf2c                __pformatter = __pformatter_
                [0x0000d354]                __sformatter = __sformatter
START GROUP
LOAD C:/Freescale/CW MCU v10.6/MCU/ARM_GCC_Support/ewl/lib/armv6-m\libc.a
LOAD C:/Freescale/CW MCU v10.6/MCU/ARM_GCC_Support/ewl/lib/armv6-m\libm.a
LOAD c:/freescale/cw mcu v10.6/cross_tools/arm-none-eabi-gcc-4_7_3/bin/../lib/gcc/arm-none-eabi/4.7.3/armv6-m\libgcc.a
LOAD C:/Freescale/CW MCU v10.6/MCU/ARM_GCC_Support/ewl/lib/armv6-m\librt.a
LOAD C:/Freescale/CW MCU v10.6/MCU/ARM_GCC_Support/ewl/lib/armv6-m\libuart.a
END GROUP
                0x20003000                _estack = 0x20003000
                0x20003000                __SP_INIT = _estack
                0x00000000                __heap_size = 0x0
                0x00000400                __stack_size = 0x400

.interrupts     0x00000000       0xc0
                0x00000000                __vector_table = .
                0x00000000                . = ALIGN (0x4)
 *(.vectortable)
 .vectortable   0x00000000       0xc0 ./Generated_Code/Vectors.o
                0x00000000                __vect_table
                0x000000c0                . = ALIGN (0x4)

.cfmprotect     0x00000400       0x10
                0x00000400                . = ALIGN (0x4)
 *(.cfmconfig)
 .cfmconfig     0x00000400       0x10 ./Generated_Code/Cpu.o
                0x00000400                _cfm
                0x00000410                . = ALIGN (0x4)

.text           0x00000410     0xe7c0
                0x00000410                . = ALIGN (0x4)
 *(.text)
 .text          0x00000410       0x14 c:/freescale/cw mcu v10.6/cross_tools/arm-none-eabi-gcc-4_7_3/bin/../lib/gcc/arm-none-eabi/4.7.3/armv6-m\libgcc.a(_thumb1_case_sqi.o)
                0x00000410                __gnu_thumb1_case_sqi
 .text          0x00000424       0x14 c:/freescale/cw mcu v10.6/cross_tools/arm-none-eabi-gcc-4_7_3/bin/../lib/gcc/arm-none-eabi/4.7.3/armv6-m\libgcc.a(_thumb1_case_uqi.o)
                0x00000424                __gnu_thumb1_case_uqi
 .text          0x00000438       0x9c c:/freescale/cw mcu v10.6/cross_tools/arm-none-eabi-gcc-4_7_3/bin/../lib/gcc/arm-none-eabi/4.7.3/armv6-m\libgcc.a(_udivsi3.o)
                0x00000438                __aeabi_uidiv
                0x00000438                __udivsi3
                0x000004c0                __aeabi_uidivmod
 .text          0x000004d4       0xc0 c:/freescale/cw mcu v10.6/cross_tools/arm-none-eabi-gcc-4_7_3/bin/../lib/gcc/arm-none-eabi/4.7.3/armv6-m\libgcc.a(_divsi3.o)
                0x000004d4                __divsi3
                0x000004d4                __aeabi_idiv
                0x00000580                __aeabi_idivmod
 .text          0x00000594        0x4 c:/freescale/cw mcu v10.6/cross_tools/arm-none-eabi-gcc-4_7_3/bin/../lib/gcc/arm-none-eabi/4.7.3/armv6-m\libgcc.a(_dvmd_tls.o)
                0x00000594                __aeabi_idiv0
                0x00000594                __aeabi_ldiv0
 .text          0x00000598       0x7c c:/freescale/cw mcu v10.6/cross_tools/arm-none-eabi-gcc-4_7_3/bin/../lib/gcc/arm-none-eabi/4.7.3/armv6-m\libgcc.a(_arm_cmpdf2.o)
                0x00000598                __aeabi_cdrcmple
                0x000005a8                __aeabi_cdcmple
                0x000005a8                __aeabi_cdcmpeq
                0x000005b8                __aeabi_dcmpeq
                0x000005c4                __aeabi_dcmplt
                0x000005d8                __aeabi_dcmple
                0x000005ec                __aeabi_dcmpgt
                0x00000600                __aeabi_dcmpge
 .text          0x00000614      0x3a4 c:/freescale/cw mcu v10.6/cross_tools/arm-none-eabi-gcc-4_7_3/bin/../lib/gcc/arm-none-eabi/4.7.3/armv6-m\libgcc.a(addsf3.o)
                0x00000614                __aeabi_fadd
 .text          0x000009b8      0x260 c:/freescale/cw mcu v10.6/cross_tools/arm-none-eabi-gcc-4_7_3/bin/../lib/gcc/arm-none-eabi/4.7.3/armv6-m\libgcc.a(mulsf3.o)
                0x000009b8                __aeabi_fmul
 .text          0x00000c18       0x40 c:/freescale/cw mcu v10.6/cross_tools/arm-none-eabi-gcc-4_7_3/bin/../lib/gcc/arm-none-eabi/4.7.3/armv6-m\libgcc.a(fixsfsi.o)
                0x00000c18                __aeabi_f2iz
 .text          0x00000c58       0xa8 c:/freescale/cw mcu v10.6/cross_tools/arm-none-eabi-gcc-4_7_3/bin/../lib/gcc/arm-none-eabi/4.7.3/armv6-m\libgcc.a(floatsisf.o)
                0x00000c58                __aeabi_i2f
 .text          0x00000d00      0x758 c:/freescale/cw mcu v10.6/cross_tools/arm-none-eabi-gcc-4_7_3/bin/../lib/gcc/arm-none-eabi/4.7.3/armv6-m\libgcc.a(adddf3.o)
                0x00000d00                __aeabi_dadd
 .text          0x00001458      0x5b8 c:/freescale/cw mcu v10.6/cross_tools/arm-none-eabi-gcc-4_7_3/bin/../lib/gcc/arm-none-eabi/4.7.3/armv6-m\libgcc.a(divdf3.o)
                0x00001458                __aeabi_ddiv
 .text          0x00001a10       0x7c c:/freescale/cw mcu v10.6/cross_tools/arm-none-eabi-gcc-4_7_3/bin/../lib/gcc/arm-none-eabi/4.7.3/armv6-m\libgcc.a(eqdf2.o)
                0x00001a10                __nedf2
                0x00001a10                __eqdf2
 .text          0x00001a8c       0xe8 c:/freescale/cw mcu v10.6/cross_tools/arm-none-eabi-gcc-4_7_3/bin/../lib/gcc/arm-none-eabi/4.7.3/armv6-m\libgcc.a(gedf2.o)
                0x00001a8c                __gedf2
                0x00001a8c                __gtdf2
 .text          0x00001b74       0xd8 c:/freescale/cw mcu v10.6/cross_tools/arm-none-eabi-gcc-4_7_3/bin/../lib/gcc/arm-none-eabi/4.7.3/armv6-m\libgcc.a(ledf2.o)
                0x00001b74                __ledf2
                0x00001b74                __ltdf2
 .text          0x00001c4c      0x4e4 c:/freescale/cw mcu v10.6/cross_tools/arm-none-eabi-gcc-4_7_3/bin/../lib/gcc/arm-none-eabi/4.7.3/armv6-m\libgcc.a(muldf3.o)
                0x00001c4c                __aeabi_dmul
 .text          0x00002130      0x6f8 c:/freescale/cw mcu v10.6/cross_tools/arm-none-eabi-gcc-4_7_3/bin/../lib/gcc/arm-none-eabi/4.7.3/armv6-m\libgcc.a(subdf3.o)
                0x00002130                __aeabi_dsub
 .text          0x00002828       0x68 c:/freescale/cw mcu v10.6/cross_tools/arm-none-eabi-gcc-4_7_3/bin/../lib/gcc/arm-none-eabi/4.7.3/armv6-m\libgcc.a(fixdfsi.o)
                0x00002828                __aeabi_d2iz
 .text          0x00002890       0x74 c:/freescale/cw mcu v10.6/cross_tools/arm-none-eabi-gcc-4_7_3/bin/../lib/gcc/arm-none-eabi/4.7.3/armv6-m\libgcc.a(floatsidf.o)
                0x00002890                __aeabi_i2d
 .text          0x00002904       0xa8 c:/freescale/cw mcu v10.6/cross_tools/arm-none-eabi-gcc-4_7_3/bin/../lib/gcc/arm-none-eabi/4.7.3/armv6-m\libgcc.a(extendsfdf2.o)
                0x00002904                __aeabi_f2d
 .text          0x000029ac      0x134 c:/freescale/cw mcu v10.6/cross_tools/arm-none-eabi-gcc-4_7_3/bin/../lib/gcc/arm-none-eabi/4.7.3/armv6-m\libgcc.a(truncdfsf2.o)
                0x000029ac                __aeabi_d2f
 .text          0x00002ae0       0x3c c:/freescale/cw mcu v10.6/cross_tools/arm-none-eabi-gcc-4_7_3/bin/../lib/gcc/arm-none-eabi/4.7.3/armv6-m\libgcc.a(_clzsi2.o)
                0x00002ae0                __clzsi2
 *(.text*)
 .text.xTaskCreate
                0x00002b1c       0x90 ./Generated_Code/tasks.o
                0x00002b1c                xTaskCreate
 .text.prvInitialiseNewTask
                0x00002bac      0x10c ./Generated_Code/tasks.o
 .text.prvAddNewTaskToReadyList
                0x00002cb8       0xc4 ./Generated_Code/tasks.o
 .text.vTaskDelete
                0x00002d7c       0xc4 ./Generated_Code/tasks.o
                0x00002d7c                vTaskDelete
 .text.vTaskDelay
                0x00002e40       0x48 ./Generated_Code/tasks.o
                0x00002e40                vTaskDelay
 .text.vTaskSuspend
                0x00002e88       0xb4 ./Generated_Code/tasks.o
                0x00002e88                vTaskSuspend
 .text.vTaskStartScheduler
                0x00002f3c       0x6c ./Generated_Code/tasks.o
                0x00002f3c                vTaskStartScheduler
 .text.vTaskSuspendAll
                0x00002fa8       0x18 ./Generated_Code/tasks.o
                0x00002fa8                vTaskSuspendAll
 .text.xTaskResumeAll
                0x00002fc0      0x118 ./Generated_Code/tasks.o
                0x00002fc0                xTaskResumeAll
 .text.xTaskIncrementTick
                0x000030d8      0x17c ./Generated_Code/tasks.o
                0x000030d8                xTaskIncrementTick
 .text.vTaskSwitchContext
                0x00003254       0xc4 ./Generated_Code/tasks.o
                0x00003254                vTaskSwitchContext
 .text.vTaskPlaceOnEventList
                0x00003318       0x38 ./Generated_Code/tasks.o
                0x00003318                vTaskPlaceOnEventList
 .text.xTaskRemoveFromEventList
                0x00003350       0xb8 ./Generated_Code/tasks.o
                0x00003350                xTaskRemoveFromEventList
 .text.vTaskSetTimeOutState
                0x00003408       0x30 ./Generated_Code/tasks.o
                0x00003408                vTaskSetTimeOutState
 .text.xTaskCheckForTimeOut
                0x00003438       0x9c ./Generated_Code/tasks.o
                0x00003438                xTaskCheckForTimeOut
 .text.vTaskMissedYield
                0x000034d4       0x14 ./Generated_Code/tasks.o
                0x000034d4                vTaskMissedYield
 .text.prvIdleTask
                0x000034e8       0x24 ./Generated_Code/tasks.o
 .text.prvInitialiseTaskLists
                0x0000350c       0x88 ./Generated_Code/tasks.o
 .text.prvCheckTasksWaitingTermination
                0x00003594       0x74 ./Generated_Code/tasks.o
 .text.prvDeleteTCB
                0x00003608       0x20 ./Generated_Code/tasks.o
 .text.prvResetNextTaskUnblockTime
                0x00003628       0x44 ./Generated_Code/tasks.o
 .text.xTaskGetCurrentTaskHandle
                0x0000366c       0x1c ./Generated_Code/tasks.o
                0x0000366c                xTaskGetCurrentTaskHandle
 .text.xTaskGetSchedulerState
                0x00003688       0x38 ./Generated_Code/tasks.o
                0x00003688                xTaskGetSchedulerState
 .text.vTaskPriorityInherit
                0x000036c0       0xbc ./Generated_Code/tasks.o
                0x000036c0                vTaskPriorityInherit
 .text.xTaskPriorityDisinherit
                0x0000377c       0xb8 ./Generated_Code/tasks.o
                0x0000377c                xTaskPriorityDisinherit
 .text.pvTaskIncrementMutexHeldCount
                0x00003834       0x24 ./Generated_Code/tasks.o
                0x00003834                pvTaskIncrementMutexHeldCount
 .text.prvAddCurrentTaskToDelayedList
                0x00003858       0xa8 ./Generated_Code/tasks.o
 .text.xQueueGenericReset
                0x00003900       0xac ./Generated_Code/queue.o
                0x00003900                xQueueGenericReset
 .text.xQueueGenericCreate
                0x000039ac       0x64 ./Generated_Code/queue.o
                0x000039ac                xQueueGenericCreate
 .text.prvInitialiseNewQueue
                0x00003a10       0x44 ./Generated_Code/queue.o
 .text.prvInitialiseMutex
                0x00003a54       0x34 ./Generated_Code/queue.o
 .text.xQueueCreateMutex
                0x00003a88       0x3c ./Generated_Code/queue.o
                0x00003a88                xQueueCreateMutex
 .text.xQueueGiveMutexRecursive
                0x00003ac4       0x58 ./Generated_Code/queue.o
                0x00003ac4                xQueueGiveMutexRecursive
 .text.xQueueTakeMutexRecursive
                0x00003b1c       0x64 ./Generated_Code/queue.o
                0x00003b1c                xQueueTakeMutexRecursive
 .text.xQueueGenericSend
                0x00003b80      0x1a0 ./Generated_Code/queue.o
                0x00003b80                xQueueGenericSend
 .text.xQueueGenericReceive
                0x00003d20      0x1e0 ./Generated_Code/queue.o
                0x00003d20                xQueueGenericReceive
 .text.vQueueDelete
                0x00003f00       0x2c ./Generated_Code/queue.o
                0x00003f00                vQueueDelete
 .text.prvCopyDataToQueue
                0x00003f2c       0xe0 ./Generated_Code/queue.o
 .text.prvCopyDataFromQueue
                0x0000400c       0x50 ./Generated_Code/queue.o
 .text.prvUnlockQueue
                0x0000405c       0xc0 ./Generated_Code/queue.o
 .text.prvIsQueueEmpty
                0x0000411c       0x2c ./Generated_Code/queue.o
 .text.prvIsQueueFull
                0x00004148       0x30 ./Generated_Code/queue.o
 .text.vQueueAddToRegistry
                0x00004178       0x4c ./Generated_Code/queue.o
                0x00004178                vQueueAddToRegistry
 .text.vQueueUnregisterQueue
                0x000041c4       0x50 ./Generated_Code/queue.o
                0x000041c4                vQueueUnregisterQueue
 .text.pxPortInitialiseStack
                0x00004214       0x50 ./Generated_Code/port.o
                0x00004214                pxPortInitialiseStack
 .text.vPortInitTickTimer
                0x00004264       0x44 ./Generated_Code/port.o
                0x00004264                vPortInitTickTimer
 .text.vPortStartTickTimer
                0x000042a8       0x14 ./Generated_Code/port.o
                0x000042a8                vPortStartTickTimer
 .text.vPortStopTickTimer
                0x000042bc       0x14 ./Generated_Code/port.o
                0x000042bc                vPortStopTickTimer
 .text.xPortStartScheduler
                0x000042d0       0x34 ./Generated_Code/port.o
                0x000042d0                xPortStartScheduler
 .text.vPortEnterCritical
                0x00004304       0x20 ./Generated_Code/port.o
                0x00004304                vPortEnterCritical
 .text.vPortExitCritical
                0x00004324       0x20 ./Generated_Code/port.o
                0x00004324                vPortExitCritical
 .text.vPortYieldFromISR
                0x00004344       0x1c ./Generated_Code/port.o
                0x00004344                vPortYieldFromISR
 .text.vPortTickHandler
                0x00004360       0x1c ./Generated_Code/port.o
                0x00004360                vPortTickHandler
 *fill*         0x0000437c        0x4 00
 .text.vPortStartFirstTask
                0x00004380       0x50 ./Generated_Code/port.o
                0x00004380                vPortStartFirstTask
 .text.vPortPendSVHandler
                0x000043d0       0x44 ./Generated_Code/port.o
                0x000043d0                vPortPendSVHandler
 .text.vListInitialise
                0x00004414       0x3c ./Generated_Code/list.o
                0x00004414                vListInitialise
 .text.vListInitialiseItem
                0x00004450       0x14 ./Generated_Code/list.o
                0x00004450                vListInitialiseItem
 .text.vListInsertEnd
                0x00004464       0x44 ./Generated_Code/list.o
                0x00004464                vListInsertEnd
 .text.vListInsert
                0x000044a8       0x6c ./Generated_Code/list.o
                0x000044a8                vListInsert
 .text.uxListRemove
                0x00004514       0x50 ./Generated_Code/list.o
                0x00004514                uxListRemove
 .text.pvPortMalloc
                0x00004564      0x160 ./Generated_Code/heap_4.o
                0x00004564                pvPortMalloc
 .text.vPortFree
                0x000046c4       0x94 ./Generated_Code/heap_4.o
                0x000046c4                vPortFree
 .text.prvHeapInit
                0x00004758       0xc4 ./Generated_Code/heap_4.o
 .text.prvInsertBlockIntoFreeList
                0x0000481c       0xac ./Generated_Code/heap_4.o
 .text.Watermark_Init
                0x000048c8       0x58 ./Generated_Code/Watermark.o
                0x000048c8                Watermark_Init
 .text.WAIT1_Wait10Cycles
                0x00004920        0x8 ./Generated_Code/WAIT1.o
                0x00004920                WAIT1_Wait10Cycles
 .text.WAIT1_Wait100Cycles
                0x00004928       0x24 ./Generated_Code/WAIT1.o
                0x00004928                WAIT1_Wait100Cycles
 .text.WAIT1_WaitCycles
                0x0000494c       0x44 ./Generated_Code/WAIT1.o
                0x0000494c                WAIT1_WaitCycles
 .text.WAIT1_WaitLongCycles
                0x00004990       0x3c ./Generated_Code/WAIT1.o
                0x00004990                WAIT1_WaitLongCycles
 .text.WAIT1_Waitms
                0x000049cc       0x38 ./Generated_Code/WAIT1.o
                0x000049cc                WAIT1_Waitms
 .text.UTIL1_strcpy
                0x00004a04       0x48 ./Generated_Code/UTIL1.o
                0x00004a04                UTIL1_strcpy
 .text.UTIL1_strcat
                0x00004a4c       0x64 ./Generated_Code/UTIL1.o
                0x00004a4c                UTIL1_strcat
 .text.UTIL1_Num8uToStr
                0x00004ab0       0x28 ./Generated_Code/UTIL1.o
                0x00004ab0                UTIL1_Num8uToStr
 .text.UTIL1_Num16uToStr
                0x00004ad8      0x138 ./Generated_Code/UTIL1.o
                0x00004ad8                UTIL1_Num16uToStr
 .text.UTIL1_Num16sToStr
                0x00004c10      0x1b8 ./Generated_Code/UTIL1.o
                0x00004c10                UTIL1_Num16sToStr
 .text.UTIL1_Num32sToStr
                0x00004dc8      0x194 ./Generated_Code/UTIL1.o
                0x00004dc8                UTIL1_Num32sToStr
 .text.UTIL1_xatoi
                0x00004f5c      0x1f0 ./Generated_Code/UTIL1.o
                0x00004f5c                UTIL1_xatoi
 .text.TofCE3_Init
                0x0000514c       0x64 ./Generated_Code/TofCE3.o
                0x0000514c                TofCE3_Init
 .text.TofCE3_SetInput
                0x000051b0       0x24 ./Generated_Code/TofCE3.o
                0x000051b0                TofCE3_SetInput
 .text.TofCE3_SetOutput
                0x000051d4       0x20 ./Generated_Code/TofCE3.o
                0x000051d4                TofCE3_SetOutput
 .text.TofCE3_ClrVal
                0x000051f4       0x1c ./Generated_Code/TofCE3.o
                0x000051f4                TofCE3_ClrVal
 .text.TofCE2_Init
                0x00005210       0x64 ./Generated_Code/TofCE2.o
                0x00005210                TofCE2_Init
 .text.TofCE2_SetInput
                0x00005274       0x24 ./Generated_Code/TofCE2.o
                0x00005274                TofCE2_SetInput
 .text.TofCE2_SetOutput
                0x00005298       0x20 ./Generated_Code/TofCE2.o
                0x00005298                TofCE2_SetOutput
 .text.TofCE2_ClrVal
                0x000052b8       0x1c ./Generated_Code/TofCE2.o
                0x000052b8                TofCE2_ClrVal
 .text.TofCE1_Init
                0x000052d4       0x64 ./Generated_Code/TofCE1.o
                0x000052d4                TofCE1_Init
 .text.TofCE1_SetInput
                0x00005338       0x24 ./Generated_Code/TofCE1.o
                0x00005338                TofCE1_SetInput
 .text.TofCE1_SetOutput
                0x0000535c       0x20 ./Generated_Code/TofCE1.o
                0x0000535c                TofCE1_SetOutput
 .text.TofCE1_ClrVal
                0x0000537c       0x1c ./Generated_Code/TofCE1.o
                0x0000537c                TofCE1_ClrVal
 .text.TU2_Init
                0x00005398       0xf8 ./Generated_Code/TU2.o
                0x00005398                TU2_Init
 .text.TU1_Init
                0x00005490       0xe0 ./Generated_Code/TU1.o
                0x00005490                TU1_Init
 .text.TU1_GetPeriodTicks
                0x00005570       0x3c ./Generated_Code/TU1.o
                0x00005570                TU1_GetPeriodTicks
 .text.TU1_SetOffsetTicks
                0x000055ac       0x58 ./Generated_Code/TU1.o
                0x000055ac                TU1_SetOffsetTicks
 .text.TSK1_CreateTasks
                0x00005604        0xc ./Generated_Code/TSK1.o
                0x00005604                TSK1_CreateTasks
 .text.TMOUT1_GetCounter
                0x00005610       0x90 ./Generated_Code/TMOUT1.o
                0x00005610                TMOUT1_GetCounter
 .text.TMOUT1_LeaveCounter
                0x000056a0       0x40 ./Generated_Code/TMOUT1.o
                0x000056a0                TMOUT1_LeaveCounter
 .text.TMOUT1_CounterExpired
                0x000056e0       0x44 ./Generated_Code/TMOUT1.o
                0x000056e0                TMOUT1_CounterExpired
 .text.TMOUT1_AddTick
                0x00005724       0x50 ./Generated_Code/TMOUT1.o
                0x00005724                TMOUT1_AddTick
 .text.TMOUT1_Init
                0x00005774       0x44 ./Generated_Code/TMOUT1.o
                0x00005774                TMOUT1_Init
 .text.RED_Init
                0x000057b8       0x18 ./Generated_Code/RED.o
                0x000057b8                RED_Init
 .text.PwmLdd4_Init
                0x000057d0       0x54 ./Generated_Code/PwmLdd4.o
                0x000057d0                PwmLdd4_Init
 .text.PwmLdd3_Init
                0x00005824       0x54 ./Generated_Code/PwmLdd3.o
                0x00005824                PwmLdd3_Init
 .text.PwmLdd2_Init
                0x00005878       0x54 ./Generated_Code/PwmLdd2.o
                0x00005878                PwmLdd2_Init
 .text.PwmLdd2_SetRatio16
                0x000058cc       0x2c ./Generated_Code/PwmLdd2.o
                0x000058cc                PwmLdd2_SetRatio16
 .text.SetRatio
                0x000058f8       0x68 ./Generated_Code/PwmLdd2.o
 .text.PwmLdd1_Init
                0x00005960       0x54 ./Generated_Code/PwmLdd1.o
                0x00005960                PwmLdd1_Init
 .text.PwmLdd1_SetRatio16
                0x000059b4       0x2c ./Generated_Code/PwmLdd1.o
                0x000059b4                PwmLdd1_SetRatio16
 .text.SetRatio
                0x000059e0       0x68 ./Generated_Code/PwmLdd1.o
 .text.MMA1_Init
                0x00005a48       0x38 ./Generated_Code/MMA1.o
                0x00005a48                MMA1_Init
 .text.MMA1_CalibrateX1g
                0x00005a80       0xb0 ./Generated_Code/MMA1.o
                0x00005a80                MMA1_CalibrateX1g
 .text.MMA1_CalibrateY1g
                0x00005b30       0xb0 ./Generated_Code/MMA1.o
                0x00005b30                MMA1_CalibrateY1g
 .text.MMA1_CalibrateZ1g
                0x00005be0       0xb0 ./Generated_Code/MMA1.o
                0x00005be0                MMA1_CalibrateZ1g
 .text.MMA1_GetXmg
                0x00005c90       0x1c ./Generated_Code/MMA1.o
                0x00005c90                MMA1_GetXmg
 .text.MMA1_GetYmg
                0x00005cac       0x1c ./Generated_Code/MMA1.o
                0x00005cac                MMA1_GetYmg
 .text.MMA1_GetZmg
                0x00005cc8       0x1c ./Generated_Code/MMA1.o
                0x00005cc8                MMA1_GetZmg
 .text.MMA1_MeasureGetRawX
                0x00005ce4       0x40 ./Generated_Code/MMA1.o
                0x00005ce4                MMA1_MeasureGetRawX
 .text.MMA1_MeasureGetRawY
                0x00005d24       0x40 ./Generated_Code/MMA1.o
                0x00005d24                MMA1_MeasureGetRawY
 .text.MMA1_MeasureGetRawZ
                0x00005d64       0x40 ./Generated_Code/MMA1.o
                0x00005d64                MMA1_MeasureGetRawZ
 .text.MMA1_GetX
                0x00005da4       0x3c ./Generated_Code/MMA1.o
                0x00005da4                MMA1_GetX
 .text.MMA1_GetY
                0x00005de0       0x3c ./Generated_Code/MMA1.o
                0x00005de0                MMA1_GetY
 .text.MMA1_GetZ
                0x00005e1c       0x3c ./Generated_Code/MMA1.o
                0x00005e1c                MMA1_GetZ
 .text.MMA1_Enable
                0x00005e58       0x64 ./Generated_Code/MMA1.o
                0x00005e58                MMA1_Enable
 .text.LED_GREEN_Init
                0x00005ebc       0x18 ./Generated_Code/LED_GREEN.o
                0x00005ebc                LED_GREEN_Init
 .text.GI2C2_RequestBus
                0x00005ed4       0x1c ./Generated_Code/GI2C2.o
                0x00005ed4                GI2C2_RequestBus
 .text.GI2C2_ReleaseBus
                0x00005ef0       0x18 ./Generated_Code/GI2C2.o
                0x00005ef0                GI2C2_ReleaseBus
 .text.GI2C2_SelectSlave
                0x00005f08       0x40 ./Generated_Code/GI2C2.o
                0x00005f08                GI2C2_SelectSlave
 .text.GI2C2_UnselectSlave
                0x00005f48       0x10 ./Generated_Code/GI2C2.o
                0x00005f48                GI2C2_UnselectSlave
 .text.GI2C2_ReadAddress
                0x00005f58       0xd8 ./Generated_Code/GI2C2.o
                0x00005f58                GI2C2_ReadAddress
 .text.GI2C2_WriteAddress
                0x00006030      0x140 ./Generated_Code/GI2C2.o
                0x00006030                GI2C2_WriteAddress
 .text.CI2C2_OnMasterBlockSent
                0x00006170       0x24 ./Generated_Code/GI2C2.o
                0x00006170                CI2C2_OnMasterBlockSent
 .text.CI2C2_OnMasterBlockReceived
                0x00006194       0x24 ./Generated_Code/GI2C2.o
                0x00006194                CI2C2_OnMasterBlockReceived
 .text.GI2C2_Init
                0x000061b8       0x40 ./Generated_Code/GI2C2.o
                0x000061b8                GI2C2_Init
 .text.GI2C2_ReadByteAddress8
                0x000061f8       0x34 ./Generated_Code/GI2C2.o
                0x000061f8                GI2C2_ReadByteAddress8
 .text.GI2C2_WriteByteAddress8
                0x0000622c       0x34 ./Generated_Code/GI2C2.o
                0x0000622c                GI2C2_WriteByteAddress8
 .text.GI2C1_RequestBus
                0x00006260       0x1c ./Generated_Code/GI2C1.o
                0x00006260                GI2C1_RequestBus
 .text.GI2C1_ReleaseBus
                0x0000627c       0x18 ./Generated_Code/GI2C1.o
                0x0000627c                GI2C1_ReleaseBus
 .text.GI2C1_SelectSlave
                0x00006294       0x40 ./Generated_Code/GI2C1.o
                0x00006294                GI2C1_SelectSlave
 .text.GI2C1_UnselectSlave
                0x000062d4       0x10 ./Generated_Code/GI2C1.o
                0x000062d4                GI2C1_UnselectSlave
 .text.GI2C1_ReadAddress
                0x000062e4      0x204 ./Generated_Code/GI2C1.o
                0x000062e4                GI2C1_ReadAddress
 .text.GI2C1_WriteAddress
                0x000064e8      0x1dc ./Generated_Code/GI2C1.o
                0x000064e8                GI2C1_WriteAddress
 .text.CI2C1_OnMasterBlockSent
                0x000066c4       0x24 ./Generated_Code/GI2C1.o
                0x000066c4                CI2C1_OnMasterBlockSent
 .text.CI2C1_OnMasterBlockReceived
                0x000066e8       0x24 ./Generated_Code/GI2C1.o
                0x000066e8                CI2C1_OnMasterBlockReceived
 .text.GI2C1_Init
                0x0000670c       0x40 ./Generated_Code/GI2C1.o
                0x0000670c                GI2C1_Init
 .text.GI2C1_Deinit
                0x0000674c       0x24 ./Generated_Code/GI2C1.o
                0x0000674c                GI2C1_Deinit
 .text.DIR_RIGHT1_Init
                0x00006770       0x60 ./Generated_Code/DIR_RIGHT1.o
                0x00006770                DIR_RIGHT1_Init
 .text.DIR_RIGHT_Init
                0x000067d0       0x60 ./Generated_Code/DIR_RIGHT.o
                0x000067d0                DIR_RIGHT_Init
 .text.DIR_RIGHT_PutVal
                0x00006830       0x30 ./Generated_Code/DIR_RIGHT.o
                0x00006830                DIR_RIGHT_PutVal
 .text.DIR_LEFT1_Init
                0x00006860       0x60 ./Generated_Code/DIR_LEFT1.o
                0x00006860                DIR_LEFT1_Init
 .text.DIR_LEFT_Init
                0x000068c0       0x60 ./Generated_Code/DIR_LEFT.o
                0x000068c0                DIR_LEFT_Init
 .text.DIR_LEFT_PutVal
                0x00006920       0x30 ./Generated_Code/DIR_LEFT.o
                0x00006920                DIR_LEFT_PutVal
 .text.Cpu_INT_NMIInterrupt
                0x00006950        0xc ./Generated_Code/Cpu.o
                0x00006950                Cpu_INT_NMIInterrupt
 .text.Cpu_INT_Hard_FaultInterrupt
                0x0000695c        0xc ./Generated_Code/Cpu.o
                0x0000695c                Cpu_INT_Hard_FaultInterrupt
 .text.Cpu_ivINT_Reserved4
                0x00006968        0xc ./Generated_Code/Cpu.o
                0x00006968                Cpu_ivINT_Reserved4
 .text.Cpu_ivINT_Reserved5
                0x00006974        0xc ./Generated_Code/Cpu.o
                0x00006974                Cpu_ivINT_Reserved5
 .text.Cpu_ivINT_Reserved6
                0x00006980        0xc ./Generated_Code/Cpu.o
                0x00006980                Cpu_ivINT_Reserved6
 .text.Cpu_ivINT_Reserved7
                0x0000698c        0xc ./Generated_Code/Cpu.o
                0x0000698c                Cpu_ivINT_Reserved7
 .text.Cpu_ivINT_Reserved8
                0x00006998        0xc ./Generated_Code/Cpu.o
                0x00006998                Cpu_ivINT_Reserved8
 .text.Cpu_ivINT_Reserved9
                0x000069a4        0xc ./Generated_Code/Cpu.o
                0x000069a4                Cpu_ivINT_Reserved9
 .text.Cpu_ivINT_Reserved10
                0x000069b0        0xc ./Generated_Code/Cpu.o
                0x000069b0                Cpu_ivINT_Reserved10
 .text.Cpu_ivINT_SVCall
                0x000069bc        0xc ./Generated_Code/Cpu.o
                0x000069bc                Cpu_ivINT_SVCall
 .text.Cpu_ivINT_Reserved12
                0x000069c8        0xc ./Generated_Code/Cpu.o
                0x000069c8                Cpu_ivINT_Reserved12
 .text.Cpu_ivINT_Reserved13
                0x000069d4        0xc ./Generated_Code/Cpu.o
                0x000069d4                Cpu_ivINT_Reserved13
 .text.Cpu_ivINT_DMA0
                0x000069e0        0xc ./Generated_Code/Cpu.o
                0x000069e0                Cpu_ivINT_DMA0
 .text.Cpu_ivINT_DMA1
                0x000069ec        0xc ./Generated_Code/Cpu.o
                0x000069ec                Cpu_ivINT_DMA1
 .text.Cpu_ivINT_DMA2
                0x000069f8        0xc ./Generated_Code/Cpu.o
                0x000069f8                Cpu_ivINT_DMA2
 .text.Cpu_ivINT_DMA3
                0x00006a04        0xc ./Generated_Code/Cpu.o
                0x00006a04                Cpu_ivINT_DMA3
 .text.Cpu_ivINT_Reserved20
                0x00006a10        0xc ./Generated_Code/Cpu.o
                0x00006a10                Cpu_ivINT_Reserved20
 .text.Cpu_ivINT_FTFA
                0x00006a1c        0xc ./Generated_Code/Cpu.o
                0x00006a1c                Cpu_ivINT_FTFA
 .text.Cpu_ivINT_LVD_LVW
                0x00006a28        0xc ./Generated_Code/Cpu.o
                0x00006a28                Cpu_ivINT_LVD_LVW
 .text.Cpu_ivINT_LLW
                0x00006a34        0xc ./Generated_Code/Cpu.o
                0x00006a34                Cpu_ivINT_LLW
 .text.Cpu_ivINT_SPI0
                0x00006a40        0xc ./Generated_Code/Cpu.o
                0x00006a40                Cpu_ivINT_SPI0
 .text.Cpu_ivINT_SPI1
                0x00006a4c        0xc ./Generated_Code/Cpu.o
                0x00006a4c                Cpu_ivINT_SPI1
 .text.Cpu_ivINT_UART1
                0x00006a58        0xc ./Generated_Code/Cpu.o
                0x00006a58                Cpu_ivINT_UART1
 .text.Cpu_ivINT_UART2
                0x00006a64        0xc ./Generated_Code/Cpu.o
                0x00006a64                Cpu_ivINT_UART2
 .text.Cpu_ivINT_ADC0
                0x00006a70        0xc ./Generated_Code/Cpu.o
                0x00006a70                Cpu_ivINT_ADC0
 .text.Cpu_ivINT_CMP0
                0x00006a7c        0xc ./Generated_Code/Cpu.o
                0x00006a7c                Cpu_ivINT_CMP0
 .text.Cpu_ivINT_TPM0
                0x00006a88        0xc ./Generated_Code/Cpu.o
                0x00006a88                Cpu_ivINT_TPM0
 .text.Cpu_ivINT_TPM1
                0x00006a94        0xc ./Generated_Code/Cpu.o
                0x00006a94                Cpu_ivINT_TPM1
 .text.Cpu_ivINT_TPM2
                0x00006aa0        0xc ./Generated_Code/Cpu.o
                0x00006aa0                Cpu_ivINT_TPM2
 .text.Cpu_ivINT_RTC
                0x00006aac        0xc ./Generated_Code/Cpu.o
                0x00006aac                Cpu_ivINT_RTC
 .text.Cpu_ivINT_RTC_Seconds
                0x00006ab8        0xc ./Generated_Code/Cpu.o
                0x00006ab8                Cpu_ivINT_RTC_Seconds
 .text.Cpu_ivINT_PIT
                0x00006ac4        0xc ./Generated_Code/Cpu.o
                0x00006ac4                Cpu_ivINT_PIT
 .text.Cpu_ivINT_Reserved39
                0x00006ad0        0xc ./Generated_Code/Cpu.o
                0x00006ad0                Cpu_ivINT_Reserved39
 .text.Cpu_ivINT_USB0
                0x00006adc        0xc ./Generated_Code/Cpu.o
                0x00006adc                Cpu_ivINT_USB0
 .text.Cpu_ivINT_DAC0
                0x00006ae8        0xc ./Generated_Code/Cpu.o
                0x00006ae8                Cpu_ivINT_DAC0
 .text.Cpu_ivINT_TSI0
                0x00006af4        0xc ./Generated_Code/Cpu.o
                0x00006af4                Cpu_ivINT_TSI0
 .text.Cpu_ivINT_MCG
                0x00006b00        0xc ./Generated_Code/Cpu.o
                0x00006b00                Cpu_ivINT_MCG
 .text.Cpu_ivINT_LPTimer
                0x00006b0c        0xc ./Generated_Code/Cpu.o
                0x00006b0c                Cpu_ivINT_LPTimer
 .text.Cpu_ivINT_Reserved45
                0x00006b18        0xc ./Generated_Code/Cpu.o
                0x00006b18                Cpu_ivINT_Reserved45
 .text.Cpu_ivINT_PORTA
                0x00006b24        0xc ./Generated_Code/Cpu.o
                0x00006b24                Cpu_ivINT_PORTA
 .text.Cpu_ivINT_PORTD
                0x00006b30        0xc ./Generated_Code/Cpu.o
                0x00006b30                Cpu_ivINT_PORTD
 .text.__init_hardware
                0x00006b3c      0x110 ./Generated_Code/Cpu.o
                0x00006b3c                __init_hardware
 .text.PE_low_level_init
                0x00006c4c      0x148 ./Generated_Code/Cpu.o
                0x00006c4c                PE_low_level_init
 .text.CLS1_SendStr
                0x00006d94       0x2c ./Generated_Code/CLS1.o
                0x00006d94                CLS1_SendStr
 .text.CLS1_SendNum16s
                0x00006dc0       0x38 ./Generated_Code/CLS1.o
                0x00006dc0                CLS1_SendNum16s
 .text.CLS1_SendNum8u
                0x00006df8       0x34 ./Generated_Code/CLS1.o
                0x00006df8                CLS1_SendNum8u
 .text.CLS1_ParseCommand
                0x00006e2c      0x12c ./Generated_Code/CLS1.o
                0x00006e2c                CLS1_ParseCommand
 .text.CLS1_PrintPrompt
                0x00006f58       0x20 ./Generated_Code/CLS1.o
                0x00006f58                CLS1_PrintPrompt
 .text.CLS1_IsHistoryCharacter
                0x00006f78       0x24 ./Generated_Code/CLS1.o
                0x00006f78                CLS1_IsHistoryCharacter
 .text.CLS1_ReadLine
                0x00006f9c       0xf8 ./Generated_Code/CLS1.o
                0x00006f9c                CLS1_ReadLine
 .text.CLS1_PrintStatus
                0x00007094       0x78 ./Generated_Code/CLS1.o
                0x00007094                CLS1_PrintStatus
 .text.CLS1_PrintCommandFailed
                0x0000710c       0x78 ./Generated_Code/CLS1.o
                0x0000710c                CLS1_PrintCommandFailed
 .text.CLS1_IterateTable
                0x00007184       0x64 ./Generated_Code/CLS1.o
                0x00007184                CLS1_IterateTable
 .text.CLS1_ParseWithCommandTable
                0x000071e8       0xb0 ./Generated_Code/CLS1.o
                0x000071e8                CLS1_ParseWithCommandTable
 .text.CLS1_GetStdio
                0x00007298       0x14 ./Generated_Code/CLS1.o
                0x00007298                CLS1_GetStdio
 .text.CLS1_ReadAndParseWithCommandTable
                0x000072ac       0xf8 ./Generated_Code/CLS1.o
                0x000072ac                CLS1_ReadAndParseWithCommandTable
 .text.SendSeparatedStrings
                0x000073a4       0x80 ./Generated_Code/CLS1.o
 .text.CLS1_SendHelpStr
                0x00007424       0x28 ./Generated_Code/CLS1.o
                0x00007424                CLS1_SendHelpStr
 .text.CLS1_SendStatusStr
                0x0000744c       0x28 ./Generated_Code/CLS1.o
                0x0000744c                CLS1_SendStatusStr
 .text.CLS1_ReadChar
                0x00007474       0x4c ./Generated_Code/CLS1.o
                0x00007474                CLS1_ReadChar
 .text.CLS1_SendChar
                0x000074c0       0x70 ./Generated_Code/CLS1.o
                0x000074c0                CLS1_SendChar
 .text.CLS1_KeyPressed
                0x00007530       0x44 ./Generated_Code/CLS1.o
                0x00007530                CLS1_KeyPressed
 .text.CLS1_Init
                0x00007574       0x60 ./Generated_Code/CLS1.o
                0x00007574                CLS1_Init
 .text.CI2C2_Interrupt
                0x000075d4      0x278 ./Generated_Code/CI2C2.o
                0x000075d4                CI2C2_Interrupt
 .text.CI2C2_Init
                0x0000784c      0x114 ./Generated_Code/CI2C2.o
                0x0000784c                CI2C2_Init
 .text.CI2C2_MasterSendBlock
                0x00007960      0x19c ./Generated_Code/CI2C2.o
                0x00007960                CI2C2_MasterSendBlock
 .text.CI2C2_MasterReceiveBlock
                0x00007afc      0x19c ./Generated_Code/CI2C2.o
                0x00007afc                CI2C2_MasterReceiveBlock
 .text.CI2C2_SelectSlaveDevice
                0x00007c98      0x100 ./Generated_Code/CI2C2.o
                0x00007c98                CI2C2_SelectSlaveDevice
 .text.CI2C1_Interrupt
                0x00007d98      0x278 ./Generated_Code/CI2C1.o
                0x00007d98                CI2C1_Interrupt
 .text.CI2C1_Init
                0x00008010      0x11c ./Generated_Code/CI2C1.o
                0x00008010                CI2C1_Init
 .text.CI2C1_Deinit
                0x0000812c       0x40 ./Generated_Code/CI2C1.o
                0x0000812c                CI2C1_Deinit
 .text.CI2C1_MasterSendBlock
                0x0000816c      0x19c ./Generated_Code/CI2C1.o
                0x0000816c                CI2C1_MasterSendBlock
 .text.CI2C1_MasterReceiveBlock
                0x00008308      0x19c ./Generated_Code/CI2C1.o
                0x00008308                CI2C1_MasterReceiveBlock
 .text.CI2C1_SelectSlaveDevice
                0x000084a4      0x100 ./Generated_Code/CI2C1.o
                0x000084a4                CI2C1_SelectSlaveDevice
 .text.BitIoLdd4_Init
                0x000085a4       0x68 ./Generated_Code/BitIoLdd4.o
                0x000085a4                BitIoLdd4_Init
 .text.BitIoLdd4_ClrVal
                0x0000860c       0x1c ./Generated_Code/BitIoLdd4.o
                0x0000860c                BitIoLdd4_ClrVal
 .text.BitIoLdd4_SetVal
                0x00008628       0x1c ./Generated_Code/BitIoLdd4.o
                0x00008628                BitIoLdd4_SetVal
 .text.BitIoLdd3_Init
                0x00008644       0x68 ./Generated_Code/BitIoLdd3.o
                0x00008644                BitIoLdd3_Init
 .text.BitIoLdd3_ClrVal
                0x000086ac       0x1c ./Generated_Code/BitIoLdd3.o
                0x000086ac                BitIoLdd3_ClrVal
 .text.BitIoLdd3_SetVal
                0x000086c8       0x1c ./Generated_Code/BitIoLdd3.o
                0x000086c8                BitIoLdd3_SetVal
 .text.BT_EN_Init
                0x000086e4       0x64 ./Generated_Code/BT_EN.o
                0x000086e4                BT_EN_Init
 .text.ASerialLdd1_Init
                0x00008748      0x1c4 ./Generated_Code/ASerialLdd1.o
                0x00008748                ASerialLdd1_Init
 .text.ASerialLdd1_ReceiveBlock
                0x0000890c       0x98 ./Generated_Code/ASerialLdd1.o
                0x0000890c                ASerialLdd1_ReceiveBlock
 .text.ASerialLdd1_SendBlock
                0x000089a4       0xc4 ./Generated_Code/ASerialLdd1.o
                0x000089a4                ASerialLdd1_SendBlock
 .text.InterruptRx
                0x00008a68       0x58 ./Generated_Code/ASerialLdd1.o
 .text.InterruptTx
                0x00008ac0       0x80 ./Generated_Code/ASerialLdd1.o
 .text.ASerialLdd1_Interrupt
                0x00008b40       0xfc ./Generated_Code/ASerialLdd1.o
                0x00008b40                ASerialLdd1_Interrupt
 .text.ASerialLdd1_GetError
                0x00008c3c       0x74 ./Generated_Code/ASerialLdd1.o
                0x00008c3c                ASerialLdd1_GetError
 .text.HWEnDi   0x00008cb0       0x20 ./Generated_Code/AS1.o
 .text.AS1_RecvChar
                0x00008cd0       0xe8 ./Generated_Code/AS1.o
                0x00008cd0                AS1_RecvChar
 .text.AS1_SendChar
                0x00008db8       0xec ./Generated_Code/AS1.o
                0x00008db8                AS1_SendChar
 .text.AS1_GetCharsInRxBuf
                0x00008ea4       0x14 ./Generated_Code/AS1.o
                0x00008ea4                AS1_GetCharsInRxBuf
 .text.AS1_Init
                0x00008eb8       0x64 ./Generated_Code/AS1.o
                0x00008eb8                AS1_Init
 .text.ASerialLdd1_OnBlockReceived
                0x00008f1c       0xc0 ./Generated_Code/AS1.o
                0x00008f1c                ASerialLdd1_OnBlockReceived
 .text.ASerialLdd1_OnBlockSent
                0x00008fdc       0xe8 ./Generated_Code/AS1.o
                0x00008fdc                ASerialLdd1_OnBlockSent
 .text.ASerialLdd1_OnError
                0x000090c4       0x94 ./Generated_Code/AS1.o
                0x000090c4                ASerialLdd1_OnError
 .text.ASerialLdd1_OnBreak
                0x00009158       0x20 ./Generated_Code/AS1.o
                0x00009158                ASerialLdd1_OnBreak
 .text.zero_fill_bss
                0x00009178       0x24 ./Project_Settings/Startup_Code/__arm_start.o
 .text.__thumb_startup
                0x0000919c       0x30 ./Project_Settings/Startup_Code/__arm_start.o
                0x0000919c                __thumb_startup
 .text._ExitProcess
                0x000091cc        0xc ./Project_Settings/Startup_Code/__arm_end.o
                0x000091cc                _ExitProcess
 .text.startCommunication
                0x000091d8      0x124 ./Sources/serial_communication.o
                0x000091d8                startCommunication
 .text.taskDone
                0x000092fc       0x20 ./Sources/serial_communication.o
                0x000092fc                taskDone
 .text.refreshTasks
                0x0000931c       0x68 ./Sources/serial_communication.o
                0x0000931c                refreshTasks
 .text.ParseCommand
                0x00009384      0x628 ./Sources/serial_communication.o
 .text.initAllDevices
                0x000099ac       0x78 ./Sources/serial_communication.o
                0x000099ac                initAllDevices
 .text.readValues
                0x00009a24       0x7c ./Sources/serial_communication.o
                0x00009a24                readValues
 .text.sendStatusBT
                0x00009aa0       0x68 ./Sources/serial_communication.o
                0x00009aa0                sendStatusBT
 .text.calcPID  0x00009b08      0x2c8 ./Sources/pid.o
                0x00009b08                calcPID
 .text.motorGetPWMLeft
                0x00009dd0       0x18 ./Sources/motor.o
                0x00009dd0                motorGetPWMLeft
 .text.motorGetPWMRight
                0x00009de8       0x18 ./Sources/motor.o
                0x00009de8                motorGetPWMRight
 .text.motorIncrementPWMLeft
                0x00009e00       0x50 ./Sources/motor.o
                0x00009e00                motorIncrementPWMLeft
 .text.motorIncrementPWMRight
                0x00009e50       0x50 ./Sources/motor.o
                0x00009e50                motorIncrementPWMRight
 .text.motorSetPWMLeft
                0x00009ea0       0xbc ./Sources/motor.o
                0x00009ea0                motorSetPWMLeft
 .text.motorSetPWMRight
                0x00009f5c       0xbc ./Sources/motor.o
                0x00009f5c                motorSetPWMRight
 .text.motorsStartup
                0x0000a018      0x124 ./Sources/motor.o
                0x0000a018                motorsStartup
 .text.main     0x0000a13c       0x10 ./Sources/main.o
                0x0000a13c                main
 .text.ComunicationTask
                0x0000a14c       0x10 ./Sources/frtos_tasks.o
 .text.Task2Task
                0x0000a15c       0x30 ./Sources/frtos_tasks.o
 .text.Task3Task
                0x0000a18c       0x30 ./Sources/frtos_tasks.o
 .text.Task4Task
                0x0000a1bc       0x30 ./Sources/frtos_tasks.o
 .text.Task5Task
                0x0000a1ec       0x30 ./Sources/frtos_tasks.o
 .text.Task6Task
                0x0000a21c       0x30 ./Sources/frtos_tasks.o
 .text.Task7Task
                0x0000a24c       0x30 ./Sources/frtos_tasks.o
 .text.GyroTask
                0x0000a27c       0x38 ./Sources/frtos_tasks.o
 .text.CreateTasks
                0x0000a2b4       0x38 ./Sources/frtos_tasks.o
                0x0000a2b4                CreateTasks
 .text.CreateTask2
                0x0000a2ec       0x48 ./Sources/frtos_tasks.o
                0x0000a2ec                CreateTask2
 .text.CreateTask3
                0x0000a334       0x44 ./Sources/frtos_tasks.o
                0x0000a334                CreateTask3
 .text.CreateTask4
                0x0000a378       0x44 ./Sources/frtos_tasks.o
                0x0000a378                CreateTask4
 .text.CreateTask5
                0x0000a3bc       0x44 ./Sources/frtos_tasks.o
                0x0000a3bc                CreateTask5
 .text.CreateTask6
                0x0000a400       0x44 ./Sources/frtos_tasks.o
                0x0000a400                CreateTask6
 .text.CreateTask7
                0x0000a444       0x44 ./Sources/frtos_tasks.o
                0x0000a444                CreateTask7
 .text.CreateGyroTask
                0x0000a488       0x44 ./Sources/frtos_tasks.o
                0x0000a488                CreateGyroTask
 .text.driveToStair
                0x0000a4cc      0x1b8 ./Sources/driving.o
                0x0000a4cc                driveToStair
 .text.driveOverStair
                0x0000a684      0x258 ./Sources/driving.o
                0x0000a684                driveOverStair
 .text.driveToTurningPlace
                0x0000a8dc      0x1c4 ./Sources/driving.o
                0x0000a8dc                driveToTurningPlace
 .text.driveThroughtTurningPlace
                0x0000aaa0      0x758 ./Sources/driving.o
                0x0000aaa0                driveThroughtTurningPlace
 .text.driveToEndZone
                0x0000b1f8      0x19c ./Sources/driving.o
                0x0000b1f8                driveToEndZone
 .text.pushTheButton
                0x0000b394       0x18 ./Sources/driving.o
                0x0000b394                pushTheButton
 .text.initDriving
                0x0000b3ac       0x9c ./Sources/driving.o
                0x0000b3ac                initDriving
 .text.VL_OnError
                0x0000b448       0x14 ./Sources/VL6180X.o
 .text.VL_WriteReg8
                0x0000b45c       0x50 ./Sources/VL6180X.o
                0x0000b45c                VL_WriteReg8
 .text.VL_WriteReg16
                0x0000b4ac       0x70 ./Sources/VL6180X.o
                0x0000b4ac                VL_WriteReg16
 .text.VL_ReadReg8
                0x0000b51c       0x54 ./Sources/VL6180X.o
                0x0000b51c                VL_ReadReg8
 .text.VL_ReadReg16
                0x0000b570       0x54 ./Sources/VL6180X.o
                0x0000b570                VL_ReadReg16
 .text.readRangeContinuous
                0x0000b5c4       0xf0 ./Sources/VL6180X.o
 .text.VL_ReadRangeSingle
                0x0000b6b4       0x6c ./Sources/VL6180X.o
                0x0000b6b4                VL_ReadRangeSingle
 .text.VL_ConfigureDefault
                0x0000b720       0x94 ./Sources/VL6180X.o
                0x0000b720                VL_ConfigureDefault
 .text.VL_InitDevice
                0x0000b7b4      0x5ac ./Sources/VL6180X.o
                0x0000b7b4                VL_InitDevice
 .text.VL_InitAndConfigureDevice
                0x0000bd60       0x64 ./Sources/VL6180X.o
                0x0000bd60                VL_InitAndConfigureDevice
 .text.VL_ChipEnable
                0x0000bdc4       0xc0 ./Sources/VL6180X.o
                0x0000bdc4                VL_ChipEnable
 .text.VL_SetI2CDeviceAddress
                0x0000be84       0xa8 ./Sources/VL6180X.o
                0x0000be84                VL_SetI2CDeviceAddress
 .text.VL_Init  0x0000bf2c      0x180 ./Sources/VL6180X.o
                0x0000bf2c                VL_Init
 .text.VL_GetDistance
                0x0000c0ac      0x100 ./Sources/VL6180X.o
                0x0000c0ac                VL_GetDistance
 .text.VL_GetLastDistance
                0x0000c1ac       0x2c ./Sources/VL6180X.o
                0x0000c1ac                VL_GetLastDistance
 .text.L3Ginit  0x0000c1d8       0x44 ./Sources/L3G.o
                0x0000c1d8                L3Ginit
 .text.L3GenableDefault
                0x0000c21c       0xf0 ./Sources/L3G.o
                0x0000c21c                L3GenableDefault
 .text.L3GwriteReg
                0x0000c30c       0x4c ./Sources/L3G.o
                0x0000c30c                L3GwriteReg
 .text.L3GreadReg
                0x0000c358       0x54 ./Sources/L3G.o
                0x0000c358                L3GreadReg
 .text.L3Greadxyz
                0x0000c3ac      0x12c ./Sources/L3G.o
                0x0000c3ac                L3Greadxyz
 .text.L3Gread  0x0000c4d8      0x1ac ./Sources/L3G.o
                0x0000c4d8                L3Gread
 .text.L3GgetDegree
                0x0000c684       0xd8 ./Sources/L3G.o
                0x0000c684                L3GgetDegree
 .text.calculateOffset
                0x0000c75c      0x1a8 ./Sources/L3G.o
                0x0000c75c                calculateOffset
 .text.cmpfunc  0x0000c904       0x28 ./Sources/L3G.o
                0x0000c904                cmpfunc
 .text.L3GSetAngel
                0x0000c92c       0x5c ./Sources/L3G.o
                0x0000c92c                L3GSetAngel
 .text.combineAccel
                0x0000c988      0x228 ./Sources/L3G.o
                0x0000c988                combineAccel
 .text.Cpu_OnNMIINT
                0x0000cbb0        0x8 ./Sources/Events.o
                0x0000cbb0                Cpu_OnNMIINT
 .text.FRTOS1_vApplicationStackOverflowHook
                0x0000cbb8       0x10 ./Sources/Events.o
                0x0000cbb8                FRTOS1_vApplicationStackOverflowHook
 .text.FRTOS1_vApplicationTickHook
                0x0000cbc8        0xc ./Sources/Events.o
                0x0000cbc8                FRTOS1_vApplicationTickHook
 .text.FRTOS1_vApplicationIdleHook
                0x0000cbd4        0x8 ./Sources/Events.o
                0x0000cbd4                FRTOS1_vApplicationIdleHook
 .text.FRTOS1_vApplicationMallocFailedHook
                0x0000cbdc        0x8 ./Sources/Events.o
                0x0000cbdc                FRTOS1_vApplicationMallocFailedHook
 .text.AS1_OnError
                0x0000cbe4        0x8 ./Sources/Events.o
                0x0000cbe4                AS1_OnError
 .text.AS1_OnRxChar
                0x0000cbec        0x8 ./Sources/Events.o
                0x0000cbec                AS1_OnRxChar
 .text.AS1_OnTxChar
                0x0000cbf4        0x8 ./Sources/Events.o
                0x0000cbf4                AS1_OnTxChar
 .text.AS1_OnFullRxBuf
                0x0000cbfc        0x8 ./Sources/Events.o
                0x0000cbfc                AS1_OnFullRxBuf
 .text.AS1_OnFreeTxBuf
                0x0000cc04        0x8 ./Sources/Events.o
                0x0000cc04                AS1_OnFreeTxBuf
 .text.Cpu_OnHardFault
                0x0000cc0c        0x8 ./Sources/Events.o
                0x0000cc0c                Cpu_OnHardFault
 .text.exit     0x0000cc14       0x38 C:/Freescale/CW MCU v10.6/MCU/ARM_GCC_Support/ewl/lib/armv6-m\libc.a(exit.o)
                0x0000cc14                exit
 .text.qsort    0x0000cc4c       0xb8 C:/Freescale/CW MCU v10.6/MCU/ARM_GCC_Support/ewl/lib/armv6-m\libc.a(qsort.o)
                0x0000cc4c                qsort
 .text.memcpy   0x0000cd04       0x12 C:/Freescale/CW MCU v10.6/MCU/ARM_GCC_Support/ewl/lib/armv6-m\libc.a(memcpy.o)
                0x0000cd04                memcpy
 .text.memset   0x0000cd16        0xc C:/Freescale/CW MCU v10.6/MCU/ARM_GCC_Support/ewl/lib/armv6-m\libc.a(memset.o)
                0x0000cd16                memset
 .text.strchr   0x0000cd22       0x1e C:/Freescale/CW MCU v10.6/MCU/ARM_GCC_Support/ewl/lib/armv6-m\libc.a(strchr.o)
                0x0000cd22                strchr
 .text.strcmp   0x0000cd40       0x1c C:/Freescale/CW MCU v10.6/MCU/ARM_GCC_Support/ewl/lib/armv6-m\libc.a(strcmp.o)
                0x0000cd40                strcmp
 .text.strlen   0x0000cd5c       0x10 C:/Freescale/CW MCU v10.6/MCU/ARM_GCC_Support/ewl/lib/armv6-m\libc.a(strlen.o)
                0x0000cd5c                strlen
 .text.strncmp  0x0000cd6c       0x22 C:/Freescale/CW MCU v10.6/MCU/ARM_GCC_Support/ewl/lib/armv6-m\libc.a(strncmp.o)
                0x0000cd6c                strncmp
 *fill*         0x0000cd8e        0x2 00
 .text.long2str.isra.0
                0x0000cd90      0x19c C:/Freescale/CW MCU v10.6/MCU/ARM_GCC_Support/ewl/lib/armv6-m\libc.a(printformat_.o)
 .text.__pformatter_
                0x0000cf2c      0x428 C:/Freescale/CW MCU v10.6/MCU/ARM_GCC_Support/ewl/lib/armv6-m\libc.a(printformat_.o)
                0x0000cf2c                __pformatter_
 .text.__sformatter
                0x0000d354      0x698 C:/Freescale/CW MCU v10.6/MCU/ARM_GCC_Support/ewl/lib/armv6-m\libc.a(scanformat_.o)
                0x0000d354                __sformatter
 .text.isalpha  0x0000d9ec       0x20 C:/Freescale/CW MCU v10.6/MCU/ARM_GCC_Support/ewl/lib/armv6-m\libc.a(ctype_aeabi.o)
                0x0000d9ec                isalpha
 .text.isspace  0x0000da0c       0x20 C:/Freescale/CW MCU v10.6/MCU/ARM_GCC_Support/ewl/lib/armv6-m\libc.a(ctype_aeabi.o)
                0x0000da0c                isspace
 .text.toupper  0x0000da2c        0xe C:/Freescale/CW MCU v10.6/MCU/ARM_GCC_Support/ewl/lib/armv6-m\libc.a(ctype_aeabi.o)
                0x0000da2c                toupper
 .text.__strtoul
                0x0000da3a      0x1ce C:/Freescale/CW MCU v10.6/MCU/ARM_GCC_Support/ewl/lib/armv6-m\libc.a(__strtoul.o)
                0x0000da3a                __strtoul
 .text.__fill_mem
                0x0000dc08       0x7e C:/Freescale/CW MCU v10.6/MCU/ARM_GCC_Support/ewl/lib/armv6-m\libc.a(__filll_mem.o)
                0x0000dc08                __fill_mem
 .text.memchr   0x0000dc86       0x1a C:/Freescale/CW MCU v10.6/MCU/ARM_GCC_Support/ewl/lib/armv6-m\libc.a(memchr.o)
                0x0000dc86                memchr
 .text.atan     0x0000dca0      0x358 C:/Freescale/CW MCU v10.6/MCU/ARM_GCC_Support/ewl/lib/armv6-m\libm.a(s_atan.o)
                0x0000dca0                atan
 .text.sqrt     0x0000dff8        0x8 C:/Freescale/CW MCU v10.6/MCU/ARM_GCC_Support/ewl/lib/armv6-m\libm.a(w_sqrt.o)
                0x0000dff8                sqrt
 .text.__ieee754_sqrt
                0x0000e000      0x17c C:/Freescale/CW MCU v10.6/MCU/ARM_GCC_Support/ewl/lib/armv6-m\libm.a(e_sqrt.o)
                0x0000e000                __ieee754_sqrt
 .text.__init_cpp
                0x0000e17c       0x48 C:/Freescale/CW MCU v10.6/MCU/ARM_GCC_Support/ewl/lib/armv6-m\librt.a(gcc_ctor_dtor.o)
                0x0000e17c                __init_cpp
 .text.__fini_cpp
                0x0000e1c4       0x34 C:/Freescale/CW MCU v10.6/MCU/ARM_GCC_Support/ewl/lib/armv6-m\librt.a(gcc_ctor_dtor.o)
                0x0000e1c4                __fini_cpp
 .text.__copy_rom_section
                0x0000e1f8       0x48 C:/Freescale/CW MCU v10.6/MCU/ARM_GCC_Support/ewl/lib/armv6-m\librt.a(ROMCopy.o)
                0x0000e1f8                __copy_rom_section
 .text.__copy_rom_sections_to_ram
                0x0000e240       0x34 C:/Freescale/CW MCU v10.6/MCU/ARM_GCC_Support/ewl/lib/armv6-m\librt.a(ROMCopy.o)
                0x0000e240                __copy_rom_sections_to_ram
 .text.__destroy_global_chain
                0x0000e274       0x1c C:/Freescale/CW MCU v10.6/MCU/ARM_GCC_Support/ewl/lib/armv6-m\librt.a(__arm_eabi_init.o)
                0x0000e274                __destroy_global_chain
 .text.__init_registers
                0x0000e290       0x1c C:/Freescale/CW MCU v10.6/MCU/ARM_GCC_Support/ewl/lib/armv6-m\librt.a(__arm_eabi_init.o)
                0x0000e290                __init_registers
 .text.__init_user
                0x0000e2ac        0x4 C:/Freescale/CW MCU v10.6/MCU/ARM_GCC_Support/ewl/lib/armv6-m\librt.a(__arm_eabi_init.o)
                0x0000e2ac                __init_user
 *(.rodata)
 .rodata        0x0000e2b0        0x8 ./Generated_Code/tasks.o
 .rodata        0x0000e2b8       0x1c ./Generated_Code/UTIL1.o
 .rodata        0x0000e2d4      0x15c ./Generated_Code/CLS1.o
 .rodata        0x0000e430      0x2d8 ./Sources/serial_communication.o
 .rodata        0x0000e708       0x40 ./Sources/frtos_tasks.o
 .rodata        0x0000e748       0x40 c:/freescale/cw mcu v10.6/cross_tools/arm-none-eabi-gcc-4_7_3/bin/../lib/gcc/arm-none-eabi/4.7.3/armv6-m\libgcc.a(mulsf3.o)
 .rodata        0x0000e788       0x40 c:/freescale/cw mcu v10.6/cross_tools/arm-none-eabi-gcc-4_7_3/bin/../lib/gcc/arm-none-eabi/4.7.3/armv6-m\libgcc.a(divdf3.o)
 .rodata        0x0000e7c8       0x40 c:/freescale/cw mcu v10.6/cross_tools/arm-none-eabi-gcc-4_7_3/bin/../lib/gcc/arm-none-eabi/4.7.3/armv6-m\libgcc.a(muldf3.o)
 *(.rodata*)
 .rodata.ChannelDevice
                0x0000e808        0x4 ./Generated_Code/TU1.o
 .rodata.ChannelMode
                0x0000e80c        0x4 ./Generated_Code/TU1.o
 .rodata.InitialCalibration
                0x0000e810        0x8 ./Generated_Code/MMA1.o
 .rodata.addr.6783
                0x0000e818        0x1 ./Generated_Code/MMA1.o
 .rodata.addr.6775
                0x0000e819        0x1 ./Generated_Code/MMA1.o
 .rodata.addr.6767
                0x0000e81a        0x1 ./Generated_Code/MMA1.o
 *fill*         0x0000e81b        0x1 00
 .rodata.CLS1_stdio
                0x0000e81c       0x10 ./Generated_Code/CLS1.o
                0x0000e81c                CLS1_stdio
 .rodata.CmdParserTable
                0x0000e82c        0xc ./Sources/serial_communication.o
 .rodata.refreshTasks
                0x0000e838       0x1c ./Sources/serial_communication.o
 .rodata.L3Gread
                0x0000e854      0x118 ./Sources/L3G.o
 .rodata.L3GgetDegree
                0x0000e96c       0x8c ./Sources/L3G.o
 .rodata.L3GSetAngel
                0x0000e9f8       0x8c ./Sources/L3G.o
 .rodata.str1.1
                0x0000ea84        0x1 C:/Freescale/CW MCU v10.6/MCU/ARM_GCC_Support/ewl/lib/armv6-m\libc.a(printformat_.o)
 .rodata.CSWTCH.20
                0x0000ea85        0x5 C:/Freescale/CW MCU v10.6/MCU/ARM_GCC_Support/ewl/lib/armv6-m\libc.a(printformat_.o)
 .rodata.CSWTCH.21
                0x0000ea8a        0x5 C:/Freescale/CW MCU v10.6/MCU/ARM_GCC_Support/ewl/lib/armv6-m\libc.a(printformat_.o)
 .rodata.__aeabi_ctype_table_C
                0x0000ea8f      0x101 C:/Freescale/CW MCU v10.6/MCU/ARM_GCC_Support/ewl/lib/armv6-m\libc.a(ctype_aeabi.o)
                0x0000ea8f                __aeabi_ctype_table_C
 .rodata.atanlo
                0x0000eb90       0x20 C:/Freescale/CW MCU v10.6/MCU/ARM_GCC_Support/ewl/lib/armv6-m\libm.a(s_atan.o)
 .rodata.atanhi
                0x0000ebb0       0x20 C:/Freescale/CW MCU v10.6/MCU/ARM_GCC_Support/ewl/lib/armv6-m\libm.a(s_atan.o)
 *(.glue_7)
 .glue_7        0x00000000        0x0 linker stubs
 *(.glue_7t)
 .glue_7t       0x00000000        0x0 linker stubs
 *(.eh_frame)
 *(.init)
 *(.fini)
                0x0000ebd0                . = ALIGN (0x4)
                0x0000ebd0                _etext = .

.vfp11_veneer   0x0000ebd0        0x0
 .vfp11_veneer  0x00000000        0x0 linker stubs

.v4_bx          0x0000ebd0        0x0
 .v4_bx         0x00000000        0x0 linker stubs

.iplt           0x0000ebd0        0x0
 .iplt          0x00000000        0x0 ./Generated_Code/timers.o

.rel.dyn        0x0000ebd0        0x0
 .rel.iplt      0x00000000        0x0 ./Generated_Code/timers.o

.ARM.extab
 *(.ARM.extab* .gnu.linkonce.armextab.*)

.ARM            0x0000ebd0        0x0
                0x0000ebd0                __exidx_start = .
 *(.ARM.exidx*)
                0x0000ebd0                __exidx_end = .

.ctors          0x0000ebd0        0x0
                0x0000ebd0                __CTOR_LIST__ = .
 *crtbegin.o(.ctors)
 *(EXCLUDE_FILE(*crtend.o) .ctors)
 *(SORT(.ctors.*))
 *(.ctors)
                0x0000ebd0                __CTOR_END__ = .

.dtors          0x0000ebd0        0x0
                0x0000ebd0                __DTOR_LIST__ = .
 *crtbegin.o(.dtors)
 *(EXCLUDE_FILE(*crtend.o) .dtors)
 *(SORT(.dtors.*))
 *(.dtors)
                0x0000ebd0                __DTOR_END__ = .

.preinit_array  0x0000ebd0        0x0
                0x0000ebd0                PROVIDE (__preinit_array_start, .)
 *(.preinit_array*)
                0x0000ebd0                PROVIDE (__preinit_array_end, .)

.init_array     0x0000ebd0        0x0
                0x0000ebd0                PROVIDE (__init_array_start, .)
 *(SORT(.init_array.*))
 *(.init_array*)
                0x0000ebd0                PROVIDE (__init_array_end, .)

.fini_array     0x0000ebd0        0x0
                0x0000ebd0                PROVIDE (__fini_array_start, .)
 *(SORT(.fini_array.*))
 *(.fini_array*)
                0x0000ebd0                PROVIDE (__fini_array_end, .)
                0x0000ebd0                ___ROM_AT = .

.mtb            0x1ffff000     0x1000
                0x1ffff000                . = ALIGN (0x8)
                0x1ffff000                _mtb_start = .
 *(.mtb_buf)
 .mtb_buf       0x1ffff000     0x1000 ./Sources/sa_mtb.o
                0x1ffff000                mtb_buf
                0x20000000                . = ALIGN (0x8)
                0x20000000                _mtb_end = .

.data           0x20000000       0x1c load address 0x0000ebd0
                0x20000000                . = ALIGN (0x4)
                0x20000000                _sdata = .
 *(.data)
 *(.data*)
 .data.uxCriticalNesting
                0x20000000        0x4 ./Generated_Code/port.o
 .data.uxTopUsedPriority
                0x20000004        0x4 ./Generated_Code/port.o
                0x20000004                uxTopUsedPriority
 .data.xHeapStructSize
                0x20000008        0x4 ./Generated_Code/heap_4.o
 .data.CLS1_currStdIO
                0x2000000c        0x4 ./Generated_Code/CLS1.o
 .data.hello    0x20000010        0x1 ./Sources/serial_communication.o
 .data.state    0x20000011        0x1 ./Sources/serial_communication.o
 .data.scaling  0x20000012        0x1 ./Sources/VL6180X.o
 .data.initDevices
                0x20000013        0x1 ./Sources/VL6180X.o
                0x20000013                initDevices
 .data.__double_nan
                0x20000014        0x8 C:/Freescale/CW MCU v10.6/MCU/ARM_GCC_Support/ewl/lib/armv6-m\libm.a(float.o)
                0x20000014                __double_nan
                0x2000001c                . = ALIGN (0x4)
                0x2000001c                _edata = .
                0x0000001c                ___data_size = (_edata - _sdata)

.igot.plt       0x2000001c        0x0 load address 0x0000ebec
 .igot.plt      0x00000000        0x0 ./Generated_Code/timers.o
                0x2000001c                . = ALIGN (0x4)

.bss            0x2000001c     0x29d0 load address 0x0000ebec
                0x2000001c                __START_BSS = .
                0x2000001c                PROVIDE (__bss_start__, __START_BSS)
 *(.bss)
 *(.bss*)
 .bss.pxCurrentTCB
                0x2000001c        0x4 ./Generated_Code/tasks.o
                0x2000001c                pxCurrentTCB
 .bss.pxReadyTasksLists
                0x20000020       0x78 ./Generated_Code/tasks.o
 .bss.xDelayedTaskList1
                0x20000098       0x14 ./Generated_Code/tasks.o
 .bss.xDelayedTaskList2
                0x200000ac       0x14 ./Generated_Code/tasks.o
 .bss.pxDelayedTaskList
                0x200000c0        0x4 ./Generated_Code/tasks.o
 .bss.pxOverflowDelayedTaskList
                0x200000c4        0x4 ./Generated_Code/tasks.o
 .bss.xPendingReadyList
                0x200000c8       0x14 ./Generated_Code/tasks.o
 .bss.xTasksWaitingTermination
                0x200000dc       0x14 ./Generated_Code/tasks.o
 .bss.uxDeletedTasksWaitingCleanUp
                0x200000f0        0x4 ./Generated_Code/tasks.o
 .bss.xSuspendedTaskList
                0x200000f4       0x14 ./Generated_Code/tasks.o
 .bss.uxCurrentNumberOfTasks
                0x20000108        0x4 ./Generated_Code/tasks.o
 .bss.xTickCount
                0x2000010c        0x4 ./Generated_Code/tasks.o
 .bss.uxTopReadyPriority
                0x20000110        0x4 ./Generated_Code/tasks.o
 .bss.xSchedulerRunning
                0x20000114        0x4 ./Generated_Code/tasks.o
 .bss.uxPendedTicks
                0x20000118        0x4 ./Generated_Code/tasks.o
 .bss.xYieldPending
                0x2000011c        0x4 ./Generated_Code/tasks.o
 .bss.xNumOfOverflows
                0x20000120        0x4 ./Generated_Code/tasks.o
 .bss.uxTaskNumber
                0x20000124        0x4 ./Generated_Code/tasks.o
 .bss.xNextTaskUnblockTime
                0x20000128        0x4 ./Generated_Code/tasks.o
 .bss.xIdleTaskHandle
                0x2000012c        0x4 ./Generated_Code/tasks.o
 .bss.uxSchedulerSuspended
                0x20000130        0x4 ./Generated_Code/tasks.o
 .bss.ucHeap    0x20000134     0x2134 ./Generated_Code/heap_4.o
 .bss.xStart    0x20002268        0x8 ./Generated_Code/heap_4.o
 .bss.pxEnd     0x20002270        0x4 ./Generated_Code/heap_4.o
 .bss.xFreeBytesRemaining
                0x20002274        0x4 ./Generated_Code/heap_4.o
 .bss.xMinimumEverFreeBytesRemaining
                0x20002278        0x4 ./Generated_Code/heap_4.o
 .bss.xBlockAllocatedBit
                0x2000227c        0x4 ./Generated_Code/heap_4.o
 .bss.DeviceDataPrv__DEFAULT_RTOS_ALLOC
                0x20002280        0x4 ./Generated_Code/Watermark.o
 .bss.DeviceDataPrv__DEFAULT_RTOS_ALLOC
                0x20002284        0x4 ./Generated_Code/TofCE3.o
 .bss.DeviceDataPrv__DEFAULT_RTOS_ALLOC
                0x20002288        0x4 ./Generated_Code/TofCE2.o
 .bss.DeviceDataPrv__DEFAULT_RTOS_ALLOC
                0x2000228c        0x4 ./Generated_Code/TofCE1.o
 .bss.DeviceDataPrv__DEFAULT_RTOS_ALLOC
                0x20002290        0x8 ./Generated_Code/TU2.o
 .bss.DeviceDataPrv__DEFAULT_RTOS_ALLOC
                0x20002298        0x8 ./Generated_Code/TU1.o
 .bss.TMOUT1_Counters
                0x200022a0        0x4 ./Generated_Code/TMOUT1.o
 .bss.TMOUT1_FreeCounters
                0x200022a4        0x4 ./Generated_Code/TMOUT1.o
 .bss.DeviceDataPrv__DEFAULT_RTOS_ALLOC
                0x200022a8        0xc ./Generated_Code/PwmLdd4.o
 .bss.DeviceDataPrv__DEFAULT_RTOS_ALLOC
                0x200022b4        0xc ./Generated_Code/PwmLdd3.o
 .bss.DeviceDataPrv__DEFAULT_RTOS_ALLOC
                0x200022c0        0xc ./Generated_Code/PwmLdd2.o
 .bss.DeviceDataPrv__DEFAULT_RTOS_ALLOC
                0x200022cc        0xc ./Generated_Code/PwmLdd1.o
 .bss.PE_LDD_DeviceDataList
                0x200022d8       0x50 ./Generated_Code/PE_LDD.o
                0x200022d8                PE_LDD_DeviceDataList
 .bss.sCalValues
                0x20002328        0x8 ./Generated_Code/MMA1.o
 .bss.GI2C2_deviceData
                0x20002330        0x8 ./Generated_Code/GI2C2.o
 .bss.GI2C2_busSem
                0x20002338        0x4 ./Generated_Code/GI2C2.o
 .bss.writeBuf.6704
                0x2000233c       0x10 ./Generated_Code/GI2C2.o
 .bss.GI2C1_deviceData
                0x2000234c        0x8 ./Generated_Code/GI2C1.o
 .bss.GI2C1_busSem
                0x20002354        0x4 ./Generated_Code/GI2C1.o
 .bss.writeBuf.6727
                0x20002358       0x10 ./Generated_Code/GI2C1.o
 .bss.DeviceDataPrv__DEFAULT_RTOS_ALLOC
                0x20002368        0x4 ./Generated_Code/DIR_RIGHT1.o
 .bss.DeviceDataPrv__DEFAULT_RTOS_ALLOC
                0x2000236c        0x4 ./Generated_Code/DIR_RIGHT.o
 .bss.DeviceDataPrv__DEFAULT_RTOS_ALLOC
                0x20002370        0x4 ./Generated_Code/DIR_LEFT1.o
 .bss.DeviceDataPrv__DEFAULT_RTOS_ALLOC
                0x20002374        0x4 ./Generated_Code/DIR_LEFT.o
 .bss.SR_lock   0x20002378        0x1 ./Generated_Code/Cpu.o
                0x20002378                SR_lock
 *fill*         0x20002379        0x3 00
 .bss.ShellSem  0x2000237c        0x4 ./Generated_Code/CLS1.o
 .bss.DeviceDataPrv__DEFAULT_RTOS_ALLOC
                0x20002380       0x18 ./Generated_Code/CI2C2.o
 .bss.INT_I2C0__BAREBOARD_RTOS_ISRPARAM
                0x20002398        0x4 ./Generated_Code/CI2C2.o
 .bss.DeviceDataPrv__DEFAULT_RTOS_ALLOC
                0x2000239c       0x18 ./Generated_Code/CI2C1.o
 .bss.INT_I2C1__BAREBOARD_RTOS_ISRPARAM
                0x200023b4        0x4 ./Generated_Code/CI2C1.o
 .bss.DeviceDataPrv__DEFAULT_RTOS_ALLOC
                0x200023b8        0x4 ./Generated_Code/BitIoLdd4.o
 .bss.DeviceDataPrv__DEFAULT_RTOS_ALLOC
                0x200023bc        0x4 ./Generated_Code/BitIoLdd3.o
 .bss.DeviceDataPrv__DEFAULT_RTOS_ALLOC
                0x200023c0        0x4 ./Generated_Code/BT_EN.o
 .bss.DeviceDataPrv__DEFAULT_RTOS_ALLOC
                0x200023c4       0x20 ./Generated_Code/ASerialLdd1.o
 .bss.INT_UART0__BAREBOARD_RTOS_ISRPARAM
                0x200023e4        0x4 ./Generated_Code/ASerialLdd1.o
 .bss.SerFlag   0x200023e8        0x2 ./Generated_Code/AS1.o
 .bss.AS1_InpLen
                0x200023ea        0x2 ./Generated_Code/AS1.o
 .bss.InpIndexR
                0x200023ec        0x2 ./Generated_Code/AS1.o
 .bss.InpIndexW
                0x200023ee        0x2 ./Generated_Code/AS1.o
 .bss.InpBuffer
                0x200023f0       0x20 ./Generated_Code/AS1.o
 .bss.BufferRead
                0x20002410        0x1 ./Generated_Code/AS1.o
 *fill*         0x20002411        0x1 00
 .bss.AS1_OutLen
                0x20002412        0x2 ./Generated_Code/AS1.o
 .bss.OutIndexR
                0x20002414        0x2 ./Generated_Code/AS1.o
 .bss.OutIndexW
                0x20002416        0x2 ./Generated_Code/AS1.o
 .bss.OutBuffer
                0x20002418       0x50 ./Generated_Code/AS1.o
 .bss.OnFreeTxBufSemaphore
                0x20002468        0x1 ./Generated_Code/AS1.o
 *fill*         0x20002469        0x3 00
 .bss.argv      0x2000246c        0x4 ./Project_Settings/Startup_Code/__arm_start.o
 .bss.start     0x20002470        0x1 ./Sources/serial_communication.o
 .bss.course    0x20002471        0x1 ./Sources/serial_communication.o
 .bss.tof_l_s   0x20002472        0x2 ./Sources/serial_communication.o
 .bss.tof_r_s   0x20002474        0x2 ./Sources/serial_communication.o
 .bss.tof_f_s   0x20002476        0x2 ./Sources/serial_communication.o
 .bss.raupe_i_l
                0x20002478        0x1 ./Sources/serial_communication.o
 .bss.raupe_i_r
                0x20002479        0x1 ./Sources/serial_communication.o
 .bss.gyroskop_s
                0x2000247a        0x1 ./Sources/serial_communication.o
 .bss.servo_s   0x2000247b        0x1 ./Sources/serial_communication.o
 .bss.letter    0x2000247c        0x1 ./Sources/serial_communication.o
 *fill*         0x2000247d        0x1 00
 .bss.tof_l_i   0x2000247e        0x2 ./Sources/serial_communication.o
 .bss.tof_r_i   0x20002480        0x2 ./Sources/serial_communication.o
 .bss.tof_f_i   0x20002482        0x2 ./Sources/serial_communication.o
 .bss.raupe_l_i
                0x20002484        0x1 ./Sources/serial_communication.o
 .bss.raupe_r_i
                0x20002485        0x1 ./Sources/serial_communication.o
 .bss.gyro_n    0x20002486        0x2 ./Sources/serial_communication.o
 .bss.gyro_g    0x20002488        0x2 ./Sources/serial_communication.o
 .bss.errState  0x2000248a        0x1 ./Sources/serial_communication.o
 *fill*         0x2000248b        0x1 00
 .bss.pwmLeft   0x2000248c        0x2 ./Sources/motor.o
 .bss.pwmRight  0x2000248e        0x2 ./Sources/motor.o
 .bss.ToFDevice
                0x20002490       0x14 ./Sources/VL6180X.o
 .bss.gyro      0x200024a4       0x1c ./Sources/L3G.o
 .bss.vX        0x200024c0      0x190 ./Sources/L3G.o
 .bss.vY        0x20002650      0x190 ./Sources/L3G.o
 .bss.vZ        0x200027e0      0x190 ./Sources/L3G.o
 .bss.Offset    0x20002970        0x4 ./Sources/L3G.o
 .bss.res       0x20002974        0x1 ./Sources/L3G.o
 .bss.accelCounter.7819
                0x20002975        0x1 ./Sources/L3G.o
 *fill*         0x20002976        0x2 00
 .bss.__stdio_exit
                0x20002978        0x4 C:/Freescale/CW MCU v10.6/MCU/ARM_GCC_Support/ewl/lib/armv6-m\libc.a(exit.o)
                0x20002978                __stdio_exit
 .bss.__console_exit
                0x2000297c        0x4 C:/Freescale/CW MCU v10.6/MCU/ARM_GCC_Support/ewl/lib/armv6-m\libc.a(exit.o)
                0x2000297c                __console_exit
 .bss.__S_romp  0x20002980        0xc C:/Freescale/CW MCU v10.6/MCU/ARM_GCC_Support/ewl/lib/armv6-m\librt.a(ROMCopy.o)
 .bss.__global_destructor_chain
                0x2000298c        0x4 C:/Freescale/CW MCU v10.6/MCU/ARM_GCC_Support/ewl/lib/armv6-m\librt.a(__arm_eabi_init.o)
                0x2000298c                __global_destructor_chain
 *(COMMON)
 COMMON         0x20002990       0x28 ./Generated_Code/queue.o
                0x20002990                xQueueRegistry
 COMMON         0x200029b8        0x1 ./Generated_Code/Cpu.o
                0x200029b8                SR_reg
 *fill*         0x200029b9        0x3 00
 COMMON         0x200029bc        0x4 ./Generated_Code/AS1.o
                0x200029bc                ASerialLdd1_DeviceDataPtr
 COMMON         0x200029c0       0x18 ./Sources/pid.o
                0x200029c0                pid
 COMMON         0x200029d8        0x7 ./Sources/frtos_tasks.o
                0x200029d8                Task3Started
                0x200029d9                Task2Started
                0x200029da                Task7Started
                0x200029db                Task4Started
                0x200029dc                Task6Started
                0x200029dd                Task5Started
                0x200029de                GyroTaskStarted
 COMMON         0x200029df        0x8 ./Sources/driving.o
                0x200029df                kpToF
                0x200029e0                kiToF
                0x200029e1                kdToF
                0x200029e2                kpGyro
                0x200029e3                kdGyro
                0x200029e4                factor
                0x200029e5                device
                0x200029e6                kiGyro
 *fill*         0x200029e7        0x1 00
 COMMON         0x200029e8        0x4 C:/Freescale/CW MCU v10.6/MCU/ARM_GCC_Support/ewl/lib/armv6-m\libc.a(errno.o)
                0x200029e8                errno
                0x200029ec                . = ALIGN (0x4)
                0x200029ec                __END_BSS = .
                0x200029ec                PROVIDE (__bss_end__, __END_BSS)
                0x0000ebec                _romp_at = (___ROM_AT + SIZEOF (.data))

.romp           0x200029ec       0x18 load address 0x0000ebec
                0x0000ebec                __S_romp = _romp_at
                0x200029ec        0x4 LONG 0xebd0 ___ROM_AT
                0x200029f0        0x4 LONG 0x20000000 _sdata
                0x200029f4        0x4 LONG 0x1c ___data_size
                0x200029f8        0x4 LONG 0x0
                0x200029fc        0x4 LONG 0x0
                0x20002a00        0x4 LONG 0x0

._user_heap_stack
                0x20002a04      0x400 load address 0x0000ec04
                0x20002a04                . = ALIGN (0x4)
                0x20002a04                PROVIDE (end, .)
                0x20002a04                PROVIDE (_end, .)
                0x20002a04                __heap_addr = .
                0x20002a04                . = (. + __heap_size)
                0x20002e04                . = (. + __stack_size)
 *fill*         0x20002a04      0x400 00
                0x20002e04                . = ALIGN (0x4)

.ARM.attributes
                0x00000000       0x2f
 *(.ARM.attributes)
 .ARM.attributes
                0x00000000       0x31 ./Generated_Code/tasks.o
 .ARM.attributes
                0x00000031       0x31 ./Generated_Code/queue.o
 .ARM.attributes
                0x00000062       0x31 ./Generated_Code/port.o
 .ARM.attributes
                0x00000093       0x31 ./Generated_Code/list.o
 .ARM.attributes
                0x000000c4       0x31 ./Generated_Code/heap_4.o
 .ARM.attributes
                0x000000f5       0x31 ./Generated_Code/Watermark.o
 .ARM.attributes
                0x00000126       0x31 ./Generated_Code/WAIT1.o
 .ARM.attributes
                0x00000157       0x31 ./Generated_Code/Vectors.o
 .ARM.attributes
                0x00000188       0x31 ./Generated_Code/UTIL1.o
 .ARM.attributes
                0x000001b9       0x31 ./Generated_Code/TofCE3.o
 .ARM.attributes
                0x000001ea       0x31 ./Generated_Code/TofCE2.o
 .ARM.attributes
                0x0000021b       0x31 ./Generated_Code/TofCE1.o
 .ARM.attributes
                0x0000024c       0x31 ./Generated_Code/TU2.o
 .ARM.attributes
                0x0000027d       0x31 ./Generated_Code/TU1.o
 .ARM.attributes
                0x000002ae       0x31 ./Generated_Code/TSK1.o
 .ARM.attributes
                0x000002df       0x31 ./Generated_Code/TMOUT1.o
 .ARM.attributes
                0x00000310       0x31 ./Generated_Code/RED.o
 .ARM.attributes
                0x00000341       0x31 ./Generated_Code/PwmLdd4.o
 .ARM.attributes
                0x00000372       0x31 ./Generated_Code/PwmLdd3.o
 .ARM.attributes
                0x000003a3       0x31 ./Generated_Code/PwmLdd2.o
 .ARM.attributes
                0x000003d4       0x31 ./Generated_Code/PwmLdd1.o
 .ARM.attributes
                0x00000405       0x31 ./Generated_Code/PE_LDD.o
 .ARM.attributes
                0x00000436       0x31 ./Generated_Code/MMA1.o
 .ARM.attributes
                0x00000467       0x31 ./Generated_Code/LED_GREEN.o
 .ARM.attributes
                0x00000498       0x31 ./Generated_Code/GI2C2.o
 .ARM.attributes
                0x000004c9       0x31 ./Generated_Code/GI2C1.o
 .ARM.attributes
                0x000004fa       0x31 ./Generated_Code/DIR_RIGHT1.o
 .ARM.attributes
                0x0000052b       0x31 ./Generated_Code/DIR_RIGHT.o
 .ARM.attributes
                0x0000055c       0x31 ./Generated_Code/DIR_LEFT1.o
 .ARM.attributes
                0x0000058d       0x31 ./Generated_Code/DIR_LEFT.o
 .ARM.attributes
                0x000005be       0x31 ./Generated_Code/Cpu.o
 .ARM.attributes
                0x000005ef       0x31 ./Generated_Code/CLS1.o
 .ARM.attributes
                0x00000620       0x31 ./Generated_Code/CI2C2.o
 .ARM.attributes
                0x00000651       0x31 ./Generated_Code/CI2C1.o
 .ARM.attributes
                0x00000682       0x31 ./Generated_Code/BitIoLdd4.o
 .ARM.attributes
                0x000006b3       0x31 ./Generated_Code/BitIoLdd3.o
 .ARM.attributes
                0x000006e4       0x31 ./Generated_Code/BT_EN.o
 .ARM.attributes
                0x00000715       0x31 ./Generated_Code/ASerialLdd1.o
 .ARM.attributes
                0x00000746       0x31 ./Generated_Code/AS1.o
 .ARM.attributes
                0x00000777       0x31 ./Project_Settings/Startup_Code/__arm_start.o
 .ARM.attributes
                0x000007a8       0x31 ./Project_Settings/Startup_Code/__arm_end.o
 .ARM.attributes
                0x000007d9       0x31 ./Sources/serial_communication.o
 .ARM.attributes
                0x0000080a       0x31 ./Sources/sa_mtb.o
 .ARM.attributes
                0x0000083b       0x31 ./Sources/pid.o
 .ARM.attributes
                0x0000086c       0x31 ./Sources/motor.o
 .ARM.attributes
                0x0000089d       0x31 ./Sources/main.o
 .ARM.attributes
                0x000008ce       0x31 ./Sources/frtos_tasks.o
 .ARM.attributes
                0x000008ff       0x31 ./Sources/driving.o
 .ARM.attributes
                0x00000930       0x31 ./Sources/VL6180X.o
 .ARM.attributes
                0x00000961       0x31 ./Sources/L3G.o
 .ARM.attributes
                0x00000992       0x31 ./Sources/Events.o
 .ARM.attributes
                0x000009c3       0x31 C:/Freescale/CW MCU v10.6/MCU/ARM_GCC_Support/ewl/lib/armv6-m\libc.a(exit.o)
 .ARM.attributes
                0x000009f4       0x31 C:/Freescale/CW MCU v10.6/MCU/ARM_GCC_Support/ewl/lib/armv6-m\libc.a(qsort.o)
 .ARM.attributes
                0x00000a25       0x31 C:/Freescale/CW MCU v10.6/MCU/ARM_GCC_Support/ewl/lib/armv6-m\libc.a(memcpy.o)
 .ARM.attributes
                0x00000a56       0x31 C:/Freescale/CW MCU v10.6/MCU/ARM_GCC_Support/ewl/lib/armv6-m\libc.a(memset.o)
 .ARM.attributes
                0x00000a87       0x31 C:/Freescale/CW MCU v10.6/MCU/ARM_GCC_Support/ewl/lib/armv6-m\libc.a(strchr.o)
 .ARM.attributes
                0x00000ab8       0x31 C:/Freescale/CW MCU v10.6/MCU/ARM_GCC_Support/ewl/lib/armv6-m\libc.a(strcmp.o)
 .ARM.attributes
                0x00000ae9       0x31 C:/Freescale/CW MCU v10.6/MCU/ARM_GCC_Support/ewl/lib/armv6-m\libc.a(strlen.o)
 .ARM.attributes
                0x00000b1a       0x31 C:/Freescale/CW MCU v10.6/MCU/ARM_GCC_Support/ewl/lib/armv6-m\libc.a(strncmp.o)
 .ARM.attributes
                0x00000b4b       0x31 C:/Freescale/CW MCU v10.6/MCU/ARM_GCC_Support/ewl/lib/armv6-m\libc.a(printformat_.o)
 .ARM.attributes
                0x00000b7c       0x31 C:/Freescale/CW MCU v10.6/MCU/ARM_GCC_Support/ewl/lib/armv6-m\libc.a(scanformat_.o)
 .ARM.attributes
                0x00000bad       0x31 C:/Freescale/CW MCU v10.6/MCU/ARM_GCC_Support/ewl/lib/armv6-m\libc.a(ctype_aeabi.o)
 .ARM.attributes
                0x00000bde       0x31 C:/Freescale/CW MCU v10.6/MCU/ARM_GCC_Support/ewl/lib/armv6-m\libc.a(__strtoul.o)
 .ARM.attributes
                0x00000c0f       0x31 C:/Freescale/CW MCU v10.6/MCU/ARM_GCC_Support/ewl/lib/armv6-m\libc.a(__filll_mem.o)
 .ARM.attributes
                0x00000c40       0x31 C:/Freescale/CW MCU v10.6/MCU/ARM_GCC_Support/ewl/lib/armv6-m\libc.a(memchr.o)
 .ARM.attributes
                0x00000c71       0x31 C:/Freescale/CW MCU v10.6/MCU/ARM_GCC_Support/ewl/lib/armv6-m\libm.a(s_atan.o)
 .ARM.attributes
                0x00000ca2       0x31 C:/Freescale/CW MCU v10.6/MCU/ARM_GCC_Support/ewl/lib/armv6-m\libm.a(w_sqrt.o)
 .ARM.attributes
                0x00000cd3       0x31 C:/Freescale/CW MCU v10.6/MCU/ARM_GCC_Support/ewl/lib/armv6-m\libm.a(e_sqrt.o)
 .ARM.attributes
                0x00000d04       0x31 C:/Freescale/CW MCU v10.6/MCU/ARM_GCC_Support/ewl/lib/armv6-m\libm.a(float.o)
 .ARM.attributes
                0x00000d35       0x1e c:/freescale/cw mcu v10.6/cross_tools/arm-none-eabi-gcc-4_7_3/bin/../lib/gcc/arm-none-eabi/4.7.3/armv6-m\libgcc.a(_thumb1_case_sqi.o)
 .ARM.attributes
                0x00000d53       0x1e c:/freescale/cw mcu v10.6/cross_tools/arm-none-eabi-gcc-4_7_3/bin/../lib/gcc/arm-none-eabi/4.7.3/armv6-m\libgcc.a(_thumb1_case_uqi.o)
 .ARM.attributes
                0x00000d71       0x1e c:/freescale/cw mcu v10.6/cross_tools/arm-none-eabi-gcc-4_7_3/bin/../lib/gcc/arm-none-eabi/4.7.3/armv6-m\libgcc.a(_udivsi3.o)
 .ARM.attributes
                0x00000d8f       0x1e c:/freescale/cw mcu v10.6/cross_tools/arm-none-eabi-gcc-4_7_3/bin/../lib/gcc/arm-none-eabi/4.7.3/armv6-m\libgcc.a(_divsi3.o)
 .ARM.attributes
                0x00000dad       0x1e c:/freescale/cw mcu v10.6/cross_tools/arm-none-eabi-gcc-4_7_3/bin/../lib/gcc/arm-none-eabi/4.7.3/armv6-m\libgcc.a(_dvmd_tls.o)
 .ARM.attributes
                0x00000dcb       0x1e c:/freescale/cw mcu v10.6/cross_tools/arm-none-eabi-gcc-4_7_3/bin/../lib/gcc/arm-none-eabi/4.7.3/armv6-m\libgcc.a(_arm_cmpdf2.o)
 .ARM.attributes
                0x00000de9       0x2c c:/freescale/cw mcu v10.6/cross_tools/arm-none-eabi-gcc-4_7_3/bin/../lib/gcc/arm-none-eabi/4.7.3/armv6-m\libgcc.a(addsf3.o)
 .ARM.attributes
                0x00000e15       0x2c c:/freescale/cw mcu v10.6/cross_tools/arm-none-eabi-gcc-4_7_3/bin/../lib/gcc/arm-none-eabi/4.7.3/armv6-m\libgcc.a(mulsf3.o)
 .ARM.attributes
                0x00000e41       0x2c c:/freescale/cw mcu v10.6/cross_tools/arm-none-eabi-gcc-4_7_3/bin/../lib/gcc/arm-none-eabi/4.7.3/armv6-m\libgcc.a(fixsfsi.o)
 .ARM.attributes
                0x00000e6d       0x2c c:/freescale/cw mcu v10.6/cross_tools/arm-none-eabi-gcc-4_7_3/bin/../lib/gcc/arm-none-eabi/4.7.3/armv6-m\libgcc.a(floatsisf.o)
 .ARM.attributes
                0x00000e99       0x2c c:/freescale/cw mcu v10.6/cross_tools/arm-none-eabi-gcc-4_7_3/bin/../lib/gcc/arm-none-eabi/4.7.3/armv6-m\libgcc.a(adddf3.o)
 .ARM.attributes
                0x00000ec5       0x2c c:/freescale/cw mcu v10.6/cross_tools/arm-none-eabi-gcc-4_7_3/bin/../lib/gcc/arm-none-eabi/4.7.3/armv6-m\libgcc.a(divdf3.o)
 .ARM.attributes
                0x00000ef1       0x2c c:/freescale/cw mcu v10.6/cross_tools/arm-none-eabi-gcc-4_7_3/bin/../lib/gcc/arm-none-eabi/4.7.3/armv6-m\libgcc.a(eqdf2.o)
 .ARM.attributes
                0x00000f1d       0x2c c:/freescale/cw mcu v10.6/cross_tools/arm-none-eabi-gcc-4_7_3/bin/../lib/gcc/arm-none-eabi/4.7.3/armv6-m\libgcc.a(gedf2.o)
 .ARM.attributes
                0x00000f49       0x2c c:/freescale/cw mcu v10.6/cross_tools/arm-none-eabi-gcc-4_7_3/bin/../lib/gcc/arm-none-eabi/4.7.3/armv6-m\libgcc.a(ledf2.o)
 .ARM.attributes
                0x00000f75       0x2c c:/freescale/cw mcu v10.6/cross_tools/arm-none-eabi-gcc-4_7_3/bin/../lib/gcc/arm-none-eabi/4.7.3/armv6-m\libgcc.a(muldf3.o)
 .ARM.attributes
                0x00000fa1       0x2c c:/freescale/cw mcu v10.6/cross_tools/arm-none-eabi-gcc-4_7_3/bin/../lib/gcc/arm-none-eabi/4.7.3/armv6-m\libgcc.a(subdf3.o)
 .ARM.attributes
                0x00000fcd       0x2c c:/freescale/cw mcu v10.6/cross_tools/arm-none-eabi-gcc-4_7_3/bin/../lib/gcc/arm-none-eabi/4.7.3/armv6-m\libgcc.a(fixdfsi.o)
 .ARM.attributes
                0x00000ff9       0x2c c:/freescale/cw mcu v10.6/cross_tools/arm-none-eabi-gcc-4_7_3/bin/../lib/gcc/arm-none-eabi/4.7.3/armv6-m\libgcc.a(floatsidf.o)
 .ARM.attributes
                0x00001025       0x2c c:/freescale/cw mcu v10.6/cross_tools/arm-none-eabi-gcc-4_7_3/bin/../lib/gcc/arm-none-eabi/4.7.3/armv6-m\libgcc.a(extendsfdf2.o)
 .ARM.attributes
                0x00001051       0x2c c:/freescale/cw mcu v10.6/cross_tools/arm-none-eabi-gcc-4_7_3/bin/../lib/gcc/arm-none-eabi/4.7.3/armv6-m\libgcc.a(truncdfsf2.o)
 .ARM.attributes
                0x0000107d       0x1e c:/freescale/cw mcu v10.6/cross_tools/arm-none-eabi-gcc-4_7_3/bin/../lib/gcc/arm-none-eabi/4.7.3/armv6-m\libgcc.a(_clzsi2.o)
 .ARM.attributes
                0x0000109b       0x31 C:/Freescale/CW MCU v10.6/MCU/ARM_GCC_Support/ewl/lib/armv6-m\librt.a(gcc_ctor_dtor.o)
 .ARM.attributes
                0x000010cc       0x31 C:/Freescale/CW MCU v10.6/MCU/ARM_GCC_Support/ewl/lib/armv6-m\librt.a(ROMCopy.o)
 .ARM.attributes
                0x000010fd       0x31 C:/Freescale/CW MCU v10.6/MCU/ARM_GCC_Support/ewl/lib/armv6-m\librt.a(__arm_eabi_init.o)
 .ARM.attributes
                0x0000112e       0x31 C:/Freescale/CW MCU v10.6/MCU/ARM_GCC_Support/ewl/lib/armv6-m\libc.a(errno.o)
OUTPUT(FRDM_RTOS_TestCar_V1.2.elf elf32-littlearm)

.debug_info     0x00000000    0x12c54
 .debug_info    0x00000000     0x1606 ./Generated_Code/tasks.o
 .debug_info    0x00001606      0xde1 ./Generated_Code/queue.o
 .debug_info    0x000023e7      0x2c8 ./Generated_Code/port.o
 .debug_info    0x000026af      0x2bf ./Generated_Code/list.o
 .debug_info    0x0000296e      0x314 ./Generated_Code/heap_4.o
 .debug_info    0x00002c82      0x31a ./Generated_Code/Watermark.o
 .debug_info    0x00002f9c      0x13c ./Generated_Code/WAIT1.o
 .debug_info    0x000030d8      0x10b ./Generated_Code/Vectors.o
 .debug_info    0x000031e3     0x19c9 ./Generated_Code/UTIL1.o
 .debug_info    0x00004bac      0x42d ./Generated_Code/TofCE3.o
 .debug_info    0x00004fd9      0x42d ./Generated_Code/TofCE2.o
 .debug_info    0x00005406      0x42d ./Generated_Code/TofCE1.o
 .debug_info    0x00005833      0x6fc ./Generated_Code/TU2.o
 .debug_info    0x00005f2f      0x6fc ./Generated_Code/TU1.o
 .debug_info    0x0000662b       0x92 ./Generated_Code/TSK1.o
 .debug_info    0x000066bd      0x260 ./Generated_Code/TMOUT1.o
 .debug_info    0x0000691d       0xf8 ./Generated_Code/RED.o
 .debug_info    0x00006a15      0x2d3 ./Generated_Code/PwmLdd4.o
 .debug_info    0x00006ce8      0x2d3 ./Generated_Code/PwmLdd3.o
 .debug_info    0x00006fbb      0x2d3 ./Generated_Code/PwmLdd2.o
 .debug_info    0x0000728e      0x2d3 ./Generated_Code/PwmLdd1.o
 .debug_info    0x00007561      0x255 ./Generated_Code/PE_LDD.o
 .debug_info    0x000077b6      0x714 ./Generated_Code/MMA1.o
 .debug_info    0x00007eca       0xf8 ./Generated_Code/LED_GREEN.o
 .debug_info    0x00007fc2      0x644 ./Generated_Code/GI2C2.o
 .debug_info    0x00008606      0x6e8 ./Generated_Code/GI2C1.o
 .debug_info    0x00008cee      0x3a0 ./Generated_Code/DIR_RIGHT1.o
 .debug_info    0x0000908e      0x3a0 ./Generated_Code/DIR_RIGHT.o
 .debug_info    0x0000942e      0x3a0 ./Generated_Code/DIR_LEFT1.o
 .debug_info    0x000097ce      0x3a0 ./Generated_Code/DIR_LEFT.o
 .debug_info    0x00009b6e      0xc3d ./Generated_Code/Cpu.o
 .debug_info    0x0000a7ab      0xa8d ./Generated_Code/CLS1.o
 .debug_info    0x0000b238      0x89b ./Generated_Code/CI2C2.o
 .debug_info    0x0000bad3      0x89b ./Generated_Code/CI2C1.o
 .debug_info    0x0000c36e      0x392 ./Generated_Code/BitIoLdd4.o
 .debug_info    0x0000c700      0x392 ./Generated_Code/BitIoLdd3.o
 .debug_info    0x0000ca92      0x402 ./Generated_Code/BT_EN.o
 .debug_info    0x0000ce94      0x899 ./Generated_Code/ASerialLdd1.o
 .debug_info    0x0000d72d      0x536 ./Generated_Code/AS1.o
 .debug_info    0x0000dc63      0x12a ./Project_Settings/Startup_Code/__arm_start.o
 .debug_info    0x0000dd8d       0x54 ./Project_Settings/Startup_Code/__arm_end.o
 .debug_info    0x0000dde1      0x529 ./Sources/serial_communication.o
 .debug_info    0x0000e30a       0x53 ./Sources/sa_mtb.o
 .debug_info    0x0000e35d      0x1d6 ./Sources/pid.o
 .debug_info    0x0000e533      0x322 ./Sources/motor.o
 .debug_info    0x0000e855       0x96 ./Sources/main.o
 .debug_info    0x0000e8eb      0x339 ./Sources/frtos_tasks.o
 .debug_info    0x0000ec24      0x53d ./Sources/driving.o
 .debug_info    0x0000f161      0x9f7 ./Sources/VL6180X.o
 .debug_info    0x0000fb58      0x727 ./Sources/L3G.o
 .debug_info    0x0001027f      0x198 ./Sources/Events.o
 .debug_info    0x00010417       0xe8 C:/Freescale/CW MCU v10.6/MCU/ARM_GCC_Support/ewl/lib/armv6-m\libc.a(exit.o)
 .debug_info    0x000104ff      0x1fc C:/Freescale/CW MCU v10.6/MCU/ARM_GCC_Support/ewl/lib/armv6-m\libc.a(qsort.o)
 .debug_info    0x000106fb      0x10f C:/Freescale/CW MCU v10.6/MCU/ARM_GCC_Support/ewl/lib/armv6-m\libc.a(memcpy.o)
 .debug_info    0x0001080a       0xec C:/Freescale/CW MCU v10.6/MCU/ARM_GCC_Support/ewl/lib/armv6-m\libc.a(memset.o)
 .debug_info    0x000108f6      0x10b C:/Freescale/CW MCU v10.6/MCU/ARM_GCC_Support/ewl/lib/armv6-m\libc.a(strchr.o)
 .debug_info    0x00010a01      0x114 C:/Freescale/CW MCU v10.6/MCU/ARM_GCC_Support/ewl/lib/armv6-m\libc.a(strcmp.o)
 .debug_info    0x00010b15       0xea C:/Freescale/CW MCU v10.6/MCU/ARM_GCC_Support/ewl/lib/armv6-m\libc.a(strlen.o)
 .debug_info    0x00010bff      0x141 C:/Freescale/CW MCU v10.6/MCU/ARM_GCC_Support/ewl/lib/armv6-m\libc.a(strncmp.o)
 .debug_info    0x00010d40      0x50d C:/Freescale/CW MCU v10.6/MCU/ARM_GCC_Support/ewl/lib/armv6-m\libc.a(printformat_.o)