Archive member included because of file (symbol)

C:/Freescale/CW MCU v10.6/MCU/ARM_GCC_Support/ewl/lib/armv6-m\libc.a(exit.o)
                              ./Project_Settings/Startup_Code/__arm_start.o (exit)
C:/Freescale/CW MCU v10.6/MCU/ARM_GCC_Support/ewl/lib/armv6-m\libc.a(qsort.o)
                              ./Sources/L3G.o (qsort)
C:/Freescale/CW MCU v10.6/MCU/ARM_GCC_Support/ewl/lib/armv6-m\libc.a(memcpy.o)
                              ./Generated_Code/queue.o (memcpy)
C:/Freescale/CW MCU v10.6/MCU/ARM_GCC_Support/ewl/lib/armv6-m\libc.a(memset.o)
                              ./Generated_Code/tasks.o (memset)
C:/Freescale/CW MCU v10.6/MCU/ARM_GCC_Support/ewl/lib/armv6-m\libc.a(strchr.o)
                              ./Generated_Code/UTIL1.o (strchr)
C:/Freescale/CW MCU v10.6/MCU/ARM_GCC_Support/ewl/lib/armv6-m\libc.a(strcmp.o)
                              ./Generated_Code/CLS1.o (strcmp)
C:/Freescale/CW MCU v10.6/MCU/ARM_GCC_Support/ewl/lib/armv6-m\libc.a(strlen.o)
                              ./Generated_Code/UTIL1.o (strlen)
C:/Freescale/CW MCU v10.6/MCU/ARM_GCC_Support/ewl/lib/armv6-m\libc.a(strncmp.o)
                              ./Generated_Code/UTIL1.o (strncmp)
C:/Freescale/CW MCU v10.6/MCU/ARM_GCC_Support/ewl/lib/armv6-m\libc.a(printformat_.o)
                              (__pformatter_)
C:/Freescale/CW MCU v10.6/MCU/ARM_GCC_Support/ewl/lib/armv6-m\libc.a(scanformat_.o)
                              (__sformatter)
C:/Freescale/CW MCU v10.6/MCU/ARM_GCC_Support/ewl/lib/armv6-m\libc.a(ctype_aeabi.o)
                              C:/Freescale/CW MCU v10.6/MCU/ARM_GCC_Support/ewl/lib/armv6-m\libc.a(scanformat_.o) (isspace)
C:/Freescale/CW MCU v10.6/MCU/ARM_GCC_Support/ewl/lib/armv6-m\libc.a(__strtoul.o)
                              C:/Freescale/CW MCU v10.6/MCU/ARM_GCC_Support/ewl/lib/armv6-m\libc.a(scanformat_.o) (__strtoul)
C:/Freescale/CW MCU v10.6/MCU/ARM_GCC_Support/ewl/lib/armv6-m\libc.a(__filll_mem.o)
                              C:/Freescale/CW MCU v10.6/MCU/ARM_GCC_Support/ewl/lib/armv6-m\libc.a(memset.o) (__fill_mem)
C:/Freescale/CW MCU v10.6/MCU/ARM_GCC_Support/ewl/lib/armv6-m\libc.a(memchr.o)
                              C:/Freescale/CW MCU v10.6/MCU/ARM_GCC_Support/ewl/lib/armv6-m\libc.a(printformat_.o) (memchr)
C:/Freescale/CW MCU v10.6/MCU/ARM_GCC_Support/ewl/lib/armv6-m\libm.a(s_cos.o)
                              ./Sources/pid.o (cos)
C:/Freescale/CW MCU v10.6/MCU/ARM_GCC_Support/ewl/lib/armv6-m\libm.a(e_rem_pio2.o)
                              C:/Freescale/CW MCU v10.6/MCU/ARM_GCC_Support/ewl/lib/armv6-m\libm.a(s_cos.o) (__ieee754_rem_pio2)
C:/Freescale/CW MCU v10.6/MCU/ARM_GCC_Support/ewl/lib/armv6-m\libm.a(k_cos.o)
                              C:/Freescale/CW MCU v10.6/MCU/ARM_GCC_Support/ewl/lib/armv6-m\libm.a(s_cos.o) (__kernel_cos)
C:/Freescale/CW MCU v10.6/MCU/ARM_GCC_Support/ewl/lib/armv6-m\libm.a(k_rem_pio2.o)
                              C:/Freescale/CW MCU v10.6/MCU/ARM_GCC_Support/ewl/lib/armv6-m\libm.a(e_rem_pio2.o) (__kernel_rem_pio2)
C:/Freescale/CW MCU v10.6/MCU/ARM_GCC_Support/ewl/lib/armv6-m\libm.a(k_sin.o)
                              C:/Freescale/CW MCU v10.6/MCU/ARM_GCC_Support/ewl/lib/armv6-m\libm.a(s_cos.o) (__kernel_sin)
C:/Freescale/CW MCU v10.6/MCU/ARM_GCC_Support/ewl/lib/armv6-m\libm.a(s_floor.o)
                              C:/Freescale/CW MCU v10.6/MCU/ARM_GCC_Support/ewl/lib/armv6-m\libm.a(k_rem_pio2.o) (floor)
C:/Freescale/CW MCU v10.6/MCU/ARM_GCC_Support/ewl/lib/armv6-m\libm.a(scalbn.o)
                              C:/Freescale/CW MCU v10.6/MCU/ARM_GCC_Support/ewl/lib/armv6-m\libm.a(k_rem_pio2.o) (scalbn)
C:/Freescale/CW MCU v10.6/MCU/ARM_GCC_Support/ewl/lib/armv6-m\libm.a(s_frexp.o)
                              C:/Freescale/CW MCU v10.6/MCU/ARM_GCC_Support/ewl/lib/armv6-m\libm.a(scalbn.o) (frexp)
C:/Freescale/CW MCU v10.6/MCU/ARM_GCC_Support/ewl/lib/armv6-m\libm.a(s_ldexp.o)
                              C:/Freescale/CW MCU v10.6/MCU/ARM_GCC_Support/ewl/lib/armv6-m\libm.a(scalbn.o) (ldexp)
C:/Freescale/CW MCU v10.6/MCU/ARM_GCC_Support/ewl/lib/armv6-m\libm.a(math_api.o)
                              C:/Freescale/CW MCU v10.6/MCU/ARM_GCC_Support/ewl/lib/armv6-m\libm.a(s_ldexp.o) (__fpclassifyd)
c:/freescale/cw mcu v10.6/cross_tools/arm-none-eabi-gcc-4_7_3/bin/../lib/gcc/arm-none-eabi/4.7.3/armv6-m\libgcc.a(_thumb1_case_sqi.o)
                              C:/Freescale/CW MCU v10.6/MCU/ARM_GCC_Support/ewl/lib/armv6-m\libc.a(__strtoul.o) (__gnu_thumb1_case_sqi)
c:/freescale/cw mcu v10.6/cross_tools/arm-none-eabi-gcc-4_7_3/bin/../lib/gcc/arm-none-eabi/4.7.3/armv6-m\libgcc.a(_thumb1_case_uqi.o)
                              C:/Freescale/CW MCU v10.6/MCU/ARM_GCC_Support/ewl/lib/armv6-m\libc.a(scanformat_.o) (__gnu_thumb1_case_uqi)
c:/freescale/cw mcu v10.6/cross_tools/arm-none-eabi-gcc-4_7_3/bin/../lib/gcc/arm-none-eabi/4.7.3/armv6-m\libgcc.a(_udivsi3.o)
                              ./Generated_Code/UTIL1.o (__aeabi_uidiv)
[...]
Memory Configuration

Name             Origin             Length             Attributes
m_interrupts     0x00000000         0x000000c0         xr
m_text           0x00000410         0x0001fbf0         xr
m_data           0x1ffff000         0x00004000         rw
m_cfmprotrom     0x00000400         0x00000010         xr
*default*        0x00000000         0xffffffff

Linker script and memory map

LOAD ./Generated_Code/timers.o
LOAD ./Generated_Code/tasks.o
LOAD ./Generated_Code/queue.o
LOAD ./Generated_Code/portasm.o
LOAD ./Generated_Code/port.o
LOAD ./Generated_Code/list.o
LOAD ./Generated_Code/heap_5.o
LOAD ./Generated_Code/heap_4.o
LOAD ./Generated_Code/heap_3.o
LOAD ./Generated_Code/heap_2.o
LOAD ./Generated_Code/heap_1.o
LOAD ./Generated_Code/event_groups.o
LOAD ./Generated_Code/croutine.o
LOAD ./Generated_Code/WAIT1.o
LOAD ./Generated_Code/Vectors.o
LOAD ./Generated_Code/UTIL1.o
LOAD ./Generated_Code/TofCE3.o
LOAD ./Generated_Code/TofCE2.o
LOAD ./Generated_Code/TofCE1.o
LOAD ./Generated_Code/TU2.o
LOAD ./Generated_Code/TU1.o
LOAD ./Generated_Code/TSK1.o
LOAD ./Generated_Code/RED.o
LOAD ./Generated_Code/PwmLdd4.o
LOAD ./Generated_Code/PwmLdd3.o
LOAD ./Generated_Code/PwmLdd2.o
LOAD ./Generated_Code/PwmLdd1.o
LOAD ./Generated_Code/PWM_Servo.o
LOAD ./Generated_Code/PWM_RIGHT.o
LOAD ./Generated_Code/PWM_LEFT.o
LOAD ./Generated_Code/PWM_Gyro.o
LOAD ./Generated_Code/PE_LDD.o
LOAD ./Generated_Code/LEDpin4.o
LOAD ./Generated_Code/LEDpin3.o
LOAD ./Generated_Code/LED_GREEN.o
LOAD ./Generated_Code/KSDK1.o
LOAD ./Generated_Code/GI2C1.o
LOAD ./Generated_Code/FRTOS1.o
LOAD ./Generated_Code/DIR_RIGHT.o
LOAD ./Generated_Code/DIR_LEFT.o
LOAD ./Generated_Code/Cpu.o
LOAD ./Generated_Code/CS1.o
LOAD ./Generated_Code/CLS1.o
LOAD ./Generated_Code/CI2C1.o
LOAD ./Generated_Code/BitIoLdd4.o
LOAD ./Generated_Code/BitIoLdd3.o
LOAD ./Generated_Code/AdcLdd1.o
LOAD ./Generated_Code/ASerialLdd1.o
LOAD ./Generated_Code/AS1.o
LOAD ./Generated_Code/AD1.o
LOAD ./Project_Settings/Startup_Code/__arm_start.o
LOAD ./Project_Settings/Startup_Code/__arm_end.o
LOAD ./Sources/serial_communication.o
LOAD ./Sources/sa_mtb.o
LOAD ./Sources/pid.o
LOAD ./Sources/motor.o
LOAD ./Sources/main.o
LOAD ./Sources/frtos_tasks.o
LOAD ./Sources/driving.o
LOAD ./Sources/VL6180X.o
LOAD ./Sources/L3G.o
LOAD ./Sources/Events.o
                0x00009544                __pformatter = __pformatter_
                [0x0000996c]                __sformatter = __sformatter
START GROUP
LOAD C:/Freescale/CW MCU v10.6/MCU/ARM_GCC_Support/ewl/lib/armv6-m\libc.a
LOAD C:/Freescale/CW MCU v10.6/MCU/ARM_GCC_Support/ewl/lib/armv6-m\libm.a
LOAD c:/freescale/cw mcu v10.6/cross_tools/arm-none-eabi-gcc-4_7_3/bin/../lib/gcc/arm-none-eabi/4.7.3/armv6-m\libgcc.a
LOAD C:/Freescale/CW MCU v10.6/MCU/ARM_GCC_Support/ewl/lib/armv6-m\librt.a
LOAD C:/Freescale/CW MCU v10.6/MCU/ARM_GCC_Support/ewl/lib/armv6-m\libuart.a
END GROUP
                0x20003000                _estack = 0x20003000
                0x20003000                __SP_INIT = _estack
                0x00000000                __heap_size = 0x0
                0x00000400                __stack_size = 0x400

.interrupts     0x00000000       0xc0
                0x00000000                __vector_table = .
                0x00000000                . = ALIGN (0x4)
 *(.vectortable)
 .vectortable   0x00000000       0xc0 ./Generated_Code/Vectors.o
                0x00000000                __vect_table
                0x000000c0                . = ALIGN (0x4)

.cfmprotect     0x00000400       0x10
                0x00000400                . = ALIGN (0x4)
 *(.cfmconfig)
 .cfmconfig     0x00000400       0x10 ./Generated_Code/Cpu.o
                0x00000400                _cfm
                0x00000410                . = ALIGN (0x4)

.text           0x00000410     0xb870
                0x00000410                . = ALIGN (0x4)
 *(.text)
 .text          0x00000410       0x14 c:/freescale/cw mcu v10.6/cross_tools/arm-none-eabi-gcc-4_7_3/bin/../lib/gcc/arm-none-eabi/4.7.3/armv6-m\libgcc.a(_thumb1_case_sqi.o)
                0x00000410                __gnu_thumb1_case_sqi
 .text          0x00000424       0x14 c:/freescale/cw mcu v10.6/cross_tools/arm-none-eabi-gcc-4_7_3/bin/../lib/gcc/arm-none-eabi/4.7.3/armv6-m\libgcc.a(_thumb1_case_uqi.o)
                0x00000424                __gnu_thumb1_case_uqi
 .text          0x00000438       0x9c c:/freescale/cw mcu v10.6/cross_tools/arm-none-eabi-gcc-4_7_3/bin/../lib/gcc/arm-none-eabi/4.7.3/armv6-m\libgcc.a(_udivsi3.o)
                0x00000438                __aeabi_uidiv
                0x00000438                __udivsi3
                0x000004c0                __aeabi_uidivmod
 .text          0x000004d4       0xc0 c:/freescale/cw mcu v10.6/cross_tools/arm-none-eabi-gcc-4_7_3/bin/../lib/gcc/arm-none-eabi/4.7.3/armv6-m\libgcc.a(_divsi3.o)
                0x000004d4                __divsi3
                0x000004d4                __aeabi_idiv
                0x00000580                __aeabi_idivmod
 .text          0x00000594        0x4 c:/freescale/cw mcu v10.6/cross_tools/arm-none-eabi-gcc-4_7_3/bin/../lib/gcc/arm-none-eabi/4.7.3/armv6-m\libgcc.a(_dvmd_tls.o)
                0x00000594                __aeabi_idiv0
                0x00000594                __aeabi_ldiv0
 .text          0x00000598       0x7c c:/freescale/cw mcu v10.6/cross_tools/arm-none-eabi-gcc-4_7_3/bin/../lib/gcc/arm-none-eabi/4.7.3/armv6-m\libgcc.a(_arm_cmpdf2.o)
                0x00000598                __aeabi_cdrcmple
                0x000005a8                __aeabi_cdcmple
                0x000005a8                __aeabi_cdcmpeq
                0x000005b8                __aeabi_dcmpeq
                0x000005c4                __aeabi_dcmplt
                0x000005d8                __aeabi_dcmple
                0x000005ec                __aeabi_dcmpgt
                0x00000600                __aeabi_dcmpge
 .text          0x00000614      0x758 c:/freescale/cw mcu v10.6/cross_tools/arm-none-eabi-gcc-4_7_3/bin/../lib/gcc/arm-none-eabi/4.7.3/armv6-m\libgcc.a(adddf3.o)
                0x00000614                __aeabi_dadd
 .text          0x00000d6c      0x5b8 c:/freescale/cw mcu v10.6/cross_tools/arm-none-eabi-gcc-4_7_3/bin/../lib/gcc/arm-none-eabi/4.7.3/armv6-m\libgcc.a(divdf3.o)
                0x00000d6c                __aeabi_ddiv
 .text          0x00001324       0x7c c:/freescale/cw mcu v10.6/cross_tools/arm-none-eabi-gcc-4_7_3/bin/../lib/gcc/arm-none-eabi/4.7.3/armv6-m\libgcc.a(eqdf2.o)
                0x00001324                __nedf2
                0x00001324                __eqdf2
 .text          0x000013a0       0xe8 c:/freescale/cw mcu v10.6/cross_tools/arm-none-eabi-gcc-4_7_3/bin/../lib/gcc/arm-none-eabi/4.7.3/armv6-m\libgcc.a(gedf2.o)
                0x000013a0                __gedf2
                0x000013a0                __gtdf2
 .text          0x00001488       0xd8 c:/freescale/cw mcu v10.6/cross_tools/arm-none-eabi-gcc-4_7_3/bin/../lib/gcc/arm-none-eabi/4.7.3/armv6-m\libgcc.a(ledf2.o)
                0x00001488                __ledf2
                0x00001488                __ltdf2
 .text          0x00001560      0x4e4 c:/freescale/cw mcu v10.6/cross_tools/arm-none-eabi-gcc-4_7_3/bin/../lib/gcc/arm-none-eabi/4.7.3/armv6-m\libgcc.a(muldf3.o)
                0x00001560                __aeabi_dmul
 .text          0x00001a44      0x6f8 c:/freescale/cw mcu v10.6/cross_tools/arm-none-eabi-gcc-4_7_3/bin/../lib/gcc/arm-none-eabi/4.7.3/armv6-m\libgcc.a(subdf3.o)
                0x00001a44                __aeabi_dsub
 .text          0x0000213c       0x68 c:/freescale/cw mcu v10.6/cross_tools/arm-none-eabi-gcc-4_7_3/bin/../lib/gcc/arm-none-eabi/4.7.3/armv6-m\libgcc.a(fixdfsi.o)
                0x0000213c                __aeabi_d2iz
 .text          0x000021a4       0x74 c:/freescale/cw mcu v10.6/cross_tools/arm-none-eabi-gcc-4_7_3/bin/../lib/gcc/arm-none-eabi/4.7.3/armv6-m\libgcc.a(floatsidf.o)
                0x000021a4                __aeabi_i2d
 .text          0x00002218       0x3c c:/freescale/cw mcu v10.6/cross_tools/arm-none-eabi-gcc-4_7_3/bin/../lib/gcc/arm-none-eabi/4.7.3/armv6-m\libgcc.a(_clzsi2.o)
                0x00002218                __clzsi2
 *(.text*)
 .text.xTaskCreate
                0x00002254       0x90 ./Generated_Code/tasks.o
                0x00002254                xTaskCreate
 .text.prvInitialiseNewTask
                0x000022e4      0x10c ./Generated_Code/tasks.o
 .text.prvAddNewTaskToReadyList
                0x000023f0       0xc4 ./Generated_Code/tasks.o
 .text.vTaskDelete
                0x000024b4       0xc4 ./Generated_Code/tasks.o
                0x000024b4                vTaskDelete
 .text.vTaskDelay
                0x00002578       0x48 ./Generated_Code/tasks.o
                0x00002578                vTaskDelay
 .text.vTaskSuspend
                0x000025c0       0xb4 ./Generated_Code/tasks.o
                0x000025c0                vTaskSuspend
 .text.vTaskStartScheduler
                0x00002674       0x6c ./Generated_Code/tasks.o
                0x00002674                vTaskStartScheduler
 .text.vTaskSuspendAll
                0x000026e0       0x18 ./Generated_Code/tasks.o
                0x000026e0                vTaskSuspendAll
 .text.xTaskResumeAll
                0x000026f8      0x118 ./Generated_Code/tasks.o
                0x000026f8                xTaskResumeAll
 .text.xTaskIncrementTick
                0x00002810      0x17c ./Generated_Code/tasks.o
                0x00002810                xTaskIncrementTick
 .text.vTaskSwitchContext
                0x0000298c       0xc4 ./Generated_Code/tasks.o
                0x0000298c                vTaskSwitchContext
 .text.vTaskPlaceOnEventList
                0x00002a50       0x38 ./Generated_Code/tasks.o
                0x00002a50                vTaskPlaceOnEventList
 .text.xTaskRemoveFromEventList
                0x00002a88       0xb8 ./Generated_Code/tasks.o
                0x00002a88                xTaskRemoveFromEventList
 .text.vTaskSetTimeOutState
                0x00002b40       0x30 ./Generated_Code/tasks.o
                0x00002b40                vTaskSetTimeOutState
 .text.xTaskCheckForTimeOut
                0x00002b70       0x9c ./Generated_Code/tasks.o
                0x00002b70                xTaskCheckForTimeOut
 .text.vTaskMissedYield
                0x00002c0c       0x14 ./Generated_Code/tasks.o
                0x00002c0c                vTaskMissedYield
 .text.prvIdleTask
                0x00002c20       0x24 ./Generated_Code/tasks.o
 .text.prvInitialiseTaskLists
                0x00002c44       0x88 ./Generated_Code/tasks.o
 .text.prvCheckTasksWaitingTermination
                0x00002ccc       0x74 ./Generated_Code/tasks.o
 .text.prvDeleteTCB
                0x00002d40       0x20 ./Generated_Code/tasks.o
 .text.prvResetNextTaskUnblockTime
                0x00002d60       0x44 ./Generated_Code/tasks.o
 .text.xTaskGetCurrentTaskHandle
                0x00002da4       0x1c ./Generated_Code/tasks.o
                0x00002da4                xTaskGetCurrentTaskHandle
 .text.xTaskGetSchedulerState
                0x00002dc0       0x38 ./Generated_Code/tasks.o
                0x00002dc0                xTaskGetSchedulerState
 .text.vTaskPriorityInherit
                0x00002df8       0xbc ./Generated_Code/tasks.o
                0x00002df8                vTaskPriorityInherit
 .text.xTaskPriorityDisinherit
                0x00002eb4       0xb8 ./Generated_Code/tasks.o
                0x00002eb4                xTaskPriorityDisinherit
 .text.pvTaskIncrementMutexHeldCount
                0x00002f6c       0x24 ./Generated_Code/tasks.o
                0x00002f6c                pvTaskIncrementMutexHeldCount
 .text.prvAddCurrentTaskToDelayedList
                0x00002f90       0xa8 ./Generated_Code/tasks.o
 .text.xQueueGenericReset
                0x00003038       0xac ./Generated_Code/queue.o
                0x00003038                xQueueGenericReset
 .text.xQueueGenericCreate
                0x000030e4       0x64 ./Generated_Code/queue.o
                0x000030e4                xQueueGenericCreate
 .text.prvInitialiseNewQueue
                0x00003148       0x44 ./Generated_Code/queue.o
 .text.prvInitialiseMutex
                0x0000318c       0x34 ./Generated_Code/queue.o
 .text.xQueueCreateMutex
                0x000031c0       0x3c ./Generated_Code/queue.o
                0x000031c0                xQueueCreateMutex
 .text.xQueueGiveMutexRecursive
                0x000031fc       0x58 ./Generated_Code/queue.o
                0x000031fc                xQueueGiveMutexRecursive
 .text.xQueueTakeMutexRecursive
                0x00003254       0x64 ./Generated_Code/queue.o
                0x00003254                xQueueTakeMutexRecursive
 .text.xQueueGenericSend
                0x000032b8      0x1a0 ./Generated_Code/queue.o
                0x000032b8                xQueueGenericSend
 .text.xQueueGenericReceive
                0x00003458      0x1e0 ./Generated_Code/queue.o
                0x00003458                xQueueGenericReceive
 .text.vQueueDelete
                0x00003638       0x2c ./Generated_Code/queue.o
                0x00003638                vQueueDelete
 .text.prvCopyDataToQueue
                0x00003664       0xe0 ./Generated_Code/queue.o
 .text.prvCopyDataFromQueue
                0x00003744       0x50 ./Generated_Code/queue.o
 .text.prvUnlockQueue
                0x00003794       0xc0 ./Generated_Code/queue.o
 .text.prvIsQueueEmpty
                0x00003854       0x2c ./Generated_Code/queue.o
 .text.prvIsQueueFull
                0x00003880       0x30 ./Generated_Code/queue.o
 .text.vQueueUnregisterQueue
                0x000038b0       0x50 ./Generated_Code/queue.o
                0x000038b0                vQueueUnregisterQueue
 .text.pxPortInitialiseStack
                0x00003900       0x50 ./Generated_Code/port.o
                0x00003900                pxPortInitialiseStack
 .text.vPortInitTickTimer
                0x00003950       0x44 ./Generated_Code/port.o
                0x00003950                vPortInitTickTimer
 .text.vPortStartTickTimer
                0x00003994       0x14 ./Generated_Code/port.o
                0x00003994                vPortStartTickTimer
 .text.vPortStopTickTimer
                0x000039a8       0x14 ./Generated_Code/port.o
                0x000039a8                vPortStopTickTimer
 .text.xPortStartScheduler
                0x000039bc       0x34 ./Generated_Code/port.o
                0x000039bc                xPortStartScheduler
 .text.vPortEnterCritical
                0x000039f0       0x20 ./Generated_Code/port.o
                0x000039f0                vPortEnterCritical
 .text.vPortExitCritical
                0x00003a10       0x20 ./Generated_Code/port.o
                0x00003a10                vPortExitCritical
 .text.vPortYieldFromISR
                0x00003a30       0x1c ./Generated_Code/port.o
                0x00003a30                vPortYieldFromISR
 .text.vPortTickHandler
                0x00003a4c       0x1c ./Generated_Code/port.o
                0x00003a4c                vPortTickHandler
 *fill*         0x00003a68        0x8 00
 .text.vPortStartFirstTask
                0x00003a70       0x50 ./Generated_Code/port.o
                0x00003a70                vPortStartFirstTask
 .text.vPortPendSVHandler
                0x00003ac0       0x44 ./Generated_Code/port.o
                0x00003ac0                vPortPendSVHandler
 .text.vListInitialise
                0x00003b04       0x3c ./Generated_Code/list.o
                0x00003b04                vListInitialise
 .text.vListInitialiseItem
                0x00003b40       0x14 ./Generated_Code/list.o
                0x00003b40                vListInitialiseItem
 .text.vListInsertEnd
                0x00003b54       0x44 ./Generated_Code/list.o
                0x00003b54                vListInsertEnd
 .text.vListInsert
                0x00003b98       0x6c ./Generated_Code/list.o
                0x00003b98                vListInsert
 .text.uxListRemove
                0x00003c04       0x50 ./Generated_Code/list.o
                0x00003c04                uxListRemove
 .text.pvPortMalloc
                0x00003c54      0x160 ./Generated_Code/heap_4.o
                0x00003c54                pvPortMalloc
 .text.vPortFree
                0x00003db4       0x94 ./Generated_Code/heap_4.o
                0x00003db4                vPortFree
 .text.prvHeapInit
                0x00003e48       0xc4 ./Generated_Code/heap_4.o
 .text.prvInsertBlockIntoFreeList
                0x00003f0c       0xac ./Generated_Code/heap_4.o
 .text.WAIT1_Wait10Cycles
                0x00003fb8        0x8 ./Generated_Code/WAIT1.o
                0x00003fb8                WAIT1_Wait10Cycles
 .text.WAIT1_Wait100Cycles
                0x00003fc0       0x24 ./Generated_Code/WAIT1.o
                0x00003fc0                WAIT1_Wait100Cycles
 .text.WAIT1_WaitCycles
                0x00003fe4       0x44 ./Generated_Code/WAIT1.o
                0x00003fe4                WAIT1_WaitCycles
 .text.WAIT1_WaitLongCycles
                0x00004028       0x3c ./Generated_Code/WAIT1.o
                0x00004028                WAIT1_WaitLongCycles
 .text.WAIT1_Waitms
                0x00004064       0x38 ./Generated_Code/WAIT1.o
                0x00004064                WAIT1_Waitms
 .text.UTIL1_strcpy
                0x0000409c       0x48 ./Generated_Code/UTIL1.o
                0x0000409c                UTIL1_strcpy
 .text.UTIL1_Num16sToStr
                0x000040e4      0x1b8 ./Generated_Code/UTIL1.o
                0x000040e4                UTIL1_Num16sToStr
 .text.TofCE3_Init
                0x0000429c       0x64 ./Generated_Code/TofCE3.o
                0x0000429c                TofCE3_Init
 .text.TofCE3_SetInput
                0x00004300       0x24 ./Generated_Code/TofCE3.o
                0x00004300                TofCE3_SetInput
 .text.TofCE3_SetOutput
                0x00004324       0x20 ./Generated_Code/TofCE3.o
                0x00004324                TofCE3_SetOutput
 .text.TofCE3_ClrVal
                0x00004344       0x1c ./Generated_Code/TofCE3.o
                0x00004344                TofCE3_ClrVal
 .text.TofCE2_Init
                0x00004360       0x64 ./Generated_Code/TofCE2.o
                0x00004360                TofCE2_Init
 .text.TofCE2_SetInput
                0x000043c4       0x24 ./Generated_Code/TofCE2.o
                0x000043c4                TofCE2_SetInput
 .text.TofCE2_SetOutput
                0x000043e8       0x20 ./Generated_Code/TofCE2.o
                0x000043e8                TofCE2_SetOutput
 .text.TofCE2_ClrVal
                0x00004408       0x1c ./Generated_Code/TofCE2.o
                0x00004408                TofCE2_ClrVal
 .text.TofCE1_Init
                0x00004424       0x64 ./Generated_Code/TofCE1.o
                0x00004424                TofCE1_Init
 .text.TofCE1_SetInput
                0x00004488       0x24 ./Generated_Code/TofCE1.o
                0x00004488                TofCE1_SetInput
 .text.TofCE1_SetOutput
                0x000044ac       0x20 ./Generated_Code/TofCE1.o
                0x000044ac                TofCE1_SetOutput
 .text.TofCE1_ClrVal
                0x000044cc       0x1c ./Generated_Code/TofCE1.o
                0x000044cc                TofCE1_ClrVal
 .text.TU2_Init
                0x000044e8       0xf8 ./Generated_Code/TU2.o
                0x000044e8                TU2_Init
 .text.TU1_Init
                0x000045e0       0xe0 ./Generated_Code/TU1.o
                0x000045e0                TU1_Init
 .text.TU1_GetPeriodTicks
                0x000046c0       0x3c ./Generated_Code/TU1.o
                0x000046c0                TU1_GetPeriodTicks
 .text.TU1_SetOffsetTicks
                0x000046fc       0x58 ./Generated_Code/TU1.o
                0x000046fc                TU1_SetOffsetTicks
 .text.TSK1_CreateTasks
                0x00004754        0xc ./Generated_Code/TSK1.o
                0x00004754                TSK1_CreateTasks
 .text.RED_Init
                0x00004760       0x18 ./Generated_Code/RED.o
                0x00004760                RED_Init
 .text.PwmLdd4_Init
                0x00004778       0x54 ./Generated_Code/PwmLdd4.o
                0x00004778                PwmLdd4_Init
 .text.PwmLdd3_Init
                0x000047cc       0x54 ./Generated_Code/PwmLdd3.o
                0x000047cc                PwmLdd3_Init
 .text.PwmLdd2_Init
                0x00004820       0x54 ./Generated_Code/PwmLdd2.o
                0x00004820                PwmLdd2_Init
 .text.PwmLdd2_SetRatio16
                0x00004874       0x2c ./Generated_Code/PwmLdd2.o
                0x00004874                PwmLdd2_SetRatio16
 .text.SetRatio
                0x000048a0       0x68 ./Generated_Code/PwmLdd2.o
 .text.PwmLdd1_Init
                0x00004908       0x54 ./Generated_Code/PwmLdd1.o
                0x00004908                PwmLdd1_Init
 .text.PwmLdd1_SetRatio16
                0x0000495c       0x2c ./Generated_Code/PwmLdd1.o
                0x0000495c                PwmLdd1_SetRatio16
 .text.SetRatio
                0x00004988       0x68 ./Generated_Code/PwmLdd1.o
 .text.LED_GREEN_Init
                0x000049f0       0x18 ./Generated_Code/LED_GREEN.o
                0x000049f0                LED_GREEN_Init
 .text.GI2C1_RequestBus
                0x00004a08       0x1c ./Generated_Code/GI2C1.o
                0x00004a08                GI2C1_RequestBus
 .text.GI2C1_ReleaseBus
                0x00004a24       0x18 ./Generated_Code/GI2C1.o
                0x00004a24                GI2C1_ReleaseBus
 .text.GI2C1_SelectSlave
                0x00004a3c       0x40 ./Generated_Code/GI2C1.o
                0x00004a3c                GI2C1_SelectSlave
 .text.GI2C1_UnselectSlave
                0x00004a7c       0x10 ./Generated_Code/GI2C1.o
                0x00004a7c                GI2C1_UnselectSlave
 .text.GI2C1_ReadAddress
                0x00004a8c       0xd8 ./Generated_Code/GI2C1.o
                0x00004a8c                GI2C1_ReadAddress
 .text.GI2C1_WriteAddress
                0x00004b64      0x140 ./Generated_Code/GI2C1.o
                0x00004b64                GI2C1_WriteAddress
 .text.CI2C1_OnMasterBlockSent
                0x00004ca4       0x24 ./Generated_Code/GI2C1.o
                0x00004ca4                CI2C1_OnMasterBlockSent
 .text.CI2C1_OnMasterBlockReceived
                0x00004cc8       0x24 ./Generated_Code/GI2C1.o
                0x00004cc8                CI2C1_OnMasterBlockReceived
 .text.GI2C1_Init
                0x00004cec       0x40 ./Generated_Code/GI2C1.o
                0x00004cec                GI2C1_Init
 .text.GI2C1_Deinit
                0x00004d2c       0x24 ./Generated_Code/GI2C1.o
                0x00004d2c                GI2C1_Deinit
 .text.DIR_RIGHT_Init
                0x00004d50       0x60 ./Generated_Code/DIR_RIGHT.o
                0x00004d50                DIR_RIGHT_Init
 .text.DIR_RIGHT_PutVal
                0x00004db0       0x30 ./Generated_Code/DIR_RIGHT.o
                0x00004db0                DIR_RIGHT_PutVal
 .text.DIR_LEFT_Init
                0x00004de0       0x60 ./Generated_Code/DIR_LEFT.o
                0x00004de0                DIR_LEFT_Init
 .text.DIR_LEFT_PutVal
                0x00004e40       0x30 ./Generated_Code/DIR_LEFT.o
                0x00004e40                DIR_LEFT_PutVal
 .text.Cpu_INT_NMIInterrupt
                0x00004e70        0xc ./Generated_Code/Cpu.o
                0x00004e70                Cpu_INT_NMIInterrupt
 .text.Cpu_INT_Hard_FaultInterrupt
                0x00004e7c        0xc ./Generated_Code/Cpu.o
                0x00004e7c                Cpu_INT_Hard_FaultInterrupt
 .text.Cpu_ivINT_Reserved4
                0x00004e88        0xc ./Generated_Code/Cpu.o
                0x00004e88                Cpu_ivINT_Reserved4
 .text.Cpu_ivINT_Reserved5
                0x00004e94        0xc ./Generated_Code/Cpu.o
                0x00004e94                Cpu_ivINT_Reserved5
 .text.Cpu_ivINT_Reserved6
                0x00004ea0        0xc ./Generated_Code/Cpu.o
                0x00004ea0                Cpu_ivINT_Reserved6
 .text.Cpu_ivINT_Reserved7
                0x00004eac        0xc ./Generated_Code/Cpu.o
                0x00004eac                Cpu_ivINT_Reserved7
 .text.Cpu_ivINT_Reserved8
                0x00004eb8        0xc ./Generated_Code/Cpu.o
                0x00004eb8                Cpu_ivINT_Reserved8
 .text.Cpu_ivINT_Reserved9
                0x00004ec4        0xc ./Generated_Code/Cpu.o
                0x00004ec4                Cpu_ivINT_Reserved9
 .text.Cpu_ivINT_Reserved10
                0x00004ed0        0xc ./Generated_Code/Cpu.o
                0x00004ed0                Cpu_ivINT_Reserved10
 .text.Cpu_ivINT_SVCall
                0x00004edc        0xc ./Generated_Code/Cpu.o
                0x00004edc                Cpu_ivINT_SVCall
 .text.Cpu_ivINT_Reserved12
                0x00004ee8        0xc ./Generated_Code/Cpu.o
                0x00004ee8                Cpu_ivINT_Reserved12
 .text.Cpu_ivINT_Reserved13
                0x00004ef4        0xc ./Generated_Code/Cpu.o
                0x00004ef4                Cpu_ivINT_Reserved13
 .text.Cpu_ivINT_DMA0
                0x00004f00        0xc ./Generated_Code/Cpu.o
                0x00004f00                Cpu_ivINT_DMA0
 .text.Cpu_ivINT_DMA1
                0x00004f0c        0xc ./Generated_Code/Cpu.o
                0x00004f0c                Cpu_ivINT_DMA1
 .text.Cpu_ivINT_DMA2
                0x00004f18        0xc ./Generated_Code/Cpu.o
                0x00004f18                Cpu_ivINT_DMA2
 .text.Cpu_ivINT_DMA3
                0x00004f24        0xc ./Generated_Code/Cpu.o
                0x00004f24                Cpu_ivINT_DMA3
 .text.Cpu_ivINT_Reserved20
                0x00004f30        0xc ./Generated_Code/Cpu.o
                0x00004f30                Cpu_ivINT_Reserved20
 .text.Cpu_ivINT_FTFA
                0x00004f3c        0xc ./Generated_Code/Cpu.o
                0x00004f3c                Cpu_ivINT_FTFA
 .text.Cpu_ivINT_LVD_LVW
                0x00004f48        0xc ./Generated_Code/Cpu.o
                0x00004f48                Cpu_ivINT_LVD_LVW
 .text.Cpu_ivINT_LLW
                0x00004f54        0xc ./Generated_Code/Cpu.o
                0x00004f54                Cpu_ivINT_LLW
 .text.Cpu_ivINT_I2C1
                0x00004f60        0xc ./Generated_Code/Cpu.o
                0x00004f60                Cpu_ivINT_I2C1
 .text.Cpu_ivINT_SPI0
                0x00004f6c        0xc ./Generated_Code/Cpu.o
                0x00004f6c                Cpu_ivINT_SPI0
 .text.Cpu_ivINT_SPI1
                0x00004f78        0xc ./Generated_Code/Cpu.o
                0x00004f78                Cpu_ivINT_SPI1
 .text.Cpu_ivINT_UART1
                0x00004f84        0xc ./Generated_Code/Cpu.o
                0x00004f84                Cpu_ivINT_UART1
 .text.Cpu_ivINT_UART2
                0x00004f90        0xc ./Generated_Code/Cpu.o
                0x00004f90                Cpu_ivINT_UART2
 .text.Cpu_ivINT_CMP0
                0x00004f9c        0xc ./Generated_Code/Cpu.o
                0x00004f9c                Cpu_ivINT_CMP0
 .text.Cpu_ivINT_TPM0
                0x00004fa8        0xc ./Generated_Code/Cpu.o
                0x00004fa8                Cpu_ivINT_TPM0
 .text.Cpu_ivINT_TPM1
                0x00004fb4        0xc ./Generated_Code/Cpu.o
                0x00004fb4                Cpu_ivINT_TPM1
 .text.Cpu_ivINT_TPM2
                0x00004fc0        0xc ./Generated_Code/Cpu.o
                0x00004fc0                Cpu_ivINT_TPM2
 .text.Cpu_ivINT_RTC
                0x00004fcc        0xc ./Generated_Code/Cpu.o
                0x00004fcc                Cpu_ivINT_RTC
 .text.Cpu_ivINT_RTC_Seconds
                0x00004fd8        0xc ./Generated_Code/Cpu.o
                0x00004fd8                Cpu_ivINT_RTC_Seconds
 .text.Cpu_ivINT_PIT
                0x00004fe4        0xc ./Generated_Code/Cpu.o
                0x00004fe4                Cpu_ivINT_PIT
 .text.Cpu_ivINT_Reserved39
                0x00004ff0        0xc ./Generated_Code/Cpu.o
                0x00004ff0                Cpu_ivINT_Reserved39
 .text.Cpu_ivINT_USB0
                0x00004ffc        0xc ./Generated_Code/Cpu.o
                0x00004ffc                Cpu_ivINT_USB0
 .text.Cpu_ivINT_DAC0
                0x00005008        0xc ./Generated_Code/Cpu.o
                0x00005008                Cpu_ivINT_DAC0
 .text.Cpu_ivINT_TSI0
                0x00005014        0xc ./Generated_Code/Cpu.o
                0x00005014                Cpu_ivINT_TSI0
 .text.Cpu_ivINT_MCG
                0x00005020        0xc ./Generated_Code/Cpu.o
                0x00005020                Cpu_ivINT_MCG
 .text.Cpu_ivINT_LPTimer
                0x0000502c        0xc ./Generated_Code/Cpu.o
                0x0000502c                Cpu_ivINT_LPTimer
 .text.Cpu_ivINT_Reserved45
                0x00005038        0xc ./Generated_Code/Cpu.o
                0x00005038                Cpu_ivINT_Reserved45
 .text.Cpu_ivINT_PORTA
                0x00005044        0xc ./Generated_Code/Cpu.o
                0x00005044                Cpu_ivINT_PORTA
 .text.Cpu_ivINT_PORTD
                0x00005050        0xc ./Generated_Code/Cpu.o
                0x00005050                Cpu_ivINT_PORTD
 .text.__init_hardware
                0x0000505c      0x110 ./Generated_Code/Cpu.o
                0x0000505c                __init_hardware
 .text.PE_low_level_init
                0x0000516c      0x12c ./Generated_Code/Cpu.o
                0x0000516c                PE_low_level_init
 .text.CLS1_SendStr
                0x00005298       0x2c ./Generated_Code/CLS1.o
                0x00005298                CLS1_SendStr
 .text.CLS1_SendNum16s
                0x000052c4       0x38 ./Generated_Code/CLS1.o
                0x000052c4                CLS1_SendNum16s
 .text.CLS1_GetStdio
                0x000052fc       0x14 ./Generated_Code/CLS1.o
                0x000052fc                CLS1_GetStdio
 .text.CLS1_ReadChar
                0x00005310       0x30 ./Generated_Code/CLS1.o
                0x00005310                CLS1_ReadChar
 .text.CLS1_SendChar
                0x00005340       0x54 ./Generated_Code/CLS1.o
                0x00005340                CLS1_SendChar
 .text.CLS1_KeyPressed
                0x00005394       0x24 ./Generated_Code/CLS1.o
                0x00005394                CLS1_KeyPressed
 .text.CLS1_Init
                0x000053b8        0x8 ./Generated_Code/CLS1.o
                0x000053b8                CLS1_Init
 .text.CI2C1_Interrupt
                0x000053c0      0x278 ./Generated_Code/CI2C1.o
                0x000053c0                CI2C1_Interrupt
 .text.CI2C1_Init
                0x00005638      0x114 ./Generated_Code/CI2C1.o
                0x00005638                CI2C1_Init
 .text.CI2C1_Deinit
                0x0000574c       0x40 ./Generated_Code/CI2C1.o
                0x0000574c                CI2C1_Deinit
 .text.CI2C1_MasterSendBlock
                0x0000578c      0x19c ./Generated_Code/CI2C1.o
                0x0000578c                CI2C1_MasterSendBlock
 .text.CI2C1_MasterReceiveBlock
                0x00005928      0x19c ./Generated_Code/CI2C1.o
                0x00005928                CI2C1_MasterReceiveBlock
 .text.CI2C1_SelectSlaveDevice
                0x00005ac4      0x100 ./Generated_Code/CI2C1.o
                0x00005ac4                CI2C1_SelectSlaveDevice
 .text.BitIoLdd4_Init
                0x00005bc4       0x68 ./Generated_Code/BitIoLdd4.o
                0x00005bc4                BitIoLdd4_Init
 .text.BitIoLdd4_ClrVal
                0x00005c2c       0x1c ./Generated_Code/BitIoLdd4.o
                0x00005c2c                BitIoLdd4_ClrVal
 .text.BitIoLdd4_SetVal
                0x00005c48       0x1c ./Generated_Code/BitIoLdd4.o
                0x00005c48                BitIoLdd4_SetVal
 .text.BitIoLdd3_Init
                0x00005c64       0x68 ./Generated_Code/BitIoLdd3.o
                0x00005c64                BitIoLdd3_Init
 .text.BitIoLdd3_ClrVal
                0x00005ccc       0x1c ./Generated_Code/BitIoLdd3.o
                0x00005ccc                BitIoLdd3_ClrVal
 .text.BitIoLdd3_SetVal
                0x00005ce8       0x1c ./Generated_Code/BitIoLdd3.o
                0x00005ce8                BitIoLdd3_SetVal
 .text.AdcLdd1_Init
                0x00005d04       0xbc ./Generated_Code/AdcLdd1.o
                0x00005d04                AdcLdd1_Init
 .text.AdcLdd1_GetMeasuredValues
                0x00005dc0       0x60 ./Generated_Code/AdcLdd1.o
                0x00005dc0                AdcLdd1_GetMeasuredValues
 .text.AdcLdd1_GetCalibrationResultStatus
                0x00005e20       0xb8 ./Generated_Code/AdcLdd1.o
                0x00005e20                AdcLdd1_GetCalibrationResultStatus
 .text.AdcLdd1_MeasurementCompleteInterrupt
                0x00005ed8       0x30 ./Generated_Code/AdcLdd1.o
                0x00005ed8                AdcLdd1_MeasurementCompleteInterrupt
 .text.ASerialLdd1_Init
                0x00005f08      0x1c4 ./Generated_Code/ASerialLdd1.o
                0x00005f08                ASerialLdd1_Init
 .text.ASerialLdd1_ReceiveBlock
                0x000060cc       0x98 ./Generated_Code/ASerialLdd1.o
                0x000060cc                ASerialLdd1_ReceiveBlock
 .text.ASerialLdd1_SendBlock
                0x00006164       0xc4 ./Generated_Code/ASerialLdd1.o
                0x00006164                ASerialLdd1_SendBlock
 .text.InterruptRx
                0x00006228       0x58 ./Generated_Code/ASerialLdd1.o
 .text.InterruptTx
                0x00006280       0x80 ./Generated_Code/ASerialLdd1.o
 .text.ASerialLdd1_Interrupt
                0x00006300       0xfc ./Generated_Code/ASerialLdd1.o
                0x00006300                ASerialLdd1_Interrupt
 .text.ASerialLdd1_GetError
                0x000063fc       0x74 ./Generated_Code/ASerialLdd1.o
                0x000063fc                ASerialLdd1_GetError
 .text.HWEnDi   0x00006470       0x20 ./Generated_Code/AS1.o
 .text.AS1_RecvChar
                0x00006490       0xe8 ./Generated_Code/AS1.o
                0x00006490                AS1_RecvChar
 .text.AS1_SendChar
                0x00006578       0xec ./Generated_Code/AS1.o
                0x00006578                AS1_SendChar
 .text.AS1_GetCharsInRxBuf
                0x00006664       0x14 ./Generated_Code/AS1.o
                0x00006664                AS1_GetCharsInRxBuf
 .text.AS1_Init
                0x00006678       0x64 ./Generated_Code/AS1.o
                0x00006678                AS1_Init
 .text.ASerialLdd1_OnBlockReceived
                0x000066dc       0xc0 ./Generated_Code/AS1.o
                0x000066dc                ASerialLdd1_OnBlockReceived
 .text.ASerialLdd1_OnBlockSent
                0x0000679c       0xe8 ./Generated_Code/AS1.o
                0x0000679c                ASerialLdd1_OnBlockSent
 .text.ASerialLdd1_OnError
                0x00006884       0x94 ./Generated_Code/AS1.o
                0x00006884                ASerialLdd1_OnError
 .text.ASerialLdd1_OnBreak
                0x00006918       0x20 ./Generated_Code/AS1.o
                0x00006918                ASerialLdd1_OnBreak
 .text.AdcLdd1_OnMeasurementComplete
                0x00006938       0x5c ./Generated_Code/AD1.o
                0x00006938                AdcLdd1_OnMeasurementComplete
 .text.AD1_Init
                0x00006994       0x2c ./Generated_Code/AD1.o
                0x00006994                AD1_Init
 .text.zero_fill_bss
                0x000069c0       0x24 ./Project_Settings/Startup_Code/__arm_start.o
 .text.__thumb_startup
                0x000069e4       0x30 ./Project_Settings/Startup_Code/__arm_start.o
                0x000069e4                __thumb_startup
 .text._ExitProcess
                0x00006a14        0xc ./Project_Settings/Startup_Code/__arm_end.o
                0x00006a14                _ExitProcess
 .text.startCommunication
                0x00006a20      0x120 ./Sources/serial_communication.o
                0x00006a20                startCommunication
 .text.taskDone
                0x00006b40       0x20 ./Sources/serial_communication.o
                0x00006b40                taskDone
 .text.refreshTasks
                0x00006b60       0x68 ./Sources/serial_communication.o
                0x00006b60                refreshTasks
 .text.calcPID  0x00006bc8      0x2f8 ./Sources/pid.o
                0x00006bc8                calcPID
 .text.motorIncrementPWMLeft
                0x00006ec0       0x50 ./Sources/motor.o
                0x00006ec0                motorIncrementPWMLeft
 .text.motorIncrementPWMRight
                0x00006f10       0x50 ./Sources/motor.o
                0x00006f10                motorIncrementPWMRight
 .text.motorSetPWMLeft
                0x00006f60       0xb0 ./Sources/motor.o
                0x00006f60                motorSetPWMLeft
 .text.motorSetPWMRight
                0x00007010       0xb0 ./Sources/motor.o
                0x00007010                motorSetPWMRight
 .text.motorsStartup
                0x000070c0      0x124 ./Sources/motor.o
                0x000070c0                motorsStartup
 .text.main     0x000071e4       0x10 ./Sources/main.o
                0x000071e4                main
 .text.Task1Task
                0x000071f4       0x10 ./Sources/frtos_tasks.o
 .text.Task2Task
                0x00007204       0x34 ./Sources/frtos_tasks.o
 .text.Task3Task
                0x00007238       0x30 ./Sources/frtos_tasks.o
 .text.Task4Task
                0x00007268       0x30 ./Sources/frtos_tasks.o
 .text.Task5Task
                0x00007298       0x30 ./Sources/frtos_tasks.o
 .text.Task6Task
                0x000072c8        0xc ./Sources/frtos_tasks.o
 .text.Task7Task
                0x000072d4        0xc ./Sources/frtos_tasks.o
 .text.CreateTasks
                0x000072e0       0x34 ./Sources/frtos_tasks.o
                0x000072e0                CreateTasks
 .text.CreateTask2
                0x00007314       0x44 ./Sources/frtos_tasks.o
                0x00007314                CreateTask2
 .text.CreateTask3
                0x00007358       0x44 ./Sources/frtos_tasks.o
                0x00007358                CreateTask3
 .text.CreateTask4
                0x0000739c       0x44 ./Sources/frtos_tasks.o
                0x0000739c                CreateTask4
 .text.CreateTask5
                0x000073e0       0x44 ./Sources/frtos_tasks.o
                0x000073e0                CreateTask5
 .text.CreateTask6
                0x00007424       0x44 ./Sources/frtos_tasks.o
                0x00007424                CreateTask6
 .text.CreateTask7
                0x00007468       0x44 ./Sources/frtos_tasks.o
                0x00007468                CreateTask7
 .text.driveToStair
                0x000074ac      0x200 ./Sources/driving.o
                0x000074ac                driveToStair
 .text.driveOverStair
                0x000076ac      0x290 ./Sources/driving.o
                0x000076ac                driveOverStair
 .text.driveToTurningPlace
                0x0000793c      0x1bc ./Sources/driving.o
                0x0000793c                driveToTurningPlace
 .text.driveThroughtTurningPlace
                0x00007af8      0x238 ./Sources/driving.o
                0x00007af8                driveThroughtTurningPlace
 .text.initDriving
                0x00007d30       0x98 ./Sources/driving.o
                0x00007d30                initDriving
 .text.VL_OnError
                0x00007dc8       0x14 ./Sources/VL6180X.o
 .text.VL_WriteReg8
                0x00007ddc       0x50 ./Sources/VL6180X.o
                0x00007ddc                VL_WriteReg8
 .text.VL_WriteReg16
                0x00007e2c       0x70 ./Sources/VL6180X.o
                0x00007e2c                VL_WriteReg16
 .text.VL_ReadReg8
                0x00007e9c       0x54 ./Sources/VL6180X.o
                0x00007e9c                VL_ReadReg8
 .text.readRangeContinuous
                0x00007ef0       0xf0 ./Sources/VL6180X.o
 .text.VL_ReadRangeSingle
                0x00007fe0       0x64 ./Sources/VL6180X.o
                0x00007fe0                VL_ReadRangeSingle
 .text.VL_ConfigureDefault
                0x00008044       0x94 ./Sources/VL6180X.o
                0x00008044                VL_ConfigureDefault
 .text.VL_InitDevice
                0x000080d8      0x5ac ./Sources/VL6180X.o
                0x000080d8                VL_InitDevice
 .text.VL_InitAndConfigureDevice
                0x00008684       0x64 ./Sources/VL6180X.o
                0x00008684                VL_InitAndConfigureDevice
 .text.VL_ChipEnable
                0x000086e8       0xc0 ./Sources/VL6180X.o
                0x000086e8                VL_ChipEnable
 .text.VL_SetI2CDeviceAddress
                0x000087a8       0xa8 ./Sources/VL6180X.o
                0x000087a8                VL_SetI2CDeviceAddress
 .text.VL_Init  0x00008850       0xf0 ./Sources/VL6180X.o
                0x00008850                VL_Init
 .text.VL_GetDistance
                0x00008940       0xdc ./Sources/VL6180X.o
                0x00008940                VL_GetDistance
 .text.L3Ginit  0x00008a1c       0x84 ./Sources/L3G.o
                0x00008a1c                L3Ginit
 .text.L3GenableDefault
                0x00008aa0       0x4c ./Sources/L3G.o
                0x00008aa0                L3GenableDefault
 .text.L3GwriteReg
                0x00008aec       0x4c ./Sources/L3G.o
                0x00008aec                L3GwriteReg
 .text.L3GreadReg
                0x00008b38       0x54 ./Sources/L3G.o
                0x00008b38                L3GreadReg
 .text.L3Greadxyz
                0x00008b8c       0xf4 ./Sources/L3G.o
                0x00008b8c                L3Greadxyz
 .text.L3Gread  0x00008c80      0x170 ./Sources/L3G.o
                0x00008c80                L3Gread
 .text.L3GgetDegree
                0x00008df0       0xb8 ./Sources/L3G.o
                0x00008df0                L3GgetDegree
 .text.calculateOffset
                0x00008ea8      0x134 ./Sources/L3G.o
                0x00008ea8                calculateOffset
 .text.cmpfunc  0x00008fdc       0x28 ./Sources/L3G.o
                0x00008fdc                cmpfunc
 .text.refreshMovingOffset
                0x00009004      0x19c ./Sources/L3G.o
                0x00009004                refreshMovingOffset
 .text.L3GSetAngel
                0x000091a0       0x5c ./Sources/L3G.o
                0x000091a0                L3GSetAngel
 .text.Cpu_OnNMIINT
                0x000091fc        0x8 ./Sources/Events.o
                0x000091fc                Cpu_OnNMIINT
 .text.FRTOS1_vApplicationStackOverflowHook
                0x00009204       0x10 ./Sources/Events.o
                0x00009204                FRTOS1_vApplicationStackOverflowHook
 .text.FRTOS1_vApplicationTickHook
                0x00009214        0x8 ./Sources/Events.o
                0x00009214                FRTOS1_vApplicationTickHook
 .text.FRTOS1_vApplicationIdleHook
                0x0000921c        0x8 ./Sources/Events.o
                0x0000921c                FRTOS1_vApplicationIdleHook
 .text.FRTOS1_vApplicationMallocFailedHook
                0x00009224        0x8 ./Sources/Events.o
                0x00009224                FRTOS1_vApplicationMallocFailedHook
 .text.AD1_OnEnd
                0x0000922c        0x8 ./Sources/Events.o
                0x0000922c                AD1_OnEnd
 .text.AD1_OnCalibrationEnd
                0x00009234        0x8 ./Sources/Events.o
                0x00009234                AD1_OnCalibrationEnd
 .text.AS1_OnError
                0x0000923c        0x8 ./Sources/Events.o
                0x0000923c                AS1_OnError
 .text.AS1_OnRxChar
                0x00009244        0x8 ./Sources/Events.o
                0x00009244                AS1_OnRxChar
 .text.AS1_OnTxChar
                0x0000924c        0x8 ./Sources/Events.o
                0x0000924c                AS1_OnTxChar
 .text.AS1_OnFullRxBuf
                0x00009254        0x8 ./Sources/Events.o
                0x00009254                AS1_OnFullRxBuf
 .text.AS1_OnFreeTxBuf
                0x0000925c        0x8 ./Sources/Events.o
                0x0000925c                AS1_OnFreeTxBuf
 .text.Cpu_OnHardFault
                0x00009264        0x8 ./Sources/Events.o
                0x00009264                Cpu_OnHardFault
 .text.exit     0x0000926c       0x38 C:/Freescale/CW MCU v10.6/MCU/ARM_GCC_Support/ewl/lib/armv6-m\libc.a(exit.o)
                0x0000926c                exit
 .text.qsort    0x000092a4       0xb8 C:/Freescale/CW MCU v10.6/MCU/ARM_GCC_Support/ewl/lib/armv6-m\libc.a(qsort.o)
                0x000092a4                qsort
 .text.memcpy   0x0000935c       0x12 C:/Freescale/CW MCU v10.6/MCU/ARM_GCC_Support/ewl/lib/armv6-m\libc.a(memcpy.o)
                0x0000935c                memcpy
 .text.memset   0x0000936e        0xc C:/Freescale/CW MCU v10.6/MCU/ARM_GCC_Support/ewl/lib/armv6-m\libc.a(memset.o)
                0x0000936e                memset
 .text.strchr   0x0000937a       0x1e C:/Freescale/CW MCU v10.6/MCU/ARM_GCC_Support/ewl/lib/armv6-m\libc.a(strchr.o)
                0x0000937a                strchr
 .text.strlen   0x00009398       0x10 C:/Freescale/CW MCU v10.6/MCU/ARM_GCC_Support/ewl/lib/armv6-m\libc.a(strlen.o)
                0x00009398                strlen
 .text.long2str.isra.0
                0x000093a8      0x19c C:/Freescale/CW MCU v10.6/MCU/ARM_GCC_Support/ewl/lib/armv6-m\libc.a(printformat_.o)
 .text.__pformatter_
                0x00009544      0x428 C:/Freescale/CW MCU v10.6/MCU/ARM_GCC_Support/ewl/lib/armv6-m\libc.a(printformat_.o)
                0x00009544                __pformatter_
 .text.__sformatter
                0x0000996c      0x698 C:/Freescale/CW MCU v10.6/MCU/ARM_GCC_Support/ewl/lib/armv6-m\libc.a(scanformat_.o)
                0x0000996c                __sformatter
 .text.isalpha  0x0000a004       0x20 C:/Freescale/CW MCU v10.6/MCU/ARM_GCC_Support/ewl/lib/armv6-m\libc.a(ctype_aeabi.o)
                0x0000a004                isalpha
 .text.isspace  0x0000a024       0x20 C:/Freescale/CW MCU v10.6/MCU/ARM_GCC_Support/ewl/lib/armv6-m\libc.a(ctype_aeabi.o)
                0x0000a024                isspace
 .text.toupper  0x0000a044        0xe C:/Freescale/CW MCU v10.6/MCU/ARM_GCC_Support/ewl/lib/armv6-m\libc.a(ctype_aeabi.o)
                0x0000a044                toupper
 .text.__strtoul
                0x0000a052      0x1ce C:/Freescale/CW MCU v10.6/MCU/ARM_GCC_Support/ewl/lib/armv6-m\libc.a(__strtoul.o)
                0x0000a052                __strtoul
 .text.__fill_mem
                0x0000a220       0x7e C:/Freescale/CW MCU v10.6/MCU/ARM_GCC_Support/ewl/lib/armv6-m\libc.a(__filll_mem.o)
                0x0000a220                __fill_mem
 .text.memchr   0x0000a29e       0x1a C:/Freescale/CW MCU v10.6/MCU/ARM_GCC_Support/ewl/lib/armv6-m\libc.a(memchr.o)
                0x0000a29e                memchr
 .text.cos      0x0000a2b8       0xa8 C:/Freescale/CW MCU v10.6/MCU/ARM_GCC_Support/ewl/lib/armv6-m\libm.a(s_cos.o)
                0x0000a2b8                cos
 .text.__ieee754_rem_pio2
                0x0000a360      0x408 C:/Freescale/CW MCU v10.6/MCU/ARM_GCC_Support/ewl/lib/armv6-m\libm.a(e_rem_pio2.o)
                0x0000a360                __ieee754_rem_pio2
 .text.__kernel_cos
                0x0000a768      0x1e0 C:/Freescale/CW MCU v10.6/MCU/ARM_GCC_Support/ewl/lib/armv6-m\libm.a(k_cos.o)
                0x0000a768                __kernel_cos
 .text.__kernel_rem_pio2
                0x0000a948      0x730 C:/Freescale/CW MCU v10.6/MCU/ARM_GCC_Support/ewl/lib/armv6-m\libm.a(k_rem_pio2.o)
                0x0000a948                __kernel_rem_pio2
 .text.__kernel_sin
                0x0000b078      0x178 C:/Freescale/CW MCU v10.6/MCU/ARM_GCC_Support/ewl/lib/armv6-m\libm.a(k_sin.o)
                0x0000b078                __kernel_sin
 .text.floor    0x0000b1f0      0x118 C:/Freescale/CW MCU v10.6/MCU/ARM_GCC_Support/ewl/lib/armv6-m\libm.a(s_floor.o)
                0x0000b1f0                floor
 .text.scalbn   0x0000b308       0x14 C:/Freescale/CW MCU v10.6/MCU/ARM_GCC_Support/ewl/lib/armv6-m\libm.a(scalbn.o)
                0x0000b308                scalbn
 *fill*         0x0000b31c        0x4 00
 .text.frexp    0x0000b320       0x80 C:/Freescale/CW MCU v10.6/MCU/ARM_GCC_Support/ewl/lib/armv6-m\libm.a(s_frexp.o)
                0x0000b320                frexp
 .text.ldexp    0x0000b3a0      0x148 C:/Freescale/CW MCU v10.6/MCU/ARM_GCC_Support/ewl/lib/armv6-m\libm.a(s_ldexp.o)
                0x0000b3a0                ldexp
 .text.__fpclassifyd
                0x0000b4e8       0x38 C:/Freescale/CW MCU v10.6/MCU/ARM_GCC_Support/ewl/lib/armv6-m\libm.a(math_api.o)
                0x0000b4e8                __fpclassifyd
 .text.__init_cpp
                0x0000b520       0x48 C:/Freescale/CW MCU v10.6/MCU/ARM_GCC_Support/ewl/lib/armv6-m\librt.a(gcc_ctor_dtor.o)
                0x0000b520                __init_cpp
 .text.__fini_cpp
                0x0000b568       0x34 C:/Freescale/CW MCU v10.6/MCU/ARM_GCC_Support/ewl/lib/armv6-m\librt.a(gcc_ctor_dtor.o)
                0x0000b568                __fini_cpp
 .text.__copy_rom_section
                0x0000b59c       0x48 C:/Freescale/CW MCU v10.6/MCU/ARM_GCC_Support/ewl/lib/armv6-m\librt.a(ROMCopy.o)
                0x0000b59c                __copy_rom_section
 .text.__copy_rom_sections_to_ram
                0x0000b5e4       0x34 C:/Freescale/CW MCU v10.6/MCU/ARM_GCC_Support/ewl/lib/armv6-m\librt.a(ROMCopy.o)
                0x0000b5e4                __copy_rom_sections_to_ram
 .text.__destroy_global_chain
                0x0000b618       0x1c C:/Freescale/CW MCU v10.6/MCU/ARM_GCC_Support/ewl/lib/armv6-m\librt.a(__arm_eabi_init.o)
                0x0000b618                __destroy_global_chain
 .text.__init_registers
                0x0000b634       0x1c C:/Freescale/CW MCU v10.6/MCU/ARM_GCC_Support/ewl/lib/armv6-m\librt.a(__arm_eabi_init.o)
                0x0000b634                __init_registers
 .text.__init_user
                0x0000b650        0x4 C:/Freescale/CW MCU v10.6/MCU/ARM_GCC_Support/ewl/lib/armv6-m\librt.a(__arm_eabi_init.o)
                0x0000b650                __init_user
 *(.rodata)
 .rodata        0x0000b654        0x8 ./Generated_Code/tasks.o
 .rodata        0x0000b65c       0x1c ./Generated_Code/UTIL1.o
 .rodata        0x0000b678        0x8 ./Sources/serial_communication.o
 .rodata        0x0000b680       0x38 ./Sources/frtos_tasks.o
 .rodata        0x0000b6b8       0x40 c:/freescale/cw mcu v10.6/cross_tools/arm-none-eabi-gcc-4_7_3/bin/../lib/gcc/arm-none-eabi/4.7.3/armv6-m\libgcc.a(divdf3.o)
 .rodata        0x0000b6f8       0x40 c:/freescale/cw mcu v10.6/cross_tools/arm-none-eabi-gcc-4_7_3/bin/../lib/gcc/arm-none-eabi/4.7.3/armv6-m\libgcc.a(muldf3.o)
 *(.rodata*)
 .rodata.ChannelDevice
                0x0000b738        0x4 ./Generated_Code/TU1.o
 .rodata.ChannelMode
                0x0000b73c        0x4 ./Generated_Code/TU1.o
 .rodata.CLS1_stdio
                0x0000b740       0x10 ./Generated_Code/CLS1.o
                0x0000b740                CLS1_stdio
 .rodata.refreshTasks
                0x0000b750       0x1c ./Sources/serial_communication.o
 .rodata.L3Gread
                0x0000b76c      0x118 ./Sources/L3G.o
 .rodata.L3GgetDegree
                0x0000b884       0x8c ./Sources/L3G.o
 .rodata.L3GSetAngel
                0x0000b910       0x8c ./Sources/L3G.o
 .rodata.str1.1
                0x0000b99c        0x1 C:/Freescale/CW MCU v10.6/MCU/ARM_GCC_Support/ewl/lib/armv6-m\libc.a(printformat_.o)
 .rodata.CSWTCH.20
                0x0000b99d        0x5 C:/Freescale/CW MCU v10.6/MCU/ARM_GCC_Support/ewl/lib/armv6-m\libc.a(printformat_.o)
 .rodata.CSWTCH.21
                0x0000b9a2        0x5 C:/Freescale/CW MCU v10.6/MCU/ARM_GCC_Support/ewl/lib/armv6-m\libc.a(printformat_.o)
 .rodata.__aeabi_ctype_table_C
                0x0000b9a7      0x101 C:/Freescale/CW MCU v10.6/MCU/ARM_GCC_Support/ewl/lib/armv6-m\libc.a(ctype_aeabi.o)
                0x0000b9a7                __aeabi_ctype_table_C
 .rodata.npio2_hw
                0x0000baa8       0x80 C:/Freescale/CW MCU v10.6/MCU/ARM_GCC_Support/ewl/lib/armv6-m\libm.a(e_rem_pio2.o)
 .rodata.two_over_pi
                0x0000bb28      0x108 C:/Freescale/CW MCU v10.6/MCU/ARM_GCC_Support/ewl/lib/armv6-m\libm.a(e_rem_pio2.o)
 .rodata.init_jk
                0x0000bc30       0x10 C:/Freescale/CW MCU v10.6/MCU/ARM_GCC_Support/ewl/lib/armv6-m\libm.a(k_rem_pio2.o)
 .rodata.PIo2   0x0000bc40       0x40 C:/Freescale/CW MCU v10.6/MCU/ARM_GCC_Support/ewl/lib/armv6-m\libm.a(k_rem_pio2.o)
 *(.glue_7)
 .glue_7        0x00000000        0x0 linker stubs
 *(.glue_7t)
 .glue_7t       0x00000000        0x0 linker stubs
 *(.eh_frame)
 *(.init)
 *(.fini)
                0x0000bc80                . = ALIGN (0x4)
                0x0000bc80                _etext = .

.vfp11_veneer   0x0000bc80        0x0
 .vfp11_veneer  0x00000000        0x0 linker stubs

.v4_bx          0x0000bc80        0x0
 .v4_bx         0x00000000        0x0 linker stubs

.iplt           0x0000bc80        0x0
 .iplt          0x00000000        0x0 ./Generated_Code/timers.o

.rel.dyn        0x0000bc80        0x0
 .rel.iplt      0x00000000        0x0 ./Generated_Code/timers.o

.ARM.extab
 *(.ARM.extab* .gnu.linkonce.armextab.*)

.ARM            0x0000bc80        0x0
                0x0000bc80                __exidx_start = .
 *(.ARM.exidx*)
                0x0000bc80                __exidx_end = .

.ctors          0x0000bc80        0x0
                0x0000bc80                __CTOR_LIST__ = .
 *crtbegin.o(.ctors)
 *(EXCLUDE_FILE(*crtend.o) .ctors)
 *(SORT(.ctors.*))
 *(.ctors)
                0x0000bc80                __CTOR_END__ = .

.dtors          0x0000bc80        0x0
                0x0000bc80                __DTOR_LIST__ = .
 *crtbegin.o(.dtors)
 *(EXCLUDE_FILE(*crtend.o) .dtors)
 *(SORT(.dtors.*))
 *(.dtors)
                0x0000bc80                __DTOR_END__ = .

.preinit_array  0x0000bc80        0x0
                0x0000bc80                PROVIDE (__preinit_array_start, .)
 *(.preinit_array*)
                0x0000bc80                PROVIDE (__preinit_array_end, .)

.init_array     0x0000bc80        0x0
                0x0000bc80                PROVIDE (__init_array_start, .)
 *(SORT(.init_array.*))
 *(.init_array*)
                0x0000bc80                PROVIDE (__init_array_end, .)

.fini_array     0x0000bc80        0x0
                0x0000bc80                PROVIDE (__fini_array_start, .)
 *(SORT(.fini_array.*))
 *(.fini_array*)
                0x0000bc80                PROVIDE (__fini_array_end, .)
                0x0000bc80                ___ROM_AT = .

.mtb            0x1ffff000        0x0
                0x1ffff000                . = ALIGN (0x8)
                0x1ffff000                _mtb_start = .
 *(.mtb_buf)
                0x1ffff000                . = ALIGN (0x8)
                0x1ffff000                _mtb_end = .

.data           0x1ffff000       0x14 load address 0x0000bc80
                0x1ffff000                . = ALIGN (0x4)
                0x1ffff000                _sdata = .
 *(.data)
 *(.data*)
 .data.uxCriticalNesting
                0x1ffff000        0x4 ./Generated_Code/port.o
 .data.uxTopUsedPriority
                0x1ffff004        0x4 ./Generated_Code/port.o
                0x1ffff004                uxTopUsedPriority
 .data.xHeapStructSize
                0x1ffff008        0x4 ./Generated_Code/heap_4.o
 .data.CLS1_currStdIO
                0x1ffff00c        0x4 ./Generated_Code/CLS1.o
 .data.scaling  0x1ffff010        0x1 ./Sources/VL6180X.o
 .data.initDevices
                0x1ffff011        0x1 ./Sources/VL6180X.o
                0x1ffff011                initDevices
                0x1ffff014                . = ALIGN (0x4)
 *fill*         0x1ffff012        0x2 00
                0x1ffff014                _edata = .
                0x00000014                ___data_size = (_edata - _sdata)

.igot.plt       0x1ffff014        0x0 load address 0x0000bc94
 .igot.plt      0x00000000        0x0 ./Generated_Code/timers.o
                0x1ffff014                . = ALIGN (0x4)

.bss            0x1ffff014     0x256c load address 0x0000bc94
                0x1ffff014                __START_BSS = .
                0x1ffff014                PROVIDE (__bss_start__, __START_BSS)
 *(.bss)
 *(.bss*)
 .bss.pxCurrentTCB
                0x1ffff014        0x4 ./Generated_Code/tasks.o
                0x1ffff014                pxCurrentTCB
 .bss.pxReadyTasksLists
                0x1ffff018       0x78 ./Generated_Code/tasks.o
 .bss.xDelayedTaskList1
                0x1ffff090       0x14 ./Generated_Code/tasks.o
 .bss.xDelayedTaskList2
                0x1ffff0a4       0x14 ./Generated_Code/tasks.o
 .bss.pxDelayedTaskList
                0x1ffff0b8        0x4 ./Generated_Code/tasks.o
 .bss.pxOverflowDelayedTaskList
                0x1ffff0bc        0x4 ./Generated_Code/tasks.o
 .bss.xPendingReadyList
                0x1ffff0c0       0x14 ./Generated_Code/tasks.o
 .bss.xTasksWaitingTermination
                0x1ffff0d4       0x14 ./Generated_Code/tasks.o
 .bss.uxDeletedTasksWaitingCleanUp
                0x1ffff0e8        0x4 ./Generated_Code/tasks.o
 .bss.xSuspendedTaskList
                0x1ffff0ec       0x14 ./Generated_Code/tasks.o
 .bss.uxCurrentNumberOfTasks
                0x1ffff100        0x4 ./Generated_Code/tasks.o
 .bss.xTickCount
                0x1ffff104        0x4 ./Generated_Code/tasks.o
 .bss.uxTopReadyPriority
                0x1ffff108        0x4 ./Generated_Code/tasks.o
 .bss.xSchedulerRunning
                0x1ffff10c        0x4 ./Generated_Code/tasks.o
 .bss.uxPendedTicks
                0x1ffff110        0x4 ./Generated_Code/tasks.o
 .bss.xYieldPending
                0x1ffff114        0x4 ./Generated_Code/tasks.o
 .bss.xNumOfOverflows
                0x1ffff118        0x4 ./Generated_Code/tasks.o
 .bss.uxTaskNumber
                0x1ffff11c        0x4 ./Generated_Code/tasks.o
 .bss.xNextTaskUnblockTime
                0x1ffff120        0x4 ./Generated_Code/tasks.o
 .bss.xIdleTaskHandle
                0x1ffff124        0x4 ./Generated_Code/tasks.o
 .bss.uxSchedulerSuspended
                0x1ffff128        0x4 ./Generated_Code/tasks.o
 .bss.ucHeap    0x1ffff12c     0x1d4c ./Generated_Code/heap_4.o
 .bss.xStart    0x20000e78        0x8 ./Generated_Code/heap_4.o
 .bss.pxEnd     0x20000e80        0x4 ./Generated_Code/heap_4.o
 .bss.xFreeBytesRemaining
                0x20000e84        0x4 ./Generated_Code/heap_4.o
 .bss.xMinimumEverFreeBytesRemaining
                0x20000e88        0x4 ./Generated_Code/heap_4.o
 .bss.xBlockAllocatedBit
                0x20000e8c        0x4 ./Generated_Code/heap_4.o
 .bss.DeviceDataPrv__DEFAULT_RTOS_ALLOC
                0x20000e90        0x4 ./Generated_Code/TofCE3.o
 .bss.DeviceDataPrv__DEFAULT_RTOS_ALLOC
                0x20000e94        0x4 ./Generated_Code/TofCE2.o
 .bss.DeviceDataPrv__DEFAULT_RTOS_ALLOC
                0x20000e98        0x4 ./Generated_Code/TofCE1.o
 .bss.DeviceDataPrv__DEFAULT_RTOS_ALLOC
                0x20000e9c        0x8 ./Generated_Code/TU2.o
 .bss.DeviceDataPrv__DEFAULT_RTOS_ALLOC
                0x20000ea4        0x8 ./Generated_Code/TU1.o
 .bss.DeviceDataPrv__DEFAULT_RTOS_ALLOC
                0x20000eac        0xc ./Generated_Code/PwmLdd4.o
 .bss.DeviceDataPrv__DEFAULT_RTOS_ALLOC
                0x20000eb8        0xc ./Generated_Code/PwmLdd3.o
 .bss.DeviceDataPrv__DEFAULT_RTOS_ALLOC
                0x20000ec4        0xc ./Generated_Code/PwmLdd2.o
 .bss.DeviceDataPrv__DEFAULT_RTOS_ALLOC
                0x20000ed0        0xc ./Generated_Code/PwmLdd1.o
 .bss.PE_LDD_DeviceDataList
                0x20000edc       0x40 ./Generated_Code/PE_LDD.o
                0x20000edc                PE_LDD_DeviceDataList
 .bss.GI2C1_deviceData
                0x20000f1c        0x8 ./Generated_Code/GI2C1.o
 .bss.GI2C1_busSem
                0x20000f24        0x4 ./Generated_Code/GI2C1.o
 .bss.writeBuf.6704
                0x20000f28       0x10 ./Generated_Code/GI2C1.o
 .bss.DeviceDataPrv__DEFAULT_RTOS_ALLOC
                0x20000f38        0x4 ./Generated_Code/DIR_RIGHT.o
 .bss.DeviceDataPrv__DEFAULT_RTOS_ALLOC
                0x20000f3c        0x4 ./Generated_Code/DIR_LEFT.o
 .bss.SR_lock   0x20000f40        0x1 ./Generated_Code/Cpu.o
                0x20000f40                SR_lock
 *fill*         0x20000f41        0x3 00
 .bss.DeviceDataPrv__DEFAULT_RTOS_ALLOC
                0x20000f44       0x18 ./Generated_Code/CI2C1.o
 .bss.INT_I2C0__BAREBOARD_RTOS_ISRPARAM
                0x20000f5c        0x4 ./Generated_Code/CI2C1.o
 .bss.DeviceDataPrv__DEFAULT_RTOS_ALLOC
                0x20000f60        0x4 ./Generated_Code/BitIoLdd4.o
 .bss.DeviceDataPrv__DEFAULT_RTOS_ALLOC
                0x20000f64        0x4 ./Generated_Code/BitIoLdd3.o
 .bss.DeviceDataPrv__DEFAULT_RTOS_ALLOC
                0x20000f68        0x8 ./Generated_Code/AdcLdd1.o
 .bss.INT_ADC0__BAREBOARD_RTOS_ISRPARAM
                0x20000f70        0x4 ./Generated_Code/AdcLdd1.o
 .bss.DeviceDataPrv__DEFAULT_RTOS_ALLOC
                0x20000f74       0x20 ./Generated_Code/ASerialLdd1.o
 .bss.INT_UART0__BAREBOARD_RTOS_ISRPARAM
                0x20000f94        0x4 ./Generated_Code/ASerialLdd1.o
 .bss.SerFlag   0x20000f98        0x2 ./Generated_Code/AS1.o
 .bss.AS1_InpLen
                0x20000f9a        0x2 ./Generated_Code/AS1.o
 .bss.InpIndexR
                0x20000f9c        0x2 ./Generated_Code/AS1.o
 .bss.InpIndexW
                0x20000f9e        0x2 ./Generated_Code/AS1.o
 .bss.InpBuffer
                0x20000fa0       0x20 ./Generated_Code/AS1.o
 .bss.BufferRead
                0x20000fc0        0x1 ./Generated_Code/AS1.o
 *fill*         0x20000fc1        0x1 00
 .bss.AS1_OutLen
                0x20000fc2        0x2 ./Generated_Code/AS1.o
 .bss.OutIndexR
                0x20000fc4        0x2 ./Generated_Code/AS1.o
 .bss.OutIndexW
                0x20000fc6        0x2 ./Generated_Code/AS1.o
 .bss.OutBuffer
                0x20000fc8       0x40 ./Generated_Code/AS1.o
 .bss.OnFreeTxBufSemaphore
                0x20001008        0x1 ./Generated_Code/AS1.o
 .bss.ModeFlg   0x20001009        0x1 ./Generated_Code/AD1.o
 .bss.OutFlg    0x2000100a        0x1 ./Generated_Code/AD1.o
 *fill*         0x2000100b        0x1 00
 .bss.argv      0x2000100c        0x4 ./Project_Settings/Startup_Code/__arm_start.o
 .bss.pwmLeft   0x20001010        0x2 ./Sources/motor.o
 .bss.pwmRight  0x20001012        0x2 ./Sources/motor.o
 .bss.ToFDevice
                0x20001014        0xc ./Sources/VL6180X.o
 .bss.__stdio_exit
                0x20001020        0x4 C:/Freescale/CW MCU v10.6/MCU/ARM_GCC_Support/ewl/lib/armv6-m\libc.a(exit.o)
                0x20001020                __stdio_exit
 .bss.__console_exit
                0x20001024        0x4 C:/Freescale/CW MCU v10.6/MCU/ARM_GCC_Support/ewl/lib/armv6-m\libc.a(exit.o)
                0x20001024                __console_exit
 .bss.__S_romp  0x20001028        0xc C:/Freescale/CW MCU v10.6/MCU/ARM_GCC_Support/ewl/lib/armv6-m\librt.a(ROMCopy.o)
 .bss.__global_destructor_chain
                0x20001034        0x4 C:/Freescale/CW MCU v10.6/MCU/ARM_GCC_Support/ewl/lib/armv6-m\librt.a(__arm_eabi_init.o)
                0x20001034                __global_destructor_chain
 *(COMMON)
 COMMON         0x20001038       0x28 ./Generated_Code/queue.o
                0x20001038                xQueueRegistry
 COMMON         0x20001060        0x1 ./Generated_Code/Cpu.o
                0x20001060                SR_reg
 *fill*         0x20001061        0x3 00
 COMMON         0x20001064        0x4 ./Generated_Code/AS1.o
                0x20001064                ASerialLdd1_DeviceDataPtr
 COMMON         0x20001068        0x8 ./Generated_Code/AD1.o
                0x20001068                AD1_OutV
                0x2000106c                AdcLdd1_DeviceDataPtr
 COMMON         0x20001070        0x2 ./Sources/serial_communication.o
                0x20001070                state
                0x20001071                leftParcour
 *fill*         0x20001072        0x2 00
 COMMON         0x20001074       0x18 ./Sources/pid.o
                0x20001074                pid
 COMMON         0x2000108c        0x6 ./Sources/frtos_tasks.o
                0x2000108c                Task3Started
                0x2000108d                Task2Started
                0x2000108e                Task7Started
                0x2000108f                Task4Started
                0x20001090                Task6Started
                0x20001091                Task5Started
 COMMON         0x20001092        0x7 ./Sources/driving.o
                0x20001092                kpToF
                0x20001093                kiToF
                0x20001094                kdToF
                0x20001095                kpGyro
                0x20001096                kdGyro
                0x20001097                factor
                0x20001098                kiGyro
 *fill*         0x20001099        0x3 00
 COMMON         0x2000109c      0x4e2 ./Sources/L3G.o
                0x2000109c                address
                0x200010a0                vX
                0x20001230                OffsetZ
                0x20001234                vZ
                0x200013c4                OffsetY
                0x200013c8                gyro
                0x200013e8                OffsetX
                0x200013e9                sa0
                0x200013ea                device
                0x200013ec                vY
                0x2000157c                writingPos
                0x20001580                . = ALIGN (0x4)
 *fill*         0x2000157e        0x2 00
                0x20001580                __END_BSS = .
                0x20001580                PROVIDE (__bss_end__, __END_BSS)
                0x0000bc94                _romp_at = (___ROM_AT + SIZEOF (.data))

.romp           0x20001580       0x18 load address 0x0000bc94
                0x0000bc94                __S_romp = _romp_at
                0x20001580        0x4 LONG 0xbc80 ___ROM_AT
                0x20001584        0x4 LONG 0x1ffff000 _sdata
                0x20001588        0x4 LONG 0x14 ___data_size
                0x2000158c        0x4 LONG 0x0
                0x20001590        0x4 LONG 0x0
                0x20001594        0x4 LONG 0x0

._user_heap_stack
                0x20001598      0x400 load address 0x0000bcac
                0x20001598                . = ALIGN (0x4)
                0x20001598                PROVIDE (end, .)
                0x20001598                PROVIDE (_end, .)
                0x20001598                __heap_addr = .
                0x20001598                . = (. + __heap_size)
                0x20001998                . = (. + __stack_size)
 *fill*         0x20001598      0x400 00
                0x20001998                . = ALIGN (0x4)

.ARM.attributes
                0x00000000       0x2f
 *(.ARM.attributes)
 .ARM.attributes
                0x00000000       0x31 ./Generated_Code/tasks.o
 .ARM.attributes
                0x00000031       0x31 ./Generated_Code/queue.o
 .ARM.attributes
                0x00000062       0x31 ./Generated_Code/port.o
 .ARM.attributes
                0x00000093       0x31 ./Generated_Code/list.o
 .ARM.attributes
                0x000000c4       0x31 ./Generated_Code/heap_4.o
 .ARM.attributes
                0x000000f5       0x31 ./Generated_Code/WAIT1.o
 .ARM.attributes
                0x00000126       0x31 ./Generated_Code/Vectors.o
 .ARM.attributes
                0x00000157       0x31 ./Generated_Code/UTIL1.o
 .ARM.attributes
                0x00000188       0x31 ./Generated_Code/TofCE3.o
 .ARM.attributes
                0x000001b9       0x31 ./Generated_Code/TofCE2.o
 .ARM.attributes
                0x000001ea       0x31 ./Generated_Code/TofCE1.o
 .ARM.attributes
                0x0000021b       0x31 ./Generated_Code/TU2.o
 .ARM.attributes
                0x0000024c       0x31 ./Generated_Code/TU1.o
 .ARM.attributes
                0x0000027d       0x31 ./Generated_Code/TSK1.o
 .ARM.attributes
                0x000002ae       0x31 ./Generated_Code/RED.o
 .ARM.attributes
                0x000002df       0x31 ./Generated_Code/PwmLdd4.o
 .ARM.attributes
                0x00000310       0x31 ./Generated_Code/PwmLdd3.o
 .ARM.attributes
                0x00000341       0x31 ./Generated_Code/PwmLdd2.o
 .ARM.attributes
                0x00000372       0x31 ./Generated_Code/PwmLdd1.o
 .ARM.attributes
                0x000003a3       0x31 ./Generated_Code/PE_LDD.o
 .ARM.attributes
                0x000003d4       0x31 ./Generated_Code/LED_GREEN.o
 .ARM.attributes
                0x00000405       0x31 ./Generated_Code/GI2C1.o
 .ARM.attributes
                0x00000436       0x31 ./Generated_Code/DIR_RIGHT.o
 .ARM.attributes
                0x00000467       0x31 ./Generated_Code/DIR_LEFT.o
 .ARM.attributes
                0x00000498       0x31 ./Generated_Code/Cpu.o
 .ARM.attributes
                0x000004c9       0x31 ./Generated_Code/CLS1.o
 .ARM.attributes
                0x000004fa       0x31 ./Generated_Code/CI2C1.o
 .ARM.attributes
                0x0000052b       0x31 ./Generated_Code/BitIoLdd4.o
 .ARM.attributes
                0x0000055c       0x31 ./Generated_Code/BitIoLdd3.o
 .ARM.attributes
                0x0000058d       0x31 ./Generated_Code/AdcLdd1.o
 .ARM.attributes
                0x000005be       0x31 ./Generated_Code/ASerialLdd1.o
 .ARM.attributes
                0x000005ef       0x31 ./Generated_Code/AS1.o
 .ARM.attributes
                0x00000620       0x31 ./Generated_Code/AD1.o
 .ARM.attributes
                0x00000651       0x31 ./Project_Settings/Startup_Code/__arm_start.o
 .ARM.attributes
                0x00000682       0x31 ./Project_Settings/Startup_Code/__arm_end.o
 .ARM.attributes
                0x000006b3       0x31 ./Sources/serial_communication.o
 .ARM.attributes
                0x000006e4       0x31 ./Sources/pid.o
 .ARM.attributes
                0x00000715       0x31 ./Sources/motor.o
 .ARM.attributes
                0x00000746       0x31 ./Sources/main.o
 .ARM.attributes
                0x00000777       0x31 ./Sources/frtos_tasks.o
 .ARM.attributes
                0x000007a8       0x31 ./Sources/driving.o
 .ARM.attributes
                0x000007d9       0x31 ./Sources/VL6180X.o
 .ARM.attributes
                0x0000080a       0x31 ./Sources/L3G.o
 .ARM.attributes
                0x0000083b       0x31 ./Sources/Events.o
 .ARM.attributes
                0x0000086c       0x31 C:/Freescale/CW MCU v10.6/MCU/ARM_GCC_Support/ewl/lib/armv6-m\libc.a(exit.o)
 .ARM.attributes
                0x0000089d       0x31 C:/Freescale/CW MCU v10.6/MCU/ARM_GCC_Support/ewl/lib/armv6-m\libc.a(qsort.o)
 .ARM.attributes
                0x000008ce       0x31 C:/Freescale/CW MCU v10.6/MCU/ARM_GCC_Support/ewl/lib/armv6-m\libc.a(memcpy.o)
 .ARM.attributes
                0x000008ff       0x31 C:/Freescale/CW MCU v10.6/MCU/ARM_GCC_Support/ewl/lib/armv6-m\libc.a(memset.o)
 .ARM.attributes
                0x00000930       0x31 C:/Freescale/CW MCU v10.6/MCU/ARM_GCC_Support/ewl/lib/armv6-m\libc.a(strchr.o)
 .ARM.attributes
                0x00000961       0x31 C:/Freescale/CW MCU v10.6/MCU/ARM_GCC_Support/ewl/lib/armv6-m\libc.a(strlen.o)
 .ARM.attributes
                0x00000992       0x31 C:/Freescale/CW MCU v10.6/MCU/ARM_GCC_Support/ewl/lib/armv6-m\libc.a(printformat_.o)
 .ARM.attributes
                0x000009c3       0x31 C:/Freescale/CW MCU v10.6/MCU/ARM_GCC_Support/ewl/lib/armv6-m\libc.a(scanformat_.o)
 .ARM.attributes
                0x000009f4       0x31 C:/Freescale/CW MCU v10.6/MCU/ARM_GCC_Support/ewl/lib/armv6-m\libc.a(ctype_aeabi.o)
 .ARM.attributes
                0x00000a25       0x31 C:/Freescale/CW MCU v10.6/MCU/ARM_GCC_Support/ewl/lib/armv6-m\libc.a(__strtoul.o)
 .ARM.attributes
                0x00000a56       0x31 C:/Freescale/CW MCU v10.6/MCU/ARM_GCC_Support/ewl/lib/armv6-m\libc.a(__filll_mem.o)
 .ARM.attributes
                0x00000a87       0x31 C:/Freescale/CW MCU v10.6/MCU/ARM_GCC_Support/ewl/lib/armv6-m\libc.a(memchr.o)
 .ARM.attributes
                0x00000ab8       0x31 C:/Freescale/CW MCU v10.6/MCU/ARM_GCC_Support/ewl/lib/armv6-m\libm.a(s_cos.o)
 .ARM.attributes
                0x00000ae9       0x31 C:/Freescale/CW MCU v10.6/MCU/ARM_GCC_Support/ewl/lib/armv6-m\libm.a(e_rem_pio2.o)
 .ARM.attributes
                0x00000b1a       0x31 C:/Freescale/CW MCU v10.6/MCU/ARM_GCC_Support/ewl/lib/armv6-m\libm.a(k_cos.o)
 .ARM.attributes
                0x00000b4b       0x31 C:/Freescale/CW MCU v10.6/MCU/ARM_GCC_Support/ewl/lib/armv6-m\libm.a(k_rem_pio2.o)
 .ARM.attributes
                0x00000b7c       0x31 C:/Freescale/CW MCU v10.6/MCU/ARM_GCC_Support/ewl/lib/armv6-m\libm.a(k_sin.o)
 .ARM.attributes
                0x00000bad       0x31 C:/Freescale/CW MCU v10.6/MCU/ARM_GCC_Support/ewl/lib/armv6-m\libm.a(s_floor.o)
 .ARM.attributes
                0x00000bde       0x31 C:/Freescale/CW MCU v10.6/MCU/ARM_GCC_Support/ewl/lib/armv6-m\libm.a(scalbn.o)
 .ARM.attributes
                0x00000c0f       0x31 C:/Freescale/CW MCU v10.6/MCU/ARM_GCC_Support/ewl/lib/armv6-m\libm.a(s_frexp.o)
 .ARM.attributes
                0x00000c40       0x31 C:/Freescale/CW MCU v10.6/MCU/ARM_GCC_Support/ewl/lib/armv6-m\libm.a(s_ldexp.o)
 .ARM.attributes
                0x00000c71       0x31 C:/Freescale/CW MCU v10.6/MCU/ARM_GCC_Support/ewl/lib/armv6-m\libm.a(math_api.o)
 .ARM.attributes
                0x00000ca2       0x1e c:/freescale/cw mcu v10.6/cross_tools/arm-none-eabi-gcc-4_7_3/bin/../lib/gcc/arm-none-eabi/4.7.3/armv6-m\libgcc.a(_thumb1_case_sqi.o)
 .ARM.attributes
                0x00000cc0       0x1e c:/freescale/cw mcu v10.6/cross_tools/arm-none-eabi-gcc-4_7_3/bin/../lib/gcc/arm-none-eabi/4.7.3/armv6-m\libgcc.a(_thumb1_case_uqi.o)
 .ARM.attributes
                0x00000cde       0x1e c:/freescale/cw mcu v10.6/cross_tools/arm-none-eabi-gcc-4_7_3/bin/../lib/gcc/arm-none-eabi/4.7.3/armv6-m\libgcc.a(_udivsi3.o)
 .ARM.attributes
                0x00000cfc       0x1e c:/freescale/cw mcu v10.6/cross_tools/arm-none-eabi-gcc-4_7_3/bin/../lib/gcc/arm-none-eabi/4.7.3/armv6-m\libgcc.a(_divsi3.o)
 .ARM.attributes
                0x00000d1a       0x1e c:/freescale/cw mcu v10.6/cross_tools/arm-none-eabi-gcc-4_7_3/bin/../lib/gcc/arm-none-eabi/4.7.3/armv6-m\libgcc.a(_dvmd_tls.o)
 .ARM.attributes
                0x00000d38       0x1e c:/freescale/cw mcu v10.6/cross_tools/arm-none-eabi-gcc-4_7_3/bin/../lib/gcc/arm-none-eabi/4.7.3/armv6-m\libgcc.a(_arm_cmpdf2.o)
 .ARM.attributes
                0x00000d56       0x2c c:/freescale/cw mcu v10.6/cross_tools/arm-none-eabi-gcc-4_7_3/bin/../lib/gcc/arm-none-eabi/4.7.3/armv6-m\libgcc.a(adddf3.o)
 .ARM.attributes
                0x00000d82       0x2c c:/freescale/cw mcu v10.6/cross_tools/arm-none-eabi-gcc-4_7_3/bin/../lib/gcc/arm-none-eabi/4.7.3/armv6-m\libgcc.a(divdf3.o)
 .ARM.attributes
                0x00000dae       0x2c c:/freescale/cw mcu v10.6/cross_tools/arm-none-eabi-gcc-4_7_3/bin/../lib/gcc/arm-none-eabi/4.7.3/armv6-m\libgcc.a(eqdf2.o)
 .ARM.attributes
                0x00000dda       0x2c c:/freescale/cw mcu v10.6/cross_tools/arm-none-eabi-gcc-4_7_3/bin/../lib/gcc/arm-none-eabi/4.7.3/armv6-m\libgcc.a(gedf2.o)
 .ARM.attributes
                0x00000e06       0x2c c:/freescale/cw mcu v10.6/cross_tools/arm-none-eabi-gcc-4_7_3/bin/../lib/gcc/arm-none-eabi/4.7.3/armv6-m\libgcc.a(ledf2.o)
 .ARM.attributes
                0x00000e32       0x2c c:/freescale/cw mcu v10.6/cross_tools/arm-none-eabi-gcc-4_7_3/bin/../lib/gcc/arm-none-eabi/4.7.3/armv6-m\libgcc.a(muldf3.o)
 .ARM.attributes
                0x00000e5e       0x2c c:/freescale/cw mcu v10.6/cross_tools/arm-none-eabi-gcc-4_7_3/bin/../lib/gcc/arm-none-eabi/4.7.3/armv6-m\libgcc.a(subdf3.o)
 .ARM.attributes
                0x00000e8a       0x2c c:/freescale/cw mcu v10.6/cross_tools/arm-none-eabi-gcc-4_7_3/bin/../lib/gcc/arm-none-eabi/4.7.3/armv6-m\libgcc.a(fixdfsi.o)
 .ARM.attributes
                0x00000eb6       0x2c c:/freescale/cw mcu v10.6/cross_tools/arm-none-eabi-gcc-4_7_3/bin/../lib/gcc/arm-none-eabi/4.7.3/armv6-m\libgcc.a(floatsidf.o)
 .ARM.attributes
                0x00000ee2       0x1e c:/freescale/cw mcu v10.6/cross_tools/arm-none-eabi-gcc-4_7_3/bin/../lib/gcc/arm-none-eabi/4.7.3/armv6-m\libgcc.a(_clzsi2.o)
 .ARM.attributes
                0x00000f00       0x31 C:/Freescale/CW MCU v10.6/MCU/ARM_GCC_Support/ewl/lib/armv6-m\librt.a(gcc_ctor_dtor.o)
 .ARM.attributes
                0x00000f31       0x31 C:/Freescale/CW MCU v10.6/MCU/ARM_GCC_Support/ewl/lib/armv6-m\librt.a(ROMCopy.o)
 .ARM.attributes
                0x00000f62       0x31 C:/Freescale/CW MCU v10.6/MCU/ARM_GCC_Support/ewl/lib/armv6-m\librt.a(__arm_eabi_init.o)
OUTPUT(FRDM_RTOS_TestCar_V1.2.elf elf32-littlearm)

.debug_info     0x00000000    0x11547
 .debug_info    0x00000000     0x1606 ./Generated_Code/tasks.o
 .debug_info    0x00001606      0xde1 ./Generated_Code/queue.o
 .debug_info    0x000023e7      0x2c8 ./Generated_Code/port.o
 .debug_info    0x000026af      0x2bf ./Generated_Code/list.o
 .debug_info    0x0000296e      0x314 ./Generated_Code/heap_4.o
 .debug_info    0x00002c82      0x13c ./Generated_Code/WAIT1.o
 .debug_info    0x00002dbe      0x10b ./Generated_Code/Vectors.o
 .debug_info    0x00002ec9     0x19c9 ./Generated_Code/UTIL1.o
 .debug_info    0x00004892      0x42d ./Generated_Code/TofCE3.o
 .debug_info    0x00004cbf      0x42d ./Generated_Code/TofCE2.o
 .debug_info    0x000050ec      0x42d ./Generated_Code/TofCE1.o
 .debug_info    0x00005519      0x6fc ./Generated_Code/TU2.o
 .debug_info    0x00005c15      0x6fc ./Generated_Code/TU1.o
 .debug_info    0x00006311       0x92 ./Generated_Code/TSK1.o
 .debug_info    0x000063a3       0xf8 ./Generated_Code/RED.o
 .debug_info    0x0000649b      0x2d3 ./Generated_Code/PwmLdd4.o
 .debug_info    0x0000676e      0x2d3 ./Generated_Code/PwmLdd3.o
 .debug_info    0x00006a41      0x2d3 ./Generated_Code/PwmLdd2.o
 .debug_info    0x00006d14      0x2d3 ./Generated_Code/PwmLdd1.o
 .debug_info    0x00006fe7      0x255 ./Generated_Code/PE_LDD.o
 .debug_info    0x0000723c       0xf8 ./Generated_Code/LED_GREEN.o
 .debug_info    0x00007334      0x644 ./Generated_Code/GI2C1.o
 .debug_info    0x00007978      0x3a0 ./Generated_Code/DIR_RIGHT.o
 .debug_info    0x00007d18      0x3a0 ./Generated_Code/DIR_LEFT.o
 .debug_info    0x000080b8      0xc3c ./Generated_Code/Cpu.o
 .debug_info    0x00008cf4      0xa47 ./Generated_Code/CLS1.o
 .debug_info    0x0000973b      0x89b ./Generated_Code/CI2C1.o
 .debug_info    0x00009fd6      0x392 ./Generated_Code/BitIoLdd4.o
 .debug_info    0x0000a368      0x392 ./Generated_Code/BitIoLdd3.o
 .debug_info    0x0000a6fa      0x970 ./Generated_Code/AdcLdd1.o
 .debug_info    0x0000b06a      0x899 ./Generated_Code/ASerialLdd1.o
 .debug_info    0x0000b903      0x536 ./Generated_Code/AS1.o
 .debug_info    0x0000be39      0x278 ./Generated_Code/AD1.o
 .debug_info    0x0000c0b1      0x12a ./Project_Settings/Startup_Code/__arm_start.o
 .debug_info    0x0000c1db       0x54 ./Project_Settings/Startup_Code/__arm_end.o
 .debug_info    0x0000c22f      0x17c ./Sources/serial_communication.o
 .debug_info    0x0000c3ab      0x1d6 ./Sources/pid.o
 .debug_info    0x0000c581      0x322 ./Sources/motor.o
 .debug_info    0x0000c8a3       0x96 ./Sources/main.o
 .debug_info    0x0000c939      0x2d2 ./Sources/frtos_tasks.o
 .debug_info    0x0000cc0b      0x485 ./Sources/driving.o
 .debug_info    0x0000d090      0x945 ./Sources/VL6180X.o
 .debug_info    0x0000d9d5      0x634 ./Sources/L3G.o
 .debug_info    0x0000e009      0x1c4 ./Sources/Events.o
 .debug_info    0x0000e1cd       0xe8 C:/Freescale/CW MCU v10.6/MCU/ARM_GCC_Support/ewl/lib/armv6-m\libc.a(exit.o)
 .debug_info    0x0000e2b5      0x1fc C:/Freescale/CW MCU v10.6/MCU/ARM_GCC_Support/ewl/lib/armv6-m\libc.a(qsort.o)
 .debug_info    0x0000e4b1      0x10f C:/Freescale/CW MCU v10.6/MCU/ARM_GCC_Support/ewl/lib/armv6-m\libc.a(memcpy.o)
 .debug_info    0x0000e5c0       0xec C:/Freescale/CW MCU v10.6/MCU/ARM_GCC_Support/ewl/lib/armv6-m\libc.a(memset.o)
 .debug_info    0x0000e6ac      0x10b C:/Freescale/CW MCU v10.6/MCU/ARM_GCC_Support/ewl/lib/armv6-m\libc.a(strchr.o)
 .debug_info    0x0000e7b7       0xea C:/Freescale/CW MCU v10.6/MCU/ARM_GCC_Support/ewl/lib/armv6-m\libc.a(strlen.o)
 .debug_info    0x0000e8a1      0x50d C:/Freescale/CW MCU v10.6/MCU/ARM_GCC_Support/ewl/lib/armv6-m\libc.a(printformat_.o)
 .debug_info    0x0000edae      0x568 C:/Freescale/CW MCU v10.6/MCU/ARM_GCC_Support/ewl/lib/armv6-m\libc.a(scanformat_.o)
 .debug_info    0x0000f316      0x313 C:/Freescale/CW MCU v10.6/MCU/ARM_GCC_Support/ewl/lib/armv6-m\libc.a(ctype_aeabi.o)
 .debug_info    0x0000f629      0x1d6 C:/Freescale/CW MCU v10.6/MCU/ARM_GCC_Support/ewl/lib/armv6-m\libc.a(__strtoul.o)
 .debug_info    0x0000f7ff      0x137 C:/Freescale/CW MCU v10.6/MCU/ARM_GCC_Support/ewl/lib/armv6-m\libc.a(__filll_mem.o)
 .debug_info    0x0000f936      0x121 C:/Freescale/CW MCU v10.6/MCU/ARM_GCC_Support/ewl/lib/armv6-m\libc.a(memchr.o)
 .debug_info    0x0000fa57      0x1a0 C:/Freescale/CW MCU v10.6/MCU/ARM_GCC_Support/ewl/lib/armv6-m\libm.a(s_cos.o)
 .debug_info    0x0000fbf7      0x343 C:/Freescale/CW MCU v10.6/MCU/ARM_GCC_Support/ewl/lib/armv6-m\libm.a(e_rem_pio2.o)
 .debug_info    0x0000ff3a      0x22d C:/Freescale/CW MCU v10.6/MCU/ARM_GCC_Support/ewl/lib/armv6-m\libm.a(k_cos.o)
 .debug_info    0x00010167      0x30a C:/Freescale/CW MCU v10.6/MCU/ARM_GCC_Support/ewl/lib/armv6-m\libm.a(k_rem_pio2.o)
 .debug_info    0x00010471      0x222 C:/Freescale/CW MCU v10.6/MCU/ARM_GCC_Support/ewl/lib/armv6-m\libm.a(k_sin.o)
 .debug_info    0x00010693      0x1a9 C:/Freescale/CW MCU v10.6/MCU/ARM_GCC_Support/ewl/lib/armv6-m\libm.a(s_floor.o)
 .debug_info    0x0001083c       0xf9 C:/Freescale/CW MCU v10.6/MCU/ARM_GCC_Support/ewl/lib/armv6-m\libm.a(scalbn.o)
 .debug_info    0x00010935      0x1a1 C:/Freescale/CW MCU v10.6/MCU/ARM_GCC_Support/ewl/lib/armv6-m\libm.a(s_frexp.o)
 .debug_info    0x00010ad6      0x1e2 C:/Freescale/CW MCU v10.6/MCU/ARM_GCC_Support/ewl/lib/armv6-m\libm.a(s_ldexp.o)
 .debug_info    0x00010cb8      0x305 C:/Freescale/CW MCU v10.6/MCU/ARM_GCC_Support/ewl/lib/armv6-m\libm.a(math_api.o)
 .debug_info    0x00010fbd      0x136 C:/Freescale/CW MCU v10.6/MCU/ARM_GCC_Support/ewl/lib/armv6-m\librt.a(gcc_ctor_dtor.o)
 .debug_info    0x000110f3      0x19b C:/Freescale/CW MCU v10.6/MCU/ARM_GCC_Support/ewl/lib/armv6-m\librt.a(ROMCopy.o)
 .debug_info    0x0001128e      0x2b9 C:/Freescale/CW MCU v10.6/MCU/ARM_GCC_Support/ewl/lib/armv6-m\librt.a(__arm_eabi_init.o)

.debug_abbrev   0x00000000     0x45d9
 .debug_abbrev  0x00000000      0x1bf ./Generated_Code/tasks.o
 .debug_abbrev  0x000001bf      0x15f ./Generated_Code/queue.o
 .debug_abbrev  0x0000031e      0x12c ./Generated_Code/port.o
 .debug_abbrev  0x0000044a       0xb6 ./Generated_Code/list.o
 .debug_abbrev  0x00000500      0x168 ./Generated_Code/heap_4.o
 .debug_abbrev  0x00000668       0xa3 ./Generated_Code/WAIT1.o
 .debug_abbrev  0x0000070b       0xa3 ./Generated_Code/Vectors.o
 .debug_abbrev  0x000007ae      0x14f ./Generated_Code/UTIL1.o
 .debug_abbrev  0x000008fd      0x160 ./Generated_Code/TofCE3.o
 .debug_abbrev  0x00000a5d      0x160 ./Generated_Code/TofCE2.o
 .debug_abbrev  0x00000bbd      0x160 ./Generated_Code/TofCE1.o
 .debug_abbrev  0x00000d1d      0x17e ./Generated_Code/TU2.o
 .debug_abbrev  0x00000e9b      0x17e ./Generated_Code/TU1.o
 .debug_abbrev  0x00001019       0x3d ./Generated_Code/TSK1.o
 .debug_abbrev  0x00001056       0xa3 ./Generated_Code/RED.o
 .debug_abbrev  0x000010f9      0x114 ./Generated_Code/PwmLdd4.o
 .debug_abbrev  0x0000120d      0x114 ./Generated_Code/PwmLdd3.o
 .debug_abbrev  0x00001321      0x114 ./Generated_Code/PwmLdd2.o
 .debug_abbrev  0x00001435      0x114 ./Generated_Code/PwmLdd1.o
 .debug_abbrev  0x00001549      0x102 ./Generated_Code/PE_LDD.o
 .debug_abbrev  0x0000164b       0xa3 ./Generated_Code/LED_GREEN.o
 .debug_abbrev  0x000016ee      0x1d1 ./Generated_Code/GI2C1.o
 .debug_abbrev  0x000018bf      0x12b ./Generated_Code/DIR_RIGHT.o
 .debug_abbrev  0x000019ea      0x12b ./Generated_Code/DIR_LEFT.o
 .debug_abbrev  0x00001b15      0x137 ./Generated_Code/Cpu.o
 .debug_abbrev  0x00001c4c      0x1a0 ./Generated_Code/CLS1.o
 .debug_abbrev  0x00001dec      0x179 ./Generated_Code/CI2C1.o
 .debug_abbrev  0x00001f65      0x11c ./Generated_Code/BitIoLdd4.o
 .debug_abbrev  0x00002081      0x11c ./Generated_Code/BitIoLdd3.o
 .debug_abbrev  0x0000219d      0x1a6 ./Generated_Code/AdcLdd1.o
 .debug_abbrev  0x00002343      0x189 ./Generated_Code/ASerialLdd1.o
 .debug_abbrev  0x000024cc      0x16d ./Generated_Code/AS1.o
 .debug_abbrev  0x00002639      0x13c ./Generated_Code/AD1.o
 .debug_abbrev  0x00002775       0x92 ./Project_Settings/Startup_Code/__arm_start.o
 .debug_abbrev  0x00002807       0x4c ./Project_Settings/Startup_Code/__arm_end.o
 .debug_abbrev  0x00002853       0xd2 ./Sources/serial_communication.o
 .debug_abbrev  0x00002925       0xf8 ./Sources/pid.o
 .debug_abbrev  0x00002a1d       0xcc ./Sources/motor.o
 .debug_abbrev  0x00002ae9       0x3f ./Sources/main.o
 .debug_abbrev  0x00002b28       0x9b ./Sources/frtos_tasks.o
 .debug_abbrev  0x00002bc3       0xcc ./Sources/driving.o
 .debug_abbrev  0x00002c8f      0x1af ./Sources/VL6180X.o
 .debug_abbrev  0x00002e3e      0x1d6 ./Sources/L3G.o
 .debug_abbrev  0x00003014       0x95 ./Sources/Events.o
 .debug_abbrev  0x000030a9       0x7a C:/Freescale/CW MCU v10.6/MCU/ARM_GCC_Support/ewl/lib/armv6-m\libc.a(exit.o)
 .debug_abbrev  0x00003123       0xbd C:/Freescale/CW MCU v10.6/MCU/ARM_GCC_Support/ewl/lib/armv6-m\libc.a(qsort.o)
 .debug_abbrev  0x000031e0       0x95 C:/Freescale/CW MCU v10.6/MCU/ARM_GCC_Support/ewl/lib/armv6-m\libc.a(memcpy.o)
 .debug_abbrev  0x00003275       0x62 C:/Freescale/CW MCU v10.6/MCU/ARM_GCC_Support/ewl/lib/armv6-m\libc.a(memset.o)
 .debug_abbrev  0x000032d7       0x7a C:/Freescale/CW MCU v10.6/MCU/ARM_GCC_Support/ewl/lib/armv6-m\libc.a(strchr.o)
 .debug_abbrev  0x00003351       0x7a C:/Freescale/CW MCU v10.6/MCU/ARM_GCC_Support/ewl/lib/armv6-m\libc.a(strlen.o)
 .debug_abbrev  0x000033cb      0x200 C:/Freescale/CW MCU v10.6/MCU/ARM_GCC_Support/ewl/lib/armv6-m\libc.a(printformat_.o)
 .debug_abbrev  0x000035cb      0x1f0 C:/Freescale/CW MCU v10.6/MCU/ARM_GCC_Support/ewl/lib/armv6-m\libc.a(scanformat_.o)
 .debug_abbrev  0x000037bb       0x9e C:/Freescale/CW MCU v10.6/MCU/ARM_GCC_Support/ewl/lib/armv6-m\libc.a(ctype_aeabi.o)
 .debug_abbrev  0x00003859       0xc2 C:/Freescale/CW MCU v10.6/MCU/ARM_GCC_Support/ewl/lib/armv6-m\libc.a(__strtoul.o)
 .debug_abbrev  0x0000391b       0x78 C:/Freescale/CW MCU v10.6/MCU/ARM_GCC_Support/ewl/lib/armv6-m\libc.a(__filll_mem.o)
 .debug_abbrev  0x00003993       0x95 C:/Freescale/CW MCU v10.6/MCU/ARM_GCC_Support/ewl/lib/armv6-m\libc.a(memchr.o)
 .debug_abbrev  0x00003a28       0xd7 C:/Freescale/CW MCU v10.6/MCU/ARM_GCC_Support/ewl/lib/armv6-m\libm.a(s_cos.o)
 .debug_abbrev  0x00003aff       0xfc C:/Freescale/CW MCU v10.6/MCU/ARM_GCC_Support/ewl/lib/armv6-m\libm.a(e_rem_pio2.o)
 .debug_abbrev  0x00003bfb       0xcc C:/Freescale/CW MCU v10.6/MCU/ARM_GCC_Support/ewl/lib/armv6-m\libm.a(k_cos.o)
 .debug_abbrev  0x00003cc7       0xf3 C:/Freescale/CW MCU v10.6/MCU/ARM_GCC_Support/ewl/lib/armv6-m\libm.a(k_rem_pio2.o)
 .debug_abbrev  0x00003dba       0xea C:/Freescale/CW MCU v10.6/MCU/ARM_GCC_Support/ewl/lib/armv6-m\libm.a(k_sin.o)
 .debug_abbrev  0x00003ea4       0xbf C:/Freescale/CW MCU v10.6/MCU/ARM_GCC_Support/ewl/lib/armv6-m\libm.a(s_floor.o)
 .debug_abbrev  0x00003f63       0x86 C:/Freescale/CW MCU v10.6/MCU/ARM_GCC_Support/ewl/lib/armv6-m\libm.a(scalbn.o)
 .debug_abbrev  0x00003fe9       0xce C:/Freescale/CW MCU v10.6/MCU/ARM_GCC_Support/ewl/lib/armv6-m\libm.a(s_frexp.o)
 .debug_abbrev  0x000040b7       0xce C:/Freescale/CW MCU v10.6/MCU/ARM_GCC_Support/ewl/lib/armv6-m\libm.a(s_ldexp.o)
 .debug_abbrev  0x00004185       0xe8 C:/Freescale/CW MCU v10.6/MCU/ARM_GCC_Support/ewl/lib/armv6-m\libm.a(math_api.o)
 .debug_abbrev  0x0000426d       0x99 C:/Freescale/CW MCU v10.6/MCU/ARM_GCC_Support/ewl/lib/armv6-m\librt.a(gcc_ctor_dtor.o)
 .debug_abbrev  0x00004306      0x120 C:/Freescale/CW MCU v10.6/MCU/ARM_GCC_Support/ewl/lib/armv6-m\librt.a(ROMCopy.o)
 .debug_abbrev  0x00004426      0x1b3 C:/Freescale/CW MCU v10.6/MCU/ARM_GCC_Support/ewl/lib/armv6-m\librt.a(__arm_eabi_init.o)

.debug_loc      0x00000000     0x9e5b
 .debug_loc     0x00000000      0xb5d ./Generated_Code/tasks.o
 .debug_loc     0x00000b5d      0x658 ./Generated_Code/queue.o
 .debug_loc     0x000011b5      0x260 ./Generated_Code/port.o
 .debug_loc     0x00001415      0x118 ./Generated_Code/list.o
 .debug_loc     0x0000152d      0x164 ./Generated_Code/heap_4.o
 .debug_loc     0x00001691       0xa8 ./Generated_Code/WAIT1.o
 .debug_loc     0x00001739      0xdc9 ./Generated_Code/UTIL1.o
 .debug_loc     0x00002502      0x1c0 ./Generated_Code/TofCE3.o
 .debug_loc     0x000026c2      0x1c0 ./Generated_Code/TofCE2.o
 .debug_loc     0x00002882      0x1c0 ./Generated_Code/TofCE1.o
 .debug_loc     0x00002a42      0x150 ./Generated_Code/TU2.o
 .debug_loc     0x00002b92      0x150 ./Generated_Code/TU1.o
 .debug_loc     0x00002ce2       0x2c ./Generated_Code/TSK1.o
 .debug_loc     0x00002d0e       0x90 ./Generated_Code/RED.o
 .debug_loc     0x00002d9e      0x118 ./Generated_Code/PwmLdd4.o
 .debug_loc     0x00002eb6      0x118 ./Generated_Code/PwmLdd3.o
 .debug_loc     0x00002fce      0x118 ./Generated_Code/PwmLdd2.o
 .debug_loc     0x000030e6      0x118 ./Generated_Code/PwmLdd1.o
 .debug_loc     0x000031fe       0x9c ./Generated_Code/PE_LDD.o
 .debug_loc     0x0000329a       0x90 ./Generated_Code/LED_GREEN.o
 .debug_loc     0x0000332a      0x370 ./Generated_Code/GI2C1.o
 .debug_loc     0x0000369a      0x118 ./Generated_Code/DIR_RIGHT.o
 .debug_loc     0x000037b2      0x118 ./Generated_Code/DIR_LEFT.o
 .debug_loc     0x000038ca      0x764 ./Generated_Code/Cpu.o
 .debug_loc     0x0000402e      0x680 ./Generated_Code/CLS1.o
 .debug_loc     0x000046ae      0x150 ./Generated_Code/CI2C1.o
 .debug_loc     0x000047fe      0x118 ./Generated_Code/BitIoLdd4.o
 .debug_loc     0x00004916      0x118 ./Generated_Code/BitIoLdd3.o
 .debug_loc     0x00004a2e      0x1f8 ./Generated_Code/AdcLdd1.o
 .debug_loc     0x00004c26      0x194 ./Generated_Code/ASerialLdd1.o
 .debug_loc     0x00004dba      0x2e0 ./Generated_Code/AS1.o
 .debug_loc     0x0000509a      0x170 ./Generated_Code/AD1.o
 .debug_loc     0x0000520a       0x2c ./Project_Settings/Startup_Code/__arm_start.o
 .debug_loc     0x00005236       0x38 ./Project_Settings/Startup_Code/__arm_end.o
 .debug_loc     0x0000526e       0xa8 ./Sources/serial_communication.o
 .debug_loc     0x00005316       0x70 ./Sources/pid.o
 .debug_loc     0x00005386      0x1e0 ./Sources/motor.o
 .debug_loc     0x00005566       0x2c ./Sources/main.o
 .debug_loc     0x00005592      0x310 ./Sources/frtos_tasks.o
 .debug_loc     0x000058a2      0x118 ./Sources/driving.o
 .debug_loc     0x000059ba      0x3b8 ./Sources/VL6180X.o
 .debug_loc     0x00005d72      0x290 ./Sources/L3G.o
 .debug_loc     0x00006002      0x248 ./Sources/Events.o
 .debug_loc     0x0000624a       0x3e C:/Freescale/CW MCU v10.6/MCU/ARM_GCC_Support/ewl/lib/armv6-m\libc.a(exit.o)
 .debug_loc     0x00006288      0x22a C:/Freescale/CW MCU v10.6/MCU/ARM_GCC_Support/ewl/lib/armv6-m\libc.a(qsort.o)
 .debug_loc     0x000064b2       0x59 C:/Freescale/CW MCU v10.6/MCU/ARM_GCC_Support/ewl/lib/armv6-m\libc.a(memcpy.o)
 .debug_loc     0x0000650b       0x6f C:/Freescale/CW MCU v10.6/MCU/ARM_GCC_Support/ewl/lib/armv6-m\libc.a(memset.o)
 .debug_loc     0x0000657a       0xaf C:/Freescale/CW MCU v10.6/MCU/ARM_GCC_Support/ewl/lib/armv6-m\libc.a(strchr.o)
 .debug_loc     0x00006629       0x33 C:/Freescale/CW MCU v10.6/MCU/ARM_GCC_Support/ewl/lib/armv6-m\libc.a(strlen.o)
 .debug_loc     0x0000665c     0x104b C:/Freescale/CW MCU v10.6/MCU/ARM_GCC_Support/ewl/lib/armv6-m\libc.a(printformat_.o)
 .debug_loc     0x000076a7      0x9d8 C:/Freescale/CW MCU v10.6/MCU/ARM_GCC_Support/ewl/lib/armv6-m\libc.a(scanformat_.o)
 .debug_loc     0x0000807f      0x30d C:/Freescale/CW MCU v10.6/MCU/ARM_GCC_Support/ewl/lib/armv6-m\libc.a(ctype_aeabi.o)
 .debug_loc     0x0000838c      0x305 C:/Freescale/CW MCU v10.6/MCU/ARM_GCC_Support/ewl/lib/armv6-m\libc.a(__strtoul.o)
 .debug_loc     0x00008691      0x14a C:/Freescale/CW MCU v10.6/MCU/ARM_GCC_Support/ewl/lib/armv6-m\libc.a(__filll_mem.o)
 .debug_loc     0x000087db       0x77 C:/Freescale/CW MCU v10.6/MCU/ARM_GCC_Support/ewl/lib/armv6-m\libc.a(memchr.o)
 .debug_loc     0x00008852       0xc8 C:/Freescale/CW MCU v10.6/MCU/ARM_GCC_Support/ewl/lib/armv6-m\libm.a(s_cos.o)
 .debug_loc     0x0000891a      0x316 C:/Freescale/CW MCU v10.6/MCU/ARM_GCC_Support/ewl/lib/armv6-m\libm.a(e_rem_pio2.o)
 .debug_loc     0x00008c30      0x10a C:/Freescale/CW MCU v10.6/MCU/ARM_GCC_Support/ewl/lib/armv6-m\libm.a(k_cos.o)
 .debug_loc     0x00008d3a      0x66c C:/Freescale/CW MCU v10.6/MCU/ARM_GCC_Support/ewl/lib/armv6-m\libm.a(k_rem_pio2.o)
 .debug_loc     0x000093a6       0xf4 C:/Freescale/CW MCU v10.6/MCU/ARM_GCC_Support/ewl/lib/armv6-m\libm.a(k_sin.o)
 .debug_loc     0x0000949a      0x143 C:/Freescale/CW MCU v10.6/MCU/ARM_GCC_Support/ewl/lib/armv6-m\libm.a(s_floor.o)
 .debug_loc     0x000095dd       0x6e C:/Freescale/CW MCU v10.6/MCU/ARM_GCC_Support/ewl/lib/armv6-m\libm.a(scalbn.o)
 .debug_loc     0x0000964b       0xc1 C:/Freescale/CW MCU v10.6/MCU/ARM_GCC_Support/ewl/lib/armv6-m\libm.a(s_frexp.o)
 .debug_loc     0x0000970c      0x16b C:/Freescale/CW MCU v10.6/MCU/ARM_GCC_Support/ewl/lib/armv6-m\libm.a(s_ldexp.o)
 .debug_loc     0x00009877      0x2d7 C:/Freescale/CW MCU v10.6/MCU/ARM_GCC_Support/ewl/lib/armv6-m\libm.a(math_api.o)
 .debug_loc     0x00009b4e       0x9d C:/Freescale/CW MCU v10.6/MCU/ARM_GCC_Support/ewl/lib/armv6-m\librt.a(gcc_ctor_dtor.o)
 .debug_loc     0x00009beb       0xd9 C:/Freescale/CW MCU v10.6/MCU/ARM_GCC_Support/ewl/lib/armv6-m\librt.a(ROMCopy.o)
 .debug_loc     0x00009cc4      0x197 C:/Freescale/CW MCU v10.6/MCU/ARM_GCC_Support/ewl/lib/armv6-m\librt.a(__arm_eabi_init.o)

.debug_aranges  0x00000000     0x1730
 .debug_aranges
                0x00000000      0x1c0 ./Generated_Code/tasks.o
 .debug_aranges
                0x000001c0      0x100 ./Generated_Code/queue.o
 .debug_aranges
                0x000002c0       0x90 ./Generated_Code/port.o
 .debug_aranges
                0x00000350       0x40 ./Generated_Code/list.o
 .debug_aranges