Archive member included because of file (symbol)

C:/Freescale/CW MCU v10.6/MCU/ARM_GCC_Support/ewl/lib/armv6-m\libc.a(exit.o)
                              ./Project_Settings/Startup_Code/__arm_start.o (exit)
C:/Freescale/CW MCU v10.6/MCU/ARM_GCC_Support/ewl/lib/armv6-m\libc.a(qsort.o)
                              ./Sources/L3G.o (qsort)
C:/Freescale/CW MCU v10.6/MCU/ARM_GCC_Support/ewl/lib/armv6-m\libc.a(memcpy.o)
                              ./Generated_Code/queue.o (memcpy)
C:/Freescale/CW MCU v10.6/MCU/ARM_GCC_Support/ewl/lib/armv6-m\libc.a(memset.o)
                              ./Generated_Code/tasks.o (memset)
C:/Freescale/CW MCU v10.6/MCU/ARM_GCC_Support/ewl/lib/armv6-m\libc.a(strchr.o)
                              ./Generated_Code/UTIL1.o (strchr)
C:/Freescale/CW MCU v10.6/MCU/ARM_GCC_Support/ewl/lib/armv6-m\libc.a(strcmp.o)
                              ./Generated_Code/CLS1.o (strcmp)
C:/Freescale/CW MCU v10.6/MCU/ARM_GCC_Support/ewl/lib/armv6-m\libc.a(strlen.o)
                              ./Generated_Code/UTIL1.o (strlen)
C:/Freescale/CW MCU v10.6/MCU/ARM_GCC_Support/ewl/lib/armv6-m\libc.a(strncmp.o)
                              ./Generated_Code/UTIL1.o (strncmp)
C:/Freescale/CW MCU v10.6/MCU/ARM_GCC_Support/ewl/lib/armv6-m\libc.a(printformat_.o)
                              (__pformatter_)
C:/Freescale/CW MCU v10.6/MCU/ARM_GCC_Support/ewl/lib/armv6-m\libc.a(scanformat_.o)
                              (__sformatter)
C:/Freescale/CW MCU v10.6/MCU/ARM_GCC_Support/ewl/lib/armv6-m\libc.a(ctype_aeabi.o)
                              C:/Freescale/CW MCU v10.6/MCU/ARM_GCC_Support/ewl/lib/armv6-m\libc.a(scanformat_.o) (isspace)
C:/Freescale/CW MCU v10.6/MCU/ARM_GCC_Support/ewl/lib/armv6-m\libc.a(__strtoul.o)
                              C:/Freescale/CW MCU v10.6/MCU/ARM_GCC_Support/ewl/lib/armv6-m\libc.a(scanformat_.o) (__strtoul)
C:/Freescale/CW MCU v10.6/MCU/ARM_GCC_Support/ewl/lib/armv6-m\libc.a(__filll_mem.o)
                              C:/Freescale/CW MCU v10.6/MCU/ARM_GCC_Support/ewl/lib/armv6-m\libc.a(memset.o) (__fill_mem)
C:/Freescale/CW MCU v10.6/MCU/ARM_GCC_Support/ewl/lib/armv6-m\libc.a(memchr.o)
                              C:/Freescale/CW MCU v10.6/MCU/ARM_GCC_Support/ewl/lib/armv6-m\libc.a(printformat_.o) (memchr)
C:/Freescale/CW MCU v10.6/MCU/ARM_GCC_Support/ewl/lib/armv6-m\libm.a(s_atan.o)
                              ./Sources/L3G.o (atan)
C:/Freescale/CW MCU v10.6/MCU/ARM_GCC_Support/ewl/lib/armv6-m\libm.a(w_sqrt.o)
                              ./Sources/L3G.o (sqrt)
C:/Freescale/CW MCU v10.6/MCU/ARM_GCC_Support/ewl/lib/armv6-m\libm.a(e_sqrt.o)
                              C:/Freescale/CW MCU v10.6/MCU/ARM_GCC_Support/ewl/lib/armv6-m\libm.a(w_sqrt.o) (__ieee754_sqrt)
C:/Freescale/CW MCU v10.6/MCU/ARM_GCC_Support/ewl/lib/armv6-m\libm.a(float.o)
                              C:/Freescale/CW MCU v10.6/MCU/ARM_GCC_Support/ewl/lib/armv6-m\libm.a(e_sqrt.o) (__double_nan)
c:/freescale/cw mcu v10.6/cross_tools/arm-none-eabi-gcc-4_7_3/bin/../lib/gcc/arm-none-eabi/4.7.3/armv6-m\libgcc.a(_thumb1_case_sqi.o)
                              C:/Freescale/CW MCU v10.6/MCU/ARM_GCC_Support/ewl/lib/armv6-m\libc.a(__strtoul.o) (__gnu_thumb1_case_sqi)
c:/freescale/cw mcu v10.6/cross_tools/arm-none-eabi-gcc-4_7_3/bin/../lib/gcc/arm-none-eabi/4.7.3/armv6-m\libgcc.a(_thumb1_case_uqi.o)
                              C:/Freescale/CW MCU v10.6/MCU/ARM_GCC_Support/ewl/lib/armv6-m\libc.a(scanformat_.o) (__gnu_thumb1_case_uqi)
c:/freescale/cw mcu v10.6/cross_tools/arm-none-eabi-gcc-4_7_3/bin/../lib/gcc/arm-none-eabi/4.7.3/armv6-m\libgcc.a(_udivsi3.o)
                              ./Generated_Code/UTIL1.o (__aeabi_uidiv)
c:/freescale/cw mcu v10.6/cross_tools/arm-none-eabi-gcc-4_7_3/bin/../lib/gcc/arm-none-eabi/4.7.3/armv6-m\libgcc.a(_divsi3.o)
                              ./Generated_Code/UTIL1.o (__aeabi_idiv)
c:/freescale/cw mcu v10.6/cross_tools/arm-none-eabi-gcc-4_7_3/bin/../lib/gcc/arm-none-eabi/4.7.3/armv6-m\libgcc.a(_dvmd_tls.o)
                              c:/freescale/cw mcu v10.6/cross_tools/arm-none-eabi-gcc-4_7_3/bin/../lib/gcc/arm-none-eabi/4.7.3/armv6-m\libgcc.a(_udivsi3.o) (__aeabi_idiv0)
c:/freescale/cw mcu v10.6/cross_tools/arm-none-eabi-gcc-4_7_3/bin/../lib/gcc/arm-none-eabi/4.7.3/armv6-m\libgcc.a(_arm_cmpdf2.o)
                              C:/Freescale/CW MCU v10.6/MCU/ARM_GCC_Support/ewl/lib/armv6-m\libm.a(s_atan.o) (__aeabi_dcmpgt)
c:/freescale/cw mcu v10.6/cross_tools/arm-none-eabi-gcc-4_7_3/bin/../lib/gcc/arm-none-eabi/4.7.3/armv6-m\libgcc.a(_arm_cmpsf2.o)
                              ./Generated_Code/UTIL1.o (__aeabi_fcmplt)
c:/freescale/cw mcu v10.6/cross_tools/arm-none-eabi-gcc-4_7_3/bin/../lib/gcc/arm-none-eabi/4.7.3/armv6-m\libgcc.a(_fixunssfsi.o)
                              ./Generated_Code/UTIL1.o (__aeabi_f2uiz)
c:/freescale/cw mcu v10.6/cross_tools/arm-none-eabi-gcc-4_7_3/bin/../lib/gcc/arm-none-eabi/4.7.3/armv6-m\libgcc.a(addsf3.o)
[...]
Memory Configuration

Name             Origin             Length             Attributes
m_interrupts     0x00000000         0x000000c0         xr
m_text           0x00000410         0x0001fbf0         xr
m_data           0x1ffff000         0x00004000         rw
m_cfmprotrom     0x00000400         0x00000010         xr
*default*        0x00000000         0xffffffff

Linker script and memory map

LOAD ./Generated_Code/timers.o
LOAD ./Generated_Code/tasks.o
LOAD ./Generated_Code/queue.o
LOAD ./Generated_Code/portasm.o
LOAD ./Generated_Code/port.o
LOAD ./Generated_Code/list.o
LOAD ./Generated_Code/heap_5.o
LOAD ./Generated_Code/heap_4.o
LOAD ./Generated_Code/heap_3.o
LOAD ./Generated_Code/heap_2.o
LOAD ./Generated_Code/heap_1.o
LOAD ./Generated_Code/event_groups.o
LOAD ./Generated_Code/croutine.o
LOAD ./Generated_Code/Watermark.o
LOAD ./Generated_Code/WAIT1.o
LOAD ./Generated_Code/Vectors.o
LOAD ./Generated_Code/UTIL1.o
LOAD ./Generated_Code/TofCE3.o
LOAD ./Generated_Code/TofCE2.o
LOAD ./Generated_Code/TofCE1.o
LOAD ./Generated_Code/TU2.o
LOAD ./Generated_Code/TU1.o
LOAD ./Generated_Code/TSK1.o
LOAD ./Generated_Code/TMOUT1.o
LOAD ./Generated_Code/Serial1.o
LOAD ./Generated_Code/RED.o
LOAD ./Generated_Code/PwmLdd4.o
LOAD ./Generated_Code/PwmLdd3.o
LOAD ./Generated_Code/PwmLdd2.o
LOAD ./Generated_Code/PwmLdd1.o
LOAD ./Generated_Code/PWM_Servo.o
LOAD ./Generated_Code/PWM_RIGHT.o
LOAD ./Generated_Code/PWM_LEFT.o
LOAD ./Generated_Code/PWM_Gyro.o
LOAD ./Generated_Code/PE_LDD.o
LOAD ./Generated_Code/MMA1.o
LOAD ./Generated_Code/LEDpin4.o
LOAD ./Generated_Code/LEDpin3.o
LOAD ./Generated_Code/LED_GREEN.o
LOAD ./Generated_Code/KSDK1.o
LOAD ./Generated_Code/GI2C2.o
LOAD ./Generated_Code/GI2C1.o
LOAD ./Generated_Code/FRTOS1.o
LOAD ./Generated_Code/DIR_RIGHT1.o
LOAD ./Generated_Code/DIR_RIGHT.o
LOAD ./Generated_Code/DIR_LEFT1.o
LOAD ./Generated_Code/DIR_LEFT.o
LOAD ./Generated_Code/Cpu.o
LOAD ./Generated_Code/CS1.o
LOAD ./Generated_Code/CLS1.o
LOAD ./Generated_Code/CI2C2.o
LOAD ./Generated_Code/CI2C1.o
LOAD ./Generated_Code/BitIoLdd4.o
LOAD ./Generated_Code/BitIoLdd3.o
LOAD ./Generated_Code/BitIoLdd1.o
LOAD ./Generated_Code/BT_EN.o
LOAD ./Generated_Code/BTState1.o
LOAD ./Generated_Code/BT1.o
LOAD ./Generated_Code/ASerialLdd2.o
LOAD ./Generated_Code/ASerialLdd1.o
LOAD ./Generated_Code/AS1.o
LOAD ./Project_Settings/Startup_Code/__arm_start.o
LOAD ./Project_Settings/Startup_Code/__arm_end.o
LOAD ./Sources/serial_communication.o
LOAD ./Sources/sa_mtb.o
LOAD ./Sources/pid.o
LOAD ./Sources/motor.o
LOAD ./Sources/main.o
LOAD ./Sources/frtos_tasks.o
LOAD ./Sources/driving.o
LOAD ./Sources/VL6180X.o
LOAD ./Sources/L3G.o
LOAD ./Sources/Events.o
                0x0000eda4                __pformatter = __pformatter_
                [0x0000f1cc]                __sformatter = __sformatter
START GROUP
LOAD C:/Freescale/CW MCU v10.6/MCU/ARM_GCC_Support/ewl/lib/armv6-m\libc.a
LOAD C:/Freescale/CW MCU v10.6/MCU/ARM_GCC_Support/ewl/lib/armv6-m\libm.a
LOAD c:/freescale/cw mcu v10.6/cross_tools/arm-none-eabi-gcc-4_7_3/bin/../lib/gcc/arm-none-eabi/4.7.3/armv6-m\libgcc.a
LOAD C:/Freescale/CW MCU v10.6/MCU/ARM_GCC_Support/ewl/lib/armv6-m\librt.a
LOAD C:/Freescale/CW MCU v10.6/MCU/ARM_GCC_Support/ewl/lib/armv6-m\libuart.a
END GROUP
                0x20003000                _estack = 0x20003000
                0x20003000                __SP_INIT = _estack
                0x00000000                __heap_size = 0x0
                0x00000400                __stack_size = 0x400

.interrupts     0x00000000       0xc0
                0x00000000                __vector_table = .
                0x00000000                . = ALIGN (0x4)
 *(.vectortable)
 .vectortable   0x00000000       0xc0 ./Generated_Code/Vectors.o
                0x00000000                __vect_table
                0x000000c0                . = ALIGN (0x4)

.cfmprotect     0x00000400       0x10
                0x00000400                . = ALIGN (0x4)
 *(.cfmconfig)
 .cfmconfig     0x00000400       0x10 ./Generated_Code/Cpu.o
                0x00000400                _cfm
                0x00000410                . = ALIGN (0x4)

.text           0x00000410    0x11138
                0x00000410                . = ALIGN (0x4)
 *(.text)
 .text          0x00000410       0x14 c:/freescale/cw mcu v10.6/cross_tools/arm-none-eabi-gcc-4_7_3/bin/../lib/gcc/arm-none-eabi/4.7.3/armv6-m\libgcc.a(_thumb1_case_sqi.o)
                0x00000410                __gnu_thumb1_case_sqi
 .text          0x00000424       0x14 c:/freescale/cw mcu v10.6/cross_tools/arm-none-eabi-gcc-4_7_3/bin/../lib/gcc/arm-none-eabi/4.7.3/armv6-m\libgcc.a(_thumb1_case_uqi.o)
                0x00000424                __gnu_thumb1_case_uqi
 .text          0x00000438       0x9c c:/freescale/cw mcu v10.6/cross_tools/arm-none-eabi-gcc-4_7_3/bin/../lib/gcc/arm-none-eabi/4.7.3/armv6-m\libgcc.a(_udivsi3.o)
                0x00000438                __aeabi_uidiv
                0x00000438                __udivsi3
                0x000004c0                __aeabi_uidivmod
 .text          0x000004d4       0xc0 c:/freescale/cw mcu v10.6/cross_tools/arm-none-eabi-gcc-4_7_3/bin/../lib/gcc/arm-none-eabi/4.7.3/armv6-m\libgcc.a(_divsi3.o)
                0x000004d4                __divsi3
                0x000004d4                __aeabi_idiv
                0x00000580                __aeabi_idivmod
 .text          0x00000594        0x4 c:/freescale/cw mcu v10.6/cross_tools/arm-none-eabi-gcc-4_7_3/bin/../lib/gcc/arm-none-eabi/4.7.3/armv6-m\libgcc.a(_dvmd_tls.o)
                0x00000594                __aeabi_idiv0
                0x00000594                __aeabi_ldiv0
 .text          0x00000598       0x7c c:/freescale/cw mcu v10.6/cross_tools/arm-none-eabi-gcc-4_7_3/bin/../lib/gcc/arm-none-eabi/4.7.3/armv6-m\libgcc.a(_arm_cmpdf2.o)
                0x00000598                __aeabi_cdrcmple
                0x000005a8                __aeabi_cdcmple
                0x000005a8                __aeabi_cdcmpeq
                0x000005b8                __aeabi_dcmpeq
                0x000005c4                __aeabi_dcmplt
                0x000005d8                __aeabi_dcmple
                0x000005ec                __aeabi_dcmpgt
                0x00000600                __aeabi_dcmpge
 .text          0x00000614      0x3a4 c:/freescale/cw mcu v10.6/cross_tools/arm-none-eabi-gcc-4_7_3/bin/../lib/gcc/arm-none-eabi/4.7.3/armv6-m\libgcc.a(addsf3.o)
                0x00000614                __aeabi_fadd
 .text          0x000009b8      0x260 c:/freescale/cw mcu v10.6/cross_tools/arm-none-eabi-gcc-4_7_3/bin/../lib/gcc/arm-none-eabi/4.7.3/armv6-m\libgcc.a(mulsf3.o)
                0x000009b8                __aeabi_fmul
 .text          0x00000c18       0x40 c:/freescale/cw mcu v10.6/cross_tools/arm-none-eabi-gcc-4_7_3/bin/../lib/gcc/arm-none-eabi/4.7.3/armv6-m\libgcc.a(fixsfsi.o)
                0x00000c18                __aeabi_f2iz
 .text          0x00000c58       0xa8 c:/freescale/cw mcu v10.6/cross_tools/arm-none-eabi-gcc-4_7_3/bin/../lib/gcc/arm-none-eabi/4.7.3/armv6-m\libgcc.a(floatsisf.o)
                0x00000c58                __aeabi_i2f
 .text          0x00000d00      0x758 c:/freescale/cw mcu v10.6/cross_tools/arm-none-eabi-gcc-4_7_3/bin/../lib/gcc/arm-none-eabi/4.7.3/armv6-m\libgcc.a(adddf3.o)
                0x00000d00                __aeabi_dadd
 .text          0x00001458      0x5b8 c:/freescale/cw mcu v10.6/cross_tools/arm-none-eabi-gcc-4_7_3/bin/../lib/gcc/arm-none-eabi/4.7.3/armv6-m\libgcc.a(divdf3.o)
                0x00001458                __aeabi_ddiv
 .text          0x00001a10       0x7c c:/freescale/cw mcu v10.6/cross_tools/arm-none-eabi-gcc-4_7_3/bin/../lib/gcc/arm-none-eabi/4.7.3/armv6-m\libgcc.a(eqdf2.o)
                0x00001a10                __nedf2
                0x00001a10                __eqdf2
 .text          0x00001a8c       0xe8 c:/freescale/cw mcu v10.6/cross_tools/arm-none-eabi-gcc-4_7_3/bin/../lib/gcc/arm-none-eabi/4.7.3/armv6-m\libgcc.a(gedf2.o)
                0x00001a8c                __gedf2
                0x00001a8c                __gtdf2
 .text          0x00001b74       0xd8 c:/freescale/cw mcu v10.6/cross_tools/arm-none-eabi-gcc-4_7_3/bin/../lib/gcc/arm-none-eabi/4.7.3/armv6-m\libgcc.a(ledf2.o)
                0x00001b74                __ledf2
                0x00001b74                __ltdf2
 .text          0x00001c4c      0x4e4 c:/freescale/cw mcu v10.6/cross_tools/arm-none-eabi-gcc-4_7_3/bin/../lib/gcc/arm-none-eabi/4.7.3/armv6-m\libgcc.a(muldf3.o)
                0x00001c4c                __aeabi_dmul
 .text          0x00002130      0x6f8 c:/freescale/cw mcu v10.6/cross_tools/arm-none-eabi-gcc-4_7_3/bin/../lib/gcc/arm-none-eabi/4.7.3/armv6-m\libgcc.a(subdf3.o)
                0x00002130                __aeabi_dsub
 .text          0x00002828       0x68 c:/freescale/cw mcu v10.6/cross_tools/arm-none-eabi-gcc-4_7_3/bin/../lib/gcc/arm-none-eabi/4.7.3/armv6-m\libgcc.a(fixdfsi.o)
                0x00002828                __aeabi_d2iz
 .text          0x00002890       0x74 c:/freescale/cw mcu v10.6/cross_tools/arm-none-eabi-gcc-4_7_3/bin/../lib/gcc/arm-none-eabi/4.7.3/armv6-m\libgcc.a(floatsidf.o)
                0x00002890                __aeabi_i2d
 .text          0x00002904       0xa8 c:/freescale/cw mcu v10.6/cross_tools/arm-none-eabi-gcc-4_7_3/bin/../lib/gcc/arm-none-eabi/4.7.3/armv6-m\libgcc.a(extendsfdf2.o)
                0x00002904                __aeabi_f2d
 .text          0x000029ac      0x134 c:/freescale/cw mcu v10.6/cross_tools/arm-none-eabi-gcc-4_7_3/bin/../lib/gcc/arm-none-eabi/4.7.3/armv6-m\libgcc.a(truncdfsf2.o)
                0x000029ac                __aeabi_d2f
 .text          0x00002ae0       0x3c c:/freescale/cw mcu v10.6/cross_tools/arm-none-eabi-gcc-4_7_3/bin/../lib/gcc/arm-none-eabi/4.7.3/armv6-m\libgcc.a(_clzsi2.o)
                0x00002ae0                __clzsi2
 *(.text*)
 .text.xTaskCreate
                0x00002b1c       0x90 ./Generated_Code/tasks.o
                0x00002b1c                xTaskCreate
 .text.prvInitialiseNewTask
                0x00002bac      0x10c ./Generated_Code/tasks.o
 .text.prvAddNewTaskToReadyList
                0x00002cb8       0xc4 ./Generated_Code/tasks.o
 .text.vTaskDelete
                0x00002d7c       0xc4 ./Generated_Code/tasks.o
                0x00002d7c                vTaskDelete
 .text.vTaskDelay
                0x00002e40       0x48 ./Generated_Code/tasks.o
                0x00002e40                vTaskDelay
 .text.vTaskSuspend
                0x00002e88       0xb4 ./Generated_Code/tasks.o
                0x00002e88                vTaskSuspend
 .text.vTaskStartScheduler
                0x00002f3c       0x6c ./Generated_Code/tasks.o
                0x00002f3c                vTaskStartScheduler
 .text.vTaskSuspendAll
                0x00002fa8       0x18 ./Generated_Code/tasks.o
                0x00002fa8                vTaskSuspendAll
 .text.xTaskResumeAll
                0x00002fc0      0x118 ./Generated_Code/tasks.o
                0x00002fc0                xTaskResumeAll
 .text.xTaskGetTickCount
                0x000030d8       0x24 ./Generated_Code/tasks.o
                0x000030d8                xTaskGetTickCount
 .text.xTaskIncrementTick
                0x000030fc      0x17c ./Generated_Code/tasks.o
                0x000030fc                xTaskIncrementTick
 .text.vTaskSwitchContext
                0x00003278       0xc4 ./Generated_Code/tasks.o
                0x00003278                vTaskSwitchContext
 .text.vTaskPlaceOnEventList
                0x0000333c       0x38 ./Generated_Code/tasks.o
                0x0000333c                vTaskPlaceOnEventList
 .text.xTaskRemoveFromEventList
                0x00003374       0xb8 ./Generated_Code/tasks.o
                0x00003374                xTaskRemoveFromEventList
 .text.vTaskSetTimeOutState
                0x0000342c       0x30 ./Generated_Code/tasks.o
                0x0000342c                vTaskSetTimeOutState
 .text.xTaskCheckForTimeOut
                0x0000345c       0x9c ./Generated_Code/tasks.o
                0x0000345c                xTaskCheckForTimeOut
 .text.vTaskMissedYield
                0x000034f8       0x14 ./Generated_Code/tasks.o
                0x000034f8                vTaskMissedYield
 .text.prvIdleTask
                0x0000350c       0x24 ./Generated_Code/tasks.o
 .text.prvInitialiseTaskLists
                0x00003530       0x88 ./Generated_Code/tasks.o
 .text.prvCheckTasksWaitingTermination
                0x000035b8       0x74 ./Generated_Code/tasks.o
 .text.prvDeleteTCB
                0x0000362c       0x20 ./Generated_Code/tasks.o
 .text.prvResetNextTaskUnblockTime
                0x0000364c       0x44 ./Generated_Code/tasks.o
 .text.xTaskGetCurrentTaskHandle
                0x00003690       0x1c ./Generated_Code/tasks.o
                0x00003690                xTaskGetCurrentTaskHandle
 .text.xTaskGetSchedulerState
                0x000036ac       0x38 ./Generated_Code/tasks.o
                0x000036ac                xTaskGetSchedulerState
 .text.vTaskPriorityInherit
                0x000036e4       0xbc ./Generated_Code/tasks.o
                0x000036e4                vTaskPriorityInherit
 .text.xTaskPriorityDisinherit
                0x000037a0       0xb8 ./Generated_Code/tasks.o
                0x000037a0                xTaskPriorityDisinherit
 .text.pvTaskIncrementMutexHeldCount
                0x00003858       0x24 ./Generated_Code/tasks.o
                0x00003858                pvTaskIncrementMutexHeldCount
 .text.prvAddCurrentTaskToDelayedList
                0x0000387c       0xa8 ./Generated_Code/tasks.o
 .text.xQueueGenericReset
                0x00003924       0xac ./Generated_Code/queue.o
                0x00003924                xQueueGenericReset
 .text.xQueueGenericCreate
                0x000039d0       0x64 ./Generated_Code/queue.o
                0x000039d0                xQueueGenericCreate
 .text.prvInitialiseNewQueue
                0x00003a34       0x44 ./Generated_Code/queue.o
 .text.prvInitialiseMutex
                0x00003a78       0x34 ./Generated_Code/queue.o
 .text.xQueueCreateMutex
                0x00003aac       0x3c ./Generated_Code/queue.o
                0x00003aac                xQueueCreateMutex
 .text.xQueueGiveMutexRecursive
                0x00003ae8       0x58 ./Generated_Code/queue.o
                0x00003ae8                xQueueGiveMutexRecursive
 .text.xQueueTakeMutexRecursive
                0x00003b40       0x64 ./Generated_Code/queue.o
                0x00003b40                xQueueTakeMutexRecursive
 .text.xQueueGenericSend
                0x00003ba4      0x1a0 ./Generated_Code/queue.o
                0x00003ba4                xQueueGenericSend
 .text.xQueueGenericReceive
                0x00003d44      0x1e0 ./Generated_Code/queue.o
                0x00003d44                xQueueGenericReceive
 .text.vQueueDelete
                0x00003f24       0x2c ./Generated_Code/queue.o
                0x00003f24                vQueueDelete
 .text.prvCopyDataToQueue
                0x00003f50       0xe0 ./Generated_Code/queue.o
 .text.prvCopyDataFromQueue
                0x00004030       0x50 ./Generated_Code/queue.o
 .text.prvUnlockQueue
                0x00004080       0xc0 ./Generated_Code/queue.o
 .text.prvIsQueueEmpty
                0x00004140       0x2c ./Generated_Code/queue.o
 .text.prvIsQueueFull
                0x0000416c       0x30 ./Generated_Code/queue.o
 .text.vQueueAddToRegistry
                0x0000419c       0x4c ./Generated_Code/queue.o
                0x0000419c                vQueueAddToRegistry
 .text.vQueueUnregisterQueue
                0x000041e8       0x50 ./Generated_Code/queue.o
                0x000041e8                vQueueUnregisterQueue
 .text.pxPortInitialiseStack
                0x00004238       0x50 ./Generated_Code/port.o
                0x00004238                pxPortInitialiseStack
 .text.vPortInitTickTimer
                0x00004288       0x44 ./Generated_Code/port.o
                0x00004288                vPortInitTickTimer
 .text.vPortStartTickTimer
                0x000042cc       0x14 ./Generated_Code/port.o
                0x000042cc                vPortStartTickTimer
 .text.vPortStopTickTimer
                0x000042e0       0x14 ./Generated_Code/port.o
                0x000042e0                vPortStopTickTimer
 .text.xPortStartScheduler
                0x000042f4       0x34 ./Generated_Code/port.o
                0x000042f4                xPortStartScheduler
 .text.vPortEnterCritical
                0x00004328       0x20 ./Generated_Code/port.o
                0x00004328                vPortEnterCritical
 .text.vPortExitCritical
                0x00004348       0x20 ./Generated_Code/port.o
                0x00004348                vPortExitCritical
 .text.vPortYieldFromISR
                0x00004368       0x1c ./Generated_Code/port.o
                0x00004368                vPortYieldFromISR
 .text.vPortTickHandler
                0x00004384       0x1c ./Generated_Code/port.o
                0x00004384                vPortTickHandler
 .text.vPortStartFirstTask
                0x000043a0       0x50 ./Generated_Code/port.o
                0x000043a0                vPortStartFirstTask
 .text.vPortPendSVHandler
                0x000043f0       0x44 ./Generated_Code/port.o
                0x000043f0                vPortPendSVHandler
 .text.vListInitialise
                0x00004434       0x3c ./Generated_Code/list.o
                0x00004434                vListInitialise
 .text.vListInitialiseItem
                0x00004470       0x14 ./Generated_Code/list.o
                0x00004470                vListInitialiseItem
 .text.vListInsertEnd
                0x00004484       0x44 ./Generated_Code/list.o
                0x00004484                vListInsertEnd
 .text.vListInsert
                0x000044c8       0x6c ./Generated_Code/list.o
                0x000044c8                vListInsert
 .text.uxListRemove
                0x00004534       0x50 ./Generated_Code/list.o
                0x00004534                uxListRemove
 .text.pvPortMalloc
                0x00004584      0x160 ./Generated_Code/heap_4.o
                0x00004584                pvPortMalloc
 .text.vPortFree
                0x000046e4       0x94 ./Generated_Code/heap_4.o
                0x000046e4                vPortFree
 .text.prvHeapInit
                0x00004778       0xc4 ./Generated_Code/heap_4.o
 .text.prvInsertBlockIntoFreeList
                0x0000483c       0xac ./Generated_Code/heap_4.o
 .text.Watermark_Init
                0x000048e8       0x58 ./Generated_Code/Watermark.o
                0x000048e8                Watermark_Init
 .text.WAIT1_Wait10Cycles
                0x00004940        0x8 ./Generated_Code/WAIT1.o
                0x00004940                WAIT1_Wait10Cycles
 .text.WAIT1_Wait100Cycles
                0x00004948       0x24 ./Generated_Code/WAIT1.o
                0x00004948                WAIT1_Wait100Cycles
 .text.WAIT1_WaitCycles
                0x0000496c       0x44 ./Generated_Code/WAIT1.o
                0x0000496c                WAIT1_WaitCycles
 .text.WAIT1_WaitLongCycles
                0x000049b0       0x3c ./Generated_Code/WAIT1.o
                0x000049b0                WAIT1_WaitLongCycles
 .text.WAIT1_Waitms
                0x000049ec       0x38 ./Generated_Code/WAIT1.o
                0x000049ec                WAIT1_Waitms
 .text.UTIL1_strcpy
                0x00004a24       0x48 ./Generated_Code/UTIL1.o
                0x00004a24                UTIL1_strcpy
 .text.UTIL1_strcat
                0x00004a6c       0x64 ./Generated_Code/UTIL1.o
                0x00004a6c                UTIL1_strcat
 .text.UTIL1_chcat
                0x00004ad0       0x50 ./Generated_Code/UTIL1.o
                0x00004ad0                UTIL1_chcat
 .text.UTIL1_Num8uToStr
                0x00004b20       0x28 ./Generated_Code/UTIL1.o
                0x00004b20                UTIL1_Num8uToStr
 .text.UTIL1_Num8sToStr
                0x00004b48       0x2c ./Generated_Code/UTIL1.o
                0x00004b48                UTIL1_Num8sToStr
 .text.UTIL1_Num16uToStr
                0x00004b74      0x138 ./Generated_Code/UTIL1.o
                0x00004b74                UTIL1_Num16uToStr
 .text.UTIL1_Num16sToStr
                0x00004cac      0x1b8 ./Generated_Code/UTIL1.o
                0x00004cac                UTIL1_Num16sToStr
 .text.UTIL1_strcatNum32u
                0x00004e64       0x34 ./Generated_Code/UTIL1.o
                0x00004e64                UTIL1_strcatNum32u
 .text.UTIL1_Num32sToStr
                0x00004e98      0x194 ./Generated_Code/UTIL1.o
                0x00004e98                UTIL1_Num32sToStr
 .text.UTIL1_Num32uToStr
                0x0000502c      0x12c ./Generated_Code/UTIL1.o
                0x0000502c                UTIL1_Num32uToStr
 .text.UTIL1_xatoi
                0x00005158      0x1f0 ./Generated_Code/UTIL1.o
                0x00005158                UTIL1_xatoi
 .text.isHexCharacter
                0x00005348       0x4c ./Generated_Code/UTIL1.o
 .text.PreScanHexNumber
                0x00005394       0x54 ./Generated_Code/UTIL1.o
 .text.HexToDec
                0x000053e8       0xb0 ./Generated_Code/UTIL1.o
 .text.UTIL1_ScanHex8uNumber
                0x00005498       0x9c ./Generated_Code/UTIL1.o
                0x00005498                UTIL1_ScanHex8uNumber
 .text.UTIL1_strtailcmp
                0x00005534       0x64 ./Generated_Code/UTIL1.o
                0x00005534                UTIL1_strtailcmp
 .text.TofCE3_Init
                0x00005598       0x64 ./Generated_Code/TofCE3.o
                0x00005598                TofCE3_Init
 .text.TofCE3_SetInput
                0x000055fc       0x24 ./Generated_Code/TofCE3.o
                0x000055fc                TofCE3_SetInput
 .text.TofCE3_SetOutput
                0x00005620       0x20 ./Generated_Code/TofCE3.o
                0x00005620                TofCE3_SetOutput
 .text.TofCE3_ClrVal
                0x00005640       0x1c ./Generated_Code/TofCE3.o
                0x00005640                TofCE3_ClrVal
 .text.TofCE2_Init
                0x0000565c       0x64 ./Generated_Code/TofCE2.o
                0x0000565c                TofCE2_Init
 .text.TofCE2_SetInput
                0x000056c0       0x24 ./Generated_Code/TofCE2.o
                0x000056c0                TofCE2_SetInput
 .text.TofCE2_SetOutput
                0x000056e4       0x20 ./Generated_Code/TofCE2.o
                0x000056e4                TofCE2_SetOutput
 .text.TofCE2_ClrVal
                0x00005704       0x1c ./Generated_Code/TofCE2.o
                0x00005704                TofCE2_ClrVal
 .text.TofCE1_Init
                0x00005720       0x64 ./Generated_Code/TofCE1.o
                0x00005720                TofCE1_Init
 .text.TofCE1_SetInput
                0x00005784       0x24 ./Generated_Code/TofCE1.o
                0x00005784                TofCE1_SetInput
 .text.TofCE1_SetOutput
                0x000057a8       0x20 ./Generated_Code/TofCE1.o
                0x000057a8                TofCE1_SetOutput
 .text.TofCE1_ClrVal
                0x000057c8       0x1c ./Generated_Code/TofCE1.o
                0x000057c8                TofCE1_ClrVal
 .text.TU2_Init
                0x000057e4       0xf8 ./Generated_Code/TU2.o
                0x000057e4                TU2_Init
 .text.TU2_GetPeriodTicks
                0x000058dc       0x3c ./Generated_Code/TU2.o
                0x000058dc                TU2_GetPeriodTicks
 .text.TU2_SetOffsetTicks
                0x00005918       0x58 ./Generated_Code/TU2.o
                0x00005918                TU2_SetOffsetTicks
 .text.TU1_Init
                0x00005970      0x11c ./Generated_Code/TU1.o
                0x00005970                TU1_Init
 .text.TU1_GetPeriodTicks
                0x00005a8c       0x3c ./Generated_Code/TU1.o
                0x00005a8c                TU1_GetPeriodTicks
 .text.TU1_SetOffsetTicks
                0x00005ac8       0x58 ./Generated_Code/TU1.o
                0x00005ac8                TU1_SetOffsetTicks
 .text.TU1_Interrupt
                0x00005b20       0x5c ./Generated_Code/TU1.o
                0x00005b20                TU1_Interrupt
 .text.TSK1_CreateTasks
                0x00005b7c        0xc ./Generated_Code/TSK1.o
                0x00005b7c                TSK1_CreateTasks
 .text.TMOUT1_GetCounter
                0x00005b88       0x90 ./Generated_Code/TMOUT1.o
                0x00005b88                TMOUT1_GetCounter
 .text.TMOUT1_LeaveCounter
                0x00005c18       0x40 ./Generated_Code/TMOUT1.o
                0x00005c18                TMOUT1_LeaveCounter
 .text.TMOUT1_CounterExpired
                0x00005c58       0x44 ./Generated_Code/TMOUT1.o
                0x00005c58                TMOUT1_CounterExpired
 .text.TMOUT1_AddTick
                0x00005c9c       0x50 ./Generated_Code/TMOUT1.o
                0x00005c9c                TMOUT1_AddTick
 .text.TMOUT1_Init
                0x00005cec       0x44 ./Generated_Code/TMOUT1.o
                0x00005cec                TMOUT1_Init
 .text.HWEnDi   0x00005d30       0x20 ./Generated_Code/Serial1.o
 .text.Serial1_RecvChar
                0x00005d50       0xe8 ./Generated_Code/Serial1.o
                0x00005d50                Serial1_RecvChar
 .text.Serial1_SendChar
                0x00005e38       0xec ./Generated_Code/Serial1.o
                0x00005e38                Serial1_SendChar
 .text.Serial1_SendBlock
                0x00005f24      0x13c ./Generated_Code/Serial1.o
                0x00005f24                Serial1_SendBlock
 .text.Serial1_ClearRxBuf
                0x00006060       0x78 ./Generated_Code/Serial1.o
                0x00006060                Serial1_ClearRxBuf
 .text.Serial1_GetCharsInRxBuf
                0x000060d8       0x14 ./Generated_Code/Serial1.o
                0x000060d8                Serial1_GetCharsInRxBuf
 .text.Serial1_Init
                0x000060ec       0x64 ./Generated_Code/Serial1.o
                0x000060ec                Serial1_Init
 .text.ASerialLdd2_OnBlockReceived
                0x00006150       0x80 ./Generated_Code/Serial1.o
                0x00006150                ASerialLdd2_OnBlockReceived
 .text.ASerialLdd2_OnBlockSent
                0x000061d0       0x88 ./Generated_Code/Serial1.o
                0x000061d0                ASerialLdd2_OnBlockSent
 .text.ASerialLdd2_OnError
                0x00006258       0x90 ./Generated_Code/Serial1.o
                0x00006258                ASerialLdd2_OnError
 .text.ASerialLdd2_OnBreak
                0x000062e8       0x20 ./Generated_Code/Serial1.o
                0x000062e8                ASerialLdd2_OnBreak
 .text.RED_Init
                0x00006308       0x18 ./Generated_Code/RED.o
                0x00006308                RED_Init
 .text.PwmLdd4_Init
                0x00006320       0x54 ./Generated_Code/PwmLdd4.o
                0x00006320                PwmLdd4_Init
 .text.PwmLdd4_SetRatio16
                0x00006374       0x2c ./Generated_Code/PwmLdd4.o
                0x00006374                PwmLdd4_SetRatio16
 .text.SetRatio
                0x000063a0       0x68 ./Generated_Code/PwmLdd4.o
 .text.PwmLdd3_Init
                0x00006408       0x54 ./Generated_Code/PwmLdd3.o
                0x00006408                PwmLdd3_Init
 .text.PwmLdd3_SetRatio16
                0x0000645c       0x2c ./Generated_Code/PwmLdd3.o
                0x0000645c                PwmLdd3_SetRatio16
 .text.SetRatio
                0x00006488       0x68 ./Generated_Code/PwmLdd3.o
 .text.PwmLdd2_Init
                0x000064f0       0x54 ./Generated_Code/PwmLdd2.o
                0x000064f0                PwmLdd2_Init
 .text.PwmLdd2_SetRatio8
                0x00006544       0x34 ./Generated_Code/PwmLdd2.o
                0x00006544                PwmLdd2_SetRatio8
 .text.TU1_OnCounterRestart1
                0x00006578       0x24 ./Generated_Code/PwmLdd2.o
                0x00006578                TU1_OnCounterRestart1
 .text.SetRatio
                0x0000659c       0x68 ./Generated_Code/PwmLdd2.o
 .text.PwmLdd1_Init
                0x00006604       0x54 ./Generated_Code/PwmLdd1.o
                0x00006604                PwmLdd1_Init
 .text.PwmLdd1_SetRatio8
                0x00006658       0x34 ./Generated_Code/PwmLdd1.o
                0x00006658                PwmLdd1_SetRatio8
 .text.TU1_OnCounterRestart0
                0x0000668c       0x24 ./Generated_Code/PwmLdd1.o
                0x0000668c                TU1_OnCounterRestart0
 .text.SetRatio
                0x000066b0       0x68 ./Generated_Code/PwmLdd1.o
 .text.PwmLdd1_OnEnd
                0x00006718       0x14 ./Generated_Code/PWM_RIGHT.o
                0x00006718                PwmLdd1_OnEnd
 .text.PwmLdd2_OnEnd
                0x0000672c       0x14 ./Generated_Code/PWM_LEFT.o
                0x0000672c                PwmLdd2_OnEnd
 .text.MMA1_Init
                0x00006740       0x38 ./Generated_Code/MMA1.o
                0x00006740                MMA1_Init
 .text.MMA1_CalibrateX1g
                0x00006778       0xb0 ./Generated_Code/MMA1.o
                0x00006778                MMA1_CalibrateX1g
 .text.MMA1_CalibrateY1g
                0x00006828       0xb0 ./Generated_Code/MMA1.o
                0x00006828                MMA1_CalibrateY1g
 .text.MMA1_CalibrateZ1g
                0x000068d8       0xb0 ./Generated_Code/MMA1.o
                0x000068d8                MMA1_CalibrateZ1g
 .text.MMA1_GetXmg
                0x00006988       0x1c ./Generated_Code/MMA1.o
                0x00006988                MMA1_GetXmg
 .text.MMA1_GetYmg
                0x000069a4       0x1c ./Generated_Code/MMA1.o
                0x000069a4                MMA1_GetYmg
 .text.MMA1_GetZmg
                0x000069c0       0x1c ./Generated_Code/MMA1.o
                0x000069c0                MMA1_GetZmg
 .text.MMA1_MeasureGetRawX
                0x000069dc       0x40 ./Generated_Code/MMA1.o
                0x000069dc                MMA1_MeasureGetRawX
 .text.MMA1_MeasureGetRawY
                0x00006a1c       0x40 ./Generated_Code/MMA1.o
                0x00006a1c                MMA1_MeasureGetRawY
 .text.MMA1_MeasureGetRawZ
                0x00006a5c       0x40 ./Generated_Code/MMA1.o
                0x00006a5c                MMA1_MeasureGetRawZ
 .text.MMA1_GetX
                0x00006a9c       0x3c ./Generated_Code/MMA1.o
                0x00006a9c                MMA1_GetX
 .text.MMA1_GetY
                0x00006ad8       0x3c ./Generated_Code/MMA1.o
                0x00006ad8                MMA1_GetY
 .text.MMA1_GetZ
                0x00006b14       0x3c ./Generated_Code/MMA1.o
                0x00006b14                MMA1_GetZ
 .text.MMA1_Enable
                0x00006b50       0x64 ./Generated_Code/MMA1.o
                0x00006b50                MMA1_Enable
 .text.LED_GREEN_Init
                0x00006bb4       0x18 ./Generated_Code/LED_GREEN.o
                0x00006bb4                LED_GREEN_Init
 .text.GI2C2_RequestBus
                0x00006bcc       0x1c ./Generated_Code/GI2C2.o
                0x00006bcc                GI2C2_RequestBus
 .text.GI2C2_ReleaseBus
                0x00006be8       0x18 ./Generated_Code/GI2C2.o
                0x00006be8                GI2C2_ReleaseBus
 .text.GI2C2_SelectSlave
                0x00006c00       0x40 ./Generated_Code/GI2C2.o
                0x00006c00                GI2C2_SelectSlave
 .text.GI2C2_UnselectSlave
                0x00006c40       0x10 ./Generated_Code/GI2C2.o
                0x00006c40                GI2C2_UnselectSlave
 .text.GI2C2_ReadAddress
                0x00006c50      0x208 ./Generated_Code/GI2C2.o
                0x00006c50                GI2C2_ReadAddress
 .text.GI2C2_WriteAddress
                0x00006e58      0x1e0 ./Generated_Code/GI2C2.o
                0x00006e58                GI2C2_WriteAddress
 .text.CI2C2_OnMasterBlockSent
                0x00007038       0x24 ./Generated_Code/GI2C2.o
                0x00007038                CI2C2_OnMasterBlockSent
 .text.CI2C2_OnMasterBlockReceived
                0x0000705c       0x24 ./Generated_Code/GI2C2.o
                0x0000705c                CI2C2_OnMasterBlockReceived
 .text.GI2C2_Init
                0x00007080       0x40 ./Generated_Code/GI2C2.o
                0x00007080                GI2C2_Init
 .text.GI2C2_ReadByteAddress8
                0x000070c0       0x34 ./Generated_Code/GI2C2.o
                0x000070c0                GI2C2_ReadByteAddress8
 .text.GI2C2_WriteByteAddress8
                0x000070f4       0x34 ./Generated_Code/GI2C2.o
                0x000070f4                GI2C2_WriteByteAddress8
 .text.GI2C1_RequestBus
                0x00007128       0x1c ./Generated_Code/GI2C1.o
                0x00007128                GI2C1_RequestBus
 .text.GI2C1_ReleaseBus
                0x00007144       0x18 ./Generated_Code/GI2C1.o
                0x00007144                GI2C1_ReleaseBus
 .text.GI2C1_SelectSlave
                0x0000715c       0x40 ./Generated_Code/GI2C1.o
                0x0000715c                GI2C1_SelectSlave
 .text.GI2C1_UnselectSlave
                0x0000719c       0x10 ./Generated_Code/GI2C1.o
                0x0000719c                GI2C1_UnselectSlave
 .text.GI2C1_ReadAddress
                0x000071ac      0x208 ./Generated_Code/GI2C1.o
                0x000071ac                GI2C1_ReadAddress
 .text.GI2C1_WriteAddress
                0x000073b4      0x1e0 ./Generated_Code/GI2C1.o
                0x000073b4                GI2C1_WriteAddress
 .text.CI2C1_OnMasterBlockSent
                0x00007594       0x24 ./Generated_Code/GI2C1.o
                0x00007594                CI2C1_OnMasterBlockSent
 .text.CI2C1_OnMasterBlockReceived
                0x000075b8       0x24 ./Generated_Code/GI2C1.o
                0x000075b8                CI2C1_OnMasterBlockReceived
 .text.GI2C1_Init
                0x000075dc       0x40 ./Generated_Code/GI2C1.o
                0x000075dc                GI2C1_Init
 .text.GI2C1_Deinit
                0x0000761c       0x24 ./Generated_Code/GI2C1.o
                0x0000761c                GI2C1_Deinit
 .text.DIR_RIGHT1_Init
                0x00007640       0x60 ./Generated_Code/DIR_RIGHT1.o
                0x00007640                DIR_RIGHT1_Init
 .text.DIR_RIGHT_Init
                0x000076a0       0x60 ./Generated_Code/DIR_RIGHT.o
                0x000076a0                DIR_RIGHT_Init
 .text.DIR_RIGHT_PutVal
                0x00007700       0x30 ./Generated_Code/DIR_RIGHT.o
                0x00007700                DIR_RIGHT_PutVal
 .text.DIR_LEFT1_Init
                0x00007730       0x60 ./Generated_Code/DIR_LEFT1.o
                0x00007730                DIR_LEFT1_Init
 .text.DIR_LEFT_Init
                0x00007790       0x60 ./Generated_Code/DIR_LEFT.o
                0x00007790                DIR_LEFT_Init
 .text.DIR_LEFT_PutVal
                0x000077f0       0x30 ./Generated_Code/DIR_LEFT.o
                0x000077f0                DIR_LEFT_PutVal
 .text.Cpu_INT_NMIInterrupt
                0x00007820        0xc ./Generated_Code/Cpu.o
                0x00007820                Cpu_INT_NMIInterrupt
 .text.Cpu_INT_Hard_FaultInterrupt
                0x0000782c        0xc ./Generated_Code/Cpu.o
                0x0000782c                Cpu_INT_Hard_FaultInterrupt
 .text.Cpu_ivINT_Reserved4
                0x00007838        0xc ./Generated_Code/Cpu.o
                0x00007838                Cpu_ivINT_Reserved4
 .text.Cpu_ivINT_Reserved5
                0x00007844        0xc ./Generated_Code/Cpu.o
                0x00007844                Cpu_ivINT_Reserved5
 .text.Cpu_ivINT_Reserved6
                0x00007850        0xc ./Generated_Code/Cpu.o
                0x00007850                Cpu_ivINT_Reserved6
 .text.Cpu_ivINT_Reserved7
                0x0000785c        0xc ./Generated_Code/Cpu.o
                0x0000785c                Cpu_ivINT_Reserved7
 .text.Cpu_ivINT_Reserved8
                0x00007868        0xc ./Generated_Code/Cpu.o
                0x00007868                Cpu_ivINT_Reserved8
 .text.Cpu_ivINT_Reserved9
                0x00007874        0xc ./Generated_Code/Cpu.o
                0x00007874                Cpu_ivINT_Reserved9
 .text.Cpu_ivINT_Reserved10
                0x00007880        0xc ./Generated_Code/Cpu.o
                0x00007880                Cpu_ivINT_Reserved10
 .text.Cpu_ivINT_SVCall
                0x0000788c        0xc ./Generated_Code/Cpu.o
                0x0000788c                Cpu_ivINT_SVCall
 .text.Cpu_ivINT_Reserved12
                0x00007898        0xc ./Generated_Code/Cpu.o
                0x00007898                Cpu_ivINT_Reserved12
 .text.Cpu_ivINT_Reserved13
                0x000078a4        0xc ./Generated_Code/Cpu.o
                0x000078a4                Cpu_ivINT_Reserved13
 .text.Cpu_ivINT_DMA0
                0x000078b0        0xc ./Generated_Code/Cpu.o
                0x000078b0                Cpu_ivINT_DMA0
 .text.Cpu_ivINT_DMA1
                0x000078bc        0xc ./Generated_Code/Cpu.o
                0x000078bc                Cpu_ivINT_DMA1
 .text.Cpu_ivINT_DMA2
                0x000078c8        0xc ./Generated_Code/Cpu.o
                0x000078c8                Cpu_ivINT_DMA2
 .text.Cpu_ivINT_DMA3
                0x000078d4        0xc ./Generated_Code/Cpu.o
                0x000078d4                Cpu_ivINT_DMA3
 .text.Cpu_ivINT_Reserved20
                0x000078e0        0xc ./Generated_Code/Cpu.o
                0x000078e0                Cpu_ivINT_Reserved20
 .text.Cpu_ivINT_FTFA
                0x000078ec        0xc ./Generated_Code/Cpu.o
                0x000078ec                Cpu_ivINT_FTFA
 .text.Cpu_ivINT_LVD_LVW
                0x000078f8        0xc ./Generated_Code/Cpu.o
                0x000078f8                Cpu_ivINT_LVD_LVW
 .text.Cpu_ivINT_LLW
                0x00007904        0xc ./Generated_Code/Cpu.o
                0x00007904                Cpu_ivINT_LLW
 .text.Cpu_ivINT_SPI0
                0x00007910        0xc ./Generated_Code/Cpu.o
                0x00007910                Cpu_ivINT_SPI0
 .text.Cpu_ivINT_SPI1
                0x0000791c        0xc ./Generated_Code/Cpu.o
                0x0000791c                Cpu_ivINT_SPI1
 .text.Cpu_ivINT_UART2
                0x00007928        0xc ./Generated_Code/Cpu.o
                0x00007928                Cpu_ivINT_UART2
 .text.Cpu_ivINT_ADC0
                0x00007934        0xc ./Generated_Code/Cpu.o
                0x00007934                Cpu_ivINT_ADC0
 .text.Cpu_ivINT_CMP0
                0x00007940        0xc ./Generated_Code/Cpu.o
                0x00007940                Cpu_ivINT_CMP0
 .text.Cpu_ivINT_TPM0
                0x0000794c        0xc ./Generated_Code/Cpu.o
                0x0000794c                Cpu_ivINT_TPM0
 .text.Cpu_ivINT_TPM1
                0x00007958        0xc ./Generated_Code/Cpu.o
                0x00007958                Cpu_ivINT_TPM1
 .text.Cpu_ivINT_RTC
                0x00007964        0xc ./Generated_Code/Cpu.o
                0x00007964                Cpu_ivINT_RTC
 .text.Cpu_ivINT_RTC_Seconds
                0x00007970        0xc ./Generated_Code/Cpu.o
                0x00007970                Cpu_ivINT_RTC_Seconds
 .text.Cpu_ivINT_PIT
                0x0000797c        0xc ./Generated_Code/Cpu.o
                0x0000797c                Cpu_ivINT_PIT
 .text.Cpu_ivINT_Reserved39
                0x00007988        0xc ./Generated_Code/Cpu.o
                0x00007988                Cpu_ivINT_Reserved39
 .text.Cpu_ivINT_USB0
                0x00007994        0xc ./Generated_Code/Cpu.o
                0x00007994                Cpu_ivINT_USB0
 .text.Cpu_ivINT_DAC0
                0x000079a0        0xc ./Generated_Code/Cpu.o
                0x000079a0                Cpu_ivINT_DAC0
 .text.Cpu_ivINT_TSI0
                0x000079ac        0xc ./Generated_Code/Cpu.o
                0x000079ac                Cpu_ivINT_TSI0
 .text.Cpu_ivINT_MCG
                0x000079b8        0xc ./Generated_Code/Cpu.o
                0x000079b8                Cpu_ivINT_MCG
 .text.Cpu_ivINT_LPTimer
                0x000079c4        0xc ./Generated_Code/Cpu.o
                0x000079c4                Cpu_ivINT_LPTimer
 .text.Cpu_ivINT_Reserved45
                0x000079d0        0xc ./Generated_Code/Cpu.o
                0x000079d0                Cpu_ivINT_Reserved45
 .text.Cpu_ivINT_PORTA
                0x000079dc        0xc ./Generated_Code/Cpu.o
                0x000079dc                Cpu_ivINT_PORTA
 .text.Cpu_ivINT_PORTD
                0x000079e8        0xc ./Generated_Code/Cpu.o
                0x000079e8                Cpu_ivINT_PORTD
 .text.TU1_OnCounterRestart
                0x000079f4       0x20 ./Generated_Code/Cpu.o
                0x000079f4                TU1_OnCounterRestart
 .text.__init_hardware
                0x00007a14      0x110 ./Generated_Code/Cpu.o
                0x00007a14                __init_hardware
 .text.PE_low_level_init
                0x00007b24      0x154 ./Generated_Code/Cpu.o
                0x00007b24                PE_low_level_init
 .text.CLS1_SendStr
                0x00007c78       0x2c ./Generated_Code/CLS1.o
                0x00007c78                CLS1_SendStr
 .text.CLS1_SendNum16s
                0x00007ca4       0x38 ./Generated_Code/CLS1.o
                0x00007ca4                CLS1_SendNum16s
 .text.CLS1_SendNum8u
                0x00007cdc       0x34 ./Generated_Code/CLS1.o
                0x00007cdc                CLS1_SendNum8u
 .text.CLS1_SendNum8s
                0x00007d10       0x38 ./Generated_Code/CLS1.o
                0x00007d10                CLS1_SendNum8s
 .text.CLS1_ParseCommand
                0x00007d48      0x12c ./Generated_Code/CLS1.o
                0x00007d48                CLS1_ParseCommand
 .text.CLS1_PrintPrompt
                0x00007e74       0x20 ./Generated_Code/CLS1.o
                0x00007e74                CLS1_PrintPrompt
 .text.CLS1_IsHistoryCharacter
                0x00007e94       0x24 ./Generated_Code/CLS1.o
                0x00007e94                CLS1_IsHistoryCharacter
 .text.CLS1_ReadLine
                0x00007eb8       0xf8 ./Generated_Code/CLS1.o
                0x00007eb8                CLS1_ReadLine
 .text.CLS1_PrintStatus
                0x00007fb0       0x78 ./Generated_Code/CLS1.o
                0x00007fb0                CLS1_PrintStatus
 .text.CLS1_PrintCommandFailed
                0x00008028       0x78 ./Generated_Code/CLS1.o
                0x00008028                CLS1_PrintCommandFailed
 .text.CLS1_IterateTable
                0x000080a0       0x64 ./Generated_Code/CLS1.o
                0x000080a0                CLS1_IterateTable
 .text.CLS1_ParseWithCommandTable
                0x00008104       0xb0 ./Generated_Code/CLS1.o
                0x00008104                CLS1_ParseWithCommandTable
 .text.CLS1_GetStdio
                0x000081b4       0x14 ./Generated_Code/CLS1.o
                0x000081b4                CLS1_GetStdio
 .text.CLS1_ReadAndParseWithCommandTable
                0x000081c8       0xf8 ./Generated_Code/CLS1.o
                0x000081c8                CLS1_ReadAndParseWithCommandTable
 .text.SendSeparatedStrings
                0x000082c0       0x80 ./Generated_Code/CLS1.o
 .text.CLS1_SendHelpStr
                0x00008340       0x28 ./Generated_Code/CLS1.o
                0x00008340                CLS1_SendHelpStr
 .text.CLS1_SendStatusStr
                0x00008368       0x28 ./Generated_Code/CLS1.o
                0x00008368                CLS1_SendStatusStr
 .text.CLS1_ReadChar
                0x00008390       0x4c ./Generated_Code/CLS1.o
                0x00008390                CLS1_ReadChar
 .text.CLS1_SendChar
                0x000083dc       0x70 ./Generated_Code/CLS1.o
                0x000083dc                CLS1_SendChar
 .text.CLS1_KeyPressed
                0x0000844c       0x44 ./Generated_Code/CLS1.o
                0x0000844c                CLS1_KeyPressed
 .text.CLS1_Init
                0x00008490       0x60 ./Generated_Code/CLS1.o
                0x00008490                CLS1_Init
 .text.CI2C2_Interrupt
                0x000084f0      0x278 ./Generated_Code/CI2C2.o
                0x000084f0                CI2C2_Interrupt
 .text.CI2C2_Init
                0x00008768      0x114 ./Generated_Code/CI2C2.o
                0x00008768                CI2C2_Init
 .text.CI2C2_MasterSendBlock
                0x0000887c      0x19c ./Generated_Code/CI2C2.o
                0x0000887c                CI2C2_MasterSendBlock
 .text.CI2C2_MasterReceiveBlock
                0x00008a18      0x19c ./Generated_Code/CI2C2.o
                0x00008a18                CI2C2_MasterReceiveBlock
 .text.CI2C2_SelectSlaveDevice
                0x00008bb4      0x100 ./Generated_Code/CI2C2.o
                0x00008bb4                CI2C2_SelectSlaveDevice
 .text.CI2C1_Interrupt
                0x00008cb4      0x278 ./Generated_Code/CI2C1.o
                0x00008cb4                CI2C1_Interrupt
 .text.CI2C1_Init
                0x00008f2c      0x11c ./Generated_Code/CI2C1.o
                0x00008f2c                CI2C1_Init
 .text.CI2C1_Deinit
                0x00009048       0x40 ./Generated_Code/CI2C1.o
                0x00009048                CI2C1_Deinit
 .text.CI2C1_MasterSendBlock
                0x00009088      0x19c ./Generated_Code/CI2C1.o
                0x00009088                CI2C1_MasterSendBlock
 .text.CI2C1_MasterReceiveBlock
                0x00009224      0x19c ./Generated_Code/CI2C1.o
                0x00009224                CI2C1_MasterReceiveBlock
 .text.CI2C1_SelectSlaveDevice
                0x000093c0      0x100 ./Generated_Code/CI2C1.o
                0x000093c0                CI2C1_SelectSlaveDevice
 .text.BitIoLdd4_Init
                0x000094c0       0x68 ./Generated_Code/BitIoLdd4.o
                0x000094c0                BitIoLdd4_Init
 .text.BitIoLdd4_ClrVal
                0x00009528       0x1c ./Generated_Code/BitIoLdd4.o
                0x00009528                BitIoLdd4_ClrVal
 .text.BitIoLdd4_SetVal
                0x00009544       0x1c ./Generated_Code/BitIoLdd4.o
                0x00009544                BitIoLdd4_SetVal
 .text.BitIoLdd3_Init
                0x00009560       0x68 ./Generated_Code/BitIoLdd3.o
                0x00009560                BitIoLdd3_Init
 .text.BitIoLdd3_ClrVal
                0x000095c8       0x1c ./Generated_Code/BitIoLdd3.o
                0x000095c8                BitIoLdd3_ClrVal
 .text.BitIoLdd3_SetVal
                0x000095e4       0x1c ./Generated_Code/BitIoLdd3.o
                0x000095e4                BitIoLdd3_SetVal
 .text.BitIoLdd1_Init
                0x00009600       0x54 ./Generated_Code/BitIoLdd1.o
                0x00009600                BitIoLdd1_Init
 .text.BT_EN_Init
                0x00009654       0x64 ./Generated_Code/BT_EN.o
                0x00009654                BT_EN_Init
 .text.isRxError
                0x000096b8      0x17c ./Generated_Code/BT1.o
 .text.RxResponse
                0x00009834       0xfc ./Generated_Code/BT1.o
 .text.BT1_SendATCommand
                0x00009930       0x60 ./Generated_Code/BT1.o
                0x00009930                BT1_SendATCommand
 .text.BT1_StdCmd
                0x00009990       0x84 ./Generated_Code/BT1.o
                0x00009990                BT1_StdCmd
 .text.BT1_StdOKCmd
                0x00009a14       0x28 ./Generated_Code/BT1.o
                0x00009a14                BT1_StdOKCmd
 .text.BT1_Init
                0x00009a3c       0x14 ./Generated_Code/BT1.o
                0x00009a3c                BT1_Init
 .text.BT1_btSetDeviceName
                0x00009a50       0x60 ./Generated_Code/BT1.o
                0x00009a50                BT1_btSetDeviceName
 .text.BT1_btSetBaud
                0x00009ab0       0x54 ./Generated_Code/BT1.o
                0x00009ab0                BT1_btSetBaud
 .text.BT1_StdIOKeyPressed
                0x00009b04       0x18 ./Generated_Code/BT1.o
                0x00009b04                BT1_StdIOKeyPressed
 .text.BT1_StdIOReadChar
                0x00009b1c       0x24 ./Generated_Code/BT1.o
                0x00009b1c                BT1_StdIOReadChar
 .text.BT1_StdIOSendChar
                0x00009b40       0x24 ./Generated_Code/BT1.o
                0x00009b40                BT1_StdIOSendChar
 .text.ASerialLdd2_Init
                0x00009b64      0x170 ./Generated_Code/ASerialLdd2.o
                0x00009b64                ASerialLdd2_Init
 .text.ASerialLdd2_ReceiveBlock
                0x00009cd4       0x98 ./Generated_Code/ASerialLdd2.o
                0x00009cd4                ASerialLdd2_ReceiveBlock
 .text.ASerialLdd2_SendBlock
                0x00009d6c       0xc4 ./Generated_Code/ASerialLdd2.o
                0x00009d6c                ASerialLdd2_SendBlock
 .text.InterruptRx
                0x00009e30       0x58 ./Generated_Code/ASerialLdd2.o
 .text.InterruptTx
                0x00009e88       0x80 ./Generated_Code/ASerialLdd2.o
 .text.ASerialLdd2_Interrupt
                0x00009f08       0xf4 ./Generated_Code/ASerialLdd2.o
                0x00009f08                ASerialLdd2_Interrupt
 .text.ASerialLdd2_GetError
                0x00009ffc       0x74 ./Generated_Code/ASerialLdd2.o
                0x00009ffc                ASerialLdd2_GetError
 .text.ASerialLdd1_Init
                0x0000a070      0x1c4 ./Generated_Code/ASerialLdd1.o
                0x0000a070                ASerialLdd1_Init
 .text.ASerialLdd1_ReceiveBlock
                0x0000a234       0x98 ./Generated_Code/ASerialLdd1.o
                0x0000a234                ASerialLdd1_ReceiveBlock
 .text.ASerialLdd1_SendBlock
                0x0000a2cc       0xc4 ./Generated_Code/ASerialLdd1.o
                0x0000a2cc                ASerialLdd1_SendBlock
 .text.InterruptRx
                0x0000a390       0x58 ./Generated_Code/ASerialLdd1.o
 .text.InterruptTx
                0x0000a3e8       0x80 ./Generated_Code/ASerialLdd1.o
 .text.ASerialLdd1_Interrupt
                0x0000a468       0xfc ./Generated_Code/ASerialLdd1.o
                0x0000a468                ASerialLdd1_Interrupt
 .text.ASerialLdd1_GetError
                0x0000a564       0x74 ./Generated_Code/ASerialLdd1.o
                0x0000a564                ASerialLdd1_GetError
 .text.HWEnDi   0x0000a5d8       0x20 ./Generated_Code/AS1.o
 .text.AS1_RecvChar
                0x0000a5f8       0xe8 ./Generated_Code/AS1.o
                0x0000a5f8                AS1_RecvChar
 .text.AS1_SendChar
                0x0000a6e0       0xec ./Generated_Code/AS1.o
                0x0000a6e0                AS1_SendChar
 .text.AS1_GetCharsInRxBuf
                0x0000a7cc       0x14 ./Generated_Code/AS1.o
                0x0000a7cc                AS1_GetCharsInRxBuf
 .text.AS1_Init
                0x0000a7e0       0x64 ./Generated_Code/AS1.o
                0x0000a7e0                AS1_Init
 .text.ASerialLdd1_OnBlockReceived
                0x0000a844       0xc0 ./Generated_Code/AS1.o
                0x0000a844                ASerialLdd1_OnBlockReceived
 .text.ASerialLdd1_OnBlockSent
                0x0000a904       0xe8 ./Generated_Code/AS1.o
                0x0000a904                ASerialLdd1_OnBlockSent
 .text.ASerialLdd1_OnError
                0x0000a9ec       0x94 ./Generated_Code/AS1.o
                0x0000a9ec                ASerialLdd1_OnError
 .text.ASerialLdd1_OnBreak
                0x0000aa80       0x20 ./Generated_Code/AS1.o
                0x0000aa80                ASerialLdd1_OnBreak
 .text.zero_fill_bss
                0x0000aaa0       0x24 ./Project_Settings/Startup_Code/__arm_start.o
 .text.__thumb_startup
                0x0000aac4       0x30 ./Project_Settings/Startup_Code/__arm_start.o
                0x0000aac4                __thumb_startup
 .text._ExitProcess
                0x0000aaf4        0xc ./Project_Settings/Startup_Code/__arm_end.o
                0x0000aaf4                _ExitProcess
 .text.startCommunication
                0x0000ab00      0x188 ./Sources/serial_communication.o
                0x0000ab00                startCommunication
 .text.setState
                0x0000ac88       0x20 ./Sources/serial_communication.o
                0x0000ac88                setState
 .text.ParseCommand
                0x0000aca8      0xa20 ./Sources/serial_communication.o
 .text.initAllSensors
                0x0000b6c8      0x11c ./Sources/serial_communication.o
                0x0000b6c8                initAllSensors
 .text.readValues
                0x0000b7e4       0x7c ./Sources/serial_communication.o
                0x0000b7e4                readValues
 .text.sendStatusBT
                0x0000b860       0x5c ./Sources/serial_communication.o
                0x0000b860                sendStatusBT
 .text.sendTestStatus
                0x0000b8bc       0xbc ./Sources/serial_communication.o
                0x0000b8bc                sendTestStatus
 .text.setErrorState
                0x0000b978       0x20 ./Sources/serial_communication.o
                0x0000b978                setErrorState
 .text.calcPID  0x0000b998      0x3f4 ./Sources/pid.o
                0x0000b998                calcPID
 .text.motorGetPWMLeft
                0x0000bd8c       0x18 ./Sources/motor.o
                0x0000bd8c                motorGetPWMLeft
 .text.motorGetPWMRight
                0x0000bda4       0x18 ./Sources/motor.o
                0x0000bda4                motorGetPWMRight
 .text.motorIncrementPWMLeft
                0x0000bdbc       0x50 ./Sources/motor.o
                0x0000bdbc                motorIncrementPWMLeft
 .text.motorIncrementPWMRight
                0x0000be0c       0x50 ./Sources/motor.o
                0x0000be0c                motorIncrementPWMRight
 .text.motorSetPWMLeft
                0x0000be5c       0x74 ./Sources/motor.o
                0x0000be5c                motorSetPWMLeft
 .text.motorSetPWMRight
                0x0000bed0       0x74 ./Sources/motor.o
                0x0000bed0                motorSetPWMRight
 .text.motorsStartup
                0x0000bf44      0x12c ./Sources/motor.o
                0x0000bf44                motorsStartup
 .text.main     0x0000c070       0x10 ./Sources/main.o
                0x0000c070                main
 .text.ComunicationTask
                0x0000c080       0x10 ./Sources/frtos_tasks.o
 .text.DrivingTask
                0x0000c090       0x40 ./Sources/frtos_tasks.o
 .text.GyroTask
                0x0000c0d0      0x12c ./Sources/frtos_tasks.o
 .text.CreateTasks
                0x0000c1fc       0x38 ./Sources/frtos_tasks.o
                0x0000c1fc                CreateTasks
 .text.CreateDrivingTask
                0x0000c234       0x48 ./Sources/frtos_tasks.o
                0x0000c234                CreateDrivingTask
 .text.CreateGyroTask
                0x0000c27c       0x48 ./Sources/frtos_tasks.o
                0x0000c27c                CreateGyroTask
 .text.driveToStair
                0x0000c2c4      0x11c ./Sources/driving.o
                0x0000c2c4                driveToStair
 .text.driveOverStair
                0x0000c3e0      0x23c ./Sources/driving.o
                0x0000c3e0                driveOverStair
 .text.driveToTurningPlace
                0x0000c61c       0xfc ./Sources/driving.o
                0x0000c61c                driveToTurningPlace
 .text.driveThroughTurningPlace
                0x0000c718      0x498 ./Sources/driving.o
                0x0000c718                driveThroughTurningPlace
 .text.driveToEndZone
                0x0000cbb0      0x134 ./Sources/driving.o
                0x0000cbb0                driveToEndZone
 .text.pushTheButton
                0x0000cce4       0x48 ./Sources/driving.o
                0x0000cce4                pushTheButton
 .text.regulateMotor
                0x0000cd2c      0x170 ./Sources/driving.o
                0x0000cd2c                regulateMotor
 .text.initDriving
                0x0000ce9c       0x74 ./Sources/driving.o
                0x0000ce9c                initDriving
 .text.setPID   0x0000cf10       0x70 ./Sources/driving.o
                0x0000cf10                setPID
 .text.setDistanceSide
                0x0000cf80       0x20 ./Sources/driving.o
                0x0000cf80                setDistanceSide
 .text.setDistanceFront
                0x0000cfa0       0x20 ./Sources/driving.o
                0x0000cfa0                setDistanceFront
 .text.setSpeed
                0x0000cfc0       0x20 ./Sources/driving.o
                0x0000cfc0                setSpeed
 .text.setGyroskopPWM
                0x0000cfe0       0x34 ./Sources/driving.o
                0x0000cfe0                setGyroskopPWM
 .text.setLetter
                0x0000d014       0x20 ./Sources/driving.o
                0x0000d014                setLetter
 .text.setServoPWM
                0x0000d034       0x34 ./Sources/driving.o
                0x0000d034                setServoPWM
 .text.stopDriving
                0x0000d068       0x14 ./Sources/driving.o
                0x0000d068                stopDriving
 .text.getTime  0x0000d07c       0x8c ./Sources/driving.o
                0x0000d07c                getTime
 .text.VL_OnError
                0x0000d108       0x14 ./Sources/VL6180X.o
 .text.VL_WriteReg8
                0x0000d11c       0x50 ./Sources/VL6180X.o
                0x0000d11c                VL_WriteReg8
 .text.VL_WriteReg16
                0x0000d16c       0x70 ./Sources/VL6180X.o
                0x0000d16c                VL_WriteReg16
 .text.VL_ReadReg8
                0x0000d1dc       0x54 ./Sources/VL6180X.o
                0x0000d1dc                VL_ReadReg8
 .text.VL_ReadReg16
                0x0000d230       0x54 ./Sources/VL6180X.o
                0x0000d230                VL_ReadReg16
 .text.readRangeContinuous
                0x0000d284       0xf0 ./Sources/VL6180X.o
 .text.VL_ReadRangeSingle
                0x0000d374       0x64 ./Sources/VL6180X.o
                0x0000d374                VL_ReadRangeSingle
 .text.VL_ConfigureDefault
                0x0000d3d8       0x94 ./Sources/VL6180X.o
                0x0000d3d8                VL_ConfigureDefault
 .text.VL_InitDevice
                0x0000d46c      0x5ac ./Sources/VL6180X.o
                0x0000d46c                VL_InitDevice
 .text.VL_InitAndConfigureDevice
                0x0000da18       0x64 ./Sources/VL6180X.o
                0x0000da18                VL_InitAndConfigureDevice
 .text.VL_ChipEnable
                0x0000da7c       0xc0 ./Sources/VL6180X.o
                0x0000da7c                VL_ChipEnable
 .text.VL_SetI2CDeviceAddress
                0x0000db3c       0xe0 ./Sources/VL6180X.o
                0x0000db3c                VL_SetI2CDeviceAddress
 .text.VL_Init  0x0000dc1c      0x180 ./Sources/VL6180X.o
                0x0000dc1c                VL_Init
 .text.VL_GetDistance
                0x0000dd9c      0x100 ./Sources/VL6180X.o
                0x0000dd9c                VL_GetDistance
 .text.VL_GetLastDistance
                0x0000de9c       0x2c ./Sources/VL6180X.o
                0x0000de9c                VL_GetLastDistance
 .text.L3Ginit  0x0000dec8       0x58 ./Sources/L3G.o
                0x0000dec8                L3Ginit
 .text.L3GenableDefault
                0x0000df20       0xe4 ./Sources/L3G.o
                0x0000df20                L3GenableDefault
 .text.L3GwriteReg
                0x0000e004       0x38 ./Sources/L3G.o
                0x0000e004                L3GwriteReg
 .text.L3GreadReg
                0x0000e03c       0x3c ./Sources/L3G.o
                0x0000e03c                L3GreadReg
 .text.L3Greadxyz
                0x0000e078      0x1f0 ./Sources/L3G.o
                0x0000e078                L3Greadxyz
 .text.L3GgetDegree
                0x0000e268       0x8c ./Sources/L3G.o
                0x0000e268                L3GgetDegree
 .text.calculateOffset
                0x0000e2f4      0x1d0 ./Sources/L3G.o
                0x0000e2f4                calculateOffset
 .text.cmpfunc  0x0000e4c4       0x28 ./Sources/L3G.o
                0x0000e4c4                cmpfunc
 .text.refreshMovingOffset
                0x0000e4ec      0x1dc ./Sources/L3G.o
                0x0000e4ec                refreshMovingOffset
 .text.L3GSetAngel
                0x0000e6c8       0x5c ./Sources/L3G.o
                0x0000e6c8                L3GSetAngel
 *fill*         0x0000e724        0x4 00
 .text.combineAccel
                0x0000e728      0x228 ./Sources/L3G.o
                0x0000e728                combineAccel
 .text.L3GFIFOdataLevel
                0x0000e950       0x24 ./Sources/L3G.o
                0x0000e950                L3GFIFOdataLevel
 .text.L3GFIFOfull
                0x0000e974       0x28 ./Sources/L3G.o
                0x0000e974                L3GFIFOfull
 .text.Cpu_OnNMIINT
                0x0000e99c        0x8 ./Sources/Events.o
                0x0000e99c                Cpu_OnNMIINT
 .text.FRTOS1_vApplicationStackOverflowHook
                0x0000e9a4       0x4c ./Sources/Events.o
                0x0000e9a4                FRTOS1_vApplicationStackOverflowHook
 .text.FRTOS1_vApplicationTickHook
                0x0000e9f0        0xc ./Sources/Events.o
                0x0000e9f0                FRTOS1_vApplicationTickHook
 .text.FRTOS1_vApplicationIdleHook
                0x0000e9fc        0x8 ./Sources/Events.o
                0x0000e9fc                FRTOS1_vApplicationIdleHook
 .text.FRTOS1_vApplicationMallocFailedHook
                0x0000ea04        0x8 ./Sources/Events.o
                0x0000ea04                FRTOS1_vApplicationMallocFailedHook
 .text.AS1_OnError
                0x0000ea0c        0x8 ./Sources/Events.o
                0x0000ea0c                AS1_OnError
 .text.AS1_OnRxChar
                0x0000ea14        0x8 ./Sources/Events.o
                0x0000ea14                AS1_OnRxChar
 .text.AS1_OnTxChar
                0x0000ea1c        0x8 ./Sources/Events.o
                0x0000ea1c                AS1_OnTxChar
 .text.AS1_OnFullRxBuf
                0x0000ea24        0x8 ./Sources/Events.o
                0x0000ea24                AS1_OnFullRxBuf
 .text.AS1_OnFreeTxBuf
                0x0000ea2c        0x8 ./Sources/Events.o
                0x0000ea2c                AS1_OnFreeTxBuf
 .text.Cpu_OnHardFault
                0x0000ea34        0x8 ./Sources/Events.o
                0x0000ea34                Cpu_OnHardFault
 .text.PWM_LEFT_OnEnd
                0x0000ea3c       0x28 ./Sources/Events.o
                0x0000ea3c                PWM_LEFT_OnEnd
 .text.PWM_RIGHT_OnEnd
                0x0000ea64       0x28 ./Sources/Events.o
                0x0000ea64                PWM_RIGHT_OnEnd
 .text.exit     0x0000ea8c       0x38 C:/Freescale/CW MCU v10.6/MCU/ARM_GCC_Support/ewl/lib/armv6-m\libc.a(exit.o)
                0x0000ea8c                exit
 .text.qsort    0x0000eac4       0xb8 C:/Freescale/CW MCU v10.6/MCU/ARM_GCC_Support/ewl/lib/armv6-m\libc.a(qsort.o)
                0x0000eac4                qsort
 .text.memcpy   0x0000eb7c       0x12 C:/Freescale/CW MCU v10.6/MCU/ARM_GCC_Support/ewl/lib/armv6-m\libc.a(memcpy.o)
                0x0000eb7c                memcpy
 .text.memset   0x0000eb8e        0xc C:/Freescale/CW MCU v10.6/MCU/ARM_GCC_Support/ewl/lib/armv6-m\libc.a(memset.o)
                0x0000eb8e                memset
 .text.strchr   0x0000eb9a       0x1e C:/Freescale/CW MCU v10.6/MCU/ARM_GCC_Support/ewl/lib/armv6-m\libc.a(strchr.o)
                0x0000eb9a                strchr
 .text.strcmp   0x0000ebb8       0x1c C:/Freescale/CW MCU v10.6/MCU/ARM_GCC_Support/ewl/lib/armv6-m\libc.a(strcmp.o)
                0x0000ebb8                strcmp
 .text.strlen   0x0000ebd4       0x10 C:/Freescale/CW MCU v10.6/MCU/ARM_GCC_Support/ewl/lib/armv6-m\libc.a(strlen.o)
                0x0000ebd4                strlen
 .text.strncmp  0x0000ebe4       0x22 C:/Freescale/CW MCU v10.6/MCU/ARM_GCC_Support/ewl/lib/armv6-m\libc.a(strncmp.o)
                0x0000ebe4                strncmp
 *fill*         0x0000ec06        0x2 00
 .text.long2str.isra.0
                0x0000ec08      0x19c C:/Freescale/CW MCU v10.6/MCU/ARM_GCC_Support/ewl/lib/armv6-m\libc.a(printformat_.o)
 .text.__pformatter_
                0x0000eda4      0x428 C:/Freescale/CW MCU v10.6/MCU/ARM_GCC_Support/ewl/lib/armv6-m\libc.a(printformat_.o)
                0x0000eda4                __pformatter_
 .text.__sformatter
                0x0000f1cc      0x698 C:/Freescale/CW MCU v10.6/MCU/ARM_GCC_Support/ewl/lib/armv6-m\libc.a(scanformat_.o)
                0x0000f1cc                __sformatter
 .text.isalpha  0x0000f864       0x20 C:/Freescale/CW MCU v10.6/MCU/ARM_GCC_Support/ewl/lib/armv6-m\libc.a(ctype_aeabi.o)
                0x0000f864                isalpha
 .text.isspace  0x0000f884       0x20 C:/Freescale/CW MCU v10.6/MCU/ARM_GCC_Support/ewl/lib/armv6-m\libc.a(ctype_aeabi.o)
                0x0000f884                isspace
 .text.toupper  0x0000f8a4        0xe C:/Freescale/CW MCU v10.6/MCU/ARM_GCC_Support/ewl/lib/armv6-m\libc.a(ctype_aeabi.o)
                0x0000f8a4                toupper
 .text.__strtoul
                0x0000f8b2      0x1ce C:/Freescale/CW MCU v10.6/MCU/ARM_GCC_Support/ewl/lib/armv6-m\libc.a(__strtoul.o)
                0x0000f8b2                __strtoul
 .text.__fill_mem
                0x0000fa80       0x7e C:/Freescale/CW MCU v10.6/MCU/ARM_GCC_Support/ewl/lib/armv6-m\libc.a(__filll_mem.o)
                0x0000fa80                __fill_mem
 .text.memchr   0x0000fafe       0x1a C:/Freescale/CW MCU v10.6/MCU/ARM_GCC_Support/ewl/lib/armv6-m\libc.a(memchr.o)
                0x0000fafe                memchr
 .text.atan     0x0000fb18      0x358 C:/Freescale/CW MCU v10.6/MCU/ARM_GCC_Support/ewl/lib/armv6-m\libm.a(s_atan.o)
                0x0000fb18                atan
 .text.sqrt     0x0000fe70        0x8 C:/Freescale/CW MCU v10.6/MCU/ARM_GCC_Support/ewl/lib/armv6-m\libm.a(w_sqrt.o)
                0x0000fe70                sqrt
 .text.__ieee754_sqrt
                0x0000fe78      0x17c C:/Freescale/CW MCU v10.6/MCU/ARM_GCC_Support/ewl/lib/armv6-m\libm.a(e_sqrt.o)
                0x0000fe78                __ieee754_sqrt
 .text.__init_cpp
                0x0000fff4       0x48 C:/Freescale/CW MCU v10.6/MCU/ARM_GCC_Support/ewl/lib/armv6-m\librt.a(gcc_ctor_dtor.o)
                0x0000fff4                __init_cpp
 .text.__fini_cpp
                0x0001003c       0x34 C:/Freescale/CW MCU v10.6/MCU/ARM_GCC_Support/ewl/lib/armv6-m\librt.a(gcc_ctor_dtor.o)
                0x0001003c                __fini_cpp
 .text.__copy_rom_section
                0x00010070       0x48 C:/Freescale/CW MCU v10.6/MCU/ARM_GCC_Support/ewl/lib/armv6-m\librt.a(ROMCopy.o)
                0x00010070                __copy_rom_section
 .text.__copy_rom_sections_to_ram
                0x000100b8       0x34 C:/Freescale/CW MCU v10.6/MCU/ARM_GCC_Support/ewl/lib/armv6-m\librt.a(ROMCopy.o)
                0x000100b8                __copy_rom_sections_to_ram
 .text.__destroy_global_chain
                0x000100ec       0x1c C:/Freescale/CW MCU v10.6/MCU/ARM_GCC_Support/ewl/lib/armv6-m\librt.a(__arm_eabi_init.o)
                0x000100ec                __destroy_global_chain
 .text.__init_registers
                0x00010108       0x1c C:/Freescale/CW MCU v10.6/MCU/ARM_GCC_Support/ewl/lib/armv6-m\librt.a(__arm_eabi_init.o)
                0x00010108                __init_registers
 .text.__init_user
                0x00010124        0x4 C:/Freescale/CW MCU v10.6/MCU/ARM_GCC_Support/ewl/lib/armv6-m\librt.a(__arm_eabi_init.o)
                0x00010124                __init_user
 *(.rodata)
 .rodata        0x00010128        0x8 ./Generated_Code/tasks.o
 .rodata        0x00010130       0x1c ./Generated_Code/UTIL1.o
 .rodata        0x0001014c      0x15c ./Generated_Code/CLS1.o
 .rodata        0x000102a8      0xa54 ./Generated_Code/BT1.o
 .rodata        0x00010cfc      0x384 ./Sources/serial_communication.o
 .rodata        0x00011080       0x5c ./Sources/frtos_tasks.o
 .rodata        0x000110dc       0x60 ./Sources/driving.o
 .rodata        0x0001113c       0x14 ./Sources/Events.o
 .rodata        0x00011150       0x40 c:/freescale/cw mcu v10.6/cross_tools/arm-none-eabi-gcc-4_7_3/bin/../lib/gcc/arm-none-eabi/4.7.3/armv6-m\libgcc.a(mulsf3.o)
 .rodata        0x00011190       0x40 c:/freescale/cw mcu v10.6/cross_tools/arm-none-eabi-gcc-4_7_3/bin/../lib/gcc/arm-none-eabi/4.7.3/armv6-m\libgcc.a(divdf3.o)
 .rodata        0x000111d0       0x40 c:/freescale/cw mcu v10.6/cross_tools/arm-none-eabi-gcc-4_7_3/bin/../lib/gcc/arm-none-eabi/4.7.3/armv6-m\libgcc.a(muldf3.o)
 *(.rodata*)
 .rodata.ChannelDevice
                0x00011210        0x4 ./Generated_Code/TU2.o
 .rodata.ChannelMode
                0x00011214        0x4 ./Generated_Code/TU2.o
 .rodata.ChannelDevice
                0x00011218        0x4 ./Generated_Code/TU1.o
 .rodata.ChannelMode
                0x0001121c        0x4 ./Generated_Code/TU1.o
 .rodata.InitialCalibration
                0x00011220        0x8 ./Generated_Code/MMA1.o
 .rodata.addr.6798
                0x00011228        0x1 ./Generated_Code/MMA1.o
 .rodata.addr.6790
                0x00011229        0x1 ./Generated_Code/MMA1.o
 .rodata.addr.6782
                0x0001122a        0x1 ./Generated_Code/MMA1.o
 *fill*         0x0001122b        0x1 00
 .rodata.CLS1_stdio
                0x0001122c       0x10 ./Generated_Code/CLS1.o
                0x0001122c                CLS1_stdio
 .rodata.CmdParserTable
                0x0001123c        0xc ./Sources/serial_communication.o
 .rodata.BT_stdio
                0x00011248       0x10 ./Sources/serial_communication.o
 .rodata.L3GgetDegree
                0x00011258       0x8c ./Sources/L3G.o
 .rodata.refreshMovingOffset
                0x000112e4       0x8c ./Sources/L3G.o
 .rodata.L3GSetAngel
                0x00011370       0x8c ./Sources/L3G.o
 .rodata.str1.1
                0x000113fc        0x1 C:/Freescale/CW MCU v10.6/MCU/ARM_GCC_Support/ewl/lib/armv6-m\libc.a(printformat_.o)
 .rodata.CSWTCH.20
                0x000113fd        0x5 C:/Freescale/CW MCU v10.6/MCU/ARM_GCC_Support/ewl/lib/armv6-m\libc.a(printformat_.o)
 .rodata.CSWTCH.21
                0x00011402        0x5 C:/Freescale/CW MCU v10.6/MCU/ARM_GCC_Support/ewl/lib/armv6-m\libc.a(printformat_.o)
 .rodata.__aeabi_ctype_table_C
                0x00011407      0x101 C:/Freescale/CW MCU v10.6/MCU/ARM_GCC_Support/ewl/lib/armv6-m\libc.a(ctype_aeabi.o)
                0x00011407                __aeabi_ctype_table_C
 .rodata.atanlo
                0x00011508       0x20 C:/Freescale/CW MCU v10.6/MCU/ARM_GCC_Support/ewl/lib/armv6-m\libm.a(s_atan.o)
 .rodata.atanhi
                0x00011528       0x20 C:/Freescale/CW MCU v10.6/MCU/ARM_GCC_Support/ewl/lib/armv6-m\libm.a(s_atan.o)
 *(.glue_7)
 .glue_7        0x00000000        0x0 linker stubs
 *(.glue_7t)
 .glue_7t       0x00000000        0x0 linker stubs
 *(.eh_frame)
 *(.init)
 *(.fini)
                0x00011548                . = ALIGN (0x4)
                0x00011548                _etext = .

.vfp11_veneer   0x00011548        0x0
 .vfp11_veneer  0x00000000        0x0 linker stubs

.v4_bx          0x00011548        0x0
 .v4_bx         0x00000000        0x0 linker stubs

.iplt           0x00011548        0x0
 .iplt          0x00000000        0x0 ./Generated_Code/timers.o

.rel.dyn        0x00011548        0x0
 .rel.iplt      0x00000000        0x0 ./Generated_Code/timers.o

.ARM.extab
 *(.ARM.extab* .gnu.linkonce.armextab.*)

.ARM            0x00011548        0x0
                0x00011548                __exidx_start = .
 *(.ARM.exidx*)
                0x00011548                __exidx_end = .

.ctors          0x00011548        0x0
                0x00011548                __CTOR_LIST__ = .
 *crtbegin.o(.ctors)
 *(EXCLUDE_FILE(*crtend.o) .ctors)
 *(SORT(.ctors.*))
 *(.ctors)
                0x00011548                __CTOR_END__ = .

.dtors          0x00011548        0x0
                0x00011548                __DTOR_LIST__ = .
 *crtbegin.o(.dtors)
 *(EXCLUDE_FILE(*crtend.o) .dtors)
 *(SORT(.dtors.*))
 *(.dtors)
                0x00011548                __DTOR_END__ = .

.preinit_array  0x00011548        0x0
                0x00011548                PROVIDE (__preinit_array_start, .)
 *(.preinit_array*)
                0x00011548                PROVIDE (__preinit_array_end, .)

.init_array     0x00011548        0x0
                0x00011548                PROVIDE (__init_array_start, .)
 *(SORT(.init_array.*))
 *(.init_array*)
                0x00011548                PROVIDE (__init_array_end, .)

.fini_array     0x00011548        0x0
                0x00011548                PROVIDE (__fini_array_start, .)
 *(SORT(.fini_array.*))
 *(.fini_array*)
                0x00011548                PROVIDE (__fini_array_end, .)
                0x00011548                ___ROM_AT = .

.mtb            0x1ffff000     0x1000
                0x1ffff000                . = ALIGN (0x8)
                0x1ffff000                _mtb_start = .
 *(.mtb_buf)
 .mtb_buf       0x1ffff000     0x1000 ./Sources/sa_mtb.o
                0x1ffff000                mtb_buf
                0x20000000                . = ALIGN (0x8)
                0x20000000                _mtb_end = .

.data           0x20000000       0x24 load address 0x00011548
                0x20000000                . = ALIGN (0x4)
                0x20000000                _sdata = .
 *(.data)
 *(.data*)
 .data.uxCriticalNesting
                0x20000000        0x4 ./Generated_Code/port.o
 .data.uxTopUsedPriority
                0x20000004        0x4 ./Generated_Code/port.o
                0x20000004                uxTopUsedPriority
 .data.xHeapStructSize
                0x20000008        0x4 ./Generated_Code/heap_4.o
 .data.CLS1_currStdIO
                0x2000000c        0x4 ./Generated_Code/CLS1.o
 .data.BT1_lastErr
                0x20000010        0x1 ./Generated_Code/BT1.o
 .data.state    0x20000011        0x1 ./Sources/serial_communication.o
 .data.kpT      0x20000012        0x1 ./Sources/serial_communication.o
 .data.kdT      0x20000013        0x1 ./Sources/serial_communication.o
 .data.kpG      0x20000014        0x1 ./Sources/serial_communication.o
 .data.kiG      0x20000015        0x1 ./Sources/serial_communication.o
 .data.kdG      0x20000016        0x1 ./Sources/serial_communication.o
 .data.distanceSide
                0x20000017        0x1 ./Sources/driving.o
 .data.distanceFront
                0x20000018        0x1 ./Sources/driving.o
 .data.scaling  0x20000019        0x1 ./Sources/VL6180X.o
 .data.initDevices
                0x2000001a        0x1 ./Sources/VL6180X.o
                0x2000001a                initDevices
 *fill*         0x2000001b        0x1 00
 .data.__double_nan
                0x2000001c        0x8 C:/Freescale/CW MCU v10.6/MCU/ARM_GCC_Support/ewl/lib/armv6-m\libm.a(float.o)
                0x2000001c                __double_nan
                0x20000024                . = ALIGN (0x4)
                0x20000024                _edata = .
                0x00000024                ___data_size = (_edata - _sdata)

.igot.plt       0x20000024        0x0 load address 0x0001156c
 .igot.plt      0x00000000        0x0 ./Generated_Code/timers.o
                0x20000024                . = ALIGN (0x4)

.bss            0x20000024     0x2b08 load address 0x0001156c
                0x20000024                __START_BSS = .
                0x20000024                PROVIDE (__bss_start__, __START_BSS)
 *(.bss)
 *(.bss*)
 .bss.pxCurrentTCB
                0x20000024        0x4 ./Generated_Code/tasks.o
                0x20000024                pxCurrentTCB
 .bss.pxReadyTasksLists
                0x20000028       0x78 ./Generated_Code/tasks.o
 .bss.xDelayedTaskList1
                0x200000a0       0x14 ./Generated_Code/tasks.o
 .bss.xDelayedTaskList2
                0x200000b4       0x14 ./Generated_Code/tasks.o
 .bss.pxDelayedTaskList
                0x200000c8        0x4 ./Generated_Code/tasks.o
 .bss.pxOverflowDelayedTaskList
                0x200000cc        0x4 ./Generated_Code/tasks.o
 .bss.xPendingReadyList
                0x200000d0       0x14 ./Generated_Code/tasks.o
 .bss.xTasksWaitingTermination
                0x200000e4       0x14 ./Generated_Code/tasks.o
 .bss.uxDeletedTasksWaitingCleanUp
                0x200000f8        0x4 ./Generated_Code/tasks.o
 .bss.xSuspendedTaskList
                0x200000fc       0x14 ./Generated_Code/tasks.o
 .bss.uxCurrentNumberOfTasks
                0x20000110        0x4 ./Generated_Code/tasks.o
 .bss.xTickCount
                0x20000114        0x4 ./Generated_Code/tasks.o
 .bss.uxTopReadyPriority
                0x20000118        0x4 ./Generated_Code/tasks.o
 .bss.xSchedulerRunning
                0x2000011c        0x4 ./Generated_Code/tasks.o
 .bss.uxPendedTicks
                0x20000120        0x4 ./Generated_Code/tasks.o
 .bss.xYieldPending
                0x20000124        0x4 ./Generated_Code/tasks.o
 .bss.xNumOfOverflows
                0x20000128        0x4 ./Generated_Code/tasks.o
 .bss.uxTaskNumber
                0x2000012c        0x4 ./Generated_Code/tasks.o
 .bss.xNextTaskUnblockTime
                0x20000130        0x4 ./Generated_Code/tasks.o
 .bss.xIdleTaskHandle
                0x20000134        0x4 ./Generated_Code/tasks.o
 .bss.uxSchedulerSuspended
                0x20000138        0x4 ./Generated_Code/tasks.o
 .bss.ucHeap    0x2000013c     0x2134 ./Generated_Code/heap_4.o
 .bss.xStart    0x20002270        0x8 ./Generated_Code/heap_4.o
 .bss.pxEnd     0x20002278        0x4 ./Generated_Code/heap_4.o
 .bss.xFreeBytesRemaining
                0x2000227c        0x4 ./Generated_Code/heap_4.o
 .bss.xMinimumEverFreeBytesRemaining
                0x20002280        0x4 ./Generated_Code/heap_4.o
 .bss.xBlockAllocatedBit
                0x20002284        0x4 ./Generated_Code/heap_4.o
 .bss.DeviceDataPrv__DEFAULT_RTOS_ALLOC
                0x20002288        0x4 ./Generated_Code/Watermark.o
 .bss.DeviceDataPrv__DEFAULT_RTOS_ALLOC
                0x2000228c        0x4 ./Generated_Code/TofCE3.o
 .bss.DeviceDataPrv__DEFAULT_RTOS_ALLOC
                0x20002290        0x4 ./Generated_Code/TofCE2.o
 .bss.DeviceDataPrv__DEFAULT_RTOS_ALLOC
                0x20002294        0x4 ./Generated_Code/TofCE1.o
 .bss.DeviceDataPrv__DEFAULT_RTOS_ALLOC
                0x20002298        0x8 ./Generated_Code/TU2.o
 .bss.DeviceDataPrv__DEFAULT_RTOS_ALLOC
                0x200022a0        0xc ./Generated_Code/TU1.o
 .bss.INT_TPM2__BAREBOARD_RTOS_ISRPARAM
                0x200022ac        0x4 ./Generated_Code/TU1.o
 .bss.TMOUT1_Counters
                0x200022b0        0x8 ./Generated_Code/TMOUT1.o
 .bss.TMOUT1_FreeCounters
                0x200022b8        0x4 ./Generated_Code/TMOUT1.o
 .bss.SerFlag   0x200022bc        0x2 ./Generated_Code/Serial1.o
 .bss.Serial1_InpLen
                0x200022be        0x2 ./Generated_Code/Serial1.o
 .bss.InpIndexR
                0x200022c0        0x2 ./Generated_Code/Serial1.o
 .bss.InpIndexW
                0x200022c2        0x2 ./Generated_Code/Serial1.o
 .bss.InpBuffer
                0x200022c4       0x20 ./Generated_Code/Serial1.o
 .bss.BufferRead
                0x200022e4        0x1 ./Generated_Code/Serial1.o
 *fill*         0x200022e5        0x1 00
 .bss.Serial1_OutLen
                0x200022e6        0x2 ./Generated_Code/Serial1.o
 .bss.OutIndexR
                0x200022e8        0x2 ./Generated_Code/Serial1.o
 .bss.OutIndexW
                0x200022ea        0x2 ./Generated_Code/Serial1.o
 .bss.OutBuffer
                0x200022ec       0x20 ./Generated_Code/Serial1.o
 .bss.DeviceDataPrv__DEFAULT_RTOS_ALLOC
                0x2000230c        0xc ./Generated_Code/PwmLdd4.o
 .bss.DeviceDataPrv__DEFAULT_RTOS_ALLOC
                0x20002318        0xc ./Generated_Code/PwmLdd3.o
 .bss.DeviceDataPrv__DEFAULT_RTOS_ALLOC
                0x20002324        0xc ./Generated_Code/PwmLdd2.o
 .bss.DeviceDataPrv__DEFAULT_RTOS_ALLOC
                0x20002330        0xc ./Generated_Code/PwmLdd1.o
 .bss.PE_LDD_DeviceDataList
                0x2000233c       0x58 ./Generated_Code/PE_LDD.o
                0x2000233c                PE_LDD_DeviceDataList
 .bss.sCalValues
                0x20002394        0x8 ./Generated_Code/MMA1.o
 .bss.GI2C2_deviceData
                0x2000239c        0x8 ./Generated_Code/GI2C2.o
 .bss.GI2C2_busSem
                0x200023a4        0x4 ./Generated_Code/GI2C2.o
 .bss.writeBuf.6725
                0x200023a8       0x10 ./Generated_Code/GI2C2.o
 .bss.GI2C1_deviceData
                0x200023b8        0x8 ./Generated_Code/GI2C1.o
 .bss.GI2C1_busSem
                0x200023c0        0x4 ./Generated_Code/GI2C1.o
 .bss.writeBuf.6725
                0x200023c4       0x10 ./Generated_Code/GI2C1.o
 .bss.DeviceDataPrv__DEFAULT_RTOS_ALLOC
                0x200023d4        0x4 ./Generated_Code/DIR_RIGHT1.o
 .bss.DeviceDataPrv__DEFAULT_RTOS_ALLOC
                0x200023d8        0x4 ./Generated_Code/DIR_RIGHT.o
 .bss.DeviceDataPrv__DEFAULT_RTOS_ALLOC
                0x200023dc        0x4 ./Generated_Code/DIR_LEFT1.o
 .bss.DeviceDataPrv__DEFAULT_RTOS_ALLOC
                0x200023e0        0x4 ./Generated_Code/DIR_LEFT.o
 .bss.SR_lock   0x200023e4        0x1 ./Generated_Code/Cpu.o
                0x200023e4                SR_lock
 *fill*         0x200023e5        0x3 00
 .bss.ShellSem  0x200023e8        0x4 ./Generated_Code/CLS1.o
 .bss.DeviceDataPrv__DEFAULT_RTOS_ALLOC
                0x200023ec       0x18 ./Generated_Code/CI2C2.o
 .bss.INT_I2C0__BAREBOARD_RTOS_ISRPARAM
                0x20002404        0x4 ./Generated_Code/CI2C2.o
 .bss.DeviceDataPrv__DEFAULT_RTOS_ALLOC
                0x20002408       0x18 ./Generated_Code/CI2C1.o
 .bss.INT_I2C1__BAREBOARD_RTOS_ISRPARAM
                0x20002420        0x4 ./Generated_Code/CI2C1.o
 .bss.DeviceDataPrv__DEFAULT_RTOS_ALLOC
                0x20002424        0x4 ./Generated_Code/BitIoLdd4.o
 .bss.DeviceDataPrv__DEFAULT_RTOS_ALLOC
                0x20002428        0x4 ./Generated_Code/BitIoLdd3.o
 .bss.DeviceDataPrv__DEFAULT_RTOS_ALLOC
                0x2000242c        0x4 ./Generated_Code/BitIoLdd1.o
 .bss.DeviceDataPrv__DEFAULT_RTOS_ALLOC
                0x20002430        0x4 ./Generated_Code/BT_EN.o
 .bss.DeviceDataPrv__DEFAULT_RTOS_ALLOC
                0x20002434       0x20 ./Generated_Code/ASerialLdd2.o
 .bss.INT_UART1__BAREBOARD_RTOS_ISRPARAM
                0x20002454        0x4 ./Generated_Code/ASerialLdd2.o
 .bss.DeviceDataPrv__DEFAULT_RTOS_ALLOC
                0x20002458       0x20 ./Generated_Code/ASerialLdd1.o
 .bss.INT_UART0__BAREBOARD_RTOS_ISRPARAM
                0x20002478        0x4 ./Generated_Code/ASerialLdd1.o
 .bss.SerFlag   0x2000247c        0x2 ./Generated_Code/AS1.o
 .bss.AS1_InpLen
                0x2000247e        0x2 ./Generated_Code/AS1.o
 .bss.InpIndexR
                0x20002480        0x2 ./Generated_Code/AS1.o
 .bss.InpIndexW
                0x20002482        0x2 ./Generated_Code/AS1.o
 .bss.InpBuffer
                0x20002484       0x40 ./Generated_Code/AS1.o
 .bss.BufferRead
                0x200024c4        0x1 ./Generated_Code/AS1.o
 *fill*         0x200024c5        0x1 00
 .bss.AS1_OutLen
                0x200024c6        0x2 ./Generated_Code/AS1.o
 .bss.OutIndexR
                0x200024c8        0x2 ./Generated_Code/AS1.o
 .bss.OutIndexW
                0x200024ca        0x2 ./Generated_Code/AS1.o
 .bss.OutBuffer
                0x200024cc       0xa0 ./Generated_Code/AS1.o
 .bss.OnFreeTxBufSemaphore
                0x2000256c        0x1 ./Generated_Code/AS1.o
 *fill*         0x2000256d        0x3 00
 .bss.argv      0x20002570        0x4 ./Project_Settings/Startup_Code/__arm_start.o
 .bss.courseSet
                0x20002574        0x1 ./Sources/serial_communication.o
 .bss.hello     0x20002575        0x1 ./Sources/serial_communication.o
 .bss.start     0x20002576        0x1 ./Sources/serial_communication.o
 .bss.course    0x20002577        0x1 ./Sources/serial_communication.o
 .bss.tof_l_s   0x20002578        0x2 ./Sources/serial_communication.o
 .bss.tof_r_s   0x2000257a        0x2 ./Sources/serial_communication.o
 .bss.tof_f_s   0x2000257c        0x2 ./Sources/serial_communication.o
 .bss.raupe_i_l
                0x2000257e        0x1 ./Sources/serial_communication.o
 .bss.raupe_i_r
                0x2000257f        0x1 ./Sources/serial_communication.o
 .bss.gyroskop_s
                0x20002580        0x1 ./Sources/serial_communication.o
 .bss.servo_s   0x20002581        0x1 ./Sources/serial_communication.o
 .bss.letter    0x20002582        0x1 ./Sources/serial_communication.o
 *fill*         0x20002583        0x1 00
 .bss.tof_l_i   0x20002584        0x2 ./Sources/serial_communication.o
 .bss.tof_r_i   0x20002586        0x2 ./Sources/serial_communication.o
 .bss.tof_f_i   0x20002588        0x2 ./Sources/serial_communication.o
 .bss.raupe_l_i
                0x2000258a        0x1 ./Sources/serial_communication.o
 .bss.raupe_r_i
                0x2000258b        0x1 ./Sources/serial_communication.o
 .bss.gyro_n    0x2000258c        0x2 ./Sources/serial_communication.o
 .bss.gyro_g    0x2000258e        0x2 ./Sources/serial_communication.o
 .bss.gyroskop_i
                0x20002590        0x1 ./Sources/serial_communication.o
 .bss.servo_i   0x20002591        0x1 ./Sources/serial_communication.o
 .bss.errState  0x20002592        0x1 ./Sources/serial_communication.o
 .bss.kiT       0x20002593        0x1 ./Sources/serial_communication.o
 .bss.timems.7591
                0x20002594        0x1 ./Sources/pid.o
 *fill*         0x20002595        0x1 00
 .bss.pwmLeft   0x20002596        0x2 ./Sources/motor.o
 .bss.pwmRight  0x20002598        0x2 ./Sources/motor.o
 .bss.kpToF     0x2000259a        0x1 ./Sources/driving.o
 .bss.kiToF     0x2000259b        0x1 ./Sources/driving.o
 .bss.kdToF     0x2000259c        0x1 ./Sources/driving.o
 .bss.kpGyro    0x2000259d        0x1 ./Sources/driving.o
 .bss.kiGyro    0x2000259e        0x1 ./Sources/driving.o
 .bss.kdGyro    0x2000259f        0x1 ./Sources/driving.o
 .bss.device    0x200025a0        0x1 ./Sources/driving.o
 .bss.speed     0x200025a1        0x1 ./Sources/driving.o
 .bss.letter    0x200025a2        0x1 ./Sources/driving.o
 .bss.stop      0x200025a3        0x1 ./Sources/driving.o
 .bss.parcour   0x200025a4        0x1 ./Sources/driving.o
 *fill*         0x200025a5        0x1 00
 .bss.timeout   0x200025a6        0x2 ./Sources/driving.o
 .bss.optRange  0x200025a8        0x1 ./Sources/driving.o
 *fill*         0x200025a9        0x1 00
 .bss.optAngel  0x200025aa        0x2 ./Sources/driving.o
 .bss.timems.8174
                0x200025ac        0x1 ./Sources/driving.o
 *fill*         0x200025ad        0x3 00
 .bss.timecount.8175
                0x200025b0        0x4 ./Sources/driving.o
 .bss.ToFDevice
                0x200025b4       0x14 ./Sources/VL6180X.o
 .bss.device    0x200025c8        0x1 ./Sources/L3G.o
 *fill*         0x200025c9        0x3 00
 .bss.gyro      0x200025cc       0x1c ./Sources/L3G.o
 .bss.vX        0x200025e8      0x190 ./Sources/L3G.o
 .bss.vY        0x20002778      0x190 ./Sources/L3G.o
 .bss.vZ        0x20002908      0x190 ./Sources/L3G.o
 .bss.Offset    0x20002a98        0x4 ./Sources/L3G.o
 .bss.res       0x20002a9c        0x1 ./Sources/L3G.o
 .bss.accelCounter.7823
                0x20002a9d        0x1 ./Sources/L3G.o
 .bss.iX.7796   0x20002a9e        0x2 ./Sources/L3G.o
 .bss.iY.7797   0x20002aa0        0x2 ./Sources/L3G.o
 .bss.iZ.7798   0x20002aa2        0x2 ./Sources/L3G.o
 .bss.__stdio_exit
                0x20002aa4        0x4 C:/Freescale/CW MCU v10.6/MCU/ARM_GCC_Support/ewl/lib/armv6-m\libc.a(exit.o)
                0x20002aa4                __stdio_exit
 .bss.__console_exit
                0x20002aa8        0x4 C:/Freescale/CW MCU v10.6/MCU/ARM_GCC_Support/ewl/lib/armv6-m\libc.a(exit.o)
                0x20002aa8                __console_exit
 .bss.__S_romp  0x20002aac        0xc C:/Freescale/CW MCU v10.6/MCU/ARM_GCC_Support/ewl/lib/armv6-m\librt.a(ROMCopy.o)
 .bss.__global_destructor_chain
                0x20002ab8        0x4 C:/Freescale/CW MCU v10.6/MCU/ARM_GCC_Support/ewl/lib/armv6-m\librt.a(__arm_eabi_init.o)
                0x20002ab8                __global_destructor_chain
 *(COMMON)
 COMMON         0x20002abc       0x28 ./Generated_Code/queue.o
                0x20002abc                xQueueRegistry
 COMMON         0x20002ae4        0x4 ./Generated_Code/Serial1.o
                0x20002ae4                ASerialLdd2_DeviceDataPtr
 COMMON         0x20002ae8        0x1 ./Generated_Code/Cpu.o
                0x20002ae8                SR_reg
 *fill*         0x20002ae9        0x3 00
 COMMON         0x20002aec        0x4 ./Generated_Code/AS1.o
                0x20002aec                ASerialLdd1_DeviceDataPtr
 COMMON         0x20002af0       0x30 ./Sources/pid.o
                0x20002af0                pid
 COMMON         0x20002b20        0x7 ./Sources/frtos_tasks.o
                0x20002b20                Task3Started
                0x20002b21                Task2Started
                0x20002b22                Task7Started
                0x20002b23                Task4Started
                0x20002b24                Task6Started
                0x20002b25                Task5Started
                0x20002b26                GyroTaskStarted
 *fill*         0x20002b27        0x1 00
 COMMON         0x20002b28        0x4 C:/Freescale/CW MCU v10.6/MCU/ARM_GCC_Support/ewl/lib/armv6-m\libc.a(errno.o)
                0x20002b28                errno
                0x20002b2c                . = ALIGN (0x4)
                0x20002b2c                __END_BSS = .
                0x20002b2c                PROVIDE (__bss_end__, __END_BSS)
                0x0001156c                _romp_at = (___ROM_AT + SIZEOF (.data))

.romp           0x20002b2c       0x18 load address 0x0001156c
                0x0001156c                __S_romp = _romp_at
                0x20002b2c        0x4 LONG 0x11548 ___ROM_AT
                0x20002b30        0x4 LONG 0x20000000 _sdata
                0x20002b34        0x4 LONG 0x24 ___data_size
                0x20002b38        0x4 LONG 0x0
                0x20002b3c        0x4 LONG 0x0
                0x20002b40        0x4 LONG 0x0

._user_heap_stack
                0x20002b44      0x400 load address 0x00011584
                0x20002b44                . = ALIGN (0x4)
                0x20002b44                PROVIDE (end, .)
                0x20002b44                PROVIDE (_end, .)
                0x20002b44                __heap_addr = .
                0x20002b44                . = (. + __heap_size)
                0x20002f44                . = (. + __stack_size)
 *fill*         0x20002b44      0x400 00
                0x20002f44                . = ALIGN (0x4)

.ARM.attributes
                0x00000000       0x2f
 *(.ARM.attributes)
 .ARM.attributes
                0x00000000       0x31 ./Generated_Code/tasks.o
 .ARM.attributes
                0x00000031       0x31 ./Generated_Code/queue.o
 .ARM.attributes
                0x00000062       0x31 ./Generated_Code/port.o
 .ARM.attributes
                0x00000093       0x31 ./Generated_Code/list.o
 .ARM.attributes
                0x000000c4       0x31 ./Generated_Code/heap_4.o
 .ARM.attributes
                0x000000f5       0x31 ./Generated_Code/Watermark.o
 .ARM.attributes
                0x00000126       0x31 ./Generated_Code/WAIT1.o
 .ARM.attributes
                0x00000157       0x31 ./Generated_Code/Vectors.o
 .ARM.attributes
                0x00000188       0x31 ./Generated_Code/UTIL1.o
 .ARM.attributes
                0x000001b9       0x31 ./Generated_Code/TofCE3.o
 .ARM.attributes
                0x000001ea       0x31 ./Generated_Code/TofCE2.o
 .ARM.attributes
                0x0000021b       0x31 ./Generated_Code/TofCE1.o
 .ARM.attributes
                0x0000024c       0x31 ./Generated_Code/TU2.o
 .ARM.attributes
                0x0000027d       0x31 ./Generated_Code/TU1.o
 .ARM.attributes
                0x000002ae       0x31 ./Generated_Code/TSK1.o
 .ARM.attributes
                0x000002df       0x31 ./Generated_Code/TMOUT1.o
 .ARM.attributes
                0x00000310       0x31 ./Generated_Code/Serial1.o
 .ARM.attributes
                0x00000341       0x31 ./Generated_Code/RED.o
 .ARM.attributes
                0x00000372       0x31 ./Generated_Code/PwmLdd4.o
 .ARM.attributes
                0x000003a3       0x31 ./Generated_Code/PwmLdd3.o
 .ARM.attributes
                0x000003d4       0x31 ./Generated_Code/PwmLdd2.o
 .ARM.attributes
                0x00000405       0x31 ./Generated_Code/PwmLdd1.o
 .ARM.attributes
                0x00000436       0x31 ./Generated_Code/PWM_RIGHT.o
 .ARM.attributes
                0x00000467       0x31 ./Generated_Code/PWM_LEFT.o
 .ARM.attributes
                0x00000498       0x31 ./Generated_Code/PE_LDD.o
 .ARM.attributes
                0x000004c9       0x31 ./Generated_Code/MMA1.o
 .ARM.attributes
                0x000004fa       0x31 ./Generated_Code/LED_GREEN.o
 .ARM.attributes
                0x0000052b       0x31 ./Generated_Code/GI2C2.o
 .ARM.attributes
                0x0000055c       0x31 ./Generated_Code/GI2C1.o
 .ARM.attributes
                0x0000058d       0x31 ./Generated_Code/DIR_RIGHT1.o
 .ARM.attributes
                0x000005be       0x31 ./Generated_Code/DIR_RIGHT.o
 .ARM.attributes
                0x000005ef       0x31 ./Generated_Code/DIR_LEFT1.o
 .ARM.attributes
                0x00000620       0x31 ./Generated_Code/DIR_LEFT.o
 .ARM.attributes
                0x00000651       0x31 ./Generated_Code/Cpu.o
 .ARM.attributes
                0x00000682       0x31 ./Generated_Code/CLS1.o
 .ARM.attributes
                0x000006b3       0x31 ./Generated_Code/CI2C2.o
 .ARM.attributes
                0x000006e4       0x31 ./Generated_Code/CI2C1.o
 .ARM.attributes
                0x00000715       0x31 ./Generated_Code/BitIoLdd4.o
 .ARM.attributes
                0x00000746       0x31 ./Generated_Code/BitIoLdd3.o
 .ARM.attributes
                0x00000777       0x31 ./Generated_Code/BitIoLdd1.o
 .ARM.attributes
                0x000007a8       0x31 ./Generated_Code/BT_EN.o
 .ARM.attributes
                0x000007d9       0x31 ./Generated_Code/BT1.o
 .ARM.attributes
                0x0000080a       0x31 ./Generated_Code/ASerialLdd2.o
 .ARM.attributes
                0x0000083b       0x31 ./Generated_Code/ASerialLdd1.o
 .ARM.attributes
                0x0000086c       0x31 ./Generated_Code/AS1.o
 .ARM.attributes
                0x0000089d       0x31 ./Project_Settings/Startup_Code/__arm_start.o
 .ARM.attributes