Archive member included because of file (symbol)

C:/Freescale/CW MCU v10.6/MCU/ARM_GCC_Support/ewl/lib/armv6-m\libc.a(exit.o)
                              ./Project_Settings/Startup_Code/__arm_start.o (exit)
C:/Freescale/CW MCU v10.6/MCU/ARM_GCC_Support/ewl/lib/armv6-m\libc.a(qsort.o)
                              ./Sources/L3G.o (qsort)
C:/Freescale/CW MCU v10.6/MCU/ARM_GCC_Support/ewl/lib/armv6-m\libc.a(memcpy.o)
                              ./Generated_Code/queue.o (memcpy)
C:/Freescale/CW MCU v10.6/MCU/ARM_GCC_Support/ewl/lib/armv6-m\libc.a(memset.o)
                              ./Generated_Code/tasks.o (memset)
C:/Freescale/CW MCU v10.6/MCU/ARM_GCC_Support/ewl/lib/armv6-m\libc.a(strchr.o)
                              ./Generated_Code/UTIL1.o (strchr)
C:/Freescale/CW MCU v10.6/MCU/ARM_GCC_Support/ewl/lib/armv6-m\libc.a(strcmp.o)
                              ./Generated_Code/CLS1.o (strcmp)
C:/Freescale/CW MCU v10.6/MCU/ARM_GCC_Support/ewl/lib/armv6-m\libc.a(strlen.o)
                              ./Generated_Code/UTIL1.o (strlen)
C:/Freescale/CW MCU v10.6/MCU/ARM_GCC_Support/ewl/lib/armv6-m\libc.a(strncmp.o)
                              ./Generated_Code/UTIL1.o (strncmp)
C:/Freescale/CW MCU v10.6/MCU/ARM_GCC_Support/ewl/lib/armv6-m\libc.a(printformat_.o)
                              (__pformatter_)
C:/Freescale/CW MCU v10.6/MCU/ARM_GCC_Support/ewl/lib/armv6-m\libc.a(scanformat_.o)
                              (__sformatter)
C:/Freescale/CW MCU v10.6/MCU/ARM_GCC_Support/ewl/lib/armv6-m\libc.a(ctype_aeabi.o)
                              C:/Freescale/CW MCU v10.6/MCU/ARM_GCC_Support/ewl/lib/armv6-m\libc.a(scanformat_.o) (isspace)
C:/Freescale/CW MCU v10.6/MCU/ARM_GCC_Support/ewl/lib/armv6-m\libc.a(__strtoul.o)
                              C:/Freescale/CW MCU v10.6/MCU/ARM_GCC_Support/ewl/lib/armv6-m\libc.a(scanformat_.o) (__strtoul)
C:/Freescale/CW MCU v10.6/MCU/ARM_GCC_Support/ewl/lib/armv6-m\libc.a(__filll_mem.o)
                              C:/Freescale/CW MCU v10.6/MCU/ARM_GCC_Support/ewl/lib/armv6-m\libc.a(memset.o) (__fill_mem)
C:/Freescale/CW MCU v10.6/MCU/ARM_GCC_Support/ewl/lib/armv6-m\libc.a(memchr.o)
                              C:/Freescale/CW MCU v10.6/MCU/ARM_GCC_Support/ewl/lib/armv6-m\libc.a(printformat_.o) (memchr)
C:/Freescale/CW MCU v10.6/MCU/ARM_GCC_Support/ewl/lib/armv6-m\libm.a(s_cos.o)
                              ./Sources/pid.o (cos)
C:/Freescale/CW MCU v10.6/MCU/ARM_GCC_Support/ewl/lib/armv6-m\libm.a(e_rem_pio2.o)
                              C:/Freescale/CW MCU v10.6/MCU/ARM_GCC_Support/ewl/lib/armv6-m\libm.a(s_cos.o) (__ieee754_rem_pio2)
C:/Freescale/CW MCU v10.6/MCU/ARM_GCC_Support/ewl/lib/armv6-m\libm.a(k_cos.o)
                              C:/Freescale/CW MCU v10.6/MCU/ARM_GCC_Support/ewl/lib/armv6-m\libm.a(s_cos.o) (__kernel_cos)
C:/Freescale/CW MCU v10.6/MCU/ARM_GCC_Support/ewl/lib/armv6-m\libm.a(k_rem_pio2.o)
                              C:/Freescale/CW MCU v10.6/MCU/ARM_GCC_Support/ewl/lib/armv6-m\libm.a(e_rem_pio2.o) (__kernel_rem_pio2)
C:/Freescale/CW MCU v10.6/MCU/ARM_GCC_Support/ewl/lib/armv6-m\libm.a(k_sin.o)
                              C:/Freescale/CW MCU v10.6/MCU/ARM_GCC_Support/ewl/lib/armv6-m\libm.a(s_cos.o) (__kernel_sin)
C:/Freescale/CW MCU v10.6/MCU/ARM_GCC_Support/ewl/lib/armv6-m\libm.a(s_floor.o)
                              C:/Freescale/CW MCU v10.6/MCU/ARM_GCC_Support/ewl/lib/armv6-m\libm.a(k_rem_pio2.o) (floor)
C:/Freescale/CW MCU v10.6/MCU/ARM_GCC_Support/ewl/lib/armv6-m\libm.a(scalbn.o)
                              C:/Freescale/CW MCU v10.6/MCU/ARM_GCC_Support/ewl/lib/armv6-m\libm.a(k_rem_pio2.o) (scalbn)
C:/Freescale/CW MCU v10.6/MCU/ARM_GCC_Support/ewl/lib/armv6-m\libm.a(s_frexp.o)
                              C:/Freescale/CW MCU v10.6/MCU/ARM_GCC_Support/ewl/lib/armv6-m\libm.a(scalbn.o) (frexp)
C:/Freescale/CW MCU v10.6/MCU/ARM_GCC_Support/ewl/lib/armv6-m\libm.a(s_ldexp.o)
                              C:/Freescale/CW MCU v10.6/MCU/ARM_GCC_Support/ewl/lib/armv6-m\libm.a(scalbn.o) (ldexp)
C:/Freescale/CW MCU v10.6/MCU/ARM_GCC_Support/ewl/lib/armv6-m\libm.a(math_api.o)
                              C:/Freescale/CW MCU v10.6/MCU/ARM_GCC_Support/ewl/lib/armv6-m\libm.a(s_ldexp.o) (__fpclassifyd)
c:/freescale/cw mcu v10.6/cross_tools/arm-none-eabi-gcc-4_7_3/bin/../lib/gcc/arm-none-eabi/4.7.3/armv6-m\libgcc.a(_thumb1_case_sqi.o)
                              C:/Freescale/CW MCU v10.6/MCU/ARM_GCC_Support/ewl/lib/armv6-m\libc.a(__strtoul.o) (__gnu_thumb1_case_sqi)
c:/freescale/cw mcu v10.6/cross_tools/arm-none-eabi-gcc-4_7_3/bin/../lib/gcc/arm-none-eabi/4.7.3/armv6-m\libgcc.a(_thumb1_case_uqi.o)
                              C:/Freescale/CW MCU v10.6/MCU/ARM_GCC_Support/ewl/lib/armv6-m\libc.a(scanformat_.o) (__gnu_thumb1_case_uqi)
c:/freescale/cw mcu v10.6/cross_tools/arm-none-eabi-gcc-4_7_3/bin/../lib/gcc/arm-none-eabi/4.7.3/armv6-m\libgcc.a(_udivsi3.o)
                              ./Generated_Code/UTIL1.o (__aeabi_uidiv)
[...]
Memory Configuration

Name             Origin             Length             Attributes
m_interrupts     0x00000000         0x000000c0         xr
m_text           0x00000410         0x0001fbf0         xr
m_data           0x1ffff000         0x00004000         rw
m_cfmprotrom     0x00000400         0x00000010         xr
*default*        0x00000000         0xffffffff

Linker script and memory map

LOAD ./Generated_Code/timers.o
LOAD ./Generated_Code/tasks.o
LOAD ./Generated_Code/queue.o
LOAD ./Generated_Code/portasm.o
LOAD ./Generated_Code/port.o
LOAD ./Generated_Code/list.o
LOAD ./Generated_Code/heap_5.o
LOAD ./Generated_Code/heap_4.o
LOAD ./Generated_Code/heap_3.o
LOAD ./Generated_Code/heap_2.o
LOAD ./Generated_Code/heap_1.o
LOAD ./Generated_Code/event_groups.o
LOAD ./Generated_Code/croutine.o
LOAD ./Generated_Code/WAIT1.o
LOAD ./Generated_Code/Vectors.o
LOAD ./Generated_Code/UTIL1.o
LOAD ./Generated_Code/TofCE3.o
LOAD ./Generated_Code/TofCE2.o
LOAD ./Generated_Code/TofCE1.o
LOAD ./Generated_Code/TU2.o
LOAD ./Generated_Code/TU1.o
LOAD ./Generated_Code/TSK1.o
LOAD ./Generated_Code/RED.o
LOAD ./Generated_Code/PwmLdd3.o
LOAD ./Generated_Code/PwmLdd2.o
LOAD ./Generated_Code/PwmLdd1.o
LOAD ./Generated_Code/PWM_RIGHT.o
LOAD ./Generated_Code/PWM_LEFT.o
LOAD ./Generated_Code/PWM_Gyro.o
LOAD ./Generated_Code/PE_LDD.o
LOAD ./Generated_Code/LEDpin4.o
LOAD ./Generated_Code/LEDpin3.o
LOAD ./Generated_Code/LED_GREEN.o
LOAD ./Generated_Code/KSDK1.o
LOAD ./Generated_Code/GI2C1.o
LOAD ./Generated_Code/FRTOS1.o
LOAD ./Generated_Code/DIR_RIGHT.o
LOAD ./Generated_Code/DIR_LEFT.o
LOAD ./Generated_Code/Cpu.o
LOAD ./Generated_Code/CS1.o
LOAD ./Generated_Code/CLS1.o
LOAD ./Generated_Code/CI2C1.o
LOAD ./Generated_Code/BitIoLdd4.o
LOAD ./Generated_Code/BitIoLdd3.o
LOAD ./Generated_Code/AdcLdd1.o
LOAD ./Generated_Code/ASerialLdd1.o
LOAD ./Generated_Code/AS1.o
LOAD ./Generated_Code/AD1.o
LOAD ./Project_Settings/Startup_Code/__arm_start.o
LOAD ./Project_Settings/Startup_Code/__arm_end.o
LOAD ./Sources/serial_communication.o
LOAD ./Sources/sa_mtb.o
LOAD ./Sources/pid.o
LOAD ./Sources/motor.o
LOAD ./Sources/main.o
LOAD ./Sources/frtos_tasks.o
LOAD ./Sources/driving.o
LOAD ./Sources/VL6180X.o
LOAD ./Sources/L3G.o
LOAD ./Sources/Events.o
                0x00008e90                __pformatter = __pformatter_
                [0x000092b8]                __sformatter = __sformatter
START GROUP
LOAD C:/Freescale/CW MCU v10.6/MCU/ARM_GCC_Support/ewl/lib/armv6-m\libc.a
LOAD C:/Freescale/CW MCU v10.6/MCU/ARM_GCC_Support/ewl/lib/armv6-m\libm.a
LOAD c:/freescale/cw mcu v10.6/cross_tools/arm-none-eabi-gcc-4_7_3/bin/../lib/gcc/arm-none-eabi/4.7.3/armv6-m\libgcc.a
LOAD C:/Freescale/CW MCU v10.6/MCU/ARM_GCC_Support/ewl/lib/armv6-m\librt.a
LOAD C:/Freescale/CW MCU v10.6/MCU/ARM_GCC_Support/ewl/lib/armv6-m\libuart.a
END GROUP
                0x20003000                _estack = 0x20003000
                0x20003000                __SP_INIT = _estack
                0x00000000                __heap_size = 0x0
                0x00000400                __stack_size = 0x400

.interrupts     0x00000000       0xc0
                0x00000000                __vector_table = .
                0x00000000                . = ALIGN (0x4)
 *(.vectortable)
 .vectortable   0x00000000       0xc0 ./Generated_Code/Vectors.o
                0x00000000                __vect_table
                0x000000c0                . = ALIGN (0x4)

.cfmprotect     0x00000400       0x10
                0x00000400                . = ALIGN (0x4)
 *(.cfmconfig)
 .cfmconfig     0x00000400       0x10 ./Generated_Code/Cpu.o
                0x00000400                _cfm
                0x00000410                . = ALIGN (0x4)

.text           0x00000410     0xb138
                0x00000410                . = ALIGN (0x4)
 *(.text)
 .text          0x00000410       0x14 c:/freescale/cw mcu v10.6/cross_tools/arm-none-eabi-gcc-4_7_3/bin/../lib/gcc/arm-none-eabi/4.7.3/armv6-m\libgcc.a(_thumb1_case_sqi.o)
                0x00000410                __gnu_thumb1_case_sqi
 .text          0x00000424       0x14 c:/freescale/cw mcu v10.6/cross_tools/arm-none-eabi-gcc-4_7_3/bin/../lib/gcc/arm-none-eabi/4.7.3/armv6-m\libgcc.a(_thumb1_case_uqi.o)
                0x00000424                __gnu_thumb1_case_uqi
 .text          0x00000438       0x9c c:/freescale/cw mcu v10.6/cross_tools/arm-none-eabi-gcc-4_7_3/bin/../lib/gcc/arm-none-eabi/4.7.3/armv6-m\libgcc.a(_udivsi3.o)
                0x00000438                __aeabi_uidiv
                0x00000438                __udivsi3
                0x000004c0                __aeabi_uidivmod
 .text          0x000004d4       0xc0 c:/freescale/cw mcu v10.6/cross_tools/arm-none-eabi-gcc-4_7_3/bin/../lib/gcc/arm-none-eabi/4.7.3/armv6-m\libgcc.a(_divsi3.o)
                0x000004d4                __divsi3
                0x000004d4                __aeabi_idiv
                0x00000580                __aeabi_idivmod
 .text          0x00000594        0x4 c:/freescale/cw mcu v10.6/cross_tools/arm-none-eabi-gcc-4_7_3/bin/../lib/gcc/arm-none-eabi/4.7.3/armv6-m\libgcc.a(_dvmd_tls.o)
                0x00000594                __aeabi_idiv0
                0x00000594                __aeabi_ldiv0
 .text          0x00000598       0x7c c:/freescale/cw mcu v10.6/cross_tools/arm-none-eabi-gcc-4_7_3/bin/../lib/gcc/arm-none-eabi/4.7.3/armv6-m\libgcc.a(_arm_cmpdf2.o)
                0x00000598                __aeabi_cdrcmple
                0x000005a8                __aeabi_cdcmple
                0x000005a8                __aeabi_cdcmpeq
                0x000005b8                __aeabi_dcmpeq
                0x000005c4                __aeabi_dcmplt
                0x000005d8                __aeabi_dcmple
                0x000005ec                __aeabi_dcmpgt
                0x00000600                __aeabi_dcmpge
 .text          0x00000614      0x758 c:/freescale/cw mcu v10.6/cross_tools/arm-none-eabi-gcc-4_7_3/bin/../lib/gcc/arm-none-eabi/4.7.3/armv6-m\libgcc.a(adddf3.o)
                0x00000614                __aeabi_dadd
 .text          0x00000d6c      0x5b8 c:/freescale/cw mcu v10.6/cross_tools/arm-none-eabi-gcc-4_7_3/bin/../lib/gcc/arm-none-eabi/4.7.3/armv6-m\libgcc.a(divdf3.o)
                0x00000d6c                __aeabi_ddiv
 .text          0x00001324       0x7c c:/freescale/cw mcu v10.6/cross_tools/arm-none-eabi-gcc-4_7_3/bin/../lib/gcc/arm-none-eabi/4.7.3/armv6-m\libgcc.a(eqdf2.o)
                0x00001324                __nedf2
                0x00001324                __eqdf2
 .text          0x000013a0       0xe8 c:/freescale/cw mcu v10.6/cross_tools/arm-none-eabi-gcc-4_7_3/bin/../lib/gcc/arm-none-eabi/4.7.3/armv6-m\libgcc.a(gedf2.o)
                0x000013a0                __gedf2
                0x000013a0                __gtdf2
 .text          0x00001488       0xd8 c:/freescale/cw mcu v10.6/cross_tools/arm-none-eabi-gcc-4_7_3/bin/../lib/gcc/arm-none-eabi/4.7.3/armv6-m\libgcc.a(ledf2.o)
                0x00001488                __ledf2
                0x00001488                __ltdf2
 .text          0x00001560      0x4e4 c:/freescale/cw mcu v10.6/cross_tools/arm-none-eabi-gcc-4_7_3/bin/../lib/gcc/arm-none-eabi/4.7.3/armv6-m\libgcc.a(muldf3.o)
                0x00001560                __aeabi_dmul
 .text          0x00001a44      0x6f8 c:/freescale/cw mcu v10.6/cross_tools/arm-none-eabi-gcc-4_7_3/bin/../lib/gcc/arm-none-eabi/4.7.3/armv6-m\libgcc.a(subdf3.o)
                0x00001a44                __aeabi_dsub
 .text          0x0000213c       0x68 c:/freescale/cw mcu v10.6/cross_tools/arm-none-eabi-gcc-4_7_3/bin/../lib/gcc/arm-none-eabi/4.7.3/armv6-m\libgcc.a(fixdfsi.o)
                0x0000213c                __aeabi_d2iz
 .text          0x000021a4       0x74 c:/freescale/cw mcu v10.6/cross_tools/arm-none-eabi-gcc-4_7_3/bin/../lib/gcc/arm-none-eabi/4.7.3/armv6-m\libgcc.a(floatsidf.o)
                0x000021a4                __aeabi_i2d
 .text          0x00002218       0x3c c:/freescale/cw mcu v10.6/cross_tools/arm-none-eabi-gcc-4_7_3/bin/../lib/gcc/arm-none-eabi/4.7.3/armv6-m\libgcc.a(_clzsi2.o)
                0x00002218                __clzsi2
 *(.text*)
 .text.xTaskCreate
                0x00002254       0x90 ./Generated_Code/tasks.o
                0x00002254                xTaskCreate
 .text.prvInitialiseNewTask
                0x000022e4      0x10c ./Generated_Code/tasks.o
 .text.prvAddNewTaskToReadyList
                0x000023f0       0xc4 ./Generated_Code/tasks.o
 .text.vTaskDelay
                0x000024b4       0x48 ./Generated_Code/tasks.o
                0x000024b4                vTaskDelay
 .text.vTaskSuspend
                0x000024fc       0xb4 ./Generated_Code/tasks.o
                0x000024fc                vTaskSuspend
 .text.vTaskStartScheduler
                0x000025b0       0x6c ./Generated_Code/tasks.o
                0x000025b0                vTaskStartScheduler
 .text.vTaskSuspendAll
                0x0000261c       0x18 ./Generated_Code/tasks.o
                0x0000261c                vTaskSuspendAll
 .text.xTaskResumeAll
                0x00002634      0x118 ./Generated_Code/tasks.o
                0x00002634                xTaskResumeAll
 .text.xTaskIncrementTick
                0x0000274c      0x17c ./Generated_Code/tasks.o
                0x0000274c                xTaskIncrementTick
 .text.vTaskSwitchContext
                0x000028c8       0xc4 ./Generated_Code/tasks.o
                0x000028c8                vTaskSwitchContext
 .text.vTaskPlaceOnEventList
                0x0000298c       0x38 ./Generated_Code/tasks.o
                0x0000298c                vTaskPlaceOnEventList
 .text.xTaskRemoveFromEventList
                0x000029c4       0xb8 ./Generated_Code/tasks.o
                0x000029c4                xTaskRemoveFromEventList
 .text.vTaskSetTimeOutState
                0x00002a7c       0x30 ./Generated_Code/tasks.o
                0x00002a7c                vTaskSetTimeOutState
 .text.xTaskCheckForTimeOut
                0x00002aac       0x9c ./Generated_Code/tasks.o
                0x00002aac                xTaskCheckForTimeOut
 .text.vTaskMissedYield
                0x00002b48       0x14 ./Generated_Code/tasks.o
                0x00002b48                vTaskMissedYield
 .text.prvIdleTask
                0x00002b5c       0x24 ./Generated_Code/tasks.o
 .text.prvInitialiseTaskLists
                0x00002b80       0x88 ./Generated_Code/tasks.o
 .text.prvCheckTasksWaitingTermination
                0x00002c08       0x74 ./Generated_Code/tasks.o
 .text.prvDeleteTCB
                0x00002c7c       0x20 ./Generated_Code/tasks.o
 .text.prvResetNextTaskUnblockTime
                0x00002c9c       0x44 ./Generated_Code/tasks.o
 .text.xTaskGetCurrentTaskHandle
                0x00002ce0       0x1c ./Generated_Code/tasks.o
                0x00002ce0                xTaskGetCurrentTaskHandle
 .text.xTaskGetSchedulerState
                0x00002cfc       0x38 ./Generated_Code/tasks.o
                0x00002cfc                xTaskGetSchedulerState
 .text.vTaskPriorityInherit
                0x00002d34       0xbc ./Generated_Code/tasks.o
                0x00002d34                vTaskPriorityInherit
 .text.xTaskPriorityDisinherit
                0x00002df0       0xb8 ./Generated_Code/tasks.o
                0x00002df0                xTaskPriorityDisinherit
 .text.pvTaskIncrementMutexHeldCount
                0x00002ea8       0x24 ./Generated_Code/tasks.o
                0x00002ea8                pvTaskIncrementMutexHeldCount
 .text.prvAddCurrentTaskToDelayedList
                0x00002ecc       0xa8 ./Generated_Code/tasks.o
 .text.xQueueGenericReset
                0x00002f74       0xac ./Generated_Code/queue.o
                0x00002f74                xQueueGenericReset
 .text.xQueueGenericCreate
                0x00003020       0x64 ./Generated_Code/queue.o
                0x00003020                xQueueGenericCreate
 .text.prvInitialiseNewQueue
                0x00003084       0x44 ./Generated_Code/queue.o
 .text.prvInitialiseMutex
                0x000030c8       0x34 ./Generated_Code/queue.o
 .text.xQueueCreateMutex
                0x000030fc       0x3c ./Generated_Code/queue.o
                0x000030fc                xQueueCreateMutex
 .text.xQueueGiveMutexRecursive
                0x00003138       0x58 ./Generated_Code/queue.o
                0x00003138                xQueueGiveMutexRecursive
 .text.xQueueTakeMutexRecursive
                0x00003190       0x64 ./Generated_Code/queue.o
                0x00003190                xQueueTakeMutexRecursive
 .text.xQueueGenericSend
                0x000031f4      0x1a0 ./Generated_Code/queue.o
                0x000031f4                xQueueGenericSend
 .text.xQueueGenericReceive
                0x00003394      0x1e0 ./Generated_Code/queue.o
                0x00003394                xQueueGenericReceive
 .text.vQueueDelete
                0x00003574       0x2c ./Generated_Code/queue.o
                0x00003574                vQueueDelete
 .text.prvCopyDataToQueue
                0x000035a0       0xe0 ./Generated_Code/queue.o
 .text.prvCopyDataFromQueue
                0x00003680       0x50 ./Generated_Code/queue.o
 .text.prvUnlockQueue
                0x000036d0       0xc0 ./Generated_Code/queue.o
 .text.prvIsQueueEmpty
                0x00003790       0x2c ./Generated_Code/queue.o
 .text.prvIsQueueFull
                0x000037bc       0x30 ./Generated_Code/queue.o
 .text.vQueueUnregisterQueue
                0x000037ec       0x50 ./Generated_Code/queue.o
                0x000037ec                vQueueUnregisterQueue
 .text.pxPortInitialiseStack
                0x0000383c       0x50 ./Generated_Code/port.o
                0x0000383c                pxPortInitialiseStack
 .text.vPortInitTickTimer
                0x0000388c       0x44 ./Generated_Code/port.o
                0x0000388c                vPortInitTickTimer
 .text.vPortStartTickTimer
                0x000038d0       0x14 ./Generated_Code/port.o
                0x000038d0                vPortStartTickTimer
 .text.vPortStopTickTimer
                0x000038e4       0x14 ./Generated_Code/port.o
                0x000038e4                vPortStopTickTimer
 .text.xPortStartScheduler
                0x000038f8       0x34 ./Generated_Code/port.o
                0x000038f8                xPortStartScheduler
 .text.vPortEnterCritical
                0x0000392c       0x20 ./Generated_Code/port.o
                0x0000392c                vPortEnterCritical
 .text.vPortExitCritical
                0x0000394c       0x20 ./Generated_Code/port.o
                0x0000394c                vPortExitCritical
 .text.vPortYieldFromISR
                0x0000396c       0x1c ./Generated_Code/port.o
                0x0000396c                vPortYieldFromISR
 .text.vPortTickHandler
                0x00003988       0x1c ./Generated_Code/port.o
                0x00003988                vPortTickHandler
 *fill*         0x000039a4        0xc 00
 .text.vPortStartFirstTask
                0x000039b0       0x50 ./Generated_Code/port.o
                0x000039b0                vPortStartFirstTask
 .text.vPortPendSVHandler
                0x00003a00       0x44 ./Generated_Code/port.o
                0x00003a00                vPortPendSVHandler
 .text.vListInitialise
                0x00003a44       0x3c ./Generated_Code/list.o
                0x00003a44                vListInitialise
 .text.vListInitialiseItem
                0x00003a80       0x14 ./Generated_Code/list.o
                0x00003a80                vListInitialiseItem
 .text.vListInsertEnd
                0x00003a94       0x44 ./Generated_Code/list.o
                0x00003a94                vListInsertEnd
 .text.vListInsert
                0x00003ad8       0x6c ./Generated_Code/list.o
                0x00003ad8                vListInsert
 .text.uxListRemove
                0x00003b44       0x50 ./Generated_Code/list.o
                0x00003b44                uxListRemove
 .text.pvPortMalloc
                0x00003b94      0x160 ./Generated_Code/heap_4.o
                0x00003b94                pvPortMalloc
 .text.vPortFree
                0x00003cf4       0x94 ./Generated_Code/heap_4.o
                0x00003cf4                vPortFree
 .text.prvHeapInit
                0x00003d88       0xc4 ./Generated_Code/heap_4.o
 .text.prvInsertBlockIntoFreeList
                0x00003e4c       0xac ./Generated_Code/heap_4.o
 .text.WAIT1_Wait10Cycles
                0x00003ef8        0x8 ./Generated_Code/WAIT1.o
                0x00003ef8                WAIT1_Wait10Cycles
 .text.WAIT1_Wait100Cycles
                0x00003f00       0x24 ./Generated_Code/WAIT1.o
                0x00003f00                WAIT1_Wait100Cycles
 .text.WAIT1_WaitCycles
                0x00003f24       0x44 ./Generated_Code/WAIT1.o
                0x00003f24                WAIT1_WaitCycles
 .text.WAIT1_WaitLongCycles
                0x00003f68       0x3c ./Generated_Code/WAIT1.o
                0x00003f68                WAIT1_WaitLongCycles
 .text.WAIT1_Waitms
                0x00003fa4       0x38 ./Generated_Code/WAIT1.o
                0x00003fa4                WAIT1_Waitms
 .text.UTIL1_strcpy
                0x00003fdc       0x48 ./Generated_Code/UTIL1.o
                0x00003fdc                UTIL1_strcpy
 .text.UTIL1_Num16sToStr
                0x00004024      0x1b8 ./Generated_Code/UTIL1.o
                0x00004024                UTIL1_Num16sToStr
 .text.TofCE3_Init
                0x000041dc       0x64 ./Generated_Code/TofCE3.o
                0x000041dc                TofCE3_Init
 .text.TofCE3_SetInput
                0x00004240       0x24 ./Generated_Code/TofCE3.o
                0x00004240                TofCE3_SetInput
 .text.TofCE3_SetOutput
                0x00004264       0x20 ./Generated_Code/TofCE3.o
                0x00004264                TofCE3_SetOutput
 .text.TofCE3_ClrVal
                0x00004284       0x1c ./Generated_Code/TofCE3.o
                0x00004284                TofCE3_ClrVal
 .text.TofCE2_Init
                0x000042a0       0x64 ./Generated_Code/TofCE2.o
                0x000042a0                TofCE2_Init
 .text.TofCE2_SetInput
                0x00004304       0x24 ./Generated_Code/TofCE2.o
                0x00004304                TofCE2_SetInput
 .text.TofCE2_SetOutput
                0x00004328       0x20 ./Generated_Code/TofCE2.o
                0x00004328                TofCE2_SetOutput
 .text.TofCE2_ClrVal
                0x00004348       0x1c ./Generated_Code/TofCE2.o
                0x00004348                TofCE2_ClrVal
 .text.TofCE1_Init
                0x00004364       0x64 ./Generated_Code/TofCE1.o
                0x00004364                TofCE1_Init
 .text.TofCE1_SetInput
                0x000043c8       0x24 ./Generated_Code/TofCE1.o
                0x000043c8                TofCE1_SetInput
 .text.TofCE1_SetOutput
                0x000043ec       0x20 ./Generated_Code/TofCE1.o
                0x000043ec                TofCE1_SetOutput
 .text.TofCE1_ClrVal
                0x0000440c       0x1c ./Generated_Code/TofCE1.o
                0x0000440c                TofCE1_ClrVal
 .text.TU2_Init
                0x00004428       0xd8 ./Generated_Code/TU2.o
                0x00004428                TU2_Init
 .text.TU1_Init
                0x00004500       0xe0 ./Generated_Code/TU1.o
                0x00004500                TU1_Init
 .text.TU1_GetPeriodTicks
                0x000045e0       0x3c ./Generated_Code/TU1.o
                0x000045e0                TU1_GetPeriodTicks
 .text.TU1_SetOffsetTicks
                0x0000461c       0x58 ./Generated_Code/TU1.o
                0x0000461c                TU1_SetOffsetTicks
 .text.TSK1_CreateTasks
                0x00004674        0xc ./Generated_Code/TSK1.o
                0x00004674                TSK1_CreateTasks
 .text.RED_Init
                0x00004680       0x18 ./Generated_Code/RED.o
                0x00004680                RED_Init
 .text.PwmLdd3_Init
                0x00004698       0x54 ./Generated_Code/PwmLdd3.o
                0x00004698                PwmLdd3_Init
 .text.PwmLdd2_Init
                0x000046ec       0x54 ./Generated_Code/PwmLdd2.o
                0x000046ec                PwmLdd2_Init
 .text.PwmLdd2_SetRatio16
                0x00004740       0x2c ./Generated_Code/PwmLdd2.o
                0x00004740                PwmLdd2_SetRatio16
 .text.SetRatio
                0x0000476c       0x68 ./Generated_Code/PwmLdd2.o
 .text.PwmLdd1_Init
                0x000047d4       0x54 ./Generated_Code/PwmLdd1.o
                0x000047d4                PwmLdd1_Init
 .text.PwmLdd1_SetRatio16
                0x00004828       0x2c ./Generated_Code/PwmLdd1.o
                0x00004828                PwmLdd1_SetRatio16
 .text.SetRatio
                0x00004854       0x68 ./Generated_Code/PwmLdd1.o
 .text.LED_GREEN_Init
                0x000048bc       0x18 ./Generated_Code/LED_GREEN.o
                0x000048bc                LED_GREEN_Init
 .text.GI2C1_RequestBus
                0x000048d4       0x1c ./Generated_Code/GI2C1.o
                0x000048d4                GI2C1_RequestBus
 .text.GI2C1_ReleaseBus
                0x000048f0       0x18 ./Generated_Code/GI2C1.o
                0x000048f0                GI2C1_ReleaseBus
 .text.GI2C1_SelectSlave
                0x00004908       0x40 ./Generated_Code/GI2C1.o
                0x00004908                GI2C1_SelectSlave
 .text.GI2C1_UnselectSlave
                0x00004948       0x10 ./Generated_Code/GI2C1.o
                0x00004948                GI2C1_UnselectSlave
 .text.GI2C1_ReadAddress
                0x00004958       0xd8 ./Generated_Code/GI2C1.o
                0x00004958                GI2C1_ReadAddress
 .text.GI2C1_WriteAddress
                0x00004a30      0x140 ./Generated_Code/GI2C1.o
                0x00004a30                GI2C1_WriteAddress
 .text.CI2C1_OnMasterBlockSent
                0x00004b70       0x24 ./Generated_Code/GI2C1.o
                0x00004b70                CI2C1_OnMasterBlockSent
 .text.CI2C1_OnMasterBlockReceived
                0x00004b94       0x24 ./Generated_Code/GI2C1.o
                0x00004b94                CI2C1_OnMasterBlockReceived
 .text.GI2C1_Init
                0x00004bb8       0x40 ./Generated_Code/GI2C1.o
                0x00004bb8                GI2C1_Init
 .text.GI2C1_Deinit
                0x00004bf8       0x24 ./Generated_Code/GI2C1.o
                0x00004bf8                GI2C1_Deinit
 .text.DIR_RIGHT_Init
                0x00004c1c       0x60 ./Generated_Code/DIR_RIGHT.o
                0x00004c1c                DIR_RIGHT_Init
 .text.DIR_RIGHT_PutVal
                0x00004c7c       0x30 ./Generated_Code/DIR_RIGHT.o
                0x00004c7c                DIR_RIGHT_PutVal
 .text.DIR_LEFT_Init
                0x00004cac       0x60 ./Generated_Code/DIR_LEFT.o
                0x00004cac                DIR_LEFT_Init
 .text.DIR_LEFT_PutVal
                0x00004d0c       0x30 ./Generated_Code/DIR_LEFT.o
                0x00004d0c                DIR_LEFT_PutVal
 .text.Cpu_INT_NMIInterrupt
                0x00004d3c        0xc ./Generated_Code/Cpu.o
                0x00004d3c                Cpu_INT_NMIInterrupt
 .text.Cpu_INT_Hard_FaultInterrupt
                0x00004d48        0xc ./Generated_Code/Cpu.o
                0x00004d48                Cpu_INT_Hard_FaultInterrupt
 .text.Cpu_ivINT_Reserved4
                0x00004d54        0xc ./Generated_Code/Cpu.o
                0x00004d54                Cpu_ivINT_Reserved4
 .text.Cpu_ivINT_Reserved5
                0x00004d60        0xc ./Generated_Code/Cpu.o
                0x00004d60                Cpu_ivINT_Reserved5
 .text.Cpu_ivINT_Reserved6
                0x00004d6c        0xc ./Generated_Code/Cpu.o
                0x00004d6c                Cpu_ivINT_Reserved6
 .text.Cpu_ivINT_Reserved7
                0x00004d78        0xc ./Generated_Code/Cpu.o
                0x00004d78                Cpu_ivINT_Reserved7
 .text.Cpu_ivINT_Reserved8
                0x00004d84        0xc ./Generated_Code/Cpu.o
                0x00004d84                Cpu_ivINT_Reserved8
 .text.Cpu_ivINT_Reserved9
                0x00004d90        0xc ./Generated_Code/Cpu.o
                0x00004d90                Cpu_ivINT_Reserved9
 .text.Cpu_ivINT_Reserved10
                0x00004d9c        0xc ./Generated_Code/Cpu.o
                0x00004d9c                Cpu_ivINT_Reserved10
 .text.Cpu_ivINT_SVCall
                0x00004da8        0xc ./Generated_Code/Cpu.o
                0x00004da8                Cpu_ivINT_SVCall
 .text.Cpu_ivINT_Reserved12
                0x00004db4        0xc ./Generated_Code/Cpu.o
                0x00004db4                Cpu_ivINT_Reserved12
 .text.Cpu_ivINT_Reserved13
                0x00004dc0        0xc ./Generated_Code/Cpu.o
                0x00004dc0                Cpu_ivINT_Reserved13
 .text.Cpu_ivINT_DMA0
                0x00004dcc        0xc ./Generated_Code/Cpu.o
                0x00004dcc                Cpu_ivINT_DMA0
 .text.Cpu_ivINT_DMA1
                0x00004dd8        0xc ./Generated_Code/Cpu.o
                0x00004dd8                Cpu_ivINT_DMA1
 .text.Cpu_ivINT_DMA2
                0x00004de4        0xc ./Generated_Code/Cpu.o
                0x00004de4                Cpu_ivINT_DMA2
 .text.Cpu_ivINT_DMA3
                0x00004df0        0xc ./Generated_Code/Cpu.o
                0x00004df0                Cpu_ivINT_DMA3
 .text.Cpu_ivINT_Reserved20
                0x00004dfc        0xc ./Generated_Code/Cpu.o
                0x00004dfc                Cpu_ivINT_Reserved20
 .text.Cpu_ivINT_FTFA
                0x00004e08        0xc ./Generated_Code/Cpu.o
                0x00004e08                Cpu_ivINT_FTFA
 .text.Cpu_ivINT_LVD_LVW
                0x00004e14        0xc ./Generated_Code/Cpu.o
                0x00004e14                Cpu_ivINT_LVD_LVW
 .text.Cpu_ivINT_LLW
                0x00004e20        0xc ./Generated_Code/Cpu.o
                0x00004e20                Cpu_ivINT_LLW
 .text.Cpu_ivINT_I2C1
                0x00004e2c        0xc ./Generated_Code/Cpu.o
                0x00004e2c                Cpu_ivINT_I2C1
 .text.Cpu_ivINT_SPI0
                0x00004e38        0xc ./Generated_Code/Cpu.o
                0x00004e38                Cpu_ivINT_SPI0
 .text.Cpu_ivINT_SPI1
                0x00004e44        0xc ./Generated_Code/Cpu.o
                0x00004e44                Cpu_ivINT_SPI1
 .text.Cpu_ivINT_UART1
                0x00004e50        0xc ./Generated_Code/Cpu.o
                0x00004e50                Cpu_ivINT_UART1
 .text.Cpu_ivINT_UART2
                0x00004e5c        0xc ./Generated_Code/Cpu.o
                0x00004e5c                Cpu_ivINT_UART2
 .text.Cpu_ivINT_CMP0
                0x00004e68        0xc ./Generated_Code/Cpu.o
                0x00004e68                Cpu_ivINT_CMP0
 .text.Cpu_ivINT_TPM0
                0x00004e74        0xc ./Generated_Code/Cpu.o
                0x00004e74                Cpu_ivINT_TPM0
 .text.Cpu_ivINT_TPM1
                0x00004e80        0xc ./Generated_Code/Cpu.o
                0x00004e80                Cpu_ivINT_TPM1
 .text.Cpu_ivINT_TPM2
                0x00004e8c        0xc ./Generated_Code/Cpu.o
                0x00004e8c                Cpu_ivINT_TPM2
 .text.Cpu_ivINT_RTC
                0x00004e98        0xc ./Generated_Code/Cpu.o
                0x00004e98                Cpu_ivINT_RTC
 .text.Cpu_ivINT_RTC_Seconds
                0x00004ea4        0xc ./Generated_Code/Cpu.o
                0x00004ea4                Cpu_ivINT_RTC_Seconds
 .text.Cpu_ivINT_PIT
                0x00004eb0        0xc ./Generated_Code/Cpu.o
                0x00004eb0                Cpu_ivINT_PIT
 .text.Cpu_ivINT_Reserved39
                0x00004ebc        0xc ./Generated_Code/Cpu.o
                0x00004ebc                Cpu_ivINT_Reserved39
 .text.Cpu_ivINT_USB0
                0x00004ec8        0xc ./Generated_Code/Cpu.o
                0x00004ec8                Cpu_ivINT_USB0
 .text.Cpu_ivINT_DAC0
                0x00004ed4        0xc ./Generated_Code/Cpu.o
                0x00004ed4                Cpu_ivINT_DAC0
 .text.Cpu_ivINT_TSI0
                0x00004ee0        0xc ./Generated_Code/Cpu.o
                0x00004ee0                Cpu_ivINT_TSI0
 .text.Cpu_ivINT_MCG
                0x00004eec        0xc ./Generated_Code/Cpu.o
                0x00004eec                Cpu_ivINT_MCG
 .text.Cpu_ivINT_LPTimer
                0x00004ef8        0xc ./Generated_Code/Cpu.o
                0x00004ef8                Cpu_ivINT_LPTimer
 .text.Cpu_ivINT_Reserved45
                0x00004f04        0xc ./Generated_Code/Cpu.o
                0x00004f04                Cpu_ivINT_Reserved45
 .text.Cpu_ivINT_PORTA
                0x00004f10        0xc ./Generated_Code/Cpu.o
                0x00004f10                Cpu_ivINT_PORTA
 .text.Cpu_ivINT_PORTD
                0x00004f1c        0xc ./Generated_Code/Cpu.o
                0x00004f1c                Cpu_ivINT_PORTD
 .text.__init_hardware
                0x00004f28      0x110 ./Generated_Code/Cpu.o
                0x00004f28                __init_hardware
 .text.PE_low_level_init
                0x00005038      0x124 ./Generated_Code/Cpu.o
                0x00005038                PE_low_level_init
 .text.CLS1_SendStr
                0x0000515c       0x2c ./Generated_Code/CLS1.o
                0x0000515c                CLS1_SendStr
 .text.CLS1_SendNum16s
                0x00005188       0x38 ./Generated_Code/CLS1.o
                0x00005188                CLS1_SendNum16s
 .text.CLS1_GetStdio
                0x000051c0       0x14 ./Generated_Code/CLS1.o
                0x000051c0                CLS1_GetStdio
 .text.CLS1_ReadChar
                0x000051d4       0x30 ./Generated_Code/CLS1.o
                0x000051d4                CLS1_ReadChar
 .text.CLS1_SendChar
                0x00005204       0x54 ./Generated_Code/CLS1.o
                0x00005204                CLS1_SendChar
 .text.CLS1_KeyPressed
                0x00005258       0x24 ./Generated_Code/CLS1.o
                0x00005258                CLS1_KeyPressed
 .text.CLS1_Init
                0x0000527c        0x8 ./Generated_Code/CLS1.o
                0x0000527c                CLS1_Init
 .text.CI2C1_Interrupt
                0x00005284      0x278 ./Generated_Code/CI2C1.o
                0x00005284                CI2C1_Interrupt
 .text.CI2C1_Init
                0x000054fc      0x114 ./Generated_Code/CI2C1.o
                0x000054fc                CI2C1_Init
 .text.CI2C1_Deinit
                0x00005610       0x40 ./Generated_Code/CI2C1.o
                0x00005610                CI2C1_Deinit
 .text.CI2C1_MasterSendBlock
                0x00005650      0x19c ./Generated_Code/CI2C1.o
                0x00005650                CI2C1_MasterSendBlock
 .text.CI2C1_MasterReceiveBlock
                0x000057ec      0x19c ./Generated_Code/CI2C1.o
                0x000057ec                CI2C1_MasterReceiveBlock
 .text.CI2C1_SelectSlaveDevice
                0x00005988      0x100 ./Generated_Code/CI2C1.o
                0x00005988                CI2C1_SelectSlaveDevice
 .text.BitIoLdd4_Init
                0x00005a88       0x68 ./Generated_Code/BitIoLdd4.o
                0x00005a88                BitIoLdd4_Init
 .text.BitIoLdd4_ClrVal
                0x00005af0       0x1c ./Generated_Code/BitIoLdd4.o
                0x00005af0                BitIoLdd4_ClrVal
 .text.BitIoLdd4_SetVal
                0x00005b0c       0x1c ./Generated_Code/BitIoLdd4.o
                0x00005b0c                BitIoLdd4_SetVal
 .text.BitIoLdd3_Init
                0x00005b28       0x68 ./Generated_Code/BitIoLdd3.o
                0x00005b28                BitIoLdd3_Init
 .text.BitIoLdd3_ClrVal
                0x00005b90       0x1c ./Generated_Code/BitIoLdd3.o
                0x00005b90                BitIoLdd3_ClrVal
 .text.BitIoLdd3_SetVal
                0x00005bac       0x1c ./Generated_Code/BitIoLdd3.o
                0x00005bac                BitIoLdd3_SetVal
 .text.AdcLdd1_Init
                0x00005bc8       0xbc ./Generated_Code/AdcLdd1.o
                0x00005bc8                AdcLdd1_Init
 .text.AdcLdd1_GetMeasuredValues
                0x00005c84       0x60 ./Generated_Code/AdcLdd1.o
                0x00005c84                AdcLdd1_GetMeasuredValues
 .text.AdcLdd1_GetCalibrationResultStatus
                0x00005ce4       0xb8 ./Generated_Code/AdcLdd1.o
                0x00005ce4                AdcLdd1_GetCalibrationResultStatus
 .text.AdcLdd1_MeasurementCompleteInterrupt
                0x00005d9c       0x30 ./Generated_Code/AdcLdd1.o
                0x00005d9c                AdcLdd1_MeasurementCompleteInterrupt
 .text.ASerialLdd1_Init
                0x00005dcc      0x1bc ./Generated_Code/ASerialLdd1.o
                0x00005dcc                ASerialLdd1_Init
 .text.ASerialLdd1_ReceiveBlock
                0x00005f88       0x98 ./Generated_Code/ASerialLdd1.o
                0x00005f88                ASerialLdd1_ReceiveBlock
 .text.ASerialLdd1_SendBlock
                0x00006020       0xc4 ./Generated_Code/ASerialLdd1.o
                0x00006020                ASerialLdd1_SendBlock
 .text.InterruptRx
                0x000060e4       0x58 ./Generated_Code/ASerialLdd1.o
 .text.InterruptTx
                0x0000613c       0x80 ./Generated_Code/ASerialLdd1.o
 .text.ASerialLdd1_Interrupt
                0x000061bc       0xfc ./Generated_Code/ASerialLdd1.o
                0x000061bc                ASerialLdd1_Interrupt
 .text.ASerialLdd1_GetError
                0x000062b8       0x74 ./Generated_Code/ASerialLdd1.o
                0x000062b8                ASerialLdd1_GetError
 .text.HWEnDi   0x0000632c       0x20 ./Generated_Code/AS1.o
 .text.AS1_RecvChar
                0x0000634c       0xe8 ./Generated_Code/AS1.o
                0x0000634c                AS1_RecvChar
 .text.AS1_SendChar
                0x00006434       0xec ./Generated_Code/AS1.o
                0x00006434                AS1_SendChar
 .text.AS1_GetCharsInRxBuf
                0x00006520       0x14 ./Generated_Code/AS1.o
                0x00006520                AS1_GetCharsInRxBuf
 .text.AS1_Init
                0x00006534       0x64 ./Generated_Code/AS1.o
                0x00006534                AS1_Init
 .text.ASerialLdd1_OnBlockReceived
                0x00006598       0xc0 ./Generated_Code/AS1.o
                0x00006598                ASerialLdd1_OnBlockReceived
 .text.ASerialLdd1_OnBlockSent
                0x00006658       0xe8 ./Generated_Code/AS1.o
                0x00006658                ASerialLdd1_OnBlockSent
 .text.ASerialLdd1_OnError
                0x00006740       0x94 ./Generated_Code/AS1.o
                0x00006740                ASerialLdd1_OnError
 .text.ASerialLdd1_OnBreak
                0x000067d4       0x20 ./Generated_Code/AS1.o
                0x000067d4                ASerialLdd1_OnBreak
 .text.AdcLdd1_OnMeasurementComplete
                0x000067f4       0x5c ./Generated_Code/AD1.o
                0x000067f4                AdcLdd1_OnMeasurementComplete
 .text.AD1_Init
                0x00006850       0x2c ./Generated_Code/AD1.o
                0x00006850                AD1_Init
 .text.zero_fill_bss
                0x0000687c       0x24 ./Project_Settings/Startup_Code/__arm_start.o
 .text.__thumb_startup
                0x000068a0       0x30 ./Project_Settings/Startup_Code/__arm_start.o
                0x000068a0                __thumb_startup
 .text._ExitProcess
                0x000068d0        0xc ./Project_Settings/Startup_Code/__arm_end.o
                0x000068d0                _ExitProcess
 .text.startCommunication
                0x000068dc       0xf0 ./Sources/serial_communication.o
                0x000068dc                startCommunication
 .text.taskDone
                0x000069cc       0x20 ./Sources/serial_communication.o
                0x000069cc                taskDone
 .text.refreshTasks
                0x000069ec       0x68 ./Sources/serial_communication.o
                0x000069ec                refreshTasks
 *fill*         0x00006a54        0x4 00
 .text.calcPID  0x00006a58      0x2f0 ./Sources/pid.o
                0x00006a58                calcPID
 .text.motorIncrementPWMLeft
                0x00006d48       0x50 ./Sources/motor.o
                0x00006d48                motorIncrementPWMLeft
 .text.motorIncrementPWMRight
                0x00006d98       0x50 ./Sources/motor.o
                0x00006d98                motorIncrementPWMRight
 .text.motorSetPWMLeft
                0x00006de8       0xb0 ./Sources/motor.o
                0x00006de8                motorSetPWMLeft
 .text.motorSetPWMRight
                0x00006e98       0xb0 ./Sources/motor.o
                0x00006e98                motorSetPWMRight
 .text.motorsStartup
                0x00006f48      0x120 ./Sources/motor.o
                0x00006f48                motorsStartup
 .text.main     0x00007068       0x10 ./Sources/main.o
                0x00007068                main
 .text.Task1Task
                0x00007078       0x10 ./Sources/frtos_tasks.o
 .text.Task2Task
                0x00007088       0x24 ./Sources/frtos_tasks.o
 .text.Task3Task
                0x000070ac       0x24 ./Sources/frtos_tasks.o
 .text.Task4Task
                0x000070d0        0xc ./Sources/frtos_tasks.o
 .text.Task5Task
                0x000070dc        0xc ./Sources/frtos_tasks.o
 .text.Task6Task
                0x000070e8        0xc ./Sources/frtos_tasks.o
 .text.Task7Task
                0x000070f4        0xc ./Sources/frtos_tasks.o
 .text.CreateTasks
                0x00007100       0x34 ./Sources/frtos_tasks.o
                0x00007100                CreateTasks
 .text.CreateTask2
                0x00007134       0x44 ./Sources/frtos_tasks.o
                0x00007134                CreateTask2
 .text.CreateTask3
                0x00007178       0x44 ./Sources/frtos_tasks.o
                0x00007178                CreateTask3
 .text.CreateTask4
                0x000071bc       0x44 ./Sources/frtos_tasks.o
                0x000071bc                CreateTask4
 .text.CreateTask5
                0x00007200       0x44 ./Sources/frtos_tasks.o
                0x00007200                CreateTask5
 .text.CreateTask6
                0x00007244       0x44 ./Sources/frtos_tasks.o
                0x00007244                CreateTask6
 .text.CreateTask7
                0x00007288       0x44 ./Sources/frtos_tasks.o
                0x00007288                CreateTask7
 .text.driveToStair
                0x000072cc      0x204 ./Sources/driving.o
                0x000072cc                driveToStair
 .text.driveOverStair
                0x000074d0      0x240 ./Sources/driving.o
                0x000074d0                driveOverStair
 .text.initDriving
                0x00007710       0x98 ./Sources/driving.o
                0x00007710                initDriving
 .text.VL_OnError
                0x000077a8       0x14 ./Sources/VL6180X.o
 .text.VL_WriteReg8
                0x000077bc       0x50 ./Sources/VL6180X.o
                0x000077bc                VL_WriteReg8
 .text.VL_WriteReg16
                0x0000780c       0x70 ./Sources/VL6180X.o
                0x0000780c                VL_WriteReg16
 .text.VL_ReadReg8
                0x0000787c       0x54 ./Sources/VL6180X.o
                0x0000787c                VL_ReadReg8
 .text.readRangeContinuous
                0x000078d0       0xf0 ./Sources/VL6180X.o
 .text.VL_ReadRangeSingle
                0x000079c0       0x64 ./Sources/VL6180X.o
                0x000079c0                VL_ReadRangeSingle
 .text.VL_ConfigureDefault
                0x00007a24       0x94 ./Sources/VL6180X.o
                0x00007a24                VL_ConfigureDefault
 .text.VL_InitDevice
                0x00007ab8      0x5ac ./Sources/VL6180X.o
                0x00007ab8                VL_InitDevice
 .text.VL_InitAndConfigureDevice
                0x00008064       0x64 ./Sources/VL6180X.o
                0x00008064                VL_InitAndConfigureDevice
 .text.VL_ChipEnable
                0x000080c8       0xc0 ./Sources/VL6180X.o
                0x000080c8                VL_ChipEnable
 .text.VL_SetI2CDeviceAddress
                0x00008188       0xa8 ./Sources/VL6180X.o
                0x00008188                VL_SetI2CDeviceAddress
 .text.VL_Init  0x00008230       0xf0 ./Sources/VL6180X.o
                0x00008230                VL_Init
 .text.VL_GetDistance
                0x00008320       0xdc ./Sources/VL6180X.o
                0x00008320                VL_GetDistance
 .text.L3Ginit  0x000083fc       0x64 ./Sources/L3G.o
                0x000083fc                L3Ginit
 .text.L3GenableDefault
                0x00008460       0x4c ./Sources/L3G.o
                0x00008460                L3GenableDefault
 .text.L3GwriteReg
                0x000084ac       0x4c ./Sources/L3G.o
                0x000084ac                L3GwriteReg
 .text.L3GreadReg
                0x000084f8       0x54 ./Sources/L3G.o
                0x000084f8                L3GreadReg
 .text.L3Greadxyz
                0x0000854c       0xf4 ./Sources/L3G.o
                0x0000854c                L3Greadxyz
 .text.L3Gread  0x00008640      0x170 ./Sources/L3G.o
                0x00008640                L3Gread
 .text.L3GgetDegree
                0x000087b0       0xb8 ./Sources/L3G.o
                0x000087b0                L3GgetDegree
 .text.calculateOffset
                0x00008868      0x108 ./Sources/L3G.o
                0x00008868                calculateOffset
 .text.cmpfunc  0x00008970       0x28 ./Sources/L3G.o
                0x00008970                cmpfunc
 .text.refreshMovingOffset
                0x00008998      0x1b0 ./Sources/L3G.o
                0x00008998                refreshMovingOffset
 .text.Cpu_OnNMIINT
                0x00008b48        0x8 ./Sources/Events.o
                0x00008b48                Cpu_OnNMIINT
 .text.FRTOS1_vApplicationStackOverflowHook
                0x00008b50       0x10 ./Sources/Events.o
                0x00008b50                FRTOS1_vApplicationStackOverflowHook
 .text.FRTOS1_vApplicationTickHook
                0x00008b60        0x8 ./Sources/Events.o
                0x00008b60                FRTOS1_vApplicationTickHook
 .text.FRTOS1_vApplicationIdleHook
                0x00008b68        0x8 ./Sources/Events.o
                0x00008b68                FRTOS1_vApplicationIdleHook
 .text.FRTOS1_vApplicationMallocFailedHook
                0x00008b70        0x8 ./Sources/Events.o
                0x00008b70                FRTOS1_vApplicationMallocFailedHook
 .text.AD1_OnEnd
                0x00008b78        0x8 ./Sources/Events.o
                0x00008b78                AD1_OnEnd
 .text.AD1_OnCalibrationEnd
                0x00008b80        0x8 ./Sources/Events.o
                0x00008b80                AD1_OnCalibrationEnd
 .text.AS1_OnError
                0x00008b88        0x8 ./Sources/Events.o
                0x00008b88                AS1_OnError
 .text.AS1_OnRxChar
                0x00008b90        0x8 ./Sources/Events.o
                0x00008b90                AS1_OnRxChar
 .text.AS1_OnTxChar
                0x00008b98        0x8 ./Sources/Events.o
                0x00008b98                AS1_OnTxChar
 .text.AS1_OnFullRxBuf
                0x00008ba0        0x8 ./Sources/Events.o
                0x00008ba0                AS1_OnFullRxBuf
 .text.AS1_OnFreeTxBuf
                0x00008ba8        0x8 ./Sources/Events.o
                0x00008ba8                AS1_OnFreeTxBuf
 .text.Cpu_OnHardFault
                0x00008bb0        0x8 ./Sources/Events.o
                0x00008bb0                Cpu_OnHardFault
 .text.exit     0x00008bb8       0x38 C:/Freescale/CW MCU v10.6/MCU/ARM_GCC_Support/ewl/lib/armv6-m\libc.a(exit.o)
                0x00008bb8                exit
 .text.qsort    0x00008bf0       0xb8 C:/Freescale/CW MCU v10.6/MCU/ARM_GCC_Support/ewl/lib/armv6-m\libc.a(qsort.o)
                0x00008bf0                qsort
 .text.memcpy   0x00008ca8       0x12 C:/Freescale/CW MCU v10.6/MCU/ARM_GCC_Support/ewl/lib/armv6-m\libc.a(memcpy.o)
                0x00008ca8                memcpy
 .text.memset   0x00008cba        0xc C:/Freescale/CW MCU v10.6/MCU/ARM_GCC_Support/ewl/lib/armv6-m\libc.a(memset.o)
                0x00008cba                memset
 .text.strchr   0x00008cc6       0x1e C:/Freescale/CW MCU v10.6/MCU/ARM_GCC_Support/ewl/lib/armv6-m\libc.a(strchr.o)
                0x00008cc6                strchr
 .text.strlen   0x00008ce4       0x10 C:/Freescale/CW MCU v10.6/MCU/ARM_GCC_Support/ewl/lib/armv6-m\libc.a(strlen.o)
                0x00008ce4                strlen
 .text.long2str.isra.0
                0x00008cf4      0x19c C:/Freescale/CW MCU v10.6/MCU/ARM_GCC_Support/ewl/lib/armv6-m\libc.a(printformat_.o)
 .text.__pformatter_
                0x00008e90      0x428 C:/Freescale/CW MCU v10.6/MCU/ARM_GCC_Support/ewl/lib/armv6-m\libc.a(printformat_.o)
                0x00008e90                __pformatter_
 .text.__sformatter
                0x000092b8      0x698 C:/Freescale/CW MCU v10.6/MCU/ARM_GCC_Support/ewl/lib/armv6-m\libc.a(scanformat_.o)
                0x000092b8                __sformatter
 .text.isalpha  0x00009950       0x20 C:/Freescale/CW MCU v10.6/MCU/ARM_GCC_Support/ewl/lib/armv6-m\libc.a(ctype_aeabi.o)
                0x00009950                isalpha
 .text.isspace  0x00009970       0x20 C:/Freescale/CW MCU v10.6/MCU/ARM_GCC_Support/ewl/lib/armv6-m\libc.a(ctype_aeabi.o)
                0x00009970                isspace
 .text.toupper  0x00009990        0xe C:/Freescale/CW MCU v10.6/MCU/ARM_GCC_Support/ewl/lib/armv6-m\libc.a(ctype_aeabi.o)
                0x00009990                toupper
 .text.__strtoul
                0x0000999e      0x1ce C:/Freescale/CW MCU v10.6/MCU/ARM_GCC_Support/ewl/lib/armv6-m\libc.a(__strtoul.o)
                0x0000999e                __strtoul
 .text.__fill_mem
                0x00009b6c       0x7e C:/Freescale/CW MCU v10.6/MCU/ARM_GCC_Support/ewl/lib/armv6-m\libc.a(__filll_mem.o)
                0x00009b6c                __fill_mem
 .text.memchr   0x00009bea       0x1a C:/Freescale/CW MCU v10.6/MCU/ARM_GCC_Support/ewl/lib/armv6-m\libc.a(memchr.o)
                0x00009bea                memchr
 *fill*         0x00009c04        0x4 00
 .text.cos      0x00009c08       0xa8 C:/Freescale/CW MCU v10.6/MCU/ARM_GCC_Support/ewl/lib/armv6-m\libm.a(s_cos.o)
                0x00009c08                cos
 .text.__ieee754_rem_pio2
                0x00009cb0      0x408 C:/Freescale/CW MCU v10.6/MCU/ARM_GCC_Support/ewl/lib/armv6-m\libm.a(e_rem_pio2.o)
                0x00009cb0                __ieee754_rem_pio2
 .text.__kernel_cos
                0x0000a0b8      0x1e0 C:/Freescale/CW MCU v10.6/MCU/ARM_GCC_Support/ewl/lib/armv6-m\libm.a(k_cos.o)
                0x0000a0b8                __kernel_cos
 .text.__kernel_rem_pio2
                0x0000a298      0x730 C:/Freescale/CW MCU v10.6/MCU/ARM_GCC_Support/ewl/lib/armv6-m\libm.a(k_rem_pio2.o)
                0x0000a298                __kernel_rem_pio2
 .text.__kernel_sin
                0x0000a9c8      0x178 C:/Freescale/CW MCU v10.6/MCU/ARM_GCC_Support/ewl/lib/armv6-m\libm.a(k_sin.o)
                0x0000a9c8                __kernel_sin
 .text.floor    0x0000ab40      0x118 C:/Freescale/CW MCU v10.6/MCU/ARM_GCC_Support/ewl/lib/armv6-m\libm.a(s_floor.o)
                0x0000ab40                floor
 .text.scalbn   0x0000ac58       0x14 C:/Freescale/CW MCU v10.6/MCU/ARM_GCC_Support/ewl/lib/armv6-m\libm.a(scalbn.o)
                0x0000ac58                scalbn
 *fill*         0x0000ac6c        0x4 00
 .text.frexp    0x0000ac70       0x80 C:/Freescale/CW MCU v10.6/MCU/ARM_GCC_Support/ewl/lib/armv6-m\libm.a(s_frexp.o)
                0x0000ac70                frexp
 .text.ldexp    0x0000acf0      0x148 C:/Freescale/CW MCU v10.6/MCU/ARM_GCC_Support/ewl/lib/armv6-m\libm.a(s_ldexp.o)
                0x0000acf0                ldexp
 .text.__fpclassifyd
                0x0000ae38       0x38 C:/Freescale/CW MCU v10.6/MCU/ARM_GCC_Support/ewl/lib/armv6-m\libm.a(math_api.o)
                0x0000ae38                __fpclassifyd
 .text.__init_cpp
                0x0000ae70       0x48 C:/Freescale/CW MCU v10.6/MCU/ARM_GCC_Support/ewl/lib/armv6-m\librt.a(gcc_ctor_dtor.o)
                0x0000ae70                __init_cpp
 .text.__fini_cpp
                0x0000aeb8       0x34 C:/Freescale/CW MCU v10.6/MCU/ARM_GCC_Support/ewl/lib/armv6-m\librt.a(gcc_ctor_dtor.o)
                0x0000aeb8                __fini_cpp
 .text.__copy_rom_section
                0x0000aeec       0x48 C:/Freescale/CW MCU v10.6/MCU/ARM_GCC_Support/ewl/lib/armv6-m\librt.a(ROMCopy.o)
                0x0000aeec                __copy_rom_section
 .text.__copy_rom_sections_to_ram
                0x0000af34       0x34 C:/Freescale/CW MCU v10.6/MCU/ARM_GCC_Support/ewl/lib/armv6-m\librt.a(ROMCopy.o)
                0x0000af34                __copy_rom_sections_to_ram
 .text.__destroy_global_chain
                0x0000af68       0x1c C:/Freescale/CW MCU v10.6/MCU/ARM_GCC_Support/ewl/lib/armv6-m\librt.a(__arm_eabi_init.o)
                0x0000af68                __destroy_global_chain
 .text.__init_registers
                0x0000af84       0x1c C:/Freescale/CW MCU v10.6/MCU/ARM_GCC_Support/ewl/lib/armv6-m\librt.a(__arm_eabi_init.o)
                0x0000af84                __init_registers
 .text.__init_user
                0x0000afa0        0x4 C:/Freescale/CW MCU v10.6/MCU/ARM_GCC_Support/ewl/lib/armv6-m\librt.a(__arm_eabi_init.o)
                0x0000afa0                __init_user
 *(.rodata)
 .rodata        0x0000afa4        0x8 ./Generated_Code/tasks.o
 .rodata        0x0000afac       0x1c ./Generated_Code/UTIL1.o
 .rodata        0x0000afc8        0x8 ./Sources/serial_communication.o
 .rodata        0x0000afd0       0x38 ./Sources/frtos_tasks.o
 .rodata        0x0000b008       0x40 c:/freescale/cw mcu v10.6/cross_tools/arm-none-eabi-gcc-4_7_3/bin/../lib/gcc/arm-none-eabi/4.7.3/armv6-m\libgcc.a(divdf3.o)
 .rodata        0x0000b048       0x40 c:/freescale/cw mcu v10.6/cross_tools/arm-none-eabi-gcc-4_7_3/bin/../lib/gcc/arm-none-eabi/4.7.3/armv6-m\libgcc.a(muldf3.o)
 *(.rodata*)
 .rodata.ChannelDevice
                0x0000b088        0x4 ./Generated_Code/TU1.o
 .rodata.ChannelMode
                0x0000b08c        0x4 ./Generated_Code/TU1.o
 .rodata.CLS1_stdio
                0x0000b090       0x10 ./Generated_Code/CLS1.o
                0x0000b090                CLS1_stdio
 .rodata.refreshTasks
                0x0000b0a0       0x1c ./Sources/serial_communication.o
 .rodata.L3Gread
                0x0000b0bc      0x118 ./Sources/L3G.o
 .rodata.L3GgetDegree
                0x0000b1d4       0x8c ./Sources/L3G.o
 .rodata.str1.1
                0x0000b260        0x1 C:/Freescale/CW MCU v10.6/MCU/ARM_GCC_Support/ewl/lib/armv6-m\libc.a(printformat_.o)
 .rodata.CSWTCH.20
                0x0000b261        0x5 C:/Freescale/CW MCU v10.6/MCU/ARM_GCC_Support/ewl/lib/armv6-m\libc.a(printformat_.o)
 .rodata.CSWTCH.21
                0x0000b266        0x5 C:/Freescale/CW MCU v10.6/MCU/ARM_GCC_Support/ewl/lib/armv6-m\libc.a(printformat_.o)
 .rodata.__aeabi_ctype_table_C
                0x0000b26b      0x101 C:/Freescale/CW MCU v10.6/MCU/ARM_GCC_Support/ewl/lib/armv6-m\libc.a(ctype_aeabi.o)
                0x0000b26b                __aeabi_ctype_table_C
 .rodata.npio2_hw
                0x0000b36c       0x80 C:/Freescale/CW MCU v10.6/MCU/ARM_GCC_Support/ewl/lib/armv6-m\libm.a(e_rem_pio2.o)
 .rodata.two_over_pi
                0x0000b3ec      0x108 C:/Freescale/CW MCU v10.6/MCU/ARM_GCC_Support/ewl/lib/armv6-m\libm.a(e_rem_pio2.o)
 .rodata.init_jk
                0x0000b4f4       0x10 C:/Freescale/CW MCU v10.6/MCU/ARM_GCC_Support/ewl/lib/armv6-m\libm.a(k_rem_pio2.o)
 *fill*         0x0000b504        0x4 00
 .rodata.PIo2   0x0000b508       0x40 C:/Freescale/CW MCU v10.6/MCU/ARM_GCC_Support/ewl/lib/armv6-m\libm.a(k_rem_pio2.o)
 *(.glue_7)
 .glue_7        0x00000000        0x0 linker stubs
 *(.glue_7t)
 .glue_7t       0x00000000        0x0 linker stubs
 *(.eh_frame)
 *(.init)
 *(.fini)
                0x0000b548                . = ALIGN (0x4)
                0x0000b548                _etext = .

.vfp11_veneer   0x0000b548        0x0
 .vfp11_veneer  0x00000000        0x0 linker stubs

.v4_bx          0x0000b548        0x0
 .v4_bx         0x00000000        0x0 linker stubs

.iplt           0x0000b548        0x0
 .iplt          0x00000000        0x0 ./Generated_Code/timers.o

.rel.dyn        0x0000b548        0x0
 .rel.iplt      0x00000000        0x0 ./Generated_Code/timers.o

.ARM.extab
 *(.ARM.extab* .gnu.linkonce.armextab.*)

.ARM            0x0000b548        0x0
                0x0000b548                __exidx_start = .
 *(.ARM.exidx*)
                0x0000b548                __exidx_end = .

.ctors          0x0000b548        0x0
                0x0000b548                __CTOR_LIST__ = .
 *crtbegin.o(.ctors)
 *(EXCLUDE_FILE(*crtend.o) .ctors)
 *(SORT(.ctors.*))
 *(.ctors)
                0x0000b548                __CTOR_END__ = .

.dtors          0x0000b548        0x0
                0x0000b548                __DTOR_LIST__ = .
 *crtbegin.o(.dtors)
 *(EXCLUDE_FILE(*crtend.o) .dtors)
 *(SORT(.dtors.*))
 *(.dtors)
                0x0000b548                __DTOR_END__ = .

.preinit_array  0x0000b548        0x0
                0x0000b548                PROVIDE (__preinit_array_start, .)
 *(.preinit_array*)
                0x0000b548                PROVIDE (__preinit_array_end, .)

.init_array     0x0000b548        0x0
                0x0000b548                PROVIDE (__init_array_start, .)
 *(SORT(.init_array.*))
 *(.init_array*)
                0x0000b548                PROVIDE (__init_array_end, .)

.fini_array     0x0000b548        0x0
                0x0000b548                PROVIDE (__fini_array_start, .)
 *(SORT(.fini_array.*))
 *(.fini_array*)
                0x0000b548                PROVIDE (__fini_array_end, .)
                0x0000b548                ___ROM_AT = .

.mtb            0x1ffff000        0x0
                0x1ffff000                . = ALIGN (0x8)
                0x1ffff000                _mtb_start = .
 *(.mtb_buf)
                0x1ffff000                . = ALIGN (0x8)
                0x1ffff000                _mtb_end = .

.data           0x1ffff000       0x14 load address 0x0000b548
                0x1ffff000                . = ALIGN (0x4)
                0x1ffff000                _sdata = .
 *(.data)
 *(.data*)
 .data.uxCriticalNesting
                0x1ffff000        0x4 ./Generated_Code/port.o
 .data.uxTopUsedPriority
                0x1ffff004        0x4 ./Generated_Code/port.o
                0x1ffff004                uxTopUsedPriority
 .data.xHeapStructSize
                0x1ffff008        0x4 ./Generated_Code/heap_4.o
 .data.CLS1_currStdIO
                0x1ffff00c        0x4 ./Generated_Code/CLS1.o
 .data.scaling  0x1ffff010        0x1 ./Sources/VL6180X.o
 .data.initDevices
                0x1ffff011        0x1 ./Sources/VL6180X.o
                0x1ffff011                initDevices
                0x1ffff014                . = ALIGN (0x4)
 *fill*         0x1ffff012        0x2 00
                0x1ffff014                _edata = .
                0x00000014                ___data_size = (_edata - _sdata)

.igot.plt       0x1ffff014        0x0 load address 0x0000b55c
 .igot.plt      0x00000000        0x0 ./Generated_Code/timers.o
                0x1ffff014                . = ALIGN (0x4)

.bss            0x1ffff014     0x2554 load address 0x0000b55c
                0x1ffff014                __START_BSS = .
                0x1ffff014                PROVIDE (__bss_start__, __START_BSS)
 *(.bss)
 *(.bss*)
 .bss.pxCurrentTCB
                0x1ffff014        0x4 ./Generated_Code/tasks.o
                0x1ffff014                pxCurrentTCB
 .bss.pxReadyTasksLists
                0x1ffff018       0x78 ./Generated_Code/tasks.o
 .bss.xDelayedTaskList1
                0x1ffff090       0x14 ./Generated_Code/tasks.o
 .bss.xDelayedTaskList2
                0x1ffff0a4       0x14 ./Generated_Code/tasks.o
 .bss.pxDelayedTaskList
                0x1ffff0b8        0x4 ./Generated_Code/tasks.o
 .bss.pxOverflowDelayedTaskList
                0x1ffff0bc        0x4 ./Generated_Code/tasks.o
 .bss.xPendingReadyList
                0x1ffff0c0       0x14 ./Generated_Code/tasks.o
 .bss.xTasksWaitingTermination
                0x1ffff0d4       0x14 ./Generated_Code/tasks.o
 .bss.uxDeletedTasksWaitingCleanUp
                0x1ffff0e8        0x4 ./Generated_Code/tasks.o
 .bss.xSuspendedTaskList
                0x1ffff0ec       0x14 ./Generated_Code/tasks.o
 .bss.uxCurrentNumberOfTasks
                0x1ffff100        0x4 ./Generated_Code/tasks.o
 .bss.xTickCount
                0x1ffff104        0x4 ./Generated_Code/tasks.o
 .bss.uxTopReadyPriority
                0x1ffff108        0x4 ./Generated_Code/tasks.o
 .bss.xSchedulerRunning
                0x1ffff10c        0x4 ./Generated_Code/tasks.o
 .bss.uxPendedTicks
                0x1ffff110        0x4 ./Generated_Code/tasks.o
 .bss.xYieldPending
                0x1ffff114        0x4 ./Generated_Code/tasks.o
 .bss.xNumOfOverflows
                0x1ffff118        0x4 ./Generated_Code/tasks.o
 .bss.uxTaskNumber
                0x1ffff11c        0x4 ./Generated_Code/tasks.o
 .bss.xNextTaskUnblockTime
                0x1ffff120        0x4 ./Generated_Code/tasks.o
 .bss.xIdleTaskHandle
                0x1ffff124        0x4 ./Generated_Code/tasks.o
 .bss.uxSchedulerSuspended
                0x1ffff128        0x4 ./Generated_Code/tasks.o
 .bss.ucHeap    0x1ffff12c     0x1d4c ./Generated_Code/heap_4.o
 .bss.xStart    0x20000e78        0x8 ./Generated_Code/heap_4.o
 .bss.pxEnd     0x20000e80        0x4 ./Generated_Code/heap_4.o
 .bss.xFreeBytesRemaining
                0x20000e84        0x4 ./Generated_Code/heap_4.o
 .bss.xMinimumEverFreeBytesRemaining
                0x20000e88        0x4 ./Generated_Code/heap_4.o
 .bss.xBlockAllocatedBit
                0x20000e8c        0x4 ./Generated_Code/heap_4.o
 .bss.DeviceDataPrv__DEFAULT_RTOS_ALLOC
                0x20000e90        0x4 ./Generated_Code/TofCE3.o
 .bss.DeviceDataPrv__DEFAULT_RTOS_ALLOC
                0x20000e94        0x4 ./Generated_Code/TofCE2.o
 .bss.DeviceDataPrv__DEFAULT_RTOS_ALLOC
                0x20000e98        0x4 ./Generated_Code/TofCE1.o
 .bss.DeviceDataPrv__DEFAULT_RTOS_ALLOC
                0x20000e9c        0x8 ./Generated_Code/TU2.o
 .bss.DeviceDataPrv__DEFAULT_RTOS_ALLOC
                0x20000ea4        0x8 ./Generated_Code/TU1.o
 .bss.DeviceDataPrv__DEFAULT_RTOS_ALLOC
                0x20000eac        0xc ./Generated_Code/PwmLdd3.o
 .bss.DeviceDataPrv__DEFAULT_RTOS_ALLOC
                0x20000eb8        0xc ./Generated_Code/PwmLdd2.o
 .bss.DeviceDataPrv__DEFAULT_RTOS_ALLOC
                0x20000ec4        0xc ./Generated_Code/PwmLdd1.o
 .bss.PE_LDD_DeviceDataList
                0x20000ed0       0x3c ./Generated_Code/PE_LDD.o
                0x20000ed0                PE_LDD_DeviceDataList
 .bss.GI2C1_deviceData
                0x20000f0c        0x8 ./Generated_Code/GI2C1.o
 .bss.GI2C1_busSem
                0x20000f14        0x4 ./Generated_Code/GI2C1.o
 .bss.writeBuf.6704
                0x20000f18       0x10 ./Generated_Code/GI2C1.o
 .bss.DeviceDataPrv__DEFAULT_RTOS_ALLOC
                0x20000f28        0x4 ./Generated_Code/DIR_RIGHT.o
 .bss.DeviceDataPrv__DEFAULT_RTOS_ALLOC
                0x20000f2c        0x4 ./Generated_Code/DIR_LEFT.o
 .bss.SR_lock   0x20000f30        0x1 ./Generated_Code/Cpu.o
                0x20000f30                SR_lock
 *fill*         0x20000f31        0x3 00
 .bss.DeviceDataPrv__DEFAULT_RTOS_ALLOC
                0x20000f34       0x18 ./Generated_Code/CI2C1.o
 .bss.INT_I2C0__BAREBOARD_RTOS_ISRPARAM
                0x20000f4c        0x4 ./Generated_Code/CI2C1.o
 .bss.DeviceDataPrv__DEFAULT_RTOS_ALLOC
                0x20000f50        0x4 ./Generated_Code/BitIoLdd4.o
 .bss.DeviceDataPrv__DEFAULT_RTOS_ALLOC
                0x20000f54        0x4 ./Generated_Code/BitIoLdd3.o
 .bss.DeviceDataPrv__DEFAULT_RTOS_ALLOC
                0x20000f58        0x8 ./Generated_Code/AdcLdd1.o
 .bss.INT_ADC0__BAREBOARD_RTOS_ISRPARAM
                0x20000f60        0x4 ./Generated_Code/AdcLdd1.o
 .bss.DeviceDataPrv__DEFAULT_RTOS_ALLOC
                0x20000f64       0x20 ./Generated_Code/ASerialLdd1.o
 .bss.INT_UART0__BAREBOARD_RTOS_ISRPARAM
                0x20000f84        0x4 ./Generated_Code/ASerialLdd1.o
 .bss.SerFlag   0x20000f88        0x2 ./Generated_Code/AS1.o
 .bss.AS1_InpLen
                0x20000f8a        0x2 ./Generated_Code/AS1.o
 .bss.InpIndexR
                0x20000f8c        0x2 ./Generated_Code/AS1.o
 .bss.InpIndexW
                0x20000f8e        0x2 ./Generated_Code/AS1.o
 .bss.InpBuffer
                0x20000f90       0x20 ./Generated_Code/AS1.o
 .bss.BufferRead
                0x20000fb0        0x1 ./Generated_Code/AS1.o
 *fill*         0x20000fb1        0x1 00
 .bss.AS1_OutLen
                0x20000fb2        0x2 ./Generated_Code/AS1.o
 .bss.OutIndexR
                0x20000fb4        0x2 ./Generated_Code/AS1.o
 .bss.OutIndexW
                0x20000fb6        0x2 ./Generated_Code/AS1.o
 .bss.OutBuffer
                0x20000fb8       0x40 ./Generated_Code/AS1.o
 .bss.OnFreeTxBufSemaphore
                0x20000ff8        0x1 ./Generated_Code/AS1.o
 .bss.ModeFlg   0x20000ff9        0x1 ./Generated_Code/AD1.o
 .bss.OutFlg    0x20000ffa        0x1 ./Generated_Code/AD1.o
 *fill*         0x20000ffb        0x1 00
 .bss.argv      0x20000ffc        0x4 ./Project_Settings/Startup_Code/__arm_start.o
 .bss.pwmLeft   0x20001000        0x2 ./Sources/motor.o
 .bss.pwmRight  0x20001002        0x2 ./Sources/motor.o
 .bss.ToFDevice
                0x20001004        0xc ./Sources/VL6180X.o
 .bss.__stdio_exit
                0x20001010        0x4 C:/Freescale/CW MCU v10.6/MCU/ARM_GCC_Support/ewl/lib/armv6-m\libc.a(exit.o)
                0x20001010                __stdio_exit
 .bss.__console_exit
                0x20001014        0x4 C:/Freescale/CW MCU v10.6/MCU/ARM_GCC_Support/ewl/lib/armv6-m\libc.a(exit.o)
                0x20001014                __console_exit
 .bss.__S_romp  0x20001018        0xc C:/Freescale/CW MCU v10.6/MCU/ARM_GCC_Support/ewl/lib/armv6-m\librt.a(ROMCopy.o)
 .bss.__global_destructor_chain
                0x20001024        0x4 C:/Freescale/CW MCU v10.6/MCU/ARM_GCC_Support/ewl/lib/armv6-m\librt.a(__arm_eabi_init.o)
                0x20001024                __global_destructor_chain
 *(COMMON)
 COMMON         0x20001028       0x28 ./Generated_Code/queue.o
                0x20001028                xQueueRegistry
 COMMON         0x20001050        0x1 ./Generated_Code/Cpu.o
                0x20001050                SR_reg
 *fill*         0x20001051        0x3 00
 COMMON         0x20001054        0x4 ./Generated_Code/AS1.o
                0x20001054                ASerialLdd1_DeviceDataPtr
 COMMON         0x20001058        0x8 ./Generated_Code/AD1.o
                0x20001058                AD1_OutV
                0x2000105c                AdcLdd1_DeviceDataPtr
 COMMON         0x20001060        0x2 ./Sources/serial_communication.o
                0x20001060                state
                0x20001061                leftParcour
 *fill*         0x20001062        0x2 00
 COMMON         0x20001064       0x18 ./Sources/pid.o
                0x20001064                pid
 COMMON         0x2000107c        0x6 ./Sources/frtos_tasks.o
                0x2000107c                Task3Started
                0x2000107d                Task2Started
                0x2000107e                Task7Started
                0x2000107f                Task4Started
                0x20001080                Task6Started
                0x20001081                Task5Started
 COMMON         0x20001082        0x7 ./Sources/driving.o
                0x20001082                kpToF
                0x20001083                kiToF
                0x20001084                kdToF
                0x20001085                kpGyro
                0x20001086                kdGyro
                0x20001087                factor
                0x20001088                kiGyro
 *fill*         0x20001089        0x3 00
 COMMON         0x2000108c      0x4da ./Sources/L3G.o
                0x2000108c                address
                0x20001090                vX
                0x20001220                vZ
                0x200013b0                gyro
                0x200013d0                sa0
                0x200013d1                device
                0x200013d4                vY
                0x20001564                writingPos
                0x20001568                . = ALIGN (0x4)
 *fill*         0x20001566        0x2 00
                0x20001568                __END_BSS = .
                0x20001568                PROVIDE (__bss_end__, __END_BSS)
                0x0000b55c                _romp_at = (___ROM_AT + SIZEOF (.data))

.romp           0x20001568       0x18 load address 0x0000b55c
                0x0000b55c                __S_romp = _romp_at
                0x20001568        0x4 LONG 0xb548 ___ROM_AT
                0x2000156c        0x4 LONG 0x1ffff000 _sdata
                0x20001570        0x4 LONG 0x14 ___data_size
                0x20001574        0x4 LONG 0x0
                0x20001578        0x4 LONG 0x0
                0x2000157c        0x4 LONG 0x0

._user_heap_stack
                0x20001580      0x400 load address 0x0000b574
                0x20001580                . = ALIGN (0x4)
                0x20001580                PROVIDE (end, .)
                0x20001580                PROVIDE (_end, .)
                0x20001580                __heap_addr = .
                0x20001580                . = (. + __heap_size)
                0x20001980                . = (. + __stack_size)
 *fill*         0x20001580      0x400 00
                0x20001980                . = ALIGN (0x4)

.ARM.attributes
                0x00000000       0x2f
 *(.ARM.attributes)
 .ARM.attributes
                0x00000000       0x31 ./Generated_Code/tasks.o
 .ARM.attributes
                0x00000031       0x31 ./Generated_Code/queue.o
 .ARM.attributes
                0x00000062       0x31 ./Generated_Code/port.o
 .ARM.attributes
                0x00000093       0x31 ./Generated_Code/list.o
 .ARM.attributes
                0x000000c4       0x31 ./Generated_Code/heap_4.o
 .ARM.attributes
                0x000000f5       0x31 ./Generated_Code/WAIT1.o
 .ARM.attributes
                0x00000126       0x31 ./Generated_Code/Vectors.o
 .ARM.attributes
                0x00000157       0x31 ./Generated_Code/UTIL1.o
 .ARM.attributes
                0x00000188       0x31 ./Generated_Code/TofCE3.o
 .ARM.attributes
                0x000001b9       0x31 ./Generated_Code/TofCE2.o
 .ARM.attributes
                0x000001ea       0x31 ./Generated_Code/TofCE1.o
 .ARM.attributes
                0x0000021b       0x31 ./Generated_Code/TU2.o
 .ARM.attributes
                0x0000024c       0x31 ./Generated_Code/TU1.o
 .ARM.attributes
                0x0000027d       0x31 ./Generated_Code/TSK1.o
 .ARM.attributes
                0x000002ae       0x31 ./Generated_Code/RED.o
 .ARM.attributes
                0x000002df       0x31 ./Generated_Code/PwmLdd3.o
 .ARM.attributes
                0x00000310       0x31 ./Generated_Code/PwmLdd2.o
 .ARM.attributes
                0x00000341       0x31 ./Generated_Code/PwmLdd1.o
 .ARM.attributes
                0x00000372       0x31 ./Generated_Code/PE_LDD.o
 .ARM.attributes
                0x000003a3       0x31 ./Generated_Code/LED_GREEN.o
 .ARM.attributes
                0x000003d4       0x31 ./Generated_Code/GI2C1.o
 .ARM.attributes
                0x00000405       0x31 ./Generated_Code/DIR_RIGHT.o
 .ARM.attributes
                0x00000436       0x31 ./Generated_Code/DIR_LEFT.o
 .ARM.attributes
                0x00000467       0x31 ./Generated_Code/Cpu.o
 .ARM.attributes
                0x00000498       0x31 ./Generated_Code/CLS1.o
 .ARM.attributes
                0x000004c9       0x31 ./Generated_Code/CI2C1.o
 .ARM.attributes
                0x000004fa       0x31 ./Generated_Code/BitIoLdd4.o
 .ARM.attributes
                0x0000052b       0x31 ./Generated_Code/BitIoLdd3.o
 .ARM.attributes
                0x0000055c       0x31 ./Generated_Code/AdcLdd1.o
 .ARM.attributes
                0x0000058d       0x31 ./Generated_Code/ASerialLdd1.o
 .ARM.attributes
                0x000005be       0x31 ./Generated_Code/AS1.o
 .ARM.attributes
                0x000005ef       0x31 ./Generated_Code/AD1.o
 .ARM.attributes
                0x00000620       0x31 ./Project_Settings/Startup_Code/__arm_start.o
 .ARM.attributes
                0x00000651       0x31 ./Project_Settings/Startup_Code/__arm_end.o
 .ARM.attributes
                0x00000682       0x31 ./Sources/serial_communication.o
 .ARM.attributes
                0x000006b3       0x31 ./Sources/pid.o
 .ARM.attributes
                0x000006e4       0x31 ./Sources/motor.o
 .ARM.attributes
                0x00000715       0x31 ./Sources/main.o
 .ARM.attributes
                0x00000746       0x31 ./Sources/frtos_tasks.o
 .ARM.attributes
                0x00000777       0x31 ./Sources/driving.o
 .ARM.attributes
                0x000007a8       0x31 ./Sources/VL6180X.o
 .ARM.attributes
                0x000007d9       0x31 ./Sources/L3G.o
 .ARM.attributes
                0x0000080a       0x31 ./Sources/Events.o
 .ARM.attributes
                0x0000083b       0x31 C:/Freescale/CW MCU v10.6/MCU/ARM_GCC_Support/ewl/lib/armv6-m\libc.a(exit.o)
 .ARM.attributes
                0x0000086c       0x31 C:/Freescale/CW MCU v10.6/MCU/ARM_GCC_Support/ewl/lib/armv6-m\libc.a(qsort.o)
 .ARM.attributes
                0x0000089d       0x31 C:/Freescale/CW MCU v10.6/MCU/ARM_GCC_Support/ewl/lib/armv6-m\libc.a(memcpy.o)
 .ARM.attributes
                0x000008ce       0x31 C:/Freescale/CW MCU v10.6/MCU/ARM_GCC_Support/ewl/lib/armv6-m\libc.a(memset.o)
 .ARM.attributes
                0x000008ff       0x31 C:/Freescale/CW MCU v10.6/MCU/ARM_GCC_Support/ewl/lib/armv6-m\libc.a(strchr.o)
 .ARM.attributes
                0x00000930       0x31 C:/Freescale/CW MCU v10.6/MCU/ARM_GCC_Support/ewl/lib/armv6-m\libc.a(strlen.o)
 .ARM.attributes
                0x00000961       0x31 C:/Freescale/CW MCU v10.6/MCU/ARM_GCC_Support/ewl/lib/armv6-m\libc.a(printformat_.o)
 .ARM.attributes
                0x00000992       0x31 C:/Freescale/CW MCU v10.6/MCU/ARM_GCC_Support/ewl/lib/armv6-m\libc.a(scanformat_.o)
 .ARM.attributes
                0x000009c3       0x31 C:/Freescale/CW MCU v10.6/MCU/ARM_GCC_Support/ewl/lib/armv6-m\libc.a(ctype_aeabi.o)
 .ARM.attributes
                0x000009f4       0x31 C:/Freescale/CW MCU v10.6/MCU/ARM_GCC_Support/ewl/lib/armv6-m\libc.a(__strtoul.o)
 .ARM.attributes
                0x00000a25       0x31 C:/Freescale/CW MCU v10.6/MCU/ARM_GCC_Support/ewl/lib/armv6-m\libc.a(__filll_mem.o)
 .ARM.attributes
                0x00000a56       0x31 C:/Freescale/CW MCU v10.6/MCU/ARM_GCC_Support/ewl/lib/armv6-m\libc.a(memchr.o)
 .ARM.attributes
                0x00000a87       0x31 C:/Freescale/CW MCU v10.6/MCU/ARM_GCC_Support/ewl/lib/armv6-m\libm.a(s_cos.o)
 .ARM.attributes
                0x00000ab8       0x31 C:/Freescale/CW MCU v10.6/MCU/ARM_GCC_Support/ewl/lib/armv6-m\libm.a(e_rem_pio2.o)
 .ARM.attributes
                0x00000ae9       0x31 C:/Freescale/CW MCU v10.6/MCU/ARM_GCC_Support/ewl/lib/armv6-m\libm.a(k_cos.o)
 .ARM.attributes
                0x00000b1a       0x31 C:/Freescale/CW MCU v10.6/MCU/ARM_GCC_Support/ewl/lib/armv6-m\libm.a(k_rem_pio2.o)
 .ARM.attributes
                0x00000b4b       0x31 C:/Freescale/CW MCU v10.6/MCU/ARM_GCC_Support/ewl/lib/armv6-m\libm.a(k_sin.o)
 .ARM.attributes
                0x00000b7c       0x31 C:/Freescale/CW MCU v10.6/MCU/ARM_GCC_Support/ewl/lib/armv6-m\libm.a(s_floor.o)
 .ARM.attributes
                0x00000bad       0x31 C:/Freescale/CW MCU v10.6/MCU/ARM_GCC_Support/ewl/lib/armv6-m\libm.a(scalbn.o)
 .ARM.attributes
                0x00000bde       0x31 C:/Freescale/CW MCU v10.6/MCU/ARM_GCC_Support/ewl/lib/armv6-m\libm.a(s_frexp.o)
 .ARM.attributes
                0x00000c0f       0x31 C:/Freescale/CW MCU v10.6/MCU/ARM_GCC_Support/ewl/lib/armv6-m\libm.a(s_ldexp.o)
 .ARM.attributes
                0x00000c40       0x31 C:/Freescale/CW MCU v10.6/MCU/ARM_GCC_Support/ewl/lib/armv6-m\libm.a(math_api.o)
 .ARM.attributes
                0x00000c71       0x1e c:/freescale/cw mcu v10.6/cross_tools/arm-none-eabi-gcc-4_7_3/bin/../lib/gcc/arm-none-eabi/4.7.3/armv6-m\libgcc.a(_thumb1_case_sqi.o)
 .ARM.attributes
                0x00000c8f       0x1e c:/freescale/cw mcu v10.6/cross_tools/arm-none-eabi-gcc-4_7_3/bin/../lib/gcc/arm-none-eabi/4.7.3/armv6-m\libgcc.a(_thumb1_case_uqi.o)
 .ARM.attributes
                0x00000cad       0x1e c:/freescale/cw mcu v10.6/cross_tools/arm-none-eabi-gcc-4_7_3/bin/../lib/gcc/arm-none-eabi/4.7.3/armv6-m\libgcc.a(_udivsi3.o)
 .ARM.attributes
                0x00000ccb       0x1e c:/freescale/cw mcu v10.6/cross_tools/arm-none-eabi-gcc-4_7_3/bin/../lib/gcc/arm-none-eabi/4.7.3/armv6-m\libgcc.a(_divsi3.o)
 .ARM.attributes
                0x00000ce9       0x1e c:/freescale/cw mcu v10.6/cross_tools/arm-none-eabi-gcc-4_7_3/bin/../lib/gcc/arm-none-eabi/4.7.3/armv6-m\libgcc.a(_dvmd_tls.o)
 .ARM.attributes
                0x00000d07       0x1e c:/freescale/cw mcu v10.6/cross_tools/arm-none-eabi-gcc-4_7_3/bin/../lib/gcc/arm-none-eabi/4.7.3/armv6-m\libgcc.a(_arm_cmpdf2.o)
 .ARM.attributes
                0x00000d25       0x2c c:/freescale/cw mcu v10.6/cross_tools/arm-none-eabi-gcc-4_7_3/bin/../lib/gcc/arm-none-eabi/4.7.3/armv6-m\libgcc.a(adddf3.o)
 .ARM.attributes
                0x00000d51       0x2c c:/freescale/cw mcu v10.6/cross_tools/arm-none-eabi-gcc-4_7_3/bin/../lib/gcc/arm-none-eabi/4.7.3/armv6-m\libgcc.a(divdf3.o)
 .ARM.attributes
                0x00000d7d       0x2c c:/freescale/cw mcu v10.6/cross_tools/arm-none-eabi-gcc-4_7_3/bin/../lib/gcc/arm-none-eabi/4.7.3/armv6-m\libgcc.a(eqdf2.o)
 .ARM.attributes
                0x00000da9       0x2c c:/freescale/cw mcu v10.6/cross_tools/arm-none-eabi-gcc-4_7_3/bin/../lib/gcc/arm-none-eabi/4.7.3/armv6-m\libgcc.a(gedf2.o)
 .ARM.attributes
                0x00000dd5       0x2c c:/freescale/cw mcu v10.6/cross_tools/arm-none-eabi-gcc-4_7_3/bin/../lib/gcc/arm-none-eabi/4.7.3/armv6-m\libgcc.a(ledf2.o)
 .ARM.attributes
                0x00000e01       0x2c c:/freescale/cw mcu v10.6/cross_tools/arm-none-eabi-gcc-4_7_3/bin/../lib/gcc/arm-none-eabi/4.7.3/armv6-m\libgcc.a(muldf3.o)
 .ARM.attributes
                0x00000e2d       0x2c c:/freescale/cw mcu v10.6/cross_tools/arm-none-eabi-gcc-4_7_3/bin/../lib/gcc/arm-none-eabi/4.7.3/armv6-m\libgcc.a(subdf3.o)
 .ARM.attributes
                0x00000e59       0x2c c:/freescale/cw mcu v10.6/cross_tools/arm-none-eabi-gcc-4_7_3/bin/../lib/gcc/arm-none-eabi/4.7.3/armv6-m\libgcc.a(fixdfsi.o)
 .ARM.attributes
                0x00000e85       0x2c c:/freescale/cw mcu v10.6/cross_tools/arm-none-eabi-gcc-4_7_3/bin/../lib/gcc/arm-none-eabi/4.7.3/armv6-m\libgcc.a(floatsidf.o)
 .ARM.attributes
                0x00000eb1       0x1e c:/freescale/cw mcu v10.6/cross_tools/arm-none-eabi-gcc-4_7_3/bin/../lib/gcc/arm-none-eabi/4.7.3/armv6-m\libgcc.a(_clzsi2.o)
 .ARM.attributes
                0x00000ecf       0x31 C:/Freescale/CW MCU v10.6/MCU/ARM_GCC_Support/ewl/lib/armv6-m\librt.a(gcc_ctor_dtor.o)
 .ARM.attributes
                0x00000f00       0x31 C:/Freescale/CW MCU v10.6/MCU/ARM_GCC_Support/ewl/lib/armv6-m\librt.a(ROMCopy.o)
 .ARM.attributes
                0x00000f31       0x31 C:/Freescale/CW MCU v10.6/MCU/ARM_GCC_Support/ewl/lib/armv6-m\librt.a(__arm_eabi_init.o)
OUTPUT(FRDM_RTOS_TestCar_V1.2.elf elf32-littlearm)

.debug_info     0x00000000    0x110b3
 .debug_info    0x00000000     0x1606 ./Generated_Code/tasks.o
 .debug_info    0x00001606      0xde1 ./Generated_Code/queue.o
 .debug_info    0x000023e7      0x2c8 ./Generated_Code/port.o
 .debug_info    0x000026af      0x2bf ./Generated_Code/list.o
 .debug_info    0x0000296e      0x314 ./Generated_Code/heap_4.o
 .debug_info    0x00002c82      0x13c ./Generated_Code/WAIT1.o
 .debug_info    0x00002dbe      0x10b ./Generated_Code/Vectors.o
 .debug_info    0x00002ec9     0x19c9 ./Generated_Code/UTIL1.o
 .debug_info    0x00004892      0x42d ./Generated_Code/TofCE3.o
 .debug_info    0x00004cbf      0x42d ./Generated_Code/TofCE2.o
 .debug_info    0x000050ec      0x42d ./Generated_Code/TofCE1.o
 .debug_info    0x00005519      0x6f8 ./Generated_Code/TU2.o
 .debug_info    0x00005c11      0x6fc ./Generated_Code/TU1.o
 .debug_info    0x0000630d       0x92 ./Generated_Code/TSK1.o
 .debug_info    0x0000639f       0xf8 ./Generated_Code/RED.o
 .debug_info    0x00006497      0x2d3 ./Generated_Code/PwmLdd3.o
 .debug_info    0x0000676a      0x2d3 ./Generated_Code/PwmLdd2.o
 .debug_info    0x00006a3d      0x2d3 ./Generated_Code/PwmLdd1.o
 .debug_info    0x00006d10      0x255 ./Generated_Code/PE_LDD.o
 .debug_info    0x00006f65       0xf8 ./Generated_Code/LED_GREEN.o
 .debug_info    0x0000705d      0x644 ./Generated_Code/GI2C1.o
 .debug_info    0x000076a1      0x3a0 ./Generated_Code/DIR_RIGHT.o
 .debug_info    0x00007a41      0x3a0 ./Generated_Code/DIR_LEFT.o
 .debug_info    0x00007de1      0xc3c ./Generated_Code/Cpu.o
 .debug_info    0x00008a1d      0xa47 ./Generated_Code/CLS1.o
 .debug_info    0x00009464      0x89b ./Generated_Code/CI2C1.o
 .debug_info    0x00009cff      0x392 ./Generated_Code/BitIoLdd4.o
 .debug_info    0x0000a091      0x392 ./Generated_Code/BitIoLdd3.o
 .debug_info    0x0000a423      0x970 ./Generated_Code/AdcLdd1.o
 .debug_info    0x0000ad93      0x899 ./Generated_Code/ASerialLdd1.o
 .debug_info    0x0000b62c      0x536 ./Generated_Code/AS1.o
 .debug_info    0x0000bb62      0x278 ./Generated_Code/AD1.o
 .debug_info    0x0000bdda      0x12a ./Project_Settings/Startup_Code/__arm_start.o
 .debug_info    0x0000bf04       0x54 ./Project_Settings/Startup_Code/__arm_end.o
 .debug_info    0x0000bf58      0x17c ./Sources/serial_communication.o
 .debug_info    0x0000c0d4      0x1d6 ./Sources/pid.o
 .debug_info    0x0000c2aa      0x317 ./Sources/motor.o
 .debug_info    0x0000c5c1       0x96 ./Sources/main.o
 .debug_info    0x0000c657      0x2d2 ./Sources/frtos_tasks.o
 .debug_info    0x0000c929      0x347 ./Sources/driving.o
 .debug_info    0x0000cc70      0x945 ./Sources/VL6180X.o
 .debug_info    0x0000d5b5      0x5c0 ./Sources/L3G.o
 .debug_info    0x0000db75      0x1c4 ./Sources/Events.o
 .debug_info    0x0000dd39       0xe8 C:/Freescale/CW MCU v10.6/MCU/ARM_GCC_Support/ewl/lib/armv6-m\libc.a(exit.o)
 .debug_info    0x0000de21      0x1fc C:/Freescale/CW MCU v10.6/MCU/ARM_GCC_Support/ewl/lib/armv6-m\libc.a(qsort.o)
 .debug_info    0x0000e01d      0x10f C:/Freescale/CW MCU v10.6/MCU/ARM_GCC_Support/ewl/lib/armv6-m\libc.a(memcpy.o)
 .debug_info    0x0000e12c       0xec C:/Freescale/CW MCU v10.6/MCU/ARM_GCC_Support/ewl/lib/armv6-m\libc.a(memset.o)
 .debug_info    0x0000e218      0x10b C:/Freescale/CW MCU v10.6/MCU/ARM_GCC_Support/ewl/lib/armv6-m\libc.a(strchr.o)
 .debug_info    0x0000e323       0xea C:/Freescale/CW MCU v10.6/MCU/ARM_GCC_Support/ewl/lib/armv6-m\libc.a(strlen.o)
 .debug_info    0x0000e40d      0x50d C:/Freescale/CW MCU v10.6/MCU/ARM_GCC_Support/ewl/lib/armv6-m\libc.a(printformat_.o)
 .debug_info    0x0000e91a      0x568 C:/Freescale/CW MCU v10.6/MCU/ARM_GCC_Support/ewl/lib/armv6-m\libc.a(scanformat_.o)
 .debug_info    0x0000ee82      0x313 C:/Freescale/CW MCU v10.6/MCU/ARM_GCC_Support/ewl/lib/armv6-m\libc.a(ctype_aeabi.o)
 .debug_info    0x0000f195      0x1d6 C:/Freescale/CW MCU v10.6/MCU/ARM_GCC_Support/ewl/lib/armv6-m\libc.a(__strtoul.o)
 .debug_info    0x0000f36b      0x137 C:/Freescale/CW MCU v10.6/MCU/ARM_GCC_Support/ewl/lib/armv6-m\libc.a(__filll_mem.o)
 .debug_info    0x0000f4a2      0x121 C:/Freescale/CW MCU v10.6/MCU/ARM_GCC_Support/ewl/lib/armv6-m\libc.a(memchr.o)
 .debug_info    0x0000f5c3      0x1a0 C:/Freescale/CW MCU v10.6/MCU/ARM_GCC_Support/ewl/lib/armv6-m\libm.a(s_cos.o)
 .debug_info    0x0000f763      0x343 C:/Freescale/CW MCU v10.6/MCU/ARM_GCC_Support/ewl/lib/armv6-m\libm.a(e_rem_pio2.o)
 .debug_info    0x0000faa6      0x22d C:/Freescale/CW MCU v10.6/MCU/ARM_GCC_Support/ewl/lib/armv6-m\libm.a(k_cos.o)
 .debug_info    0x0000fcd3      0x30a C:/Freescale/CW MCU v10.6/MCU/ARM_GCC_Support/ewl/lib/armv6-m\libm.a(k_rem_pio2.o)
 .debug_info    0x0000ffdd      0x222 C:/Freescale/CW MCU v10.6/MCU/ARM_GCC_Support/ewl/lib/armv6-m\libm.a(k_sin.o)
 .debug_info    0x000101ff      0x1a9 C:/Freescale/CW MCU v10.6/MCU/ARM_GCC_Support/ewl/lib/armv6-m\libm.a(s_floor.o)
 .debug_info    0x000103a8       0xf9 C:/Freescale/CW MCU v10.6/MCU/ARM_GCC_Support/ewl/lib/armv6-m\libm.a(scalbn.o)
 .debug_info    0x000104a1      0x1a1 C:/Freescale/CW MCU v10.6/MCU/ARM_GCC_Support/ewl/lib/armv6-m\libm.a(s_frexp.o)
 .debug_info    0x00010642      0x1e2 C:/Freescale/CW MCU v10.6/MCU/ARM_GCC_Support/ewl/lib/armv6-m\libm.a(s_ldexp.o)
 .debug_info    0x00010824      0x305 C:/Freescale/CW MCU v10.6/MCU/ARM_GCC_Support/ewl/lib/armv6-m\libm.a(math_api.o)
 .debug_info    0x00010b29      0x136 C:/Freescale/CW MCU v10.6/MCU/ARM_GCC_Support/ewl/lib/armv6-m\librt.a(gcc_ctor_dtor.o)
 .debug_info    0x00010c5f      0x19b C:/Freescale/CW MCU v10.6/MCU/ARM_GCC_Support/ewl/lib/armv6-m\librt.a(ROMCopy.o)
 .debug_info    0x00010dfa      0x2b9 C:/Freescale/CW MCU v10.6/MCU/ARM_GCC_Support/ewl/lib/armv6-m\librt.a(__arm_eabi_init.o)

.debug_abbrev   0x00000000     0x449a
 .debug_abbrev  0x00000000      0x1bf ./Generated_Code/tasks.o
 .debug_abbrev  0x000001bf      0x15f ./Generated_Code/queue.o
 .debug_abbrev  0x0000031e      0x12c ./Generated_Code/port.o
 .debug_abbrev  0x0000044a       0xb6 ./Generated_Code/list.o
 .debug_abbrev  0x00000500      0x168 ./Generated_Code/heap_4.o
 .debug_abbrev  0x00000668       0xa3 ./Generated_Code/WAIT1.o
 .debug_abbrev  0x0000070b       0xa3 ./Generated_Code/Vectors.o
 .debug_abbrev  0x000007ae      0x14f ./Generated_Code/UTIL1.o
 .debug_abbrev  0x000008fd      0x160 ./Generated_Code/TofCE3.o
 .debug_abbrev  0x00000a5d      0x160 ./Generated_Code/TofCE2.o
 .debug_abbrev  0x00000bbd      0x160 ./Generated_Code/TofCE1.o
 .debug_abbrev  0x00000d1d      0x17e ./Generated_Code/TU2.o
 .debug_abbrev  0x00000e9b      0x17e ./Generated_Code/TU1.o
 .debug_abbrev  0x00001019       0x3d ./Generated_Code/TSK1.o
 .debug_abbrev  0x00001056       0xa3 ./Generated_Code/RED.o
 .debug_abbrev  0x000010f9      0x114 ./Generated_Code/PwmLdd3.o
 .debug_abbrev  0x0000120d      0x114 ./Generated_Code/PwmLdd2.o
 .debug_abbrev  0x00001321      0x114 ./Generated_Code/PwmLdd1.o
 .debug_abbrev  0x00001435      0x102 ./Generated_Code/PE_LDD.o
 .debug_abbrev  0x00001537       0xa3 ./Generated_Code/LED_GREEN.o
 .debug_abbrev  0x000015da      0x1d1 ./Generated_Code/GI2C1.o
 .debug_abbrev  0x000017ab      0x12b ./Generated_Code/DIR_RIGHT.o
 .debug_abbrev  0x000018d6      0x12b ./Generated_Code/DIR_LEFT.o
 .debug_abbrev  0x00001a01      0x137 ./Generated_Code/Cpu.o
 .debug_abbrev  0x00001b38      0x1a0 ./Generated_Code/CLS1.o
 .debug_abbrev  0x00001cd8      0x179 ./Generated_Code/CI2C1.o
 .debug_abbrev  0x00001e51      0x11c ./Generated_Code/BitIoLdd4.o
 .debug_abbrev  0x00001f6d      0x11c ./Generated_Code/BitIoLdd3.o
 .debug_abbrev  0x00002089      0x1a6 ./Generated_Code/AdcLdd1.o
 .debug_abbrev  0x0000222f      0x189 ./Generated_Code/ASerialLdd1.o
 .debug_abbrev  0x000023b8      0x16d ./Generated_Code/AS1.o
 .debug_abbrev  0x00002525      0x13c ./Generated_Code/AD1.o
 .debug_abbrev  0x00002661       0x92 ./Project_Settings/Startup_Code/__arm_start.o
 .debug_abbrev  0x000026f3       0x4c ./Project_Settings/Startup_Code/__arm_end.o
 .debug_abbrev  0x0000273f       0xd2 ./Sources/serial_communication.o
 .debug_abbrev  0x00002811       0xf8 ./Sources/pid.o
 .debug_abbrev  0x00002909       0xcc ./Sources/motor.o
 .debug_abbrev  0x000029d5       0x3f ./Sources/main.o
 .debug_abbrev  0x00002a14       0x9b ./Sources/frtos_tasks.o
 .debug_abbrev  0x00002aaf       0xcc ./Sources/driving.o
 .debug_abbrev  0x00002b7b      0x1af ./Sources/VL6180X.o
 .debug_abbrev  0x00002d2a      0x1ab ./Sources/L3G.o
 .debug_abbrev  0x00002ed5       0x95 ./Sources/Events.o
 .debug_abbrev  0x00002f6a       0x7a C:/Freescale/CW MCU v10.6/MCU/ARM_GCC_Support/ewl/lib/armv6-m\libc.a(exit.o)
 .debug_abbrev  0x00002fe4       0xbd C:/Freescale/CW MCU v10.6/MCU/ARM_GCC_Support/ewl/lib/armv6-m\libc.a(qsort.o)
 .debug_abbrev  0x000030a1       0x95 C:/Freescale/CW MCU v10.6/MCU/ARM_GCC_Support/ewl/lib/armv6-m\libc.a(memcpy.o)
 .debug_abbrev  0x00003136       0x62 C:/Freescale/CW MCU v10.6/MCU/ARM_GCC_Support/ewl/lib/armv6-m\libc.a(memset.o)
 .debug_abbrev  0x00003198       0x7a C:/Freescale/CW MCU v10.6/MCU/ARM_GCC_Support/ewl/lib/armv6-m\libc.a(strchr.o)
 .debug_abbrev  0x00003212       0x7a C:/Freescale/CW MCU v10.6/MCU/ARM_GCC_Support/ewl/lib/armv6-m\libc.a(strlen.o)
 .debug_abbrev  0x0000328c      0x200 C:/Freescale/CW MCU v10.6/MCU/ARM_GCC_Support/ewl/lib/armv6-m\libc.a(printformat_.o)
 .debug_abbrev  0x0000348c      0x1f0 C:/Freescale/CW MCU v10.6/MCU/ARM_GCC_Support/ewl/lib/armv6-m\libc.a(scanformat_.o)
 .debug_abbrev  0x0000367c       0x9e C:/Freescale/CW MCU v10.6/MCU/ARM_GCC_Support/ewl/lib/armv6-m\libc.a(ctype_aeabi.o)
 .debug_abbrev  0x0000371a       0xc2 C:/Freescale/CW MCU v10.6/MCU/ARM_GCC_Support/ewl/lib/armv6-m\libc.a(__strtoul.o)
 .debug_abbrev  0x000037dc       0x78 C:/Freescale/CW MCU v10.6/MCU/ARM_GCC_Support/ewl/lib/armv6-m\libc.a(__filll_mem.o)
 .debug_abbrev  0x00003854       0x95 C:/Freescale/CW MCU v10.6/MCU/ARM_GCC_Support/ewl/lib/armv6-m\libc.a(memchr.o)
 .debug_abbrev  0x000038e9       0xd7 C:/Freescale/CW MCU v10.6/MCU/ARM_GCC_Support/ewl/lib/armv6-m\libm.a(s_cos.o)
 .debug_abbrev  0x000039c0       0xfc C:/Freescale/CW MCU v10.6/MCU/ARM_GCC_Support/ewl/lib/armv6-m\libm.a(e_rem_pio2.o)
 .debug_abbrev  0x00003abc       0xcc C:/Freescale/CW MCU v10.6/MCU/ARM_GCC_Support/ewl/lib/armv6-m\libm.a(k_cos.o)
 .debug_abbrev  0x00003b88       0xf3 C:/Freescale/CW MCU v10.6/MCU/ARM_GCC_Support/ewl/lib/armv6-m\libm.a(k_rem_pio2.o)
 .debug_abbrev  0x00003c7b       0xea C:/Freescale/CW MCU v10.6/MCU/ARM_GCC_Support/ewl/lib/armv6-m\libm.a(k_sin.o)
 .debug_abbrev  0x00003d65       0xbf C:/Freescale/CW MCU v10.6/MCU/ARM_GCC_Support/ewl/lib/armv6-m\libm.a(s_floor.o)
 .debug_abbrev  0x00003e24       0x86 C:/Freescale/CW MCU v10.6/MCU/ARM_GCC_Support/ewl/lib/armv6-m\libm.a(scalbn.o)
 .debug_abbrev  0x00003eaa       0xce C:/Freescale/CW MCU v10.6/MCU/ARM_GCC_Support/ewl/lib/armv6-m\libm.a(s_frexp.o)
 .debug_abbrev  0x00003f78       0xce C:/Freescale/CW MCU v10.6/MCU/ARM_GCC_Support/ewl/lib/armv6-m\libm.a(s_ldexp.o)
 .debug_abbrev  0x00004046       0xe8 C:/Freescale/CW MCU v10.6/MCU/ARM_GCC_Support/ewl/lib/armv6-m\libm.a(math_api.o)
 .debug_abbrev  0x0000412e       0x99 C:/Freescale/CW MCU v10.6/MCU/ARM_GCC_Support/ewl/lib/armv6-m\librt.a(gcc_ctor_dtor.o)
 .debug_abbrev  0x000041c7      0x120 C:/Freescale/CW MCU v10.6/MCU/ARM_GCC_Support/ewl/lib/armv6-m\librt.a(ROMCopy.o)
 .debug_abbrev  0x000042e7      0x1b3 C:/Freescale/CW MCU v10.6/MCU/ARM_GCC_Support/ewl/lib/armv6-m\librt.a(__arm_eabi_init.o)

.debug_loc      0x00000000     0x9ca7
 .debug_loc     0x00000000      0xb5d ./Generated_Code/tasks.o
 .debug_loc     0x00000b5d      0x658 ./Generated_Code/queue.o
 .debug_loc     0x000011b5      0x260 ./Generated_Code/port.o
 .debug_loc     0x00001415      0x118 ./Generated_Code/list.o
 .debug_loc     0x0000152d      0x164 ./Generated_Code/heap_4.o
 .debug_loc     0x00001691       0xa8 ./Generated_Code/WAIT1.o
 .debug_loc     0x00001739      0xdc9 ./Generated_Code/UTIL1.o
 .debug_loc     0x00002502      0x1c0 ./Generated_Code/TofCE3.o
 .debug_loc     0x000026c2      0x1c0 ./Generated_Code/TofCE2.o
 .debug_loc     0x00002882      0x1c0 ./Generated_Code/TofCE1.o
 .debug_loc     0x00002a42      0x150 ./Generated_Code/TU2.o
 .debug_loc     0x00002b92      0x150 ./Generated_Code/TU1.o
 .debug_loc     0x00002ce2       0x2c ./Generated_Code/TSK1.o
 .debug_loc     0x00002d0e       0x90 ./Generated_Code/RED.o
 .debug_loc     0x00002d9e      0x118 ./Generated_Code/PwmLdd3.o
 .debug_loc     0x00002eb6      0x118 ./Generated_Code/PwmLdd2.o
 .debug_loc     0x00002fce      0x118 ./Generated_Code/PwmLdd1.o
 .debug_loc     0x000030e6       0x9c ./Generated_Code/PE_LDD.o
 .debug_loc     0x00003182       0x90 ./Generated_Code/LED_GREEN.o
 .debug_loc     0x00003212      0x370 ./Generated_Code/GI2C1.o
 .debug_loc     0x00003582      0x118 ./Generated_Code/DIR_RIGHT.o
 .debug_loc     0x0000369a      0x118 ./Generated_Code/DIR_LEFT.o
 .debug_loc     0x000037b2      0x764 ./Generated_Code/Cpu.o
 .debug_loc     0x00003f16      0x680 ./Generated_Code/CLS1.o
 .debug_loc     0x00004596      0x150 ./Generated_Code/CI2C1.o
 .debug_loc     0x000046e6      0x118 ./Generated_Code/BitIoLdd4.o
 .debug_loc     0x000047fe      0x118 ./Generated_Code/BitIoLdd3.o
 .debug_loc     0x00004916      0x1f8 ./Generated_Code/AdcLdd1.o
 .debug_loc     0x00004b0e      0x194 ./Generated_Code/ASerialLdd1.o
 .debug_loc     0x00004ca2      0x2e0 ./Generated_Code/AS1.o
 .debug_loc     0x00004f82      0x170 ./Generated_Code/AD1.o
 .debug_loc     0x000050f2       0x2c ./Project_Settings/Startup_Code/__arm_start.o
 .debug_loc     0x0000511e       0x38 ./Project_Settings/Startup_Code/__arm_end.o
 .debug_loc     0x00005156       0xa8 ./Sources/serial_communication.o
 .debug_loc     0x000051fe       0x70 ./Sources/pid.o
 .debug_loc     0x0000526e      0x1e0 ./Sources/motor.o
 .debug_loc     0x0000544e       0x2c ./Sources/main.o
 .debug_loc     0x0000547a      0x310 ./Sources/frtos_tasks.o
 .debug_loc     0x0000578a       0xa8 ./Sources/driving.o
 .debug_loc     0x00005832      0x3b8 ./Sources/VL6180X.o
 .debug_loc     0x00005bea      0x264 ./Sources/L3G.o
 .debug_loc     0x00005e4e      0x248 ./Sources/Events.o
 .debug_loc     0x00006096       0x3e C:/Freescale/CW MCU v10.6/MCU/ARM_GCC_Support/ewl/lib/armv6-m\libc.a(exit.o)
 .debug_loc     0x000060d4      0x22a C:/Freescale/CW MCU v10.6/MCU/ARM_GCC_Support/ewl/lib/armv6-m\libc.a(qsort.o)
 .debug_loc     0x000062fe       0x59 C:/Freescale/CW MCU v10.6/MCU/ARM_GCC_Support/ewl/lib/armv6-m\libc.a(memcpy.o)
 .debug_loc     0x00006357       0x6f C:/Freescale/CW MCU v10.6/MCU/ARM_GCC_Support/ewl/lib/armv6-m\libc.a(memset.o)
 .debug_loc     0x000063c6       0xaf C:/Freescale/CW MCU v10.6/MCU/ARM_GCC_Support/ewl/lib/armv6-m\libc.a(strchr.o)
 .debug_loc     0x00006475       0x33 C:/Freescale/CW MCU v10.6/MCU/ARM_GCC_Support/ewl/lib/armv6-m\libc.a(strlen.o)
 .debug_loc     0x000064a8     0x104b C:/Freescale/CW MCU v10.6/MCU/ARM_GCC_Support/ewl/lib/armv6-m\libc.a(printformat_.o)
 .debug_loc     0x000074f3      0x9d8 C:/Freescale/CW MCU v10.6/MCU/ARM_GCC_Support/ewl/lib/armv6-m\libc.a(scanformat_.o)
 .debug_loc     0x00007ecb      0x30d C:/Freescale/CW MCU v10.6/MCU/ARM_GCC_Support/ewl/lib/armv6-m\libc.a(ctype_aeabi.o)
 .debug_loc     0x000081d8      0x305 C:/Freescale/CW MCU v10.6/MCU/ARM_GCC_Support/ewl/lib/armv6-m\libc.a(__strtoul.o)
 .debug_loc     0x000084dd      0x14a C:/Freescale/CW MCU v10.6/MCU/ARM_GCC_Support/ewl/lib/armv6-m\libc.a(__filll_mem.o)
 .debug_loc     0x00008627       0x77 C:/Freescale/CW MCU v10.6/MCU/ARM_GCC_Support/ewl/lib/armv6-m\libc.a(memchr.o)
 .debug_loc     0x0000869e       0xc8 C:/Freescale/CW MCU v10.6/MCU/ARM_GCC_Support/ewl/lib/armv6-m\libm.a(s_cos.o)
 .debug_loc     0x00008766      0x316 C:/Freescale/CW MCU v10.6/MCU/ARM_GCC_Support/ewl/lib/armv6-m\libm.a(e_rem_pio2.o)
 .debug_loc     0x00008a7c      0x10a C:/Freescale/CW MCU v10.6/MCU/ARM_GCC_Support/ewl/lib/armv6-m\libm.a(k_cos.o)
 .debug_loc     0x00008b86      0x66c C:/Freescale/CW MCU v10.6/MCU/ARM_GCC_Support/ewl/lib/armv6-m\libm.a(k_rem_pio2.o)
 .debug_loc     0x000091f2       0xf4 C:/Freescale/CW MCU v10.6/MCU/ARM_GCC_Support/ewl/lib/armv6-m\libm.a(k_sin.o)
 .debug_loc     0x000092e6      0x143 C:/Freescale/CW MCU v10.6/MCU/ARM_GCC_Support/ewl/lib/armv6-m\libm.a(s_floor.o)
 .debug_loc     0x00009429       0x6e C:/Freescale/CW MCU v10.6/MCU/ARM_GCC_Support/ewl/lib/armv6-m\libm.a(scalbn.o)
 .debug_loc     0x00009497       0xc1 C:/Freescale/CW MCU v10.6/MCU/ARM_GCC_Support/ewl/lib/armv6-m\libm.a(s_frexp.o)
 .debug_loc     0x00009558      0x16b C:/Freescale/CW MCU v10.6/MCU/ARM_GCC_Support/ewl/lib/armv6-m\libm.a(s_ldexp.o)
 .debug_loc     0x000096c3      0x2d7 C:/Freescale/CW MCU v10.6/MCU/ARM_GCC_Support/ewl/lib/armv6-m\libm.a(math_api.o)
 .debug_loc     0x0000999a       0x9d C:/Freescale/CW MCU v10.6/MCU/ARM_GCC_Support/ewl/lib/armv6-m\librt.a(gcc_ctor_dtor.o)
 .debug_loc     0x00009a37       0xd9 C:/Freescale/CW MCU v10.6/MCU/ARM_GCC_Support/ewl/lib/armv6-m\librt.a(ROMCopy.o)
 .debug_loc     0x00009b10      0x197 C:/Freescale/CW MCU v10.6/MCU/ARM_GCC_Support/ewl/lib/armv6-m\librt.a(__arm_eabi_init.o)

.debug_aranges  0x00000000     0x16d8
 .debug_aranges
                0x00000000      0x1c0 ./Generated_Code/tasks.o
 .debug_aranges
                0x000001c0      0x100 ./Generated_Code/queue.o
 .debug_aranges
                0x000002c0       0x90 ./Generated_Code/port.o
 .debug_aranges
                0x00000350       0x40 ./Generated_Code/list.o
 .debug_aranges
                0x00000390       0x50 ./Generated_Code/heap_4.o
 .debug_aranges
                0x000003e0       0x40 ./Generated_Code/WAIT1.o
 .debug_aranges
                0x00000420       0x18 ./Generated_Code/Vectors.o
 .debug_aranges
                0x00000438      0x210 ./Generated_Code/UTIL1.o
 .debug_aranges
                0x00000648       0x58 ./Generated_Code/TofCE3.o
 .debug_aranges
                0x000006a0       0x58 ./Generated_Code/TofCE2.o
 .debug_aranges
                0x000006f8       0x58 ./Generated_Code/TofCE1.o
 .debug_aranges
                0x00000750       0x48 ./Generated_Code/TU2.o
 .debug_aranges
                0x00000798       0x48 ./Generated_Code/TU1.o
 .debug_aranges
                0x000007e0       0x20 ./Generated_Code/TSK1.o
 .debug_aranges
                0x00000800       0x30 ./Generated_Code/RED.o
 .debug_aranges
                0x00000830       0x40 ./Generated_Code/PwmLdd3.o
 .debug_aranges
                0x00000870       0x40 ./Generated_Code/PwmLdd2.o
 .debug_aranges
                0x000008b0       0x40 ./Generated_Code/PwmLdd1.o
 .debug_aranges
                0x000008f0       0x30 ./Generated_Code/PE_LDD.o
 .debug_aranges
                0x00000920       0x30 ./Generated_Code/LED_GREEN.o
 .debug_aranges