Archive member included because of file (symbol)

C:/Freescale/CW MCU v10.6/MCU/ARM_GCC_Support/ewl/lib/armv6-m\libc.a(exit.o)
                              ./Project_Settings/Startup_Code/__arm_start.o (exit)
C:/Freescale/CW MCU v10.6/MCU/ARM_GCC_Support/ewl/lib/armv6-m\libc.a(qsort.o)
                              ./Sources/L3G.o (qsort)
C:/Freescale/CW MCU v10.6/MCU/ARM_GCC_Support/ewl/lib/armv6-m\libc.a(memcpy.o)
                              ./Generated_Code/queue.o (memcpy)
C:/Freescale/CW MCU v10.6/MCU/ARM_GCC_Support/ewl/lib/armv6-m\libc.a(memset.o)
                              ./Generated_Code/tasks.o (memset)
C:/Freescale/CW MCU v10.6/MCU/ARM_GCC_Support/ewl/lib/armv6-m\libc.a(strchr.o)
                              ./Generated_Code/UTIL1.o (strchr)
C:/Freescale/CW MCU v10.6/MCU/ARM_GCC_Support/ewl/lib/armv6-m\libc.a(strcmp.o)
                              ./Generated_Code/CLS1.o (strcmp)
C:/Freescale/CW MCU v10.6/MCU/ARM_GCC_Support/ewl/lib/armv6-m\libc.a(strlen.o)
                              ./Generated_Code/UTIL1.o (strlen)
C:/Freescale/CW MCU v10.6/MCU/ARM_GCC_Support/ewl/lib/armv6-m\libc.a(strncmp.o)
                              ./Generated_Code/UTIL1.o (strncmp)
C:/Freescale/CW MCU v10.6/MCU/ARM_GCC_Support/ewl/lib/armv6-m\libc.a(printformat_.o)
                              (__pformatter_)
C:/Freescale/CW MCU v10.6/MCU/ARM_GCC_Support/ewl/lib/armv6-m\libc.a(scanformat_.o)
                              (__sformatter)
C:/Freescale/CW MCU v10.6/MCU/ARM_GCC_Support/ewl/lib/armv6-m\libc.a(ctype_aeabi.o)
                              C:/Freescale/CW MCU v10.6/MCU/ARM_GCC_Support/ewl/lib/armv6-m\libc.a(scanformat_.o) (isspace)
C:/Freescale/CW MCU v10.6/MCU/ARM_GCC_Support/ewl/lib/armv6-m\libc.a(__strtoul.o)
                              C:/Freescale/CW MCU v10.6/MCU/ARM_GCC_Support/ewl/lib/armv6-m\libc.a(scanformat_.o) (__strtoul)
C:/Freescale/CW MCU v10.6/MCU/ARM_GCC_Support/ewl/lib/armv6-m\libc.a(__filll_mem.o)
                              C:/Freescale/CW MCU v10.6/MCU/ARM_GCC_Support/ewl/lib/armv6-m\libc.a(memset.o) (__fill_mem)
C:/Freescale/CW MCU v10.6/MCU/ARM_GCC_Support/ewl/lib/armv6-m\libc.a(memchr.o)
                              C:/Freescale/CW MCU v10.6/MCU/ARM_GCC_Support/ewl/lib/armv6-m\libc.a(printformat_.o) (memchr)
C:/Freescale/CW MCU v10.6/MCU/ARM_GCC_Support/ewl/lib/armv6-m\libm.a(s_atan.o)
                              ./Sources/L3G.o (atan)
C:/Freescale/CW MCU v10.6/MCU/ARM_GCC_Support/ewl/lib/armv6-m\libm.a(w_sqrt.o)
                              ./Sources/L3G.o (sqrt)
C:/Freescale/CW MCU v10.6/MCU/ARM_GCC_Support/ewl/lib/armv6-m\libm.a(e_sqrt.o)
                              C:/Freescale/CW MCU v10.6/MCU/ARM_GCC_Support/ewl/lib/armv6-m\libm.a(w_sqrt.o) (__ieee754_sqrt)
C:/Freescale/CW MCU v10.6/MCU/ARM_GCC_Support/ewl/lib/armv6-m\libm.a(float.o)
                              C:/Freescale/CW MCU v10.6/MCU/ARM_GCC_Support/ewl/lib/armv6-m\libm.a(e_sqrt.o) (__double_nan)
c:/freescale/cw mcu v10.6/cross_tools/arm-none-eabi-gcc-4_7_3/bin/../lib/gcc/arm-none-eabi/4.7.3/armv6-m\libgcc.a(_thumb1_case_sqi.o)
                              C:/Freescale/CW MCU v10.6/MCU/ARM_GCC_Support/ewl/lib/armv6-m\libc.a(__strtoul.o) (__gnu_thumb1_case_sqi)
c:/freescale/cw mcu v10.6/cross_tools/arm-none-eabi-gcc-4_7_3/bin/../lib/gcc/arm-none-eabi/4.7.3/armv6-m\libgcc.a(_thumb1_case_uqi.o)
                              C:/Freescale/CW MCU v10.6/MCU/ARM_GCC_Support/ewl/lib/armv6-m\libc.a(scanformat_.o) (__gnu_thumb1_case_uqi)
c:/freescale/cw mcu v10.6/cross_tools/arm-none-eabi-gcc-4_7_3/bin/../lib/gcc/arm-none-eabi/4.7.3/armv6-m\libgcc.a(_udivsi3.o)
                              ./Generated_Code/UTIL1.o (__aeabi_uidiv)
c:/freescale/cw mcu v10.6/cross_tools/arm-none-eabi-gcc-4_7_3/bin/../lib/gcc/arm-none-eabi/4.7.3/armv6-m\libgcc.a(_divsi3.o)
                              ./Generated_Code/UTIL1.o (__aeabi_idiv)
c:/freescale/cw mcu v10.6/cross_tools/arm-none-eabi-gcc-4_7_3/bin/../lib/gcc/arm-none-eabi/4.7.3/armv6-m\libgcc.a(_dvmd_tls.o)
                              c:/freescale/cw mcu v10.6/cross_tools/arm-none-eabi-gcc-4_7_3/bin/../lib/gcc/arm-none-eabi/4.7.3/armv6-m\libgcc.a(_udivsi3.o) (__aeabi_idiv0)
c:/freescale/cw mcu v10.6/cross_tools/arm-none-eabi-gcc-4_7_3/bin/../lib/gcc/arm-none-eabi/4.7.3/armv6-m\libgcc.a(_arm_cmpdf2.o)
                              C:/Freescale/CW MCU v10.6/MCU/ARM_GCC_Support/ewl/lib/armv6-m\libm.a(s_atan.o) (__aeabi_dcmpgt)
c:/freescale/cw mcu v10.6/cross_tools/arm-none-eabi-gcc-4_7_3/bin/../lib/gcc/arm-none-eabi/4.7.3/armv6-m\libgcc.a(_arm_cmpsf2.o)
                              ./Generated_Code/UTIL1.o (__aeabi_fcmplt)
c:/freescale/cw mcu v10.6/cross_tools/arm-none-eabi-gcc-4_7_3/bin/../lib/gcc/arm-none-eabi/4.7.3/armv6-m\libgcc.a(_fixunssfsi.o)
                              ./Generated_Code/UTIL1.o (__aeabi_f2uiz)
c:/freescale/cw mcu v10.6/cross_tools/arm-none-eabi-gcc-4_7_3/bin/../lib/gcc/arm-none-eabi/4.7.3/armv6-m\libgcc.a(addsf3.o)
[...]
Memory Configuration

Name             Origin             Length             Attributes
m_interrupts     0x00000000         0x000000c0         xr
m_text           0x00000410         0x0001fbf0         xr
m_data           0x1ffff000         0x00004000         rw
m_cfmprotrom     0x00000400         0x00000010         xr
*default*        0x00000000         0xffffffff

Linker script and memory map

LOAD ./Generated_Code/timers.o
LOAD ./Generated_Code/tasks.o
LOAD ./Generated_Code/queue.o
LOAD ./Generated_Code/portasm.o
LOAD ./Generated_Code/port.o
LOAD ./Generated_Code/list.o
LOAD ./Generated_Code/heap_5.o
LOAD ./Generated_Code/heap_4.o
LOAD ./Generated_Code/heap_3.o
LOAD ./Generated_Code/heap_2.o
LOAD ./Generated_Code/heap_1.o
LOAD ./Generated_Code/event_groups.o
LOAD ./Generated_Code/croutine.o
LOAD ./Generated_Code/Watermark.o
LOAD ./Generated_Code/WAIT1.o
LOAD ./Generated_Code/Vectors.o
LOAD ./Generated_Code/UTIL1.o
LOAD ./Generated_Code/TofCE3.o
LOAD ./Generated_Code/TofCE2.o
LOAD ./Generated_Code/TofCE1.o
LOAD ./Generated_Code/TU2.o
LOAD ./Generated_Code/TU1.o
LOAD ./Generated_Code/TSK1.o
LOAD ./Generated_Code/TMOUT1.o
LOAD ./Generated_Code/Serial1.o
LOAD ./Generated_Code/RED.o
LOAD ./Generated_Code/PwmLdd4.o
LOAD ./Generated_Code/PwmLdd3.o
LOAD ./Generated_Code/PwmLdd2.o
LOAD ./Generated_Code/PwmLdd1.o
LOAD ./Generated_Code/PWM_Servo.o
LOAD ./Generated_Code/PWM_RIGHT.o
LOAD ./Generated_Code/PWM_LEFT.o
LOAD ./Generated_Code/PWM_Gyro.o
LOAD ./Generated_Code/PE_LDD.o
LOAD ./Generated_Code/MMA1.o
LOAD ./Generated_Code/LEDpin4.o
LOAD ./Generated_Code/LEDpin3.o
LOAD ./Generated_Code/LED_GREEN.o
LOAD ./Generated_Code/KSDK1.o
LOAD ./Generated_Code/GI2C2.o
LOAD ./Generated_Code/GI2C1.o
LOAD ./Generated_Code/FRTOS1.o
LOAD ./Generated_Code/DIR_RIGHT1.o
LOAD ./Generated_Code/DIR_RIGHT.o
LOAD ./Generated_Code/DIR_LEFT1.o
LOAD ./Generated_Code/DIR_LEFT.o
LOAD ./Generated_Code/Cpu.o
LOAD ./Generated_Code/CS1.o
LOAD ./Generated_Code/CLS1.o
LOAD ./Generated_Code/CI2C2.o
LOAD ./Generated_Code/CI2C1.o
LOAD ./Generated_Code/BitIoLdd4.o
LOAD ./Generated_Code/BitIoLdd3.o
LOAD ./Generated_Code/BitIoLdd1.o
LOAD ./Generated_Code/BT_EN.o
LOAD ./Generated_Code/BTState1.o
LOAD ./Generated_Code/BT1.o
LOAD ./Generated_Code/ASerialLdd2.o
LOAD ./Generated_Code/ASerialLdd1.o
LOAD ./Generated_Code/AS1.o
LOAD ./Project_Settings/Startup_Code/__arm_start.o
LOAD ./Project_Settings/Startup_Code/__arm_end.o
LOAD ./Sources/serial_communication.o
LOAD ./Sources/sa_mtb.o
LOAD ./Sources/pid.o
LOAD ./Sources/motor.o
LOAD ./Sources/main.o
LOAD ./Sources/frtos_tasks.o
LOAD ./Sources/driving.o
LOAD ./Sources/VL6180X.o
LOAD ./Sources/L3G.o
LOAD ./Sources/Events.o
                0x0000e830                __pformatter = __pformatter_
                [0x0000ec58]                __sformatter = __sformatter
START GROUP
LOAD C:/Freescale/CW MCU v10.6/MCU/ARM_GCC_Support/ewl/lib/armv6-m\libc.a
LOAD C:/Freescale/CW MCU v10.6/MCU/ARM_GCC_Support/ewl/lib/armv6-m\libm.a
LOAD c:/freescale/cw mcu v10.6/cross_tools/arm-none-eabi-gcc-4_7_3/bin/../lib/gcc/arm-none-eabi/4.7.3/armv6-m\libgcc.a
LOAD C:/Freescale/CW MCU v10.6/MCU/ARM_GCC_Support/ewl/lib/armv6-m\librt.a
LOAD C:/Freescale/CW MCU v10.6/MCU/ARM_GCC_Support/ewl/lib/armv6-m\libuart.a
END GROUP
                0x20003000                _estack = 0x20003000
                0x20003000                __SP_INIT = _estack
                0x00000000                __heap_size = 0x0
                0x00000400                __stack_size = 0x400

.interrupts     0x00000000       0xc0
                0x00000000                __vector_table = .
                0x00000000                . = ALIGN (0x4)
 *(.vectortable)
 .vectortable   0x00000000       0xc0 ./Generated_Code/Vectors.o
                0x00000000                __vect_table
                0x000000c0                . = ALIGN (0x4)

.cfmprotect     0x00000400       0x10
                0x00000400                . = ALIGN (0x4)
 *(.cfmconfig)
 .cfmconfig     0x00000400       0x10 ./Generated_Code/Cpu.o
                0x00000400                _cfm
                0x00000410                . = ALIGN (0x4)

.text           0x00000410    0x10c98
                0x00000410                . = ALIGN (0x4)
 *(.text)
 .text          0x00000410       0x14 c:/freescale/cw mcu v10.6/cross_tools/arm-none-eabi-gcc-4_7_3/bin/../lib/gcc/arm-none-eabi/4.7.3/armv6-m\libgcc.a(_thumb1_case_sqi.o)
                0x00000410                __gnu_thumb1_case_sqi
 .text          0x00000424       0x14 c:/freescale/cw mcu v10.6/cross_tools/arm-none-eabi-gcc-4_7_3/bin/../lib/gcc/arm-none-eabi/4.7.3/armv6-m\libgcc.a(_thumb1_case_uqi.o)
                0x00000424                __gnu_thumb1_case_uqi
 .text          0x00000438       0x9c c:/freescale/cw mcu v10.6/cross_tools/arm-none-eabi-gcc-4_7_3/bin/../lib/gcc/arm-none-eabi/4.7.3/armv6-m\libgcc.a(_udivsi3.o)
                0x00000438                __aeabi_uidiv
                0x00000438                __udivsi3
                0x000004c0                __aeabi_uidivmod
 .text          0x000004d4       0xc0 c:/freescale/cw mcu v10.6/cross_tools/arm-none-eabi-gcc-4_7_3/bin/../lib/gcc/arm-none-eabi/4.7.3/armv6-m\libgcc.a(_divsi3.o)
                0x000004d4                __divsi3
                0x000004d4                __aeabi_idiv
                0x00000580                __aeabi_idivmod
 .text          0x00000594        0x4 c:/freescale/cw mcu v10.6/cross_tools/arm-none-eabi-gcc-4_7_3/bin/../lib/gcc/arm-none-eabi/4.7.3/armv6-m\libgcc.a(_dvmd_tls.o)
                0x00000594                __aeabi_idiv0
                0x00000594                __aeabi_ldiv0
 .text          0x00000598       0x7c c:/freescale/cw mcu v10.6/cross_tools/arm-none-eabi-gcc-4_7_3/bin/../lib/gcc/arm-none-eabi/4.7.3/armv6-m\libgcc.a(_arm_cmpdf2.o)
                0x00000598                __aeabi_cdrcmple
                0x000005a8                __aeabi_cdcmple
                0x000005a8                __aeabi_cdcmpeq
                0x000005b8                __aeabi_dcmpeq
                0x000005c4                __aeabi_dcmplt
                0x000005d8                __aeabi_dcmple
                0x000005ec                __aeabi_dcmpgt
                0x00000600                __aeabi_dcmpge
 .text          0x00000614      0x3a4 c:/freescale/cw mcu v10.6/cross_tools/arm-none-eabi-gcc-4_7_3/bin/../lib/gcc/arm-none-eabi/4.7.3/armv6-m\libgcc.a(addsf3.o)
                0x00000614                __aeabi_fadd
 .text          0x000009b8      0x260 c:/freescale/cw mcu v10.6/cross_tools/arm-none-eabi-gcc-4_7_3/bin/../lib/gcc/arm-none-eabi/4.7.3/armv6-m\libgcc.a(mulsf3.o)
                0x000009b8                __aeabi_fmul
 .text          0x00000c18       0x40 c:/freescale/cw mcu v10.6/cross_tools/arm-none-eabi-gcc-4_7_3/bin/../lib/gcc/arm-none-eabi/4.7.3/armv6-m\libgcc.a(fixsfsi.o)
                0x00000c18                __aeabi_f2iz
 .text          0x00000c58       0xa8 c:/freescale/cw mcu v10.6/cross_tools/arm-none-eabi-gcc-4_7_3/bin/../lib/gcc/arm-none-eabi/4.7.3/armv6-m\libgcc.a(floatsisf.o)
                0x00000c58                __aeabi_i2f
 .text          0x00000d00      0x758 c:/freescale/cw mcu v10.6/cross_tools/arm-none-eabi-gcc-4_7_3/bin/../lib/gcc/arm-none-eabi/4.7.3/armv6-m\libgcc.a(adddf3.o)
                0x00000d00                __aeabi_dadd
 .text          0x00001458      0x5b8 c:/freescale/cw mcu v10.6/cross_tools/arm-none-eabi-gcc-4_7_3/bin/../lib/gcc/arm-none-eabi/4.7.3/armv6-m\libgcc.a(divdf3.o)
                0x00001458                __aeabi_ddiv
 .text          0x00001a10       0x7c c:/freescale/cw mcu v10.6/cross_tools/arm-none-eabi-gcc-4_7_3/bin/../lib/gcc/arm-none-eabi/4.7.3/armv6-m\libgcc.a(eqdf2.o)
                0x00001a10                __nedf2
                0x00001a10                __eqdf2
 .text          0x00001a8c       0xe8 c:/freescale/cw mcu v10.6/cross_tools/arm-none-eabi-gcc-4_7_3/bin/../lib/gcc/arm-none-eabi/4.7.3/armv6-m\libgcc.a(gedf2.o)
                0x00001a8c                __gedf2
                0x00001a8c                __gtdf2
 .text          0x00001b74       0xd8 c:/freescale/cw mcu v10.6/cross_tools/arm-none-eabi-gcc-4_7_3/bin/../lib/gcc/arm-none-eabi/4.7.3/armv6-m\libgcc.a(ledf2.o)
                0x00001b74                __ledf2
                0x00001b74                __ltdf2
 .text          0x00001c4c      0x4e4 c:/freescale/cw mcu v10.6/cross_tools/arm-none-eabi-gcc-4_7_3/bin/../lib/gcc/arm-none-eabi/4.7.3/armv6-m\libgcc.a(muldf3.o)
                0x00001c4c                __aeabi_dmul
 .text          0x00002130      0x6f8 c:/freescale/cw mcu v10.6/cross_tools/arm-none-eabi-gcc-4_7_3/bin/../lib/gcc/arm-none-eabi/4.7.3/armv6-m\libgcc.a(subdf3.o)
                0x00002130                __aeabi_dsub
 .text          0x00002828       0x68 c:/freescale/cw mcu v10.6/cross_tools/arm-none-eabi-gcc-4_7_3/bin/../lib/gcc/arm-none-eabi/4.7.3/armv6-m\libgcc.a(fixdfsi.o)
                0x00002828                __aeabi_d2iz
 .text          0x00002890       0x74 c:/freescale/cw mcu v10.6/cross_tools/arm-none-eabi-gcc-4_7_3/bin/../lib/gcc/arm-none-eabi/4.7.3/armv6-m\libgcc.a(floatsidf.o)
                0x00002890                __aeabi_i2d
 .text          0x00002904       0xa8 c:/freescale/cw mcu v10.6/cross_tools/arm-none-eabi-gcc-4_7_3/bin/../lib/gcc/arm-none-eabi/4.7.3/armv6-m\libgcc.a(extendsfdf2.o)
                0x00002904                __aeabi_f2d
 .text          0x000029ac      0x134 c:/freescale/cw mcu v10.6/cross_tools/arm-none-eabi-gcc-4_7_3/bin/../lib/gcc/arm-none-eabi/4.7.3/armv6-m\libgcc.a(truncdfsf2.o)
                0x000029ac                __aeabi_d2f
 .text          0x00002ae0       0x3c c:/freescale/cw mcu v10.6/cross_tools/arm-none-eabi-gcc-4_7_3/bin/../lib/gcc/arm-none-eabi/4.7.3/armv6-m\libgcc.a(_clzsi2.o)
                0x00002ae0                __clzsi2
 *(.text*)
 .text.xTaskCreate
                0x00002b1c       0x90 ./Generated_Code/tasks.o
                0x00002b1c                xTaskCreate
 .text.prvInitialiseNewTask
                0x00002bac      0x10c ./Generated_Code/tasks.o
 .text.prvAddNewTaskToReadyList
                0x00002cb8       0xc4 ./Generated_Code/tasks.o
 .text.vTaskDelete
                0x00002d7c       0xc4 ./Generated_Code/tasks.o
                0x00002d7c                vTaskDelete
 .text.vTaskDelay
                0x00002e40       0x48 ./Generated_Code/tasks.o
                0x00002e40                vTaskDelay
 .text.vTaskSuspend
                0x00002e88       0xb4 ./Generated_Code/tasks.o
                0x00002e88                vTaskSuspend
 .text.vTaskStartScheduler
                0x00002f3c       0x6c ./Generated_Code/tasks.o
                0x00002f3c                vTaskStartScheduler
 .text.vTaskSuspendAll
                0x00002fa8       0x18 ./Generated_Code/tasks.o
                0x00002fa8                vTaskSuspendAll
 .text.xTaskResumeAll
                0x00002fc0      0x118 ./Generated_Code/tasks.o
                0x00002fc0                xTaskResumeAll
 .text.xTaskIncrementTick
                0x000030d8      0x17c ./Generated_Code/tasks.o
                0x000030d8                xTaskIncrementTick
 .text.vTaskSwitchContext
                0x00003254       0xc4 ./Generated_Code/tasks.o
                0x00003254                vTaskSwitchContext
 .text.vTaskPlaceOnEventList
                0x00003318       0x38 ./Generated_Code/tasks.o
                0x00003318                vTaskPlaceOnEventList
 .text.xTaskRemoveFromEventList
                0x00003350       0xb8 ./Generated_Code/tasks.o
                0x00003350                xTaskRemoveFromEventList
 .text.vTaskSetTimeOutState
                0x00003408       0x30 ./Generated_Code/tasks.o
                0x00003408                vTaskSetTimeOutState
 .text.xTaskCheckForTimeOut
                0x00003438       0x9c ./Generated_Code/tasks.o
                0x00003438                xTaskCheckForTimeOut
 .text.vTaskMissedYield
                0x000034d4       0x14 ./Generated_Code/tasks.o
                0x000034d4                vTaskMissedYield
 .text.prvIdleTask
                0x000034e8       0x24 ./Generated_Code/tasks.o
 .text.prvInitialiseTaskLists
                0x0000350c       0x88 ./Generated_Code/tasks.o
 .text.prvCheckTasksWaitingTermination
                0x00003594       0x74 ./Generated_Code/tasks.o
 .text.prvDeleteTCB
                0x00003608       0x20 ./Generated_Code/tasks.o
 .text.prvResetNextTaskUnblockTime
                0x00003628       0x44 ./Generated_Code/tasks.o
 .text.xTaskGetCurrentTaskHandle
                0x0000366c       0x1c ./Generated_Code/tasks.o
                0x0000366c                xTaskGetCurrentTaskHandle
 .text.xTaskGetSchedulerState
                0x00003688       0x38 ./Generated_Code/tasks.o
                0x00003688                xTaskGetSchedulerState
 .text.vTaskPriorityInherit
                0x000036c0       0xbc ./Generated_Code/tasks.o
                0x000036c0                vTaskPriorityInherit
 .text.xTaskPriorityDisinherit
                0x0000377c       0xb8 ./Generated_Code/tasks.o
                0x0000377c                xTaskPriorityDisinherit
 .text.pvTaskIncrementMutexHeldCount
                0x00003834       0x24 ./Generated_Code/tasks.o
                0x00003834                pvTaskIncrementMutexHeldCount
 .text.prvAddCurrentTaskToDelayedList
                0x00003858       0xa8 ./Generated_Code/tasks.o
 .text.xQueueGenericReset
                0x00003900       0xac ./Generated_Code/queue.o
                0x00003900                xQueueGenericReset
 .text.xQueueGenericCreate
                0x000039ac       0x64 ./Generated_Code/queue.o
                0x000039ac                xQueueGenericCreate
 .text.prvInitialiseNewQueue
                0x00003a10       0x44 ./Generated_Code/queue.o
 .text.prvInitialiseMutex
                0x00003a54       0x34 ./Generated_Code/queue.o
 .text.xQueueCreateMutex
                0x00003a88       0x3c ./Generated_Code/queue.o
                0x00003a88                xQueueCreateMutex
 .text.xQueueGiveMutexRecursive
                0x00003ac4       0x58 ./Generated_Code/queue.o
                0x00003ac4                xQueueGiveMutexRecursive
 .text.xQueueTakeMutexRecursive
                0x00003b1c       0x64 ./Generated_Code/queue.o
                0x00003b1c                xQueueTakeMutexRecursive
 .text.xQueueGenericSend
                0x00003b80      0x1a0 ./Generated_Code/queue.o
                0x00003b80                xQueueGenericSend
 .text.xQueueGenericReceive
                0x00003d20      0x1e0 ./Generated_Code/queue.o
                0x00003d20                xQueueGenericReceive
 .text.vQueueDelete
                0x00003f00       0x2c ./Generated_Code/queue.o
                0x00003f00                vQueueDelete
 .text.prvCopyDataToQueue
                0x00003f2c       0xe0 ./Generated_Code/queue.o
 .text.prvCopyDataFromQueue
                0x0000400c       0x50 ./Generated_Code/queue.o
 .text.prvUnlockQueue
                0x0000405c       0xc0 ./Generated_Code/queue.o
 .text.prvIsQueueEmpty
                0x0000411c       0x2c ./Generated_Code/queue.o
 .text.prvIsQueueFull
                0x00004148       0x30 ./Generated_Code/queue.o
 .text.vQueueAddToRegistry
                0x00004178       0x4c ./Generated_Code/queue.o
                0x00004178                vQueueAddToRegistry
 .text.vQueueUnregisterQueue
                0x000041c4       0x50 ./Generated_Code/queue.o
                0x000041c4                vQueueUnregisterQueue
 .text.pxPortInitialiseStack
                0x00004214       0x50 ./Generated_Code/port.o
                0x00004214                pxPortInitialiseStack
 .text.vPortInitTickTimer
                0x00004264       0x44 ./Generated_Code/port.o
                0x00004264                vPortInitTickTimer
 .text.vPortStartTickTimer
                0x000042a8       0x14 ./Generated_Code/port.o
                0x000042a8                vPortStartTickTimer
 .text.vPortStopTickTimer
                0x000042bc       0x14 ./Generated_Code/port.o
                0x000042bc                vPortStopTickTimer
 .text.xPortStartScheduler
                0x000042d0       0x34 ./Generated_Code/port.o
                0x000042d0                xPortStartScheduler
 .text.vPortEnterCritical
                0x00004304       0x20 ./Generated_Code/port.o
                0x00004304                vPortEnterCritical
 .text.vPortExitCritical
                0x00004324       0x20 ./Generated_Code/port.o
                0x00004324                vPortExitCritical
 .text.vPortYieldFromISR
                0x00004344       0x1c ./Generated_Code/port.o
                0x00004344                vPortYieldFromISR
 .text.vPortTickHandler
                0x00004360       0x1c ./Generated_Code/port.o
                0x00004360                vPortTickHandler
 *fill*         0x0000437c        0x4 00
 .text.vPortStartFirstTask
                0x00004380       0x50 ./Generated_Code/port.o
                0x00004380                vPortStartFirstTask
 .text.vPortPendSVHandler
                0x000043d0       0x44 ./Generated_Code/port.o
                0x000043d0                vPortPendSVHandler
 .text.vListInitialise
                0x00004414       0x3c ./Generated_Code/list.o
                0x00004414                vListInitialise
 .text.vListInitialiseItem
                0x00004450       0x14 ./Generated_Code/list.o
                0x00004450                vListInitialiseItem
 .text.vListInsertEnd
                0x00004464       0x44 ./Generated_Code/list.o
                0x00004464                vListInsertEnd
 .text.vListInsert
                0x000044a8       0x6c ./Generated_Code/list.o
                0x000044a8                vListInsert
 .text.uxListRemove
                0x00004514       0x50 ./Generated_Code/list.o
                0x00004514                uxListRemove
 .text.pvPortMalloc
                0x00004564      0x160 ./Generated_Code/heap_4.o
                0x00004564                pvPortMalloc
 .text.vPortFree
                0x000046c4       0x94 ./Generated_Code/heap_4.o
                0x000046c4                vPortFree
 .text.prvHeapInit
                0x00004758       0xc4 ./Generated_Code/heap_4.o
 .text.prvInsertBlockIntoFreeList
                0x0000481c       0xac ./Generated_Code/heap_4.o
 .text.Watermark_Init
                0x000048c8       0x58 ./Generated_Code/Watermark.o
                0x000048c8                Watermark_Init
 .text.WAIT1_Wait10Cycles
                0x00004920        0x8 ./Generated_Code/WAIT1.o
                0x00004920                WAIT1_Wait10Cycles
 .text.WAIT1_Wait100Cycles
                0x00004928       0x24 ./Generated_Code/WAIT1.o
                0x00004928                WAIT1_Wait100Cycles
 .text.WAIT1_WaitCycles
                0x0000494c       0x44 ./Generated_Code/WAIT1.o
                0x0000494c                WAIT1_WaitCycles
 .text.WAIT1_WaitLongCycles
                0x00004990       0x3c ./Generated_Code/WAIT1.o
                0x00004990                WAIT1_WaitLongCycles
 .text.WAIT1_Waitms
                0x000049cc       0x38 ./Generated_Code/WAIT1.o
                0x000049cc                WAIT1_Waitms
 .text.UTIL1_strcpy
                0x00004a04       0x48 ./Generated_Code/UTIL1.o
                0x00004a04                UTIL1_strcpy
 .text.UTIL1_strcat
                0x00004a4c       0x64 ./Generated_Code/UTIL1.o
                0x00004a4c                UTIL1_strcat
 .text.UTIL1_chcat
                0x00004ab0       0x50 ./Generated_Code/UTIL1.o
                0x00004ab0                UTIL1_chcat
 .text.UTIL1_Num8uToStr
                0x00004b00       0x28 ./Generated_Code/UTIL1.o
                0x00004b00                UTIL1_Num8uToStr
 .text.UTIL1_Num16uToStr
                0x00004b28      0x138 ./Generated_Code/UTIL1.o
                0x00004b28                UTIL1_Num16uToStr
 .text.UTIL1_Num16sToStr
                0x00004c60      0x1b8 ./Generated_Code/UTIL1.o
                0x00004c60                UTIL1_Num16sToStr
 .text.UTIL1_strcatNum32u
                0x00004e18       0x34 ./Generated_Code/UTIL1.o
                0x00004e18                UTIL1_strcatNum32u
 .text.UTIL1_Num32sToStr
                0x00004e4c      0x194 ./Generated_Code/UTIL1.o
                0x00004e4c                UTIL1_Num32sToStr
 .text.UTIL1_Num32uToStr
                0x00004fe0      0x12c ./Generated_Code/UTIL1.o
                0x00004fe0                UTIL1_Num32uToStr
 .text.UTIL1_xatoi
                0x0000510c      0x1f0 ./Generated_Code/UTIL1.o
                0x0000510c                UTIL1_xatoi
 .text.isHexCharacter
                0x000052fc       0x4c ./Generated_Code/UTIL1.o
 .text.PreScanHexNumber
                0x00005348       0x54 ./Generated_Code/UTIL1.o
 .text.HexToDec
                0x0000539c       0xb0 ./Generated_Code/UTIL1.o
 .text.UTIL1_ScanHex8uNumber
                0x0000544c       0x9c ./Generated_Code/UTIL1.o
                0x0000544c                UTIL1_ScanHex8uNumber
 .text.UTIL1_strtailcmp
                0x000054e8       0x64 ./Generated_Code/UTIL1.o
                0x000054e8                UTIL1_strtailcmp
 .text.TofCE3_Init
                0x0000554c       0x64 ./Generated_Code/TofCE3.o
                0x0000554c                TofCE3_Init
 .text.TofCE3_SetInput
                0x000055b0       0x24 ./Generated_Code/TofCE3.o
                0x000055b0                TofCE3_SetInput
 .text.TofCE3_SetOutput
                0x000055d4       0x20 ./Generated_Code/TofCE3.o
                0x000055d4                TofCE3_SetOutput
 .text.TofCE3_ClrVal
                0x000055f4       0x1c ./Generated_Code/TofCE3.o
                0x000055f4                TofCE3_ClrVal
 .text.TofCE2_Init
                0x00005610       0x64 ./Generated_Code/TofCE2.o
                0x00005610                TofCE2_Init
 .text.TofCE2_SetInput
                0x00005674       0x24 ./Generated_Code/TofCE2.o
                0x00005674                TofCE2_SetInput
 .text.TofCE2_SetOutput
                0x00005698       0x20 ./Generated_Code/TofCE2.o
                0x00005698                TofCE2_SetOutput
 .text.TofCE2_ClrVal
                0x000056b8       0x1c ./Generated_Code/TofCE2.o
                0x000056b8                TofCE2_ClrVal
 .text.TofCE1_Init
                0x000056d4       0x64 ./Generated_Code/TofCE1.o
                0x000056d4                TofCE1_Init
 .text.TofCE1_SetInput
                0x00005738       0x24 ./Generated_Code/TofCE1.o
                0x00005738                TofCE1_SetInput
 .text.TofCE1_SetOutput
                0x0000575c       0x20 ./Generated_Code/TofCE1.o
                0x0000575c                TofCE1_SetOutput
 .text.TofCE1_ClrVal
                0x0000577c       0x1c ./Generated_Code/TofCE1.o
                0x0000577c                TofCE1_ClrVal
 .text.TU2_Init
                0x00005798       0xf8 ./Generated_Code/TU2.o
                0x00005798                TU2_Init
 .text.TU2_GetPeriodTicks
                0x00005890       0x3c ./Generated_Code/TU2.o
                0x00005890                TU2_GetPeriodTicks
 .text.TU2_SetOffsetTicks
                0x000058cc       0x58 ./Generated_Code/TU2.o
                0x000058cc                TU2_SetOffsetTicks
 .text.TU1_Init
                0x00005924       0xe0 ./Generated_Code/TU1.o
                0x00005924                TU1_Init
 .text.TU1_GetPeriodTicks
                0x00005a04       0x3c ./Generated_Code/TU1.o
                0x00005a04                TU1_GetPeriodTicks
 .text.TU1_SetOffsetTicks
                0x00005a40       0x58 ./Generated_Code/TU1.o
                0x00005a40                TU1_SetOffsetTicks
 .text.TSK1_CreateTasks
                0x00005a98        0xc ./Generated_Code/TSK1.o
                0x00005a98                TSK1_CreateTasks
 .text.TMOUT1_GetCounter
                0x00005aa4       0x90 ./Generated_Code/TMOUT1.o
                0x00005aa4                TMOUT1_GetCounter
 .text.TMOUT1_LeaveCounter
                0x00005b34       0x40 ./Generated_Code/TMOUT1.o
                0x00005b34                TMOUT1_LeaveCounter
 .text.TMOUT1_CounterExpired
                0x00005b74       0x44 ./Generated_Code/TMOUT1.o
                0x00005b74                TMOUT1_CounterExpired
 .text.TMOUT1_AddTick
                0x00005bb8       0x50 ./Generated_Code/TMOUT1.o
                0x00005bb8                TMOUT1_AddTick
 .text.TMOUT1_Init
                0x00005c08       0x44 ./Generated_Code/TMOUT1.o
                0x00005c08                TMOUT1_Init
 .text.HWEnDi   0x00005c4c       0x20 ./Generated_Code/Serial1.o
 .text.Serial1_RecvChar
                0x00005c6c       0xe8 ./Generated_Code/Serial1.o
                0x00005c6c                Serial1_RecvChar
 .text.Serial1_SendChar
                0x00005d54       0xec ./Generated_Code/Serial1.o
                0x00005d54                Serial1_SendChar
 .text.Serial1_SendBlock
                0x00005e40      0x13c ./Generated_Code/Serial1.o
                0x00005e40                Serial1_SendBlock
 .text.Serial1_ClearRxBuf
                0x00005f7c       0x78 ./Generated_Code/Serial1.o
                0x00005f7c                Serial1_ClearRxBuf
 .text.Serial1_GetCharsInRxBuf
                0x00005ff4       0x14 ./Generated_Code/Serial1.o
                0x00005ff4                Serial1_GetCharsInRxBuf
 .text.Serial1_Init
                0x00006008       0x64 ./Generated_Code/Serial1.o
                0x00006008                Serial1_Init
 .text.ASerialLdd2_OnBlockReceived
                0x0000606c       0x80 ./Generated_Code/Serial1.o
                0x0000606c                ASerialLdd2_OnBlockReceived
 .text.ASerialLdd2_OnBlockSent
                0x000060ec       0x88 ./Generated_Code/Serial1.o
                0x000060ec                ASerialLdd2_OnBlockSent
 .text.ASerialLdd2_OnError
                0x00006174       0x90 ./Generated_Code/Serial1.o
                0x00006174                ASerialLdd2_OnError
 .text.ASerialLdd2_OnBreak
                0x00006204       0x20 ./Generated_Code/Serial1.o
                0x00006204                ASerialLdd2_OnBreak
 .text.RED_Init
                0x00006224       0x18 ./Generated_Code/RED.o
                0x00006224                RED_Init
 .text.PwmLdd4_Init
                0x0000623c       0x54 ./Generated_Code/PwmLdd4.o
                0x0000623c                PwmLdd4_Init
 .text.PwmLdd4_SetRatio16
                0x00006290       0x2c ./Generated_Code/PwmLdd4.o
                0x00006290                PwmLdd4_SetRatio16
 .text.SetRatio
                0x000062bc       0x68 ./Generated_Code/PwmLdd4.o
 .text.PwmLdd3_Init
                0x00006324       0x54 ./Generated_Code/PwmLdd3.o
                0x00006324                PwmLdd3_Init
 .text.PwmLdd3_SetRatio16
                0x00006378       0x2c ./Generated_Code/PwmLdd3.o
                0x00006378                PwmLdd3_SetRatio16
 .text.SetRatio
                0x000063a4       0x68 ./Generated_Code/PwmLdd3.o
 .text.PwmLdd2_Init
                0x0000640c       0x54 ./Generated_Code/PwmLdd2.o
                0x0000640c                PwmLdd2_Init
 .text.PwmLdd2_SetRatio16
                0x00006460       0x2c ./Generated_Code/PwmLdd2.o
                0x00006460                PwmLdd2_SetRatio16
 .text.SetRatio
                0x0000648c       0x68 ./Generated_Code/PwmLdd2.o
 .text.PwmLdd1_Init
                0x000064f4       0x54 ./Generated_Code/PwmLdd1.o
                0x000064f4                PwmLdd1_Init
 .text.PwmLdd1_SetRatio16
                0x00006548       0x2c ./Generated_Code/PwmLdd1.o
                0x00006548                PwmLdd1_SetRatio16
 .text.SetRatio
                0x00006574       0x68 ./Generated_Code/PwmLdd1.o
 .text.MMA1_Init
                0x000065dc       0x38 ./Generated_Code/MMA1.o
                0x000065dc                MMA1_Init
 .text.MMA1_CalibrateX1g
                0x00006614       0xb0 ./Generated_Code/MMA1.o
                0x00006614                MMA1_CalibrateX1g
 .text.MMA1_CalibrateY1g
                0x000066c4       0xb0 ./Generated_Code/MMA1.o
                0x000066c4                MMA1_CalibrateY1g
 .text.MMA1_CalibrateZ1g
                0x00006774       0xb0 ./Generated_Code/MMA1.o
                0x00006774                MMA1_CalibrateZ1g
 .text.MMA1_GetXmg
                0x00006824       0x1c ./Generated_Code/MMA1.o
                0x00006824                MMA1_GetXmg
 .text.MMA1_GetYmg
                0x00006840       0x1c ./Generated_Code/MMA1.o
                0x00006840                MMA1_GetYmg
 .text.MMA1_GetZmg
                0x0000685c       0x1c ./Generated_Code/MMA1.o
                0x0000685c                MMA1_GetZmg
 .text.MMA1_MeasureGetRawX
                0x00006878       0x40 ./Generated_Code/MMA1.o
                0x00006878                MMA1_MeasureGetRawX
 .text.MMA1_MeasureGetRawY
                0x000068b8       0x40 ./Generated_Code/MMA1.o
                0x000068b8                MMA1_MeasureGetRawY
 .text.MMA1_MeasureGetRawZ
                0x000068f8       0x40 ./Generated_Code/MMA1.o
                0x000068f8                MMA1_MeasureGetRawZ
 .text.MMA1_GetX
                0x00006938       0x3c ./Generated_Code/MMA1.o
                0x00006938                MMA1_GetX
 .text.MMA1_GetY
                0x00006974       0x3c ./Generated_Code/MMA1.o
                0x00006974                MMA1_GetY
 .text.MMA1_GetZ
                0x000069b0       0x3c ./Generated_Code/MMA1.o
                0x000069b0                MMA1_GetZ
 .text.MMA1_Enable
                0x000069ec       0x64 ./Generated_Code/MMA1.o
                0x000069ec                MMA1_Enable
 .text.LED_GREEN_Init
                0x00006a50       0x18 ./Generated_Code/LED_GREEN.o
                0x00006a50                LED_GREEN_Init
 .text.GI2C2_RequestBus
                0x00006a68       0x1c ./Generated_Code/GI2C2.o
                0x00006a68                GI2C2_RequestBus
 .text.GI2C2_ReleaseBus
                0x00006a84       0x18 ./Generated_Code/GI2C2.o
                0x00006a84                GI2C2_ReleaseBus
 .text.GI2C2_SelectSlave
                0x00006a9c       0x40 ./Generated_Code/GI2C2.o
                0x00006a9c                GI2C2_SelectSlave
 .text.GI2C2_UnselectSlave
                0x00006adc       0x10 ./Generated_Code/GI2C2.o
                0x00006adc                GI2C2_UnselectSlave
 .text.GI2C2_ReadAddress
                0x00006aec      0x208 ./Generated_Code/GI2C2.o
                0x00006aec                GI2C2_ReadAddress
 .text.GI2C2_WriteAddress
                0x00006cf4      0x1e0 ./Generated_Code/GI2C2.o
                0x00006cf4                GI2C2_WriteAddress
 .text.CI2C2_OnMasterBlockSent
                0x00006ed4       0x24 ./Generated_Code/GI2C2.o
                0x00006ed4                CI2C2_OnMasterBlockSent
 .text.CI2C2_OnMasterBlockReceived
                0x00006ef8       0x24 ./Generated_Code/GI2C2.o
                0x00006ef8                CI2C2_OnMasterBlockReceived
 .text.GI2C2_Init
                0x00006f1c       0x40 ./Generated_Code/GI2C2.o
                0x00006f1c                GI2C2_Init
 .text.GI2C2_ReadByteAddress8
                0x00006f5c       0x34 ./Generated_Code/GI2C2.o
                0x00006f5c                GI2C2_ReadByteAddress8
 .text.GI2C2_WriteByteAddress8
                0x00006f90       0x34 ./Generated_Code/GI2C2.o
                0x00006f90                GI2C2_WriteByteAddress8
 .text.GI2C1_RequestBus
                0x00006fc4       0x1c ./Generated_Code/GI2C1.o
                0x00006fc4                GI2C1_RequestBus
 .text.GI2C1_ReleaseBus
                0x00006fe0       0x18 ./Generated_Code/GI2C1.o
                0x00006fe0                GI2C1_ReleaseBus
 .text.GI2C1_SelectSlave
                0x00006ff8       0x40 ./Generated_Code/GI2C1.o
                0x00006ff8                GI2C1_SelectSlave
 .text.GI2C1_UnselectSlave
                0x00007038       0x10 ./Generated_Code/GI2C1.o
                0x00007038                GI2C1_UnselectSlave
 .text.GI2C1_ReadAddress
                0x00007048      0x208 ./Generated_Code/GI2C1.o
                0x00007048                GI2C1_ReadAddress
 .text.GI2C1_WriteAddress
                0x00007250      0x1e0 ./Generated_Code/GI2C1.o
                0x00007250                GI2C1_WriteAddress
 .text.CI2C1_OnMasterBlockSent
                0x00007430       0x24 ./Generated_Code/GI2C1.o
                0x00007430                CI2C1_OnMasterBlockSent
 .text.CI2C1_OnMasterBlockReceived
                0x00007454       0x24 ./Generated_Code/GI2C1.o
                0x00007454                CI2C1_OnMasterBlockReceived
 .text.GI2C1_Init
                0x00007478       0x40 ./Generated_Code/GI2C1.o
                0x00007478                GI2C1_Init
 .text.GI2C1_Deinit
                0x000074b8       0x24 ./Generated_Code/GI2C1.o
                0x000074b8                GI2C1_Deinit
 .text.DIR_RIGHT1_Init
                0x000074dc       0x60 ./Generated_Code/DIR_RIGHT1.o
                0x000074dc                DIR_RIGHT1_Init
 .text.DIR_RIGHT_Init
                0x0000753c       0x60 ./Generated_Code/DIR_RIGHT.o
                0x0000753c                DIR_RIGHT_Init
 .text.DIR_RIGHT_PutVal
                0x0000759c       0x30 ./Generated_Code/DIR_RIGHT.o
                0x0000759c                DIR_RIGHT_PutVal
 .text.DIR_LEFT1_Init
                0x000075cc       0x60 ./Generated_Code/DIR_LEFT1.o
                0x000075cc                DIR_LEFT1_Init
 .text.DIR_LEFT_Init
                0x0000762c       0x60 ./Generated_Code/DIR_LEFT.o
                0x0000762c                DIR_LEFT_Init
 .text.DIR_LEFT_PutVal
                0x0000768c       0x30 ./Generated_Code/DIR_LEFT.o
                0x0000768c                DIR_LEFT_PutVal
 .text.Cpu_INT_NMIInterrupt
                0x000076bc        0xc ./Generated_Code/Cpu.o
                0x000076bc                Cpu_INT_NMIInterrupt
 .text.Cpu_INT_Hard_FaultInterrupt
                0x000076c8        0xc ./Generated_Code/Cpu.o
                0x000076c8                Cpu_INT_Hard_FaultInterrupt
 .text.Cpu_ivINT_Reserved4
                0x000076d4        0xc ./Generated_Code/Cpu.o
                0x000076d4                Cpu_ivINT_Reserved4
 .text.Cpu_ivINT_Reserved5
                0x000076e0        0xc ./Generated_Code/Cpu.o
                0x000076e0                Cpu_ivINT_Reserved5
 .text.Cpu_ivINT_Reserved6
                0x000076ec        0xc ./Generated_Code/Cpu.o
                0x000076ec                Cpu_ivINT_Reserved6
 .text.Cpu_ivINT_Reserved7
                0x000076f8        0xc ./Generated_Code/Cpu.o
                0x000076f8                Cpu_ivINT_Reserved7
 .text.Cpu_ivINT_Reserved8
                0x00007704        0xc ./Generated_Code/Cpu.o
                0x00007704                Cpu_ivINT_Reserved8
 .text.Cpu_ivINT_Reserved9
                0x00007710        0xc ./Generated_Code/Cpu.o
                0x00007710                Cpu_ivINT_Reserved9
 .text.Cpu_ivINT_Reserved10
                0x0000771c        0xc ./Generated_Code/Cpu.o
                0x0000771c                Cpu_ivINT_Reserved10
 .text.Cpu_ivINT_SVCall
                0x00007728        0xc ./Generated_Code/Cpu.o
                0x00007728                Cpu_ivINT_SVCall
 .text.Cpu_ivINT_Reserved12
                0x00007734        0xc ./Generated_Code/Cpu.o
                0x00007734                Cpu_ivINT_Reserved12
 .text.Cpu_ivINT_Reserved13
                0x00007740        0xc ./Generated_Code/Cpu.o
                0x00007740                Cpu_ivINT_Reserved13
 .text.Cpu_ivINT_DMA0
                0x0000774c        0xc ./Generated_Code/Cpu.o
                0x0000774c                Cpu_ivINT_DMA0
 .text.Cpu_ivINT_DMA1
                0x00007758        0xc ./Generated_Code/Cpu.o
                0x00007758                Cpu_ivINT_DMA1
 .text.Cpu_ivINT_DMA2
                0x00007764        0xc ./Generated_Code/Cpu.o
                0x00007764                Cpu_ivINT_DMA2
 .text.Cpu_ivINT_DMA3
                0x00007770        0xc ./Generated_Code/Cpu.o
                0x00007770                Cpu_ivINT_DMA3
 .text.Cpu_ivINT_Reserved20
                0x0000777c        0xc ./Generated_Code/Cpu.o
                0x0000777c                Cpu_ivINT_Reserved20
 .text.Cpu_ivINT_FTFA
                0x00007788        0xc ./Generated_Code/Cpu.o
                0x00007788                Cpu_ivINT_FTFA
 .text.Cpu_ivINT_LVD_LVW
                0x00007794        0xc ./Generated_Code/Cpu.o
                0x00007794                Cpu_ivINT_LVD_LVW
 .text.Cpu_ivINT_LLW
                0x000077a0        0xc ./Generated_Code/Cpu.o
                0x000077a0                Cpu_ivINT_LLW
 .text.Cpu_ivINT_SPI0
                0x000077ac        0xc ./Generated_Code/Cpu.o
                0x000077ac                Cpu_ivINT_SPI0
 .text.Cpu_ivINT_SPI1
                0x000077b8        0xc ./Generated_Code/Cpu.o
                0x000077b8                Cpu_ivINT_SPI1
 .text.Cpu_ivINT_UART2
                0x000077c4        0xc ./Generated_Code/Cpu.o
                0x000077c4                Cpu_ivINT_UART2
 .text.Cpu_ivINT_ADC0
                0x000077d0        0xc ./Generated_Code/Cpu.o
                0x000077d0                Cpu_ivINT_ADC0
 .text.Cpu_ivINT_CMP0
                0x000077dc        0xc ./Generated_Code/Cpu.o
                0x000077dc                Cpu_ivINT_CMP0
 .text.Cpu_ivINT_TPM0
                0x000077e8        0xc ./Generated_Code/Cpu.o
                0x000077e8                Cpu_ivINT_TPM0
 .text.Cpu_ivINT_TPM1
                0x000077f4        0xc ./Generated_Code/Cpu.o
                0x000077f4                Cpu_ivINT_TPM1
 .text.Cpu_ivINT_TPM2
                0x00007800        0xc ./Generated_Code/Cpu.o
                0x00007800                Cpu_ivINT_TPM2
 .text.Cpu_ivINT_RTC
                0x0000780c        0xc ./Generated_Code/Cpu.o
                0x0000780c                Cpu_ivINT_RTC
 .text.Cpu_ivINT_RTC_Seconds
                0x00007818        0xc ./Generated_Code/Cpu.o
                0x00007818                Cpu_ivINT_RTC_Seconds
 .text.Cpu_ivINT_PIT
                0x00007824        0xc ./Generated_Code/Cpu.o
                0x00007824                Cpu_ivINT_PIT
 .text.Cpu_ivINT_Reserved39
                0x00007830        0xc ./Generated_Code/Cpu.o
                0x00007830                Cpu_ivINT_Reserved39
 .text.Cpu_ivINT_USB0
                0x0000783c        0xc ./Generated_Code/Cpu.o
                0x0000783c                Cpu_ivINT_USB0
 .text.Cpu_ivINT_DAC0
                0x00007848        0xc ./Generated_Code/Cpu.o
                0x00007848                Cpu_ivINT_DAC0
 .text.Cpu_ivINT_TSI0
                0x00007854        0xc ./Generated_Code/Cpu.o
                0x00007854                Cpu_ivINT_TSI0
 .text.Cpu_ivINT_MCG
                0x00007860        0xc ./Generated_Code/Cpu.o
                0x00007860                Cpu_ivINT_MCG
 .text.Cpu_ivINT_LPTimer
                0x0000786c        0xc ./Generated_Code/Cpu.o
                0x0000786c                Cpu_ivINT_LPTimer
 .text.Cpu_ivINT_Reserved45
                0x00007878        0xc ./Generated_Code/Cpu.o
                0x00007878                Cpu_ivINT_Reserved45
 .text.Cpu_ivINT_PORTA
                0x00007884        0xc ./Generated_Code/Cpu.o
                0x00007884                Cpu_ivINT_PORTA
 .text.Cpu_ivINT_PORTD
                0x00007890        0xc ./Generated_Code/Cpu.o
                0x00007890                Cpu_ivINT_PORTD
 .text.__init_hardware
                0x0000789c      0x110 ./Generated_Code/Cpu.o
                0x0000789c                __init_hardware
 .text.PE_low_level_init
                0x000079ac      0x154 ./Generated_Code/Cpu.o
                0x000079ac                PE_low_level_init
 .text.CLS1_SendStr
                0x00007b00       0x2c ./Generated_Code/CLS1.o
                0x00007b00                CLS1_SendStr
 .text.CLS1_SendNum16s
                0x00007b2c       0x38 ./Generated_Code/CLS1.o
                0x00007b2c                CLS1_SendNum16s
 .text.CLS1_SendNum8u
                0x00007b64       0x34 ./Generated_Code/CLS1.o
                0x00007b64                CLS1_SendNum8u
 .text.CLS1_ParseCommand
                0x00007b98      0x12c ./Generated_Code/CLS1.o
                0x00007b98                CLS1_ParseCommand
 .text.CLS1_PrintPrompt
                0x00007cc4       0x20 ./Generated_Code/CLS1.o
                0x00007cc4                CLS1_PrintPrompt
 .text.CLS1_IsHistoryCharacter
                0x00007ce4       0x24 ./Generated_Code/CLS1.o
                0x00007ce4                CLS1_IsHistoryCharacter
 .text.CLS1_ReadLine
                0x00007d08       0xf8 ./Generated_Code/CLS1.o
                0x00007d08                CLS1_ReadLine
 .text.CLS1_PrintStatus
                0x00007e00       0x78 ./Generated_Code/CLS1.o
                0x00007e00                CLS1_PrintStatus
 .text.CLS1_PrintCommandFailed
                0x00007e78       0x78 ./Generated_Code/CLS1.o
                0x00007e78                CLS1_PrintCommandFailed
 .text.CLS1_IterateTable
                0x00007ef0       0x64 ./Generated_Code/CLS1.o
                0x00007ef0                CLS1_IterateTable
 .text.CLS1_ParseWithCommandTable
                0x00007f54       0xb0 ./Generated_Code/CLS1.o
                0x00007f54                CLS1_ParseWithCommandTable
 .text.CLS1_GetStdio
                0x00008004       0x14 ./Generated_Code/CLS1.o
                0x00008004                CLS1_GetStdio
 .text.CLS1_ReadAndParseWithCommandTable
                0x00008018       0xf8 ./Generated_Code/CLS1.o
                0x00008018                CLS1_ReadAndParseWithCommandTable
 .text.SendSeparatedStrings
                0x00008110       0x80 ./Generated_Code/CLS1.o
 .text.CLS1_SendHelpStr
                0x00008190       0x28 ./Generated_Code/CLS1.o
                0x00008190                CLS1_SendHelpStr
 .text.CLS1_SendStatusStr
                0x000081b8       0x28 ./Generated_Code/CLS1.o
                0x000081b8                CLS1_SendStatusStr
 .text.CLS1_ReadChar
                0x000081e0       0x4c ./Generated_Code/CLS1.o
                0x000081e0                CLS1_ReadChar
 .text.CLS1_SendChar
                0x0000822c       0x70 ./Generated_Code/CLS1.o
                0x0000822c                CLS1_SendChar
 .text.CLS1_KeyPressed
                0x0000829c       0x44 ./Generated_Code/CLS1.o
                0x0000829c                CLS1_KeyPressed
 .text.CLS1_Init
                0x000082e0       0x60 ./Generated_Code/CLS1.o
                0x000082e0                CLS1_Init
 .text.CI2C2_Interrupt
                0x00008340      0x278 ./Generated_Code/CI2C2.o
                0x00008340                CI2C2_Interrupt
 .text.CI2C2_Init
                0x000085b8      0x114 ./Generated_Code/CI2C2.o
                0x000085b8                CI2C2_Init
 .text.CI2C2_MasterSendBlock
                0x000086cc      0x19c ./Generated_Code/CI2C2.o
                0x000086cc                CI2C2_MasterSendBlock
 .text.CI2C2_MasterReceiveBlock
                0x00008868      0x19c ./Generated_Code/CI2C2.o
                0x00008868                CI2C2_MasterReceiveBlock
 .text.CI2C2_SelectSlaveDevice
                0x00008a04      0x100 ./Generated_Code/CI2C2.o
                0x00008a04                CI2C2_SelectSlaveDevice
 .text.CI2C1_Interrupt
                0x00008b04      0x278 ./Generated_Code/CI2C1.o
                0x00008b04                CI2C1_Interrupt
 .text.CI2C1_Init
                0x00008d7c      0x11c ./Generated_Code/CI2C1.o
                0x00008d7c                CI2C1_Init
 .text.CI2C1_Deinit
                0x00008e98       0x40 ./Generated_Code/CI2C1.o
                0x00008e98                CI2C1_Deinit
 .text.CI2C1_MasterSendBlock
                0x00008ed8      0x19c ./Generated_Code/CI2C1.o
                0x00008ed8                CI2C1_MasterSendBlock
 .text.CI2C1_MasterReceiveBlock
                0x00009074      0x19c ./Generated_Code/CI2C1.o
                0x00009074                CI2C1_MasterReceiveBlock
 .text.CI2C1_SelectSlaveDevice
                0x00009210      0x100 ./Generated_Code/CI2C1.o
                0x00009210                CI2C1_SelectSlaveDevice
 .text.BitIoLdd4_Init
                0x00009310       0x68 ./Generated_Code/BitIoLdd4.o
                0x00009310                BitIoLdd4_Init
 .text.BitIoLdd4_ClrVal
                0x00009378       0x1c ./Generated_Code/BitIoLdd4.o
                0x00009378                BitIoLdd4_ClrVal
 .text.BitIoLdd4_SetVal
                0x00009394       0x1c ./Generated_Code/BitIoLdd4.o
                0x00009394                BitIoLdd4_SetVal
 .text.BitIoLdd3_Init
                0x000093b0       0x68 ./Generated_Code/BitIoLdd3.o
                0x000093b0                BitIoLdd3_Init
 .text.BitIoLdd3_ClrVal
                0x00009418       0x1c ./Generated_Code/BitIoLdd3.o
                0x00009418                BitIoLdd3_ClrVal
 .text.BitIoLdd3_SetVal
                0x00009434       0x1c ./Generated_Code/BitIoLdd3.o
                0x00009434                BitIoLdd3_SetVal
 .text.BitIoLdd1_Init
                0x00009450       0x54 ./Generated_Code/BitIoLdd1.o
                0x00009450                BitIoLdd1_Init
 .text.BT_EN_Init
                0x000094a4       0x64 ./Generated_Code/BT_EN.o
                0x000094a4                BT_EN_Init
 .text.isRxError
                0x00009508      0x17c ./Generated_Code/BT1.o
 .text.RxResponse
                0x00009684       0xfc ./Generated_Code/BT1.o
 .text.BT1_SendATCommand
                0x00009780       0x60 ./Generated_Code/BT1.o
                0x00009780                BT1_SendATCommand
 .text.BT1_StdCmd
                0x000097e0       0x84 ./Generated_Code/BT1.o
                0x000097e0                BT1_StdCmd
 .text.BT1_StdOKCmd
                0x00009864       0x28 ./Generated_Code/BT1.o
                0x00009864                BT1_StdOKCmd
 .text.BT1_Init
                0x0000988c       0x14 ./Generated_Code/BT1.o
                0x0000988c                BT1_Init
 .text.BT1_btSetDeviceName
                0x000098a0       0x60 ./Generated_Code/BT1.o
                0x000098a0                BT1_btSetDeviceName
 .text.BT1_btSetBaud
                0x00009900       0x54 ./Generated_Code/BT1.o
                0x00009900                BT1_btSetBaud
 .text.BT1_StdIOKeyPressed
                0x00009954       0x18 ./Generated_Code/BT1.o
                0x00009954                BT1_StdIOKeyPressed
 .text.BT1_StdIOReadChar
                0x0000996c       0x24 ./Generated_Code/BT1.o
                0x0000996c                BT1_StdIOReadChar
 .text.BT1_StdIOSendChar
                0x00009990       0x24 ./Generated_Code/BT1.o
                0x00009990                BT1_StdIOSendChar
 .text.ASerialLdd2_Init
                0x000099b4      0x170 ./Generated_Code/ASerialLdd2.o
                0x000099b4                ASerialLdd2_Init
 .text.ASerialLdd2_ReceiveBlock
                0x00009b24       0x98 ./Generated_Code/ASerialLdd2.o
                0x00009b24                ASerialLdd2_ReceiveBlock
 .text.ASerialLdd2_SendBlock
                0x00009bbc       0xc4 ./Generated_Code/ASerialLdd2.o
                0x00009bbc                ASerialLdd2_SendBlock
 .text.InterruptRx
                0x00009c80       0x58 ./Generated_Code/ASerialLdd2.o
 .text.InterruptTx
                0x00009cd8       0x80 ./Generated_Code/ASerialLdd2.o
 .text.ASerialLdd2_Interrupt
                0x00009d58       0xf4 ./Generated_Code/ASerialLdd2.o
                0x00009d58                ASerialLdd2_Interrupt
 .text.ASerialLdd2_GetError
                0x00009e4c       0x74 ./Generated_Code/ASerialLdd2.o
                0x00009e4c                ASerialLdd2_GetError
 .text.ASerialLdd1_Init
                0x00009ec0      0x1c4 ./Generated_Code/ASerialLdd1.o
                0x00009ec0                ASerialLdd1_Init
 .text.ASerialLdd1_ReceiveBlock
                0x0000a084       0x98 ./Generated_Code/ASerialLdd1.o
                0x0000a084                ASerialLdd1_ReceiveBlock
 .text.ASerialLdd1_SendBlock
                0x0000a11c       0xc4 ./Generated_Code/ASerialLdd1.o
                0x0000a11c                ASerialLdd1_SendBlock
 .text.InterruptRx
                0x0000a1e0       0x58 ./Generated_Code/ASerialLdd1.o
 .text.InterruptTx
                0x0000a238       0x80 ./Generated_Code/ASerialLdd1.o
 .text.ASerialLdd1_Interrupt
                0x0000a2b8       0xfc ./Generated_Code/ASerialLdd1.o
                0x0000a2b8                ASerialLdd1_Interrupt
 .text.ASerialLdd1_GetError
                0x0000a3b4       0x74 ./Generated_Code/ASerialLdd1.o
                0x0000a3b4                ASerialLdd1_GetError
 .text.HWEnDi   0x0000a428       0x20 ./Generated_Code/AS1.o
 .text.AS1_RecvChar
                0x0000a448       0xe8 ./Generated_Code/AS1.o
                0x0000a448                AS1_RecvChar
 .text.AS1_SendChar
                0x0000a530       0xec ./Generated_Code/AS1.o
                0x0000a530                AS1_SendChar
 .text.AS1_GetCharsInRxBuf
                0x0000a61c       0x14 ./Generated_Code/AS1.o
                0x0000a61c                AS1_GetCharsInRxBuf
 .text.AS1_Init
                0x0000a630       0x64 ./Generated_Code/AS1.o
                0x0000a630                AS1_Init
 .text.ASerialLdd1_OnBlockReceived
                0x0000a694       0xc0 ./Generated_Code/AS1.o
                0x0000a694                ASerialLdd1_OnBlockReceived
 .text.ASerialLdd1_OnBlockSent
                0x0000a754       0xe8 ./Generated_Code/AS1.o
                0x0000a754                ASerialLdd1_OnBlockSent
 .text.ASerialLdd1_OnError
                0x0000a83c       0x94 ./Generated_Code/AS1.o
                0x0000a83c                ASerialLdd1_OnError
 .text.ASerialLdd1_OnBreak
                0x0000a8d0       0x20 ./Generated_Code/AS1.o
                0x0000a8d0                ASerialLdd1_OnBreak
 .text.zero_fill_bss
                0x0000a8f0       0x24 ./Project_Settings/Startup_Code/__arm_start.o
 .text.__thumb_startup
                0x0000a914       0x30 ./Project_Settings/Startup_Code/__arm_start.o
                0x0000a914                __thumb_startup
 .text._ExitProcess
                0x0000a944        0xc ./Project_Settings/Startup_Code/__arm_end.o
                0x0000a944                _ExitProcess
 .text.startCommunication
                0x0000a950      0x184 ./Sources/serial_communication.o
                0x0000a950                startCommunication
 .text.setState
                0x0000aad4       0x20 ./Sources/serial_communication.o
                0x0000aad4                setState
 .text.ParseCommand
                0x0000aaf4      0x700 ./Sources/serial_communication.o
 .text.initAllDevices
                0x0000b1f4      0x120 ./Sources/serial_communication.o
                0x0000b1f4                initAllDevices
 .text.readValues
                0x0000b314       0x7c ./Sources/serial_communication.o
                0x0000b314                readValues
 .text.sendStatusBT
                0x0000b390       0x5c ./Sources/serial_communication.o
                0x0000b390                sendStatusBT
 .text.sendTestStatus
                0x0000b3ec       0x68 ./Sources/serial_communication.o
                0x0000b3ec                sendTestStatus
 .text.setErrorState
                0x0000b454       0x20 ./Sources/serial_communication.o
                0x0000b454                setErrorState
 .text.calcPID  0x0000b474      0x2f0 ./Sources/pid.o
                0x0000b474                calcPID
 .text.motorGetPWMLeft
                0x0000b764       0x18 ./Sources/motor.o
                0x0000b764                motorGetPWMLeft
 .text.motorGetPWMRight
                0x0000b77c       0x18 ./Sources/motor.o
                0x0000b77c                motorGetPWMRight
 .text.motorIncrementPWMLeft
                0x0000b794       0x50 ./Sources/motor.o
                0x0000b794                motorIncrementPWMLeft
 .text.motorIncrementPWMRight
                0x0000b7e4       0x50 ./Sources/motor.o
                0x0000b7e4                motorIncrementPWMRight
 .text.motorSetPWMLeft
                0x0000b834       0xbc ./Sources/motor.o
                0x0000b834                motorSetPWMLeft
 .text.motorSetPWMRight
                0x0000b8f0       0xbc ./Sources/motor.o
                0x0000b8f0                motorSetPWMRight
 .text.motorsStartup
                0x0000b9ac      0x12c ./Sources/motor.o
                0x0000b9ac                motorsStartup
 .text.main     0x0000bad8       0x10 ./Sources/main.o
                0x0000bad8                main
 .text.ComunicationTask
                0x0000bae8       0x10 ./Sources/frtos_tasks.o
 .text.DrivingTask
                0x0000baf8       0x40 ./Sources/frtos_tasks.o
 .text.GyroTask
                0x0000bb38      0x174 ./Sources/frtos_tasks.o
 .text.CreateTasks
                0x0000bcac       0x38 ./Sources/frtos_tasks.o
                0x0000bcac                CreateTasks
 .text.CreateDrivingTask
                0x0000bce4       0x48 ./Sources/frtos_tasks.o
                0x0000bce4                CreateDrivingTask
 .text.CreateGyroTask
                0x0000bd2c       0x48 ./Sources/frtos_tasks.o
                0x0000bd2c                CreateGyroTask
 .text.driveToStair
                0x0000bd74      0x108 ./Sources/driving.o
                0x0000bd74                driveToStair
 .text.driveOverStair
                0x0000be7c      0x16c ./Sources/driving.o
                0x0000be7c                driveOverStair
 .text.driveToTurningPlace
                0x0000bfe8       0xf0 ./Sources/driving.o
                0x0000bfe8                driveToTurningPlace
 .text.driveThroughtTurningPlace
                0x0000c0d8      0x578 ./Sources/driving.o
                0x0000c0d8                driveThroughtTurningPlace
 .text.driveToEndZone
                0x0000c650       0xc8 ./Sources/driving.o
                0x0000c650                driveToEndZone
 .text.pushTheButton
                0x0000c718        0x8 ./Sources/driving.o
                0x0000c718                pushTheButton
 .text.regulateMotor
                0x0000c720      0x144 ./Sources/driving.o
                0x0000c720                regulateMotor
 .text.initDriving
                0x0000c864       0x9c ./Sources/driving.o
                0x0000c864                initDriving
 .text.setDistanceSide
                0x0000c900       0x20 ./Sources/driving.o
                0x0000c900                setDistanceSide
 .text.setDistanceFront
                0x0000c920       0x20 ./Sources/driving.o
                0x0000c920                setDistanceFront
 .text.setSpeed
                0x0000c940       0x20 ./Sources/driving.o
                0x0000c940                setSpeed
 .text.setGyroskopPWM
                0x0000c960       0x34 ./Sources/driving.o
                0x0000c960                setGyroskopPWM
 .text.setLetter
                0x0000c994       0x20 ./Sources/driving.o
                0x0000c994                setLetter
 .text.setServoPWM
                0x0000c9b4       0x34 ./Sources/driving.o
                0x0000c9b4                setServoPWM
 .text.VL_OnError
                0x0000c9e8       0x14 ./Sources/VL6180X.o
 .text.VL_WriteReg8
                0x0000c9fc       0x50 ./Sources/VL6180X.o
                0x0000c9fc                VL_WriteReg8
 .text.VL_WriteReg16
                0x0000ca4c       0x70 ./Sources/VL6180X.o
                0x0000ca4c                VL_WriteReg16
 .text.VL_ReadReg8
                0x0000cabc       0x54 ./Sources/VL6180X.o
                0x0000cabc                VL_ReadReg8
 .text.VL_ReadReg16
                0x0000cb10       0x54 ./Sources/VL6180X.o
                0x0000cb10                VL_ReadReg16
 .text.readRangeContinuous
                0x0000cb64       0xf0 ./Sources/VL6180X.o
 .text.VL_ReadRangeSingle
                0x0000cc54       0x6c ./Sources/VL6180X.o
                0x0000cc54                VL_ReadRangeSingle
 .text.VL_ConfigureDefault
                0x0000ccc0       0x94 ./Sources/VL6180X.o
                0x0000ccc0                VL_ConfigureDefault
 .text.VL_InitDevice
                0x0000cd54      0x5ac ./Sources/VL6180X.o
                0x0000cd54                VL_InitDevice
 .text.VL_InitAndConfigureDevice
                0x0000d300       0x64 ./Sources/VL6180X.o
                0x0000d300                VL_InitAndConfigureDevice
 .text.VL_ChipEnable
                0x0000d364       0xc0 ./Sources/VL6180X.o
                0x0000d364                VL_ChipEnable
 .text.VL_SetI2CDeviceAddress
                0x0000d424       0xe0 ./Sources/VL6180X.o
                0x0000d424                VL_SetI2CDeviceAddress
 .text.VL_Init  0x0000d504      0x180 ./Sources/VL6180X.o
                0x0000d504                VL_Init
 .text.VL_GetDistance
                0x0000d684      0x100 ./Sources/VL6180X.o
                0x0000d684                VL_GetDistance
 .text.VL_GetLastDistance
                0x0000d784       0x2c ./Sources/VL6180X.o
                0x0000d784                VL_GetLastDistance
 .text.L3Ginit  0x0000d7b0       0x58 ./Sources/L3G.o
                0x0000d7b0                L3Ginit
 .text.L3GenableDefault
                0x0000d808      0x124 ./Sources/L3G.o
                0x0000d808                L3GenableDefault
 .text.L3GwriteReg
                0x0000d92c       0x4c ./Sources/L3G.o
                0x0000d92c                L3GwriteReg
 .text.L3GreadReg
                0x0000d978       0x54 ./Sources/L3G.o
                0x0000d978                L3GreadReg
 .text.L3Greadxyz
                0x0000d9cc      0x154 ./Sources/L3G.o
                0x0000d9cc                L3Greadxyz
 .text.L3Gread  0x0000db20      0x1ac ./Sources/L3G.o
                0x0000db20                L3Gread
 .text.L3GgetDegree
                0x0000dccc       0xd8 ./Sources/L3G.o
                0x0000dccc                L3GgetDegree
 .text.calculateOffset
                0x0000dda4      0x1fc ./Sources/L3G.o
                0x0000dda4                calculateOffset
 .text.cmpfunc  0x0000dfa0       0x28 ./Sources/L3G.o
                0x0000dfa0                cmpfunc
 .text.refreshMovingOffset
                0x0000dfc8      0x1dc ./Sources/L3G.o
                0x0000dfc8                refreshMovingOffset
 .text.L3GSetAngel
                0x0000e1a4       0x5c ./Sources/L3G.o
                0x0000e1a4                L3GSetAngel
 .text.combineAccel
                0x0000e200      0x228 ./Sources/L3G.o
                0x0000e200                combineAccel
 .text.L3GFIFOdataLevel
                0x0000e428       0x28 ./Sources/L3G.o
                0x0000e428                L3GFIFOdataLevel
 .text.L3GFIFOfull
                0x0000e450       0x28 ./Sources/L3G.o
                0x0000e450                L3GFIFOfull
 .text.Cpu_OnNMIINT
                0x0000e478        0x8 ./Sources/Events.o
                0x0000e478                Cpu_OnNMIINT
 .text.FRTOS1_vApplicationStackOverflowHook
                0x0000e480       0x4c ./Sources/Events.o
                0x0000e480                FRTOS1_vApplicationStackOverflowHook
 .text.FRTOS1_vApplicationTickHook
                0x0000e4cc        0xc ./Sources/Events.o
                0x0000e4cc                FRTOS1_vApplicationTickHook
 .text.FRTOS1_vApplicationIdleHook
                0x0000e4d8        0x8 ./Sources/Events.o
                0x0000e4d8                FRTOS1_vApplicationIdleHook
 .text.FRTOS1_vApplicationMallocFailedHook
                0x0000e4e0        0x8 ./Sources/Events.o
                0x0000e4e0                FRTOS1_vApplicationMallocFailedHook
 .text.AS1_OnError
                0x0000e4e8        0x8 ./Sources/Events.o
                0x0000e4e8                AS1_OnError
 .text.AS1_OnRxChar
                0x0000e4f0        0x8 ./Sources/Events.o
                0x0000e4f0                AS1_OnRxChar
 .text.AS1_OnTxChar
                0x0000e4f8        0x8 ./Sources/Events.o
                0x0000e4f8                AS1_OnTxChar
 .text.AS1_OnFullRxBuf
                0x0000e500        0x8 ./Sources/Events.o
                0x0000e500                AS1_OnFullRxBuf
 .text.AS1_OnFreeTxBuf
                0x0000e508        0x8 ./Sources/Events.o
                0x0000e508                AS1_OnFreeTxBuf
 .text.Cpu_OnHardFault
                0x0000e510        0x8 ./Sources/Events.o
                0x0000e510                Cpu_OnHardFault
 .text.exit     0x0000e518       0x38 C:/Freescale/CW MCU v10.6/MCU/ARM_GCC_Support/ewl/lib/armv6-m\libc.a(exit.o)
                0x0000e518                exit
 .text.qsort    0x0000e550       0xb8 C:/Freescale/CW MCU v10.6/MCU/ARM_GCC_Support/ewl/lib/armv6-m\libc.a(qsort.o)
                0x0000e550                qsort
 .text.memcpy   0x0000e608       0x12 C:/Freescale/CW MCU v10.6/MCU/ARM_GCC_Support/ewl/lib/armv6-m\libc.a(memcpy.o)
                0x0000e608                memcpy
 .text.memset   0x0000e61a        0xc C:/Freescale/CW MCU v10.6/MCU/ARM_GCC_Support/ewl/lib/armv6-m\libc.a(memset.o)
                0x0000e61a                memset
 .text.strchr   0x0000e626       0x1e C:/Freescale/CW MCU v10.6/MCU/ARM_GCC_Support/ewl/lib/armv6-m\libc.a(strchr.o)
                0x0000e626                strchr
 .text.strcmp   0x0000e644       0x1c C:/Freescale/CW MCU v10.6/MCU/ARM_GCC_Support/ewl/lib/armv6-m\libc.a(strcmp.o)
                0x0000e644                strcmp
 .text.strlen   0x0000e660       0x10 C:/Freescale/CW MCU v10.6/MCU/ARM_GCC_Support/ewl/lib/armv6-m\libc.a(strlen.o)
                0x0000e660                strlen
 .text.strncmp  0x0000e670       0x22 C:/Freescale/CW MCU v10.6/MCU/ARM_GCC_Support/ewl/lib/armv6-m\libc.a(strncmp.o)
                0x0000e670                strncmp
 *fill*         0x0000e692        0x2 00
 .text.long2str.isra.0
                0x0000e694      0x19c C:/Freescale/CW MCU v10.6/MCU/ARM_GCC_Support/ewl/lib/armv6-m\libc.a(printformat_.o)
 .text.__pformatter_
                0x0000e830      0x428 C:/Freescale/CW MCU v10.6/MCU/ARM_GCC_Support/ewl/lib/armv6-m\libc.a(printformat_.o)
                0x0000e830                __pformatter_
 .text.__sformatter
                0x0000ec58      0x698 C:/Freescale/CW MCU v10.6/MCU/ARM_GCC_Support/ewl/lib/armv6-m\libc.a(scanformat_.o)
                0x0000ec58                __sformatter
 .text.isalpha  0x0000f2f0       0x20 C:/Freescale/CW MCU v10.6/MCU/ARM_GCC_Support/ewl/lib/armv6-m\libc.a(ctype_aeabi.o)
                0x0000f2f0                isalpha
 .text.isspace  0x0000f310       0x20 C:/Freescale/CW MCU v10.6/MCU/ARM_GCC_Support/ewl/lib/armv6-m\libc.a(ctype_aeabi.o)
                0x0000f310                isspace
 .text.toupper  0x0000f330        0xe C:/Freescale/CW MCU v10.6/MCU/ARM_GCC_Support/ewl/lib/armv6-m\libc.a(ctype_aeabi.o)
                0x0000f330                toupper
 .text.__strtoul
                0x0000f33e      0x1ce C:/Freescale/CW MCU v10.6/MCU/ARM_GCC_Support/ewl/lib/armv6-m\libc.a(__strtoul.o)
                0x0000f33e                __strtoul
 .text.__fill_mem
                0x0000f50c       0x7e C:/Freescale/CW MCU v10.6/MCU/ARM_GCC_Support/ewl/lib/armv6-m\libc.a(__filll_mem.o)
                0x0000f50c                __fill_mem
 .text.memchr   0x0000f58a       0x1a C:/Freescale/CW MCU v10.6/MCU/ARM_GCC_Support/ewl/lib/armv6-m\libc.a(memchr.o)
                0x0000f58a                memchr
 *fill*         0x0000f5a4        0x4 00
 .text.atan     0x0000f5a8      0x358 C:/Freescale/CW MCU v10.6/MCU/ARM_GCC_Support/ewl/lib/armv6-m\libm.a(s_atan.o)
                0x0000f5a8                atan
 .text.sqrt     0x0000f900        0x8 C:/Freescale/CW MCU v10.6/MCU/ARM_GCC_Support/ewl/lib/armv6-m\libm.a(w_sqrt.o)
                0x0000f900                sqrt
 .text.__ieee754_sqrt
                0x0000f908      0x17c C:/Freescale/CW MCU v10.6/MCU/ARM_GCC_Support/ewl/lib/armv6-m\libm.a(e_sqrt.o)
                0x0000f908                __ieee754_sqrt
 .text.__init_cpp
                0x0000fa84       0x48 C:/Freescale/CW MCU v10.6/MCU/ARM_GCC_Support/ewl/lib/armv6-m\librt.a(gcc_ctor_dtor.o)
                0x0000fa84                __init_cpp
 .text.__fini_cpp
                0x0000facc       0x34 C:/Freescale/CW MCU v10.6/MCU/ARM_GCC_Support/ewl/lib/armv6-m\librt.a(gcc_ctor_dtor.o)
                0x0000facc                __fini_cpp
 .text.__copy_rom_section
                0x0000fb00       0x48 C:/Freescale/CW MCU v10.6/MCU/ARM_GCC_Support/ewl/lib/armv6-m\librt.a(ROMCopy.o)
                0x0000fb00                __copy_rom_section
 .text.__copy_rom_sections_to_ram
                0x0000fb48       0x34 C:/Freescale/CW MCU v10.6/MCU/ARM_GCC_Support/ewl/lib/armv6-m\librt.a(ROMCopy.o)
                0x0000fb48                __copy_rom_sections_to_ram
 .text.__destroy_global_chain
                0x0000fb7c       0x1c C:/Freescale/CW MCU v10.6/MCU/ARM_GCC_Support/ewl/lib/armv6-m\librt.a(__arm_eabi_init.o)
                0x0000fb7c                __destroy_global_chain
 .text.__init_registers
                0x0000fb98       0x1c C:/Freescale/CW MCU v10.6/MCU/ARM_GCC_Support/ewl/lib/armv6-m\librt.a(__arm_eabi_init.o)
                0x0000fb98                __init_registers
 .text.__init_user
                0x0000fbb4        0x4 C:/Freescale/CW MCU v10.6/MCU/ARM_GCC_Support/ewl/lib/armv6-m\librt.a(__arm_eabi_init.o)
                0x0000fbb4                __init_user
 *(.rodata)
 .rodata        0x0000fbb8        0x8 ./Generated_Code/tasks.o
 .rodata        0x0000fbc0       0x1c ./Generated_Code/UTIL1.o
 .rodata        0x0000fbdc      0x15c ./Generated_Code/CLS1.o
 .rodata        0x0000fd38      0xa54 ./Generated_Code/BT1.o
 .rodata        0x0001078c      0x348 ./Sources/serial_communication.o
 .rodata        0x00010ad4       0x5c ./Sources/frtos_tasks.o
 .rodata        0x00010b30       0x50 ./Sources/driving.o
 .rodata        0x00010b80       0x14 ./Sources/Events.o
 .rodata        0x00010b94       0x40 c:/freescale/cw mcu v10.6/cross_tools/arm-none-eabi-gcc-4_7_3/bin/../lib/gcc/arm-none-eabi/4.7.3/armv6-m\libgcc.a(mulsf3.o)
 .rodata        0x00010bd4       0x40 c:/freescale/cw mcu v10.6/cross_tools/arm-none-eabi-gcc-4_7_3/bin/../lib/gcc/arm-none-eabi/4.7.3/armv6-m\libgcc.a(divdf3.o)
 .rodata        0x00010c14       0x40 c:/freescale/cw mcu v10.6/cross_tools/arm-none-eabi-gcc-4_7_3/bin/../lib/gcc/arm-none-eabi/4.7.3/armv6-m\libgcc.a(muldf3.o)
 *(.rodata*)
 .rodata.ChannelDevice
                0x00010c54        0x4 ./Generated_Code/TU2.o
 .rodata.ChannelMode
                0x00010c58        0x4 ./Generated_Code/TU2.o
 .rodata.ChannelDevice
                0x00010c5c        0x4 ./Generated_Code/TU1.o
 .rodata.ChannelMode
                0x00010c60        0x4 ./Generated_Code/TU1.o
 .rodata.InitialCalibration
                0x00010c64        0x8 ./Generated_Code/MMA1.o
 .rodata.addr.6798
                0x00010c6c        0x1 ./Generated_Code/MMA1.o
 .rodata.addr.6790
                0x00010c6d        0x1 ./Generated_Code/MMA1.o
 .rodata.addr.6782
                0x00010c6e        0x1 ./Generated_Code/MMA1.o
 *fill*         0x00010c6f        0x1 00
 .rodata.CLS1_stdio
                0x00010c70       0x10 ./Generated_Code/CLS1.o
                0x00010c70                CLS1_stdio
 .rodata.CmdParserTable
                0x00010c80        0xc ./Sources/serial_communication.o
 .rodata.BT_stdio
                0x00010c8c       0x10 ./Sources/serial_communication.o
 .rodata.L3Gread
                0x00010c9c      0x118 ./Sources/L3G.o
 .rodata.L3GgetDegree
                0x00010db4       0x8c ./Sources/L3G.o
 .rodata.refreshMovingOffset
                0x00010e40       0x8c ./Sources/L3G.o
 .rodata.L3GSetAngel
                0x00010ecc       0x8c ./Sources/L3G.o
 .rodata.str1.1
                0x00010f58        0x1 C:/Freescale/CW MCU v10.6/MCU/ARM_GCC_Support/ewl/lib/armv6-m\libc.a(printformat_.o)
 .rodata.CSWTCH.20
                0x00010f59        0x5 C:/Freescale/CW MCU v10.6/MCU/ARM_GCC_Support/ewl/lib/armv6-m\libc.a(printformat_.o)
 .rodata.CSWTCH.21
                0x00010f5e        0x5 C:/Freescale/CW MCU v10.6/MCU/ARM_GCC_Support/ewl/lib/armv6-m\libc.a(printformat_.o)
 .rodata.__aeabi_ctype_table_C
                0x00010f63      0x101 C:/Freescale/CW MCU v10.6/MCU/ARM_GCC_Support/ewl/lib/armv6-m\libc.a(ctype_aeabi.o)
                0x00010f63                __aeabi_ctype_table_C
 *fill*         0x00011064        0x4 00
 .rodata.atanlo
                0x00011068       0x20 C:/Freescale/CW MCU v10.6/MCU/ARM_GCC_Support/ewl/lib/armv6-m\libm.a(s_atan.o)
 .rodata.atanhi
                0x00011088       0x20 C:/Freescale/CW MCU v10.6/MCU/ARM_GCC_Support/ewl/lib/armv6-m\libm.a(s_atan.o)
 *(.glue_7)
 .glue_7        0x00000000        0x0 linker stubs
 *(.glue_7t)
 .glue_7t       0x00000000        0x0 linker stubs
 *(.eh_frame)
 *(.init)
 *(.fini)
                0x000110a8                . = ALIGN (0x4)
                0x000110a8                _etext = .

.vfp11_veneer   0x000110a8        0x0
 .vfp11_veneer  0x00000000        0x0 linker stubs

.v4_bx          0x000110a8        0x0
 .v4_bx         0x00000000        0x0 linker stubs

.iplt           0x000110a8        0x0
 .iplt          0x00000000        0x0 ./Generated_Code/timers.o

.rel.dyn        0x000110a8        0x0
 .rel.iplt      0x00000000        0x0 ./Generated_Code/timers.o

.ARM.extab
 *(.ARM.extab* .gnu.linkonce.armextab.*)

.ARM            0x000110a8        0x0
                0x000110a8                __exidx_start = .
 *(.ARM.exidx*)
                0x000110a8                __exidx_end = .

.ctors          0x000110a8        0x0
                0x000110a8                __CTOR_LIST__ = .
 *crtbegin.o(.ctors)
 *(EXCLUDE_FILE(*crtend.o) .ctors)
 *(SORT(.ctors.*))
 *(.ctors)
                0x000110a8                __CTOR_END__ = .

.dtors          0x000110a8        0x0
                0x000110a8                __DTOR_LIST__ = .
 *crtbegin.o(.dtors)
 *(EXCLUDE_FILE(*crtend.o) .dtors)
 *(SORT(.dtors.*))
 *(.dtors)
                0x000110a8                __DTOR_END__ = .

.preinit_array  0x000110a8        0x0
                0x000110a8                PROVIDE (__preinit_array_start, .)
 *(.preinit_array*)
                0x000110a8                PROVIDE (__preinit_array_end, .)

.init_array     0x000110a8        0x0
                0x000110a8                PROVIDE (__init_array_start, .)
 *(SORT(.init_array.*))
 *(.init_array*)
                0x000110a8                PROVIDE (__init_array_end, .)

.fini_array     0x000110a8        0x0
                0x000110a8                PROVIDE (__fini_array_start, .)
 *(SORT(.fini_array.*))
 *(.fini_array*)
                0x000110a8                PROVIDE (__fini_array_end, .)
                0x000110a8                ___ROM_AT = .

.mtb            0x1ffff000     0x1000
                0x1ffff000                . = ALIGN (0x8)
                0x1ffff000                _mtb_start = .
 *(.mtb_buf)
 .mtb_buf       0x1ffff000     0x1000 ./Sources/sa_mtb.o
                0x1ffff000                mtb_buf
                0x20000000                . = ALIGN (0x8)
                0x20000000                _mtb_end = .

.data           0x20000000       0x24 load address 0x000110a8
                0x20000000                . = ALIGN (0x4)
                0x20000000                _sdata = .
 *(.data)
 *(.data*)
 .data.uxCriticalNesting
                0x20000000        0x4 ./Generated_Code/port.o
 .data.uxTopUsedPriority
                0x20000004        0x4 ./Generated_Code/port.o
                0x20000004                uxTopUsedPriority
 .data.xHeapStructSize
                0x20000008        0x4 ./Generated_Code/heap_4.o
 .data.CLS1_currStdIO
                0x2000000c        0x4 ./Generated_Code/CLS1.o
 .data.BT1_lastErr
                0x20000010        0x1 ./Generated_Code/BT1.o
 .data.state    0x20000011        0x1 ./Sources/serial_communication.o
 .data.kpT      0x20000012        0x1 ./Sources/serial_communication.o
 .data.kpG      0x20000013        0x1 ./Sources/serial_communication.o
 .data.kiG      0x20000014        0x1 ./Sources/serial_communication.o
 .data.kdG      0x20000015        0x1 ./Sources/serial_communication.o
 .data.distanceSide
                0x20000016        0x1 ./Sources/driving.o
 .data.distanceFront
                0x20000017        0x1 ./Sources/driving.o
 .data.speed    0x20000018        0x1 ./Sources/driving.o
 .data.scaling  0x20000019        0x1 ./Sources/VL6180X.o
 .data.initDevices
                0x2000001a        0x1 ./Sources/VL6180X.o
                0x2000001a                initDevices
 *fill*         0x2000001b        0x1 00
 .data.__double_nan
                0x2000001c        0x8 C:/Freescale/CW MCU v10.6/MCU/ARM_GCC_Support/ewl/lib/armv6-m\libm.a(float.o)
                0x2000001c                __double_nan
                0x20000024                . = ALIGN (0x4)
                0x20000024                _edata = .
                0x00000024                ___data_size = (_edata - _sdata)

.igot.plt       0x20000024        0x0 load address 0x000110cc
 .igot.plt      0x00000000        0x0 ./Generated_Code/timers.o
                0x20000024                . = ALIGN (0x4)

.bss            0x20000024     0x2ab8 load address 0x000110cc
                0x20000024                __START_BSS = .
                0x20000024                PROVIDE (__bss_start__, __START_BSS)
 *(.bss)
 *(.bss*)
 .bss.pxCurrentTCB
                0x20000024        0x4 ./Generated_Code/tasks.o
                0x20000024                pxCurrentTCB
 .bss.pxReadyTasksLists
                0x20000028       0x78 ./Generated_Code/tasks.o
 .bss.xDelayedTaskList1
                0x200000a0       0x14 ./Generated_Code/tasks.o
 .bss.xDelayedTaskList2
                0x200000b4       0x14 ./Generated_Code/tasks.o
 .bss.pxDelayedTaskList
                0x200000c8        0x4 ./Generated_Code/tasks.o
 .bss.pxOverflowDelayedTaskList
                0x200000cc        0x4 ./Generated_Code/tasks.o
 .bss.xPendingReadyList
                0x200000d0       0x14 ./Generated_Code/tasks.o
 .bss.xTasksWaitingTermination
                0x200000e4       0x14 ./Generated_Code/tasks.o
 .bss.uxDeletedTasksWaitingCleanUp
                0x200000f8        0x4 ./Generated_Code/tasks.o
 .bss.xSuspendedTaskList
                0x200000fc       0x14 ./Generated_Code/tasks.o
 .bss.uxCurrentNumberOfTasks
                0x20000110        0x4 ./Generated_Code/tasks.o
 .bss.xTickCount
                0x20000114        0x4 ./Generated_Code/tasks.o
 .bss.uxTopReadyPriority
                0x20000118        0x4 ./Generated_Code/tasks.o
 .bss.xSchedulerRunning
                0x2000011c        0x4 ./Generated_Code/tasks.o
 .bss.uxPendedTicks
                0x20000120        0x4 ./Generated_Code/tasks.o
 .bss.xYieldPending
                0x20000124        0x4 ./Generated_Code/tasks.o
 .bss.xNumOfOverflows
                0x20000128        0x4 ./Generated_Code/tasks.o
 .bss.uxTaskNumber
                0x2000012c        0x4 ./Generated_Code/tasks.o
 .bss.xNextTaskUnblockTime
                0x20000130        0x4 ./Generated_Code/tasks.o
 .bss.xIdleTaskHandle
                0x20000134        0x4 ./Generated_Code/tasks.o
 .bss.uxSchedulerSuspended
                0x20000138        0x4 ./Generated_Code/tasks.o
 .bss.ucHeap    0x2000013c     0x2134 ./Generated_Code/heap_4.o
 .bss.xStart    0x20002270        0x8 ./Generated_Code/heap_4.o
 .bss.pxEnd     0x20002278        0x4 ./Generated_Code/heap_4.o
 .bss.xFreeBytesRemaining
                0x2000227c        0x4 ./Generated_Code/heap_4.o
 .bss.xMinimumEverFreeBytesRemaining
                0x20002280        0x4 ./Generated_Code/heap_4.o
 .bss.xBlockAllocatedBit
                0x20002284        0x4 ./Generated_Code/heap_4.o
 .bss.DeviceDataPrv__DEFAULT_RTOS_ALLOC
                0x20002288        0x4 ./Generated_Code/Watermark.o
 .bss.DeviceDataPrv__DEFAULT_RTOS_ALLOC
                0x2000228c        0x4 ./Generated_Code/TofCE3.o
 .bss.DeviceDataPrv__DEFAULT_RTOS_ALLOC
                0x20002290        0x4 ./Generated_Code/TofCE2.o
 .bss.DeviceDataPrv__DEFAULT_RTOS_ALLOC
                0x20002294        0x4 ./Generated_Code/TofCE1.o
 .bss.DeviceDataPrv__DEFAULT_RTOS_ALLOC
                0x20002298        0x8 ./Generated_Code/TU2.o
 .bss.DeviceDataPrv__DEFAULT_RTOS_ALLOC
                0x200022a0        0x8 ./Generated_Code/TU1.o
 .bss.TMOUT1_Counters
                0x200022a8        0x8 ./Generated_Code/TMOUT1.o
 .bss.TMOUT1_FreeCounters
                0x200022b0        0x4 ./Generated_Code/TMOUT1.o
 .bss.SerFlag   0x200022b4        0x2 ./Generated_Code/Serial1.o
 .bss.Serial1_InpLen
                0x200022b6        0x2 ./Generated_Code/Serial1.o
 .bss.InpIndexR
                0x200022b8        0x2 ./Generated_Code/Serial1.o
 .bss.InpIndexW
                0x200022ba        0x2 ./Generated_Code/Serial1.o
 .bss.InpBuffer
                0x200022bc       0x20 ./Generated_Code/Serial1.o
 .bss.BufferRead
                0x200022dc        0x1 ./Generated_Code/Serial1.o
 *fill*         0x200022dd        0x1 00
 .bss.Serial1_OutLen
                0x200022de        0x2 ./Generated_Code/Serial1.o
 .bss.OutIndexR
                0x200022e0        0x2 ./Generated_Code/Serial1.o
 .bss.OutIndexW
                0x200022e2        0x2 ./Generated_Code/Serial1.o
 .bss.OutBuffer
                0x200022e4       0x20 ./Generated_Code/Serial1.o
 .bss.DeviceDataPrv__DEFAULT_RTOS_ALLOC
                0x20002304        0xc ./Generated_Code/PwmLdd4.o
 .bss.DeviceDataPrv__DEFAULT_RTOS_ALLOC
                0x20002310        0xc ./Generated_Code/PwmLdd3.o
 .bss.DeviceDataPrv__DEFAULT_RTOS_ALLOC
                0x2000231c        0xc ./Generated_Code/PwmLdd2.o
 .bss.DeviceDataPrv__DEFAULT_RTOS_ALLOC
                0x20002328        0xc ./Generated_Code/PwmLdd1.o
 .bss.PE_LDD_DeviceDataList
                0x20002334       0x58 ./Generated_Code/PE_LDD.o
                0x20002334                PE_LDD_DeviceDataList
 .bss.sCalValues
                0x2000238c        0x8 ./Generated_Code/MMA1.o
 .bss.GI2C2_deviceData
                0x20002394        0x8 ./Generated_Code/GI2C2.o
 .bss.GI2C2_busSem
                0x2000239c        0x4 ./Generated_Code/GI2C2.o
 .bss.writeBuf.6725
                0x200023a0       0x10 ./Generated_Code/GI2C2.o
 .bss.GI2C1_deviceData
                0x200023b0        0x8 ./Generated_Code/GI2C1.o
 .bss.GI2C1_busSem
                0x200023b8        0x4 ./Generated_Code/GI2C1.o
 .bss.writeBuf.6725
                0x200023bc       0x10 ./Generated_Code/GI2C1.o
 .bss.DeviceDataPrv__DEFAULT_RTOS_ALLOC
                0x200023cc        0x4 ./Generated_Code/DIR_RIGHT1.o
 .bss.DeviceDataPrv__DEFAULT_RTOS_ALLOC
                0x200023d0        0x4 ./Generated_Code/DIR_RIGHT.o
 .bss.DeviceDataPrv__DEFAULT_RTOS_ALLOC
                0x200023d4        0x4 ./Generated_Code/DIR_LEFT1.o
 .bss.DeviceDataPrv__DEFAULT_RTOS_ALLOC
                0x200023d8        0x4 ./Generated_Code/DIR_LEFT.o
 .bss.SR_lock   0x200023dc        0x1 ./Generated_Code/Cpu.o
                0x200023dc                SR_lock
 *fill*         0x200023dd        0x3 00
 .bss.ShellSem  0x200023e0        0x4 ./Generated_Code/CLS1.o
 .bss.DeviceDataPrv__DEFAULT_RTOS_ALLOC
                0x200023e4       0x18 ./Generated_Code/CI2C2.o
 .bss.INT_I2C0__BAREBOARD_RTOS_ISRPARAM
                0x200023fc        0x4 ./Generated_Code/CI2C2.o
 .bss.DeviceDataPrv__DEFAULT_RTOS_ALLOC
                0x20002400       0x18 ./Generated_Code/CI2C1.o
 .bss.INT_I2C1__BAREBOARD_RTOS_ISRPARAM
                0x20002418        0x4 ./Generated_Code/CI2C1.o
 .bss.DeviceDataPrv__DEFAULT_RTOS_ALLOC
                0x2000241c        0x4 ./Generated_Code/BitIoLdd4.o
 .bss.DeviceDataPrv__DEFAULT_RTOS_ALLOC
                0x20002420        0x4 ./Generated_Code/BitIoLdd3.o
 .bss.DeviceDataPrv__DEFAULT_RTOS_ALLOC
                0x20002424        0x4 ./Generated_Code/BitIoLdd1.o
 .bss.DeviceDataPrv__DEFAULT_RTOS_ALLOC
                0x20002428        0x4 ./Generated_Code/BT_EN.o
 .bss.DeviceDataPrv__DEFAULT_RTOS_ALLOC
                0x2000242c       0x20 ./Generated_Code/ASerialLdd2.o
 .bss.INT_UART1__BAREBOARD_RTOS_ISRPARAM
                0x2000244c        0x4 ./Generated_Code/ASerialLdd2.o
 .bss.DeviceDataPrv__DEFAULT_RTOS_ALLOC
                0x20002450       0x20 ./Generated_Code/ASerialLdd1.o
 .bss.INT_UART0__BAREBOARD_RTOS_ISRPARAM
                0x20002470        0x4 ./Generated_Code/ASerialLdd1.o
 .bss.SerFlag   0x20002474        0x2 ./Generated_Code/AS1.o
 .bss.AS1_InpLen
                0x20002476        0x2 ./Generated_Code/AS1.o
 .bss.InpIndexR
                0x20002478        0x2 ./Generated_Code/AS1.o
 .bss.InpIndexW
                0x2000247a        0x2 ./Generated_Code/AS1.o
 .bss.InpBuffer
                0x2000247c       0x40 ./Generated_Code/AS1.o
 .bss.BufferRead
                0x200024bc        0x1 ./Generated_Code/AS1.o
 *fill*         0x200024bd        0x1 00
 .bss.AS1_OutLen
                0x200024be        0x2 ./Generated_Code/AS1.o
 .bss.OutIndexR
                0x200024c0        0x2 ./Generated_Code/AS1.o
 .bss.OutIndexW
                0x200024c2        0x2 ./Generated_Code/AS1.o
 .bss.OutBuffer
                0x200024c4       0x80 ./Generated_Code/AS1.o
 .bss.OnFreeTxBufSemaphore
                0x20002544        0x1 ./Generated_Code/AS1.o
 *fill*         0x20002545        0x3 00
 .bss.argv      0x20002548        0x4 ./Project_Settings/Startup_Code/__arm_start.o
 .bss.courseSet
                0x2000254c        0x1 ./Sources/serial_communication.o
 .bss.hello     0x2000254d        0x1 ./Sources/serial_communication.o
 .bss.start     0x2000254e        0x1 ./Sources/serial_communication.o
 .bss.course    0x2000254f        0x1 ./Sources/serial_communication.o
 .bss.tof_l_s   0x20002550        0x2 ./Sources/serial_communication.o
 .bss.tof_r_s   0x20002552        0x2 ./Sources/serial_communication.o
 .bss.tof_f_s   0x20002554        0x2 ./Sources/serial_communication.o
 .bss.raupe_i_l
                0x20002556        0x1 ./Sources/serial_communication.o
 .bss.raupe_i_r
                0x20002557        0x1 ./Sources/serial_communication.o
 .bss.gyroskop_s
                0x20002558        0x1 ./Sources/serial_communication.o
 .bss.servo_s   0x20002559        0x1 ./Sources/serial_communication.o
 .bss.letter    0x2000255a        0x1 ./Sources/serial_communication.o
 *fill*         0x2000255b        0x1 00
 .bss.tof_l_i   0x2000255c        0x2 ./Sources/serial_communication.o
 .bss.tof_r_i   0x2000255e        0x2 ./Sources/serial_communication.o
 .bss.tof_f_i   0x20002560        0x2 ./Sources/serial_communication.o
 .bss.raupe_l_i
                0x20002562        0x1 ./Sources/serial_communication.o
 .bss.raupe_r_i
                0x20002563        0x1 ./Sources/serial_communication.o
 .bss.gyro_n    0x20002564        0x2 ./Sources/serial_communication.o
 .bss.gyro_g    0x20002566        0x2 ./Sources/serial_communication.o
 .bss.errState  0x20002568        0x1 ./Sources/serial_communication.o
 .bss.kiT       0x20002569        0x1 ./Sources/serial_communication.o
 .bss.kdT       0x2000256a        0x1 ./Sources/serial_communication.o
 *fill*         0x2000256b        0x1 00
 .bss.pwmLeft   0x2000256c        0x2 ./Sources/motor.o
 .bss.pwmRight  0x2000256e        0x2 ./Sources/motor.o
 .bss.kpToF     0x20002570        0x1 ./Sources/driving.o
 .bss.kiToF     0x20002571        0x1 ./Sources/driving.o
 .bss.kdToF     0x20002572        0x1 ./Sources/driving.o
 .bss.kpGyro    0x20002573        0x1 ./Sources/driving.o
 .bss.kiGyro    0x20002574        0x1 ./Sources/driving.o
 .bss.kdGyro    0x20002575        0x1 ./Sources/driving.o
 .bss.factor    0x20002576        0x1 ./Sources/driving.o
 .bss.device    0x20002577        0x1 ./Sources/driving.o
 .bss.angel     0x20002578        0x2 ./Sources/driving.o
 .bss.letter    0x2000257a        0x1 ./Sources/driving.o
 *fill*         0x2000257b        0x1 00
 .bss.ToFDevice
                0x2000257c       0x14 ./Sources/VL6180X.o
 .bss.device    0x20002590        0x1 ./Sources/L3G.o
 *fill*         0x20002591        0x3 00
 .bss.gyro      0x20002594       0x1c ./Sources/L3G.o
 .bss.vX        0x200025b0      0x190 ./Sources/L3G.o
 .bss.vY        0x20002740      0x190 ./Sources/L3G.o
 .bss.vZ        0x200028d0      0x190 ./Sources/L3G.o
 .bss.Offset    0x20002a60        0x4 ./Sources/L3G.o
 .bss.res       0x20002a64        0x1 ./Sources/L3G.o
 .bss.accelCounter.7830
                0x20002a65        0x1 ./Sources/L3G.o
 .bss.iX.7801   0x20002a66        0x2 ./Sources/L3G.o
 .bss.iY.7802   0x20002a68        0x2 ./Sources/L3G.o
 .bss.iZ.7803   0x20002a6a        0x2 ./Sources/L3G.o
 .bss.__stdio_exit
                0x20002a6c        0x4 C:/Freescale/CW MCU v10.6/MCU/ARM_GCC_Support/ewl/lib/armv6-m\libc.a(exit.o)
                0x20002a6c                __stdio_exit
 .bss.__console_exit
                0x20002a70        0x4 C:/Freescale/CW MCU v10.6/MCU/ARM_GCC_Support/ewl/lib/armv6-m\libc.a(exit.o)
                0x20002a70                __console_exit
 .bss.__S_romp  0x20002a74        0xc C:/Freescale/CW MCU v10.6/MCU/ARM_GCC_Support/ewl/lib/armv6-m\librt.a(ROMCopy.o)
 .bss.__global_destructor_chain
                0x20002a80        0x4 C:/Freescale/CW MCU v10.6/MCU/ARM_GCC_Support/ewl/lib/armv6-m\librt.a(__arm_eabi_init.o)
                0x20002a80                __global_destructor_chain
 *(COMMON)
 COMMON         0x20002a84       0x28 ./Generated_Code/queue.o
                0x20002a84                xQueueRegistry
 COMMON         0x20002aac        0x4 ./Generated_Code/Serial1.o
                0x20002aac                ASerialLdd2_DeviceDataPtr
 COMMON         0x20002ab0        0x1 ./Generated_Code/Cpu.o
                0x20002ab0                SR_reg
 *fill*         0x20002ab1        0x3 00
 COMMON         0x20002ab4        0x4 ./Generated_Code/AS1.o
                0x20002ab4                ASerialLdd1_DeviceDataPtr
 COMMON         0x20002ab8       0x18 ./Sources/pid.o
                0x20002ab8                pid
 COMMON         0x20002ad0        0x7 ./Sources/frtos_tasks.o
                0x20002ad0                Task3Started
                0x20002ad1                Task2Started
                0x20002ad2                Task7Started
                0x20002ad3                Task4Started
                0x20002ad4                Task6Started
                0x20002ad5                Task5Started
                0x20002ad6                GyroTaskStarted
 *fill*         0x20002ad7        0x1 00
 COMMON         0x20002ad8        0x4 C:/Freescale/CW MCU v10.6/MCU/ARM_GCC_Support/ewl/lib/armv6-m\libc.a(errno.o)
                0x20002ad8                errno
                0x20002adc                . = ALIGN (0x4)
                0x20002adc                __END_BSS = .
                0x20002adc                PROVIDE (__bss_end__, __END_BSS)
                0x000110cc                _romp_at = (___ROM_AT + SIZEOF (.data))

.romp           0x20002adc       0x18 load address 0x000110cc
                0x000110cc                __S_romp = _romp_at
                0x20002adc        0x4 LONG 0x110a8 ___ROM_AT
                0x20002ae0        0x4 LONG 0x20000000 _sdata
                0x20002ae4        0x4 LONG 0x24 ___data_size
                0x20002ae8        0x4 LONG 0x0
                0x20002aec        0x4 LONG 0x0
                0x20002af0        0x4 LONG 0x0

._user_heap_stack
                0x20002af4      0x400 load address 0x000110e4
                0x20002af4                . = ALIGN (0x4)
                0x20002af4                PROVIDE (end, .)
                0x20002af4                PROVIDE (_end, .)
                0x20002af4                __heap_addr = .
                0x20002af4                . = (. + __heap_size)
                0x20002ef4                . = (. + __stack_size)
 *fill*         0x20002af4      0x400 00
                0x20002ef4                . = ALIGN (0x4)

.ARM.attributes
                0x00000000       0x2f
 *(.ARM.attributes)
 .ARM.attributes
                0x00000000       0x31 ./Generated_Code/tasks.o
 .ARM.attributes
                0x00000031       0x31 ./Generated_Code/queue.o
 .ARM.attributes
                0x00000062       0x31 ./Generated_Code/port.o
 .ARM.attributes
                0x00000093       0x31 ./Generated_Code/list.o
 .ARM.attributes
                0x000000c4       0x31 ./Generated_Code/heap_4.o
 .ARM.attributes
                0x000000f5       0x31 ./Generated_Code/Watermark.o
 .ARM.attributes
                0x00000126       0x31 ./Generated_Code/WAIT1.o
 .ARM.attributes
                0x00000157       0x31 ./Generated_Code/Vectors.o
 .ARM.attributes
                0x00000188       0x31 ./Generated_Code/UTIL1.o
 .ARM.attributes
                0x000001b9       0x31 ./Generated_Code/TofCE3.o
 .ARM.attributes
                0x000001ea       0x31 ./Generated_Code/TofCE2.o
 .ARM.attributes
                0x0000021b       0x31 ./Generated_Code/TofCE1.o
 .ARM.attributes
                0x0000024c       0x31 ./Generated_Code/TU2.o
 .ARM.attributes
                0x0000027d       0x31 ./Generated_Code/TU1.o
 .ARM.attributes
                0x000002ae       0x31 ./Generated_Code/TSK1.o
 .ARM.attributes
                0x000002df       0x31 ./Generated_Code/TMOUT1.o
 .ARM.attributes
                0x00000310       0x31 ./Generated_Code/Serial1.o
 .ARM.attributes
                0x00000341       0x31 ./Generated_Code/RED.o
 .ARM.attributes
                0x00000372       0x31 ./Generated_Code/PwmLdd4.o
 .ARM.attributes
                0x000003a3       0x31 ./Generated_Code/PwmLdd3.o
 .ARM.attributes
                0x000003d4       0x31 ./Generated_Code/PwmLdd2.o
 .ARM.attributes
                0x00000405       0x31 ./Generated_Code/PwmLdd1.o
 .ARM.attributes
                0x00000436       0x31 ./Generated_Code/PE_LDD.o
 .ARM.attributes
                0x00000467       0x31 ./Generated_Code/MMA1.o
 .ARM.attributes
                0x00000498       0x31 ./Generated_Code/LED_GREEN.o
 .ARM.attributes
                0x000004c9       0x31 ./Generated_Code/GI2C2.o
 .ARM.attributes
                0x000004fa       0x31 ./Generated_Code/GI2C1.o
 .ARM.attributes
                0x0000052b       0x31 ./Generated_Code/DIR_RIGHT1.o
 .ARM.attributes
                0x0000055c       0x31 ./Generated_Code/DIR_RIGHT.o
 .ARM.attributes
                0x0000058d       0x31 ./Generated_Code/DIR_LEFT1.o
 .ARM.attributes
                0x000005be       0x31 ./Generated_Code/DIR_LEFT.o
 .ARM.attributes
                0x000005ef       0x31 ./Generated_Code/Cpu.o
 .ARM.attributes
                0x00000620       0x31 ./Generated_Code/CLS1.o
 .ARM.attributes
                0x00000651       0x31 ./Generated_Code/CI2C2.o
 .ARM.attributes
                0x00000682       0x31 ./Generated_Code/CI2C1.o
 .ARM.attributes
                0x000006b3       0x31 ./Generated_Code/BitIoLdd4.o
 .ARM.attributes
                0x000006e4       0x31 ./Generated_Code/BitIoLdd3.o
 .ARM.attributes
                0x00000715       0x31 ./Generated_Code/BitIoLdd1.o
 .ARM.attributes
                0x00000746       0x31 ./Generated_Code/BT_EN.o
 .ARM.attributes
                0x00000777       0x31 ./Generated_Code/BT1.o
 .ARM.attributes
                0x000007a8       0x31 ./Generated_Code/ASerialLdd2.o
 .ARM.attributes
                0x000007d9       0x31 ./Generated_Code/ASerialLdd1.o
 .ARM.attributes
                0x0000080a       0x31 ./Generated_Code/AS1.o
 .ARM.attributes
                0x0000083b       0x31 ./Project_Settings/Startup_Code/__arm_start.o
 .ARM.attributes
                0x0000086c       0x31 ./Project_Settings/Startup_Code/__arm_end.o
 .ARM.attributes
                0x0000089d       0x31 ./Sources/serial_communication.o
 .ARM.attributes
                0x000008ce       0x31 ./Sources/sa_mtb.o
 .ARM.attributes
                0x000008ff       0x31 ./Sources/pid.o
 .ARM.attributes
                0x00000930       0x31 ./Sources/motor.o
 .ARM.attributes
                0x00000961       0x31 ./Sources/main.o
 .ARM.attributes
                0x00000992       0x31 ./Sources/frtos_tasks.o
 .ARM.attributes
                0x000009c3       0x31 ./Sources/driving.o
 .ARM.attributes
                0x000009f4       0x31 ./Sources/VL6180X.o
 .ARM.attributes
                0x00000a25       0x31 ./Sources/L3G.o
 .ARM.attributes
                0x00000a56       0x31 ./Sources/Events.o
 .ARM.attributes
                0x00000a87       0x31 C:/Freescale/CW MCU v10.6/MCU/ARM_GCC_Support/ewl/lib/armv6-m\libc.a(exit.o)
 .ARM.attributes
                0x00000ab8       0x31 C:/Freescale/CW MCU v10.6/MCU/ARM_GCC_Support/ewl/lib/armv6-m\libc.a(qsort.o)
 .ARM.attributes
                0x00000ae9       0x31 C:/Freescale/CW MCU v10.6/MCU/ARM_GCC_Support/ewl/lib/armv6-m\libc.a(memcpy.o)
 .ARM.attributes
                0x00000b1a       0x31 C:/Freescale/CW MCU v10.6/MCU/ARM_GCC_Support/ewl/lib/armv6-m\libc.a(memset.o)
 .ARM.attributes
                0x00000b4b       0x31 C:/Freescale/CW MCU v10.6/MCU/ARM_GCC_Support/ewl/lib/armv6-m\libc.a(strchr.o)
 .ARM.attributes
                0x00000b7c       0x31 C:/Freescale/CW MCU v10.6/MCU/ARM_GCC_Support/ewl/lib/armv6-m\libc.a(strcmp.o)
 .ARM.attributes
                0x00000bad       0x31 C:/Freescale/CW MCU v10.6/MCU/ARM_GCC_Support/ewl/lib/armv6-m\libc.a(strlen.o)
 .ARM.attributes
                0x00000bde       0x31 C:/Freescale/CW MCU v10.6/MCU/ARM_GCC_Support/ewl/lib/armv6-m\libc.a(strncmp.o)
 .ARM.attributes
                0x00000c0f       0x31 C:/Freescale/CW MCU v10.6/MCU/ARM_GCC_Support/ewl/lib/armv6-m\libc.a(printformat_.o)
 .ARM.attributes
                0x00000c40       0x31 C:/Freescale/CW MCU v10.6/MCU/ARM_GCC_Support/ewl/lib/armv6-m\libc.a(scanformat_.o)
 .ARM.attributes
                0x00000c71       0x31 C:/Freescale/CW MCU v10.6/MCU/ARM_GCC_Support/ewl/lib/armv6-m\libc.a(ctype_aeabi.o)
 .ARM.attributes
                0x00000ca2       0x31 C:/Freescale/CW MCU v10.6/MCU/ARM_GCC_Support/ewl/lib/armv6-m\libc.a(__strtoul.o)
 .ARM.attributes