Archive member included because of file (symbol)

C:/Freescale/CW MCU v10.6/MCU/ARM_GCC_Support/ewl/lib/armv6-m\libc.a(exit.o)
                              ./Project_Settings/Startup_Code/__arm_start.o (exit)
C:/Freescale/CW MCU v10.6/MCU/ARM_GCC_Support/ewl/lib/armv6-m\libc.a(qsort.o)
                              ./Sources/L3G.o (qsort)
C:/Freescale/CW MCU v10.6/MCU/ARM_GCC_Support/ewl/lib/armv6-m\libc.a(memcpy.o)
                              ./Generated_Code/queue.o (memcpy)
C:/Freescale/CW MCU v10.6/MCU/ARM_GCC_Support/ewl/lib/armv6-m\libc.a(memset.o)
                              ./Generated_Code/tasks.o (memset)
C:/Freescale/CW MCU v10.6/MCU/ARM_GCC_Support/ewl/lib/armv6-m\libc.a(strchr.o)
                              ./Generated_Code/UTIL1.o (strchr)
C:/Freescale/CW MCU v10.6/MCU/ARM_GCC_Support/ewl/lib/armv6-m\libc.a(strcmp.o)
                              ./Generated_Code/CLS1.o (strcmp)
C:/Freescale/CW MCU v10.6/MCU/ARM_GCC_Support/ewl/lib/armv6-m\libc.a(strlen.o)
                              ./Generated_Code/UTIL1.o (strlen)
C:/Freescale/CW MCU v10.6/MCU/ARM_GCC_Support/ewl/lib/armv6-m\libc.a(strncmp.o)
                              ./Generated_Code/UTIL1.o (strncmp)
C:/Freescale/CW MCU v10.6/MCU/ARM_GCC_Support/ewl/lib/armv6-m\libc.a(printformat_.o)
                              (__pformatter_)
C:/Freescale/CW MCU v10.6/MCU/ARM_GCC_Support/ewl/lib/armv6-m\libc.a(scanformat_.o)
                              (__sformatter)
C:/Freescale/CW MCU v10.6/MCU/ARM_GCC_Support/ewl/lib/armv6-m\libc.a(ctype_aeabi.o)
                              C:/Freescale/CW MCU v10.6/MCU/ARM_GCC_Support/ewl/lib/armv6-m\libc.a(scanformat_.o) (isspace)
C:/Freescale/CW MCU v10.6/MCU/ARM_GCC_Support/ewl/lib/armv6-m\libc.a(__strtoul.o)
                              C:/Freescale/CW MCU v10.6/MCU/ARM_GCC_Support/ewl/lib/armv6-m\libc.a(scanformat_.o) (__strtoul)
C:/Freescale/CW MCU v10.6/MCU/ARM_GCC_Support/ewl/lib/armv6-m\libc.a(__filll_mem.o)
                              C:/Freescale/CW MCU v10.6/MCU/ARM_GCC_Support/ewl/lib/armv6-m\libc.a(memset.o) (__fill_mem)
C:/Freescale/CW MCU v10.6/MCU/ARM_GCC_Support/ewl/lib/armv6-m\libc.a(memchr.o)
                              C:/Freescale/CW MCU v10.6/MCU/ARM_GCC_Support/ewl/lib/armv6-m\libc.a(printformat_.o) (memchr)
C:/Freescale/CW MCU v10.6/MCU/ARM_GCC_Support/ewl/lib/armv6-m\libm.a(s_atan.o)
                              ./Sources/L3G.o (atan)
C:/Freescale/CW MCU v10.6/MCU/ARM_GCC_Support/ewl/lib/armv6-m\libm.a(w_sqrt.o)
                              ./Sources/L3G.o (sqrt)
C:/Freescale/CW MCU v10.6/MCU/ARM_GCC_Support/ewl/lib/armv6-m\libm.a(e_sqrt.o)
                              C:/Freescale/CW MCU v10.6/MCU/ARM_GCC_Support/ewl/lib/armv6-m\libm.a(w_sqrt.o) (__ieee754_sqrt)
C:/Freescale/CW MCU v10.6/MCU/ARM_GCC_Support/ewl/lib/armv6-m\libm.a(float.o)
                              C:/Freescale/CW MCU v10.6/MCU/ARM_GCC_Support/ewl/lib/armv6-m\libm.a(e_sqrt.o) (__double_nan)
c:/freescale/cw mcu v10.6/cross_tools/arm-none-eabi-gcc-4_7_3/bin/../lib/gcc/arm-none-eabi/4.7.3/armv6-m\libgcc.a(_thumb1_case_sqi.o)
                              C:/Freescale/CW MCU v10.6/MCU/ARM_GCC_Support/ewl/lib/armv6-m\libc.a(__strtoul.o) (__gnu_thumb1_case_sqi)
c:/freescale/cw mcu v10.6/cross_tools/arm-none-eabi-gcc-4_7_3/bin/../lib/gcc/arm-none-eabi/4.7.3/armv6-m\libgcc.a(_thumb1_case_uqi.o)
                              C:/Freescale/CW MCU v10.6/MCU/ARM_GCC_Support/ewl/lib/armv6-m\libc.a(scanformat_.o) (__gnu_thumb1_case_uqi)
c:/freescale/cw mcu v10.6/cross_tools/arm-none-eabi-gcc-4_7_3/bin/../lib/gcc/arm-none-eabi/4.7.3/armv6-m\libgcc.a(_udivsi3.o)
                              ./Generated_Code/UTIL1.o (__aeabi_uidiv)
c:/freescale/cw mcu v10.6/cross_tools/arm-none-eabi-gcc-4_7_3/bin/../lib/gcc/arm-none-eabi/4.7.3/armv6-m\libgcc.a(_divsi3.o)
                              ./Generated_Code/UTIL1.o (__aeabi_idiv)
c:/freescale/cw mcu v10.6/cross_tools/arm-none-eabi-gcc-4_7_3/bin/../lib/gcc/arm-none-eabi/4.7.3/armv6-m\libgcc.a(_dvmd_tls.o)
                              c:/freescale/cw mcu v10.6/cross_tools/arm-none-eabi-gcc-4_7_3/bin/../lib/gcc/arm-none-eabi/4.7.3/armv6-m\libgcc.a(_udivsi3.o) (__aeabi_idiv0)
c:/freescale/cw mcu v10.6/cross_tools/arm-none-eabi-gcc-4_7_3/bin/../lib/gcc/arm-none-eabi/4.7.3/armv6-m\libgcc.a(_arm_cmpdf2.o)
                              C:/Freescale/CW MCU v10.6/MCU/ARM_GCC_Support/ewl/lib/armv6-m\libm.a(s_atan.o) (__aeabi_dcmpgt)
c:/freescale/cw mcu v10.6/cross_tools/arm-none-eabi-gcc-4_7_3/bin/../lib/gcc/arm-none-eabi/4.7.3/armv6-m\libgcc.a(_arm_cmpsf2.o)
                              ./Generated_Code/UTIL1.o (__aeabi_fcmplt)
c:/freescale/cw mcu v10.6/cross_tools/arm-none-eabi-gcc-4_7_3/bin/../lib/gcc/arm-none-eabi/4.7.3/armv6-m\libgcc.a(_fixunssfsi.o)
                              ./Generated_Code/UTIL1.o (__aeabi_f2uiz)
c:/freescale/cw mcu v10.6/cross_tools/arm-none-eabi-gcc-4_7_3/bin/../lib/gcc/arm-none-eabi/4.7.3/armv6-m\libgcc.a(addsf3.o)
[...]
Memory Configuration

Name             Origin             Length             Attributes
m_interrupts     0x00000000         0x000000c0         xr
m_text           0x00000410         0x0001fbf0         xr
m_data           0x1ffff000         0x00004000         rw
m_cfmprotrom     0x00000400         0x00000010         xr
*default*        0x00000000         0xffffffff

Linker script and memory map

LOAD ./Generated_Code/timers.o
LOAD ./Generated_Code/tasks.o
LOAD ./Generated_Code/queue.o
LOAD ./Generated_Code/portasm.o
LOAD ./Generated_Code/port.o
LOAD ./Generated_Code/list.o
LOAD ./Generated_Code/heap_5.o
LOAD ./Generated_Code/heap_4.o
LOAD ./Generated_Code/heap_3.o
LOAD ./Generated_Code/heap_2.o
LOAD ./Generated_Code/heap_1.o
LOAD ./Generated_Code/event_groups.o
LOAD ./Generated_Code/croutine.o
LOAD ./Generated_Code/WAIT1.o
LOAD ./Generated_Code/Vectors.o
LOAD ./Generated_Code/UTIL1.o
LOAD ./Generated_Code/TofCE3.o
LOAD ./Generated_Code/TofCE2.o
LOAD ./Generated_Code/TofCE1.o
LOAD ./Generated_Code/TU2.o
LOAD ./Generated_Code/TU1.o
LOAD ./Generated_Code/TSK1.o
LOAD ./Generated_Code/RED.o
LOAD ./Generated_Code/PwmLdd4.o
LOAD ./Generated_Code/PwmLdd3.o
LOAD ./Generated_Code/PwmLdd2.o
LOAD ./Generated_Code/PwmLdd1.o
LOAD ./Generated_Code/PWM_Servo.o
LOAD ./Generated_Code/PWM_RIGHT.o
LOAD ./Generated_Code/PWM_LEFT.o
LOAD ./Generated_Code/PWM_Gyro.o
LOAD ./Generated_Code/PE_LDD.o
LOAD ./Generated_Code/MMA1.o
LOAD ./Generated_Code/LEDpin4.o
LOAD ./Generated_Code/LEDpin3.o
LOAD ./Generated_Code/LED_GREEN.o
LOAD ./Generated_Code/KSDK1.o
LOAD ./Generated_Code/GI2C2.o
LOAD ./Generated_Code/GI2C1.o
LOAD ./Generated_Code/FRTOS1.o
LOAD ./Generated_Code/DIR_RIGHT1.o
LOAD ./Generated_Code/DIR_RIGHT.o
LOAD ./Generated_Code/DIR_LEFT1.o
LOAD ./Generated_Code/DIR_LEFT.o
LOAD ./Generated_Code/Cpu.o
LOAD ./Generated_Code/CS1.o
LOAD ./Generated_Code/CLS1.o
LOAD ./Generated_Code/CI2C2.o
LOAD ./Generated_Code/CI2C1.o
LOAD ./Generated_Code/BitIoLdd4.o
LOAD ./Generated_Code/BitIoLdd3.o
LOAD ./Generated_Code/AdcLdd1.o
LOAD ./Generated_Code/ASerialLdd1.o
LOAD ./Generated_Code/AS1.o
LOAD ./Generated_Code/AD1.o
LOAD ./Project_Settings/Startup_Code/__arm_start.o
LOAD ./Project_Settings/Startup_Code/__arm_end.o
LOAD ./Sources/serial_communication.o
LOAD ./Sources/sa_mtb.o
LOAD ./Sources/pid.o
LOAD ./Sources/motor.o
LOAD ./Sources/main.o
LOAD ./Sources/frtos_tasks.o
LOAD ./Sources/driving.o
LOAD ./Sources/VL6180X.o
LOAD ./Sources/L3G.o
LOAD ./Sources/Events.o
                0x0000c5b0                __pformatter = __pformatter_
                [0x0000c9d8]                __sformatter = __sformatter
START GROUP
LOAD C:/Freescale/CW MCU v10.6/MCU/ARM_GCC_Support/ewl/lib/armv6-m\libc.a
LOAD C:/Freescale/CW MCU v10.6/MCU/ARM_GCC_Support/ewl/lib/armv6-m\libm.a
LOAD c:/freescale/cw mcu v10.6/cross_tools/arm-none-eabi-gcc-4_7_3/bin/../lib/gcc/arm-none-eabi/4.7.3/armv6-m\libgcc.a
LOAD C:/Freescale/CW MCU v10.6/MCU/ARM_GCC_Support/ewl/lib/armv6-m\librt.a
LOAD C:/Freescale/CW MCU v10.6/MCU/ARM_GCC_Support/ewl/lib/armv6-m\libuart.a
END GROUP
                0x20003000                _estack = 0x20003000
                0x20003000                __SP_INIT = _estack
                0x00000000                __heap_size = 0x0
                0x00000400                __stack_size = 0x400

.interrupts     0x00000000       0xc0
                0x00000000                __vector_table = .
                0x00000000                . = ALIGN (0x4)
 *(.vectortable)
 .vectortable   0x00000000       0xc0 ./Generated_Code/Vectors.o
                0x00000000                __vect_table
                0x000000c0                . = ALIGN (0x4)

.cfmprotect     0x00000400       0x10
                0x00000400                . = ALIGN (0x4)
 *(.cfmconfig)
 .cfmconfig     0x00000400       0x10 ./Generated_Code/Cpu.o
                0x00000400                _cfm
                0x00000410                . = ALIGN (0x4)

.text           0x00000410     0xdcb0
                0x00000410                . = ALIGN (0x4)
 *(.text)
 .text          0x00000410       0x14 c:/freescale/cw mcu v10.6/cross_tools/arm-none-eabi-gcc-4_7_3/bin/../lib/gcc/arm-none-eabi/4.7.3/armv6-m\libgcc.a(_thumb1_case_sqi.o)
                0x00000410                __gnu_thumb1_case_sqi
 .text          0x00000424       0x14 c:/freescale/cw mcu v10.6/cross_tools/arm-none-eabi-gcc-4_7_3/bin/../lib/gcc/arm-none-eabi/4.7.3/armv6-m\libgcc.a(_thumb1_case_uqi.o)
                0x00000424                __gnu_thumb1_case_uqi
 .text          0x00000438       0x9c c:/freescale/cw mcu v10.6/cross_tools/arm-none-eabi-gcc-4_7_3/bin/../lib/gcc/arm-none-eabi/4.7.3/armv6-m\libgcc.a(_udivsi3.o)
                0x00000438                __aeabi_uidiv
                0x00000438                __udivsi3
                0x000004c0                __aeabi_uidivmod
 .text          0x000004d4       0xc0 c:/freescale/cw mcu v10.6/cross_tools/arm-none-eabi-gcc-4_7_3/bin/../lib/gcc/arm-none-eabi/4.7.3/armv6-m\libgcc.a(_divsi3.o)
                0x000004d4                __divsi3
                0x000004d4                __aeabi_idiv
                0x00000580                __aeabi_idivmod
 .text          0x00000594        0x4 c:/freescale/cw mcu v10.6/cross_tools/arm-none-eabi-gcc-4_7_3/bin/../lib/gcc/arm-none-eabi/4.7.3/armv6-m\libgcc.a(_dvmd_tls.o)
                0x00000594                __aeabi_idiv0
                0x00000594                __aeabi_ldiv0
 .text          0x00000598       0x7c c:/freescale/cw mcu v10.6/cross_tools/arm-none-eabi-gcc-4_7_3/bin/../lib/gcc/arm-none-eabi/4.7.3/armv6-m\libgcc.a(_arm_cmpdf2.o)
                0x00000598                __aeabi_cdrcmple
                0x000005a8                __aeabi_cdcmple
                0x000005a8                __aeabi_cdcmpeq
                0x000005b8                __aeabi_dcmpeq
                0x000005c4                __aeabi_dcmplt
                0x000005d8                __aeabi_dcmple
                0x000005ec                __aeabi_dcmpgt
                0x00000600                __aeabi_dcmpge
 .text          0x00000614      0x3a4 c:/freescale/cw mcu v10.6/cross_tools/arm-none-eabi-gcc-4_7_3/bin/../lib/gcc/arm-none-eabi/4.7.3/armv6-m\libgcc.a(addsf3.o)
                0x00000614                __aeabi_fadd
 .text          0x000009b8      0x260 c:/freescale/cw mcu v10.6/cross_tools/arm-none-eabi-gcc-4_7_3/bin/../lib/gcc/arm-none-eabi/4.7.3/armv6-m\libgcc.a(mulsf3.o)
                0x000009b8                __aeabi_fmul
 .text          0x00000c18       0x40 c:/freescale/cw mcu v10.6/cross_tools/arm-none-eabi-gcc-4_7_3/bin/../lib/gcc/arm-none-eabi/4.7.3/armv6-m\libgcc.a(fixsfsi.o)
                0x00000c18                __aeabi_f2iz
 .text          0x00000c58       0xa8 c:/freescale/cw mcu v10.6/cross_tools/arm-none-eabi-gcc-4_7_3/bin/../lib/gcc/arm-none-eabi/4.7.3/armv6-m\libgcc.a(floatsisf.o)
                0x00000c58                __aeabi_i2f
 .text          0x00000d00      0x758 c:/freescale/cw mcu v10.6/cross_tools/arm-none-eabi-gcc-4_7_3/bin/../lib/gcc/arm-none-eabi/4.7.3/armv6-m\libgcc.a(adddf3.o)
                0x00000d00                __aeabi_dadd
 .text          0x00001458      0x5b8 c:/freescale/cw mcu v10.6/cross_tools/arm-none-eabi-gcc-4_7_3/bin/../lib/gcc/arm-none-eabi/4.7.3/armv6-m\libgcc.a(divdf3.o)
                0x00001458                __aeabi_ddiv
 .text          0x00001a10       0x7c c:/freescale/cw mcu v10.6/cross_tools/arm-none-eabi-gcc-4_7_3/bin/../lib/gcc/arm-none-eabi/4.7.3/armv6-m\libgcc.a(eqdf2.o)
                0x00001a10                __nedf2
                0x00001a10                __eqdf2
 .text          0x00001a8c       0xe8 c:/freescale/cw mcu v10.6/cross_tools/arm-none-eabi-gcc-4_7_3/bin/../lib/gcc/arm-none-eabi/4.7.3/armv6-m\libgcc.a(gedf2.o)
                0x00001a8c                __gedf2
                0x00001a8c                __gtdf2
 .text          0x00001b74       0xd8 c:/freescale/cw mcu v10.6/cross_tools/arm-none-eabi-gcc-4_7_3/bin/../lib/gcc/arm-none-eabi/4.7.3/armv6-m\libgcc.a(ledf2.o)
                0x00001b74                __ledf2
                0x00001b74                __ltdf2
 .text          0x00001c4c      0x4e4 c:/freescale/cw mcu v10.6/cross_tools/arm-none-eabi-gcc-4_7_3/bin/../lib/gcc/arm-none-eabi/4.7.3/armv6-m\libgcc.a(muldf3.o)
                0x00001c4c                __aeabi_dmul
 .text          0x00002130      0x6f8 c:/freescale/cw mcu v10.6/cross_tools/arm-none-eabi-gcc-4_7_3/bin/../lib/gcc/arm-none-eabi/4.7.3/armv6-m\libgcc.a(subdf3.o)
                0x00002130                __aeabi_dsub
 .text          0x00002828       0x68 c:/freescale/cw mcu v10.6/cross_tools/arm-none-eabi-gcc-4_7_3/bin/../lib/gcc/arm-none-eabi/4.7.3/armv6-m\libgcc.a(fixdfsi.o)
                0x00002828                __aeabi_d2iz
 .text          0x00002890       0x74 c:/freescale/cw mcu v10.6/cross_tools/arm-none-eabi-gcc-4_7_3/bin/../lib/gcc/arm-none-eabi/4.7.3/armv6-m\libgcc.a(floatsidf.o)
                0x00002890                __aeabi_i2d
 .text          0x00002904       0xa8 c:/freescale/cw mcu v10.6/cross_tools/arm-none-eabi-gcc-4_7_3/bin/../lib/gcc/arm-none-eabi/4.7.3/armv6-m\libgcc.a(extendsfdf2.o)
                0x00002904                __aeabi_f2d
 .text          0x000029ac      0x134 c:/freescale/cw mcu v10.6/cross_tools/arm-none-eabi-gcc-4_7_3/bin/../lib/gcc/arm-none-eabi/4.7.3/armv6-m\libgcc.a(truncdfsf2.o)
                0x000029ac                __aeabi_d2f
 .text          0x00002ae0       0x3c c:/freescale/cw mcu v10.6/cross_tools/arm-none-eabi-gcc-4_7_3/bin/../lib/gcc/arm-none-eabi/4.7.3/armv6-m\libgcc.a(_clzsi2.o)
                0x00002ae0                __clzsi2
 *(.text*)
 .text.xTaskCreate
                0x00002b1c       0x90 ./Generated_Code/tasks.o
                0x00002b1c                xTaskCreate
 .text.prvInitialiseNewTask
                0x00002bac      0x10c ./Generated_Code/tasks.o
 .text.prvAddNewTaskToReadyList
                0x00002cb8       0xc4 ./Generated_Code/tasks.o
 .text.vTaskDelete
                0x00002d7c       0xc4 ./Generated_Code/tasks.o
                0x00002d7c                vTaskDelete
 .text.vTaskDelay
                0x00002e40       0x48 ./Generated_Code/tasks.o
                0x00002e40                vTaskDelay
 .text.vTaskSuspend
                0x00002e88       0xb4 ./Generated_Code/tasks.o
                0x00002e88                vTaskSuspend
 .text.vTaskStartScheduler
                0x00002f3c       0x6c ./Generated_Code/tasks.o
                0x00002f3c                vTaskStartScheduler
 .text.vTaskSuspendAll
                0x00002fa8       0x18 ./Generated_Code/tasks.o
                0x00002fa8                vTaskSuspendAll
 .text.xTaskResumeAll
                0x00002fc0      0x118 ./Generated_Code/tasks.o
                0x00002fc0                xTaskResumeAll
 .text.xTaskIncrementTick
                0x000030d8      0x17c ./Generated_Code/tasks.o
                0x000030d8                xTaskIncrementTick
 .text.vTaskSwitchContext
                0x00003254       0xc4 ./Generated_Code/tasks.o
                0x00003254                vTaskSwitchContext
 .text.vTaskPlaceOnEventList
                0x00003318       0x38 ./Generated_Code/tasks.o
                0x00003318                vTaskPlaceOnEventList
 .text.xTaskRemoveFromEventList
                0x00003350       0xb8 ./Generated_Code/tasks.o
                0x00003350                xTaskRemoveFromEventList
 .text.vTaskSetTimeOutState
                0x00003408       0x30 ./Generated_Code/tasks.o
                0x00003408                vTaskSetTimeOutState
 .text.xTaskCheckForTimeOut
                0x00003438       0x9c ./Generated_Code/tasks.o
                0x00003438                xTaskCheckForTimeOut
 .text.vTaskMissedYield
                0x000034d4       0x14 ./Generated_Code/tasks.o
                0x000034d4                vTaskMissedYield
 .text.prvIdleTask
                0x000034e8       0x24 ./Generated_Code/tasks.o
 .text.prvInitialiseTaskLists
                0x0000350c       0x88 ./Generated_Code/tasks.o
 .text.prvCheckTasksWaitingTermination
                0x00003594       0x74 ./Generated_Code/tasks.o
 .text.prvDeleteTCB
                0x00003608       0x20 ./Generated_Code/tasks.o
 .text.prvResetNextTaskUnblockTime
                0x00003628       0x44 ./Generated_Code/tasks.o
 .text.xTaskGetCurrentTaskHandle
                0x0000366c       0x1c ./Generated_Code/tasks.o
                0x0000366c                xTaskGetCurrentTaskHandle
 .text.xTaskGetSchedulerState
                0x00003688       0x38 ./Generated_Code/tasks.o
                0x00003688                xTaskGetSchedulerState
 .text.vTaskPriorityInherit
                0x000036c0       0xbc ./Generated_Code/tasks.o
                0x000036c0                vTaskPriorityInherit
 .text.xTaskPriorityDisinherit
                0x0000377c       0xb8 ./Generated_Code/tasks.o
                0x0000377c                xTaskPriorityDisinherit
 .text.pvTaskIncrementMutexHeldCount
                0x00003834       0x24 ./Generated_Code/tasks.o
                0x00003834                pvTaskIncrementMutexHeldCount
 .text.prvAddCurrentTaskToDelayedList
                0x00003858       0xa8 ./Generated_Code/tasks.o
 .text.xQueueGenericReset
                0x00003900       0xac ./Generated_Code/queue.o
                0x00003900                xQueueGenericReset
 .text.xQueueGenericCreate
                0x000039ac       0x64 ./Generated_Code/queue.o
                0x000039ac                xQueueGenericCreate
 .text.prvInitialiseNewQueue
                0x00003a10       0x44 ./Generated_Code/queue.o
 .text.prvInitialiseMutex
                0x00003a54       0x34 ./Generated_Code/queue.o
 .text.xQueueCreateMutex
                0x00003a88       0x3c ./Generated_Code/queue.o
                0x00003a88                xQueueCreateMutex
 .text.xQueueGiveMutexRecursive
                0x00003ac4       0x58 ./Generated_Code/queue.o
                0x00003ac4                xQueueGiveMutexRecursive
 .text.xQueueTakeMutexRecursive
                0x00003b1c       0x64 ./Generated_Code/queue.o
                0x00003b1c                xQueueTakeMutexRecursive
 .text.xQueueGenericSend
                0x00003b80      0x1a0 ./Generated_Code/queue.o
                0x00003b80                xQueueGenericSend
 .text.xQueueGenericReceive
                0x00003d20      0x1e0 ./Generated_Code/queue.o
                0x00003d20                xQueueGenericReceive
 .text.vQueueDelete
                0x00003f00       0x2c ./Generated_Code/queue.o
                0x00003f00                vQueueDelete
 .text.prvCopyDataToQueue
                0x00003f2c       0xe0 ./Generated_Code/queue.o
 .text.prvCopyDataFromQueue
                0x0000400c       0x50 ./Generated_Code/queue.o
 .text.prvUnlockQueue
                0x0000405c       0xc0 ./Generated_Code/queue.o
 .text.prvIsQueueEmpty
                0x0000411c       0x2c ./Generated_Code/queue.o
 .text.prvIsQueueFull
                0x00004148       0x30 ./Generated_Code/queue.o
 .text.vQueueUnregisterQueue
                0x00004178       0x50 ./Generated_Code/queue.o
                0x00004178                vQueueUnregisterQueue
 .text.pxPortInitialiseStack
                0x000041c8       0x50 ./Generated_Code/port.o
                0x000041c8                pxPortInitialiseStack
 .text.vPortInitTickTimer
                0x00004218       0x44 ./Generated_Code/port.o
                0x00004218                vPortInitTickTimer
 .text.vPortStartTickTimer
                0x0000425c       0x14 ./Generated_Code/port.o
                0x0000425c                vPortStartTickTimer
 .text.vPortStopTickTimer
                0x00004270       0x14 ./Generated_Code/port.o
                0x00004270                vPortStopTickTimer
 .text.xPortStartScheduler
                0x00004284       0x34 ./Generated_Code/port.o
                0x00004284                xPortStartScheduler
 .text.vPortEnterCritical
                0x000042b8       0x20 ./Generated_Code/port.o
                0x000042b8                vPortEnterCritical
 .text.vPortExitCritical
                0x000042d8       0x20 ./Generated_Code/port.o
                0x000042d8                vPortExitCritical
 .text.vPortYieldFromISR
                0x000042f8       0x1c ./Generated_Code/port.o
                0x000042f8                vPortYieldFromISR
 .text.vPortTickHandler
                0x00004314       0x1c ./Generated_Code/port.o
                0x00004314                vPortTickHandler
 .text.vPortStartFirstTask
                0x00004330       0x50 ./Generated_Code/port.o
                0x00004330                vPortStartFirstTask
 .text.vPortPendSVHandler
                0x00004380       0x44 ./Generated_Code/port.o
                0x00004380                vPortPendSVHandler
 .text.vListInitialise
                0x000043c4       0x3c ./Generated_Code/list.o
                0x000043c4                vListInitialise
 .text.vListInitialiseItem
                0x00004400       0x14 ./Generated_Code/list.o
                0x00004400                vListInitialiseItem
 .text.vListInsertEnd
                0x00004414       0x44 ./Generated_Code/list.o
                0x00004414                vListInsertEnd
 .text.vListInsert
                0x00004458       0x6c ./Generated_Code/list.o
                0x00004458                vListInsert
 .text.uxListRemove
                0x000044c4       0x50 ./Generated_Code/list.o
                0x000044c4                uxListRemove
 .text.pvPortMalloc
                0x00004514      0x160 ./Generated_Code/heap_4.o
                0x00004514                pvPortMalloc
 .text.vPortFree
                0x00004674       0x94 ./Generated_Code/heap_4.o
                0x00004674                vPortFree
 .text.prvHeapInit
                0x00004708       0xc4 ./Generated_Code/heap_4.o
 .text.prvInsertBlockIntoFreeList
                0x000047cc       0xac ./Generated_Code/heap_4.o
 .text.WAIT1_Wait10Cycles
                0x00004878        0x8 ./Generated_Code/WAIT1.o
                0x00004878                WAIT1_Wait10Cycles
 .text.WAIT1_Wait100Cycles
                0x00004880       0x24 ./Generated_Code/WAIT1.o
                0x00004880                WAIT1_Wait100Cycles
 .text.WAIT1_WaitCycles
                0x000048a4       0x44 ./Generated_Code/WAIT1.o
                0x000048a4                WAIT1_WaitCycles
 .text.WAIT1_WaitLongCycles
                0x000048e8       0x3c ./Generated_Code/WAIT1.o
                0x000048e8                WAIT1_WaitLongCycles
 .text.WAIT1_Waitms
                0x00004924       0x38 ./Generated_Code/WAIT1.o
                0x00004924                WAIT1_Waitms
 .text.UTIL1_strcpy
                0x0000495c       0x48 ./Generated_Code/UTIL1.o
                0x0000495c                UTIL1_strcpy
 .text.UTIL1_strcat
                0x000049a4       0x64 ./Generated_Code/UTIL1.o
                0x000049a4                UTIL1_strcat
 .text.UTIL1_Num16sToStr
                0x00004a08      0x1b8 ./Generated_Code/UTIL1.o
                0x00004a08                UTIL1_Num16sToStr
 .text.UTIL1_Num32sToStr
                0x00004bc0      0x194 ./Generated_Code/UTIL1.o
                0x00004bc0                UTIL1_Num32sToStr
 .text.UTIL1_xatoi
                0x00004d54      0x1f0 ./Generated_Code/UTIL1.o
                0x00004d54                UTIL1_xatoi
 .text.TofCE3_Init
                0x00004f44       0x64 ./Generated_Code/TofCE3.o
                0x00004f44                TofCE3_Init
 .text.TofCE3_SetInput
                0x00004fa8       0x24 ./Generated_Code/TofCE3.o
                0x00004fa8                TofCE3_SetInput
 .text.TofCE3_SetOutput
                0x00004fcc       0x20 ./Generated_Code/TofCE3.o
                0x00004fcc                TofCE3_SetOutput
 .text.TofCE3_ClrVal
                0x00004fec       0x1c ./Generated_Code/TofCE3.o
                0x00004fec                TofCE3_ClrVal
 .text.TofCE2_Init
                0x00005008       0x64 ./Generated_Code/TofCE2.o
                0x00005008                TofCE2_Init
 .text.TofCE2_SetInput
                0x0000506c       0x24 ./Generated_Code/TofCE2.o
                0x0000506c                TofCE2_SetInput
 .text.TofCE2_SetOutput
                0x00005090       0x20 ./Generated_Code/TofCE2.o
                0x00005090                TofCE2_SetOutput
 .text.TofCE2_ClrVal
                0x000050b0       0x1c ./Generated_Code/TofCE2.o
                0x000050b0                TofCE2_ClrVal
 .text.TofCE1_Init
                0x000050cc       0x64 ./Generated_Code/TofCE1.o
                0x000050cc                TofCE1_Init
 .text.TofCE1_SetInput
                0x00005130       0x24 ./Generated_Code/TofCE1.o
                0x00005130                TofCE1_SetInput
 .text.TofCE1_SetOutput
                0x00005154       0x20 ./Generated_Code/TofCE1.o
                0x00005154                TofCE1_SetOutput
 .text.TofCE1_ClrVal
                0x00005174       0x1c ./Generated_Code/TofCE1.o
                0x00005174                TofCE1_ClrVal
 .text.TU2_Init
                0x00005190       0xf8 ./Generated_Code/TU2.o
                0x00005190                TU2_Init
 .text.TU1_Init
                0x00005288       0xe0 ./Generated_Code/TU1.o
                0x00005288                TU1_Init
 .text.TU1_GetPeriodTicks
                0x00005368       0x3c ./Generated_Code/TU1.o
                0x00005368                TU1_GetPeriodTicks
 .text.TU1_SetOffsetTicks
                0x000053a4       0x58 ./Generated_Code/TU1.o
                0x000053a4                TU1_SetOffsetTicks
 .text.TSK1_CreateTasks
                0x000053fc        0xc ./Generated_Code/TSK1.o
                0x000053fc                TSK1_CreateTasks
 .text.RED_Init
                0x00005408       0x18 ./Generated_Code/RED.o
                0x00005408                RED_Init
 .text.PwmLdd4_Init
                0x00005420       0x54 ./Generated_Code/PwmLdd4.o
                0x00005420                PwmLdd4_Init
 .text.PwmLdd3_Init
                0x00005474       0x54 ./Generated_Code/PwmLdd3.o
                0x00005474                PwmLdd3_Init
 .text.PwmLdd2_Init
                0x000054c8       0x54 ./Generated_Code/PwmLdd2.o
                0x000054c8                PwmLdd2_Init
 .text.PwmLdd2_SetRatio16
                0x0000551c       0x2c ./Generated_Code/PwmLdd2.o
                0x0000551c                PwmLdd2_SetRatio16
 .text.SetRatio
                0x00005548       0x68 ./Generated_Code/PwmLdd2.o
 .text.PwmLdd1_Init
                0x000055b0       0x54 ./Generated_Code/PwmLdd1.o
                0x000055b0                PwmLdd1_Init
 .text.PwmLdd1_SetRatio16
                0x00005604       0x2c ./Generated_Code/PwmLdd1.o
                0x00005604                PwmLdd1_SetRatio16
 .text.SetRatio
                0x00005630       0x68 ./Generated_Code/PwmLdd1.o
 .text.MMA1_Init
                0x00005698       0x38 ./Generated_Code/MMA1.o
                0x00005698                MMA1_Init
 .text.MMA1_CalibrateX1g
                0x000056d0       0xb0 ./Generated_Code/MMA1.o
                0x000056d0                MMA1_CalibrateX1g
 .text.MMA1_CalibrateY1g
                0x00005780       0xb0 ./Generated_Code/MMA1.o
                0x00005780                MMA1_CalibrateY1g
 .text.MMA1_CalibrateZ1g
                0x00005830       0xb0 ./Generated_Code/MMA1.o
                0x00005830                MMA1_CalibrateZ1g
 .text.MMA1_GetXmg
                0x000058e0       0x1c ./Generated_Code/MMA1.o
                0x000058e0                MMA1_GetXmg
 .text.MMA1_GetYmg
                0x000058fc       0x1c ./Generated_Code/MMA1.o
                0x000058fc                MMA1_GetYmg
 .text.MMA1_GetZmg
                0x00005918       0x1c ./Generated_Code/MMA1.o
                0x00005918                MMA1_GetZmg
 .text.MMA1_MeasureGetRawX
                0x00005934       0x40 ./Generated_Code/MMA1.o
                0x00005934                MMA1_MeasureGetRawX
 .text.MMA1_MeasureGetRawY
                0x00005974       0x40 ./Generated_Code/MMA1.o
                0x00005974                MMA1_MeasureGetRawY
 .text.MMA1_MeasureGetRawZ
                0x000059b4       0x40 ./Generated_Code/MMA1.o
                0x000059b4                MMA1_MeasureGetRawZ
 .text.MMA1_GetX
                0x000059f4       0x3c ./Generated_Code/MMA1.o
                0x000059f4                MMA1_GetX
 .text.MMA1_GetY
                0x00005a30       0x3c ./Generated_Code/MMA1.o
                0x00005a30                MMA1_GetY
 .text.MMA1_GetZ
                0x00005a6c       0x3c ./Generated_Code/MMA1.o
                0x00005a6c                MMA1_GetZ
 .text.MMA1_Enable
                0x00005aa8       0x64 ./Generated_Code/MMA1.o
                0x00005aa8                MMA1_Enable
 .text.LED_GREEN_Init
                0x00005b0c       0x18 ./Generated_Code/LED_GREEN.o
                0x00005b0c                LED_GREEN_Init
 .text.GI2C2_RequestBus
                0x00005b24       0x1c ./Generated_Code/GI2C2.o
                0x00005b24                GI2C2_RequestBus
 .text.GI2C2_ReleaseBus
                0x00005b40       0x18 ./Generated_Code/GI2C2.o
                0x00005b40                GI2C2_ReleaseBus
 .text.GI2C2_SelectSlave
                0x00005b58       0x40 ./Generated_Code/GI2C2.o
                0x00005b58                GI2C2_SelectSlave
 .text.GI2C2_UnselectSlave
                0x00005b98       0x10 ./Generated_Code/GI2C2.o
                0x00005b98                GI2C2_UnselectSlave
 .text.GI2C2_ReadAddress
                0x00005ba8       0xd8 ./Generated_Code/GI2C2.o
                0x00005ba8                GI2C2_ReadAddress
 .text.GI2C2_WriteAddress
                0x00005c80      0x140 ./Generated_Code/GI2C2.o
                0x00005c80                GI2C2_WriteAddress
 .text.CI2C2_OnMasterBlockSent
                0x00005dc0       0x24 ./Generated_Code/GI2C2.o
                0x00005dc0                CI2C2_OnMasterBlockSent
 .text.CI2C2_OnMasterBlockReceived
                0x00005de4       0x24 ./Generated_Code/GI2C2.o
                0x00005de4                CI2C2_OnMasterBlockReceived
 .text.GI2C2_Init
                0x00005e08       0x40 ./Generated_Code/GI2C2.o
                0x00005e08                GI2C2_Init
 .text.GI2C2_ReadByteAddress8
                0x00005e48       0x34 ./Generated_Code/GI2C2.o
                0x00005e48                GI2C2_ReadByteAddress8
 .text.GI2C2_WriteByteAddress8
                0x00005e7c       0x34 ./Generated_Code/GI2C2.o
                0x00005e7c                GI2C2_WriteByteAddress8
 .text.GI2C1_RequestBus
                0x00005eb0       0x1c ./Generated_Code/GI2C1.o
                0x00005eb0                GI2C1_RequestBus
 .text.GI2C1_ReleaseBus
                0x00005ecc       0x18 ./Generated_Code/GI2C1.o
                0x00005ecc                GI2C1_ReleaseBus
 .text.GI2C1_SelectSlave
                0x00005ee4       0x40 ./Generated_Code/GI2C1.o
                0x00005ee4                GI2C1_SelectSlave
 .text.GI2C1_UnselectSlave
                0x00005f24       0x10 ./Generated_Code/GI2C1.o
                0x00005f24                GI2C1_UnselectSlave
 .text.GI2C1_ReadAddress
                0x00005f34       0xd8 ./Generated_Code/GI2C1.o
                0x00005f34                GI2C1_ReadAddress
 .text.GI2C1_WriteAddress
                0x0000600c      0x140 ./Generated_Code/GI2C1.o
                0x0000600c                GI2C1_WriteAddress
 .text.CI2C1_OnMasterBlockSent
                0x0000614c       0x24 ./Generated_Code/GI2C1.o
                0x0000614c                CI2C1_OnMasterBlockSent
 .text.CI2C1_OnMasterBlockReceived
                0x00006170       0x24 ./Generated_Code/GI2C1.o
                0x00006170                CI2C1_OnMasterBlockReceived
 .text.GI2C1_Init
                0x00006194       0x40 ./Generated_Code/GI2C1.o
                0x00006194                GI2C1_Init
 .text.GI2C1_Deinit
                0x000061d4       0x24 ./Generated_Code/GI2C1.o
                0x000061d4                GI2C1_Deinit
 .text.DIR_RIGHT1_Init
                0x000061f8       0x60 ./Generated_Code/DIR_RIGHT1.o
                0x000061f8                DIR_RIGHT1_Init
 .text.DIR_RIGHT_Init
                0x00006258       0x60 ./Generated_Code/DIR_RIGHT.o
                0x00006258                DIR_RIGHT_Init
 .text.DIR_RIGHT_PutVal
                0x000062b8       0x30 ./Generated_Code/DIR_RIGHT.o
                0x000062b8                DIR_RIGHT_PutVal
 .text.DIR_LEFT1_Init
                0x000062e8       0x60 ./Generated_Code/DIR_LEFT1.o
                0x000062e8                DIR_LEFT1_Init
 .text.DIR_LEFT_Init
                0x00006348       0x60 ./Generated_Code/DIR_LEFT.o
                0x00006348                DIR_LEFT_Init
 .text.DIR_LEFT_PutVal
                0x000063a8       0x30 ./Generated_Code/DIR_LEFT.o
                0x000063a8                DIR_LEFT_PutVal
 .text.Cpu_INT_NMIInterrupt
                0x000063d8        0xc ./Generated_Code/Cpu.o
                0x000063d8                Cpu_INT_NMIInterrupt
 .text.Cpu_INT_Hard_FaultInterrupt
                0x000063e4        0xc ./Generated_Code/Cpu.o
                0x000063e4                Cpu_INT_Hard_FaultInterrupt
 .text.Cpu_ivINT_Reserved4
                0x000063f0        0xc ./Generated_Code/Cpu.o
                0x000063f0                Cpu_ivINT_Reserved4
 .text.Cpu_ivINT_Reserved5
                0x000063fc        0xc ./Generated_Code/Cpu.o
                0x000063fc                Cpu_ivINT_Reserved5
 .text.Cpu_ivINT_Reserved6
                0x00006408        0xc ./Generated_Code/Cpu.o
                0x00006408                Cpu_ivINT_Reserved6
 .text.Cpu_ivINT_Reserved7
                0x00006414        0xc ./Generated_Code/Cpu.o
                0x00006414                Cpu_ivINT_Reserved7
 .text.Cpu_ivINT_Reserved8
                0x00006420        0xc ./Generated_Code/Cpu.o
                0x00006420                Cpu_ivINT_Reserved8
 .text.Cpu_ivINT_Reserved9
                0x0000642c        0xc ./Generated_Code/Cpu.o
                0x0000642c                Cpu_ivINT_Reserved9
 .text.Cpu_ivINT_Reserved10
                0x00006438        0xc ./Generated_Code/Cpu.o
                0x00006438                Cpu_ivINT_Reserved10
 .text.Cpu_ivINT_SVCall
                0x00006444        0xc ./Generated_Code/Cpu.o
                0x00006444                Cpu_ivINT_SVCall
 .text.Cpu_ivINT_Reserved12
                0x00006450        0xc ./Generated_Code/Cpu.o
                0x00006450                Cpu_ivINT_Reserved12
 .text.Cpu_ivINT_Reserved13
                0x0000645c        0xc ./Generated_Code/Cpu.o
                0x0000645c                Cpu_ivINT_Reserved13
 .text.Cpu_ivINT_DMA0
                0x00006468        0xc ./Generated_Code/Cpu.o
                0x00006468                Cpu_ivINT_DMA0
 .text.Cpu_ivINT_DMA1
                0x00006474        0xc ./Generated_Code/Cpu.o
                0x00006474                Cpu_ivINT_DMA1
 .text.Cpu_ivINT_DMA2
                0x00006480        0xc ./Generated_Code/Cpu.o
                0x00006480                Cpu_ivINT_DMA2
 .text.Cpu_ivINT_DMA3
                0x0000648c        0xc ./Generated_Code/Cpu.o
                0x0000648c                Cpu_ivINT_DMA3
 .text.Cpu_ivINT_Reserved20
                0x00006498        0xc ./Generated_Code/Cpu.o
                0x00006498                Cpu_ivINT_Reserved20
 .text.Cpu_ivINT_FTFA
                0x000064a4        0xc ./Generated_Code/Cpu.o
                0x000064a4                Cpu_ivINT_FTFA
 .text.Cpu_ivINT_LVD_LVW
                0x000064b0        0xc ./Generated_Code/Cpu.o
                0x000064b0                Cpu_ivINT_LVD_LVW
 .text.Cpu_ivINT_LLW
                0x000064bc        0xc ./Generated_Code/Cpu.o
                0x000064bc                Cpu_ivINT_LLW
 .text.Cpu_ivINT_SPI0
                0x000064c8        0xc ./Generated_Code/Cpu.o
                0x000064c8                Cpu_ivINT_SPI0
 .text.Cpu_ivINT_SPI1
                0x000064d4        0xc ./Generated_Code/Cpu.o
                0x000064d4                Cpu_ivINT_SPI1
 .text.Cpu_ivINT_UART1
                0x000064e0        0xc ./Generated_Code/Cpu.o
                0x000064e0                Cpu_ivINT_UART1
 .text.Cpu_ivINT_UART2
                0x000064ec        0xc ./Generated_Code/Cpu.o
                0x000064ec                Cpu_ivINT_UART2
 .text.Cpu_ivINT_CMP0
                0x000064f8        0xc ./Generated_Code/Cpu.o
                0x000064f8                Cpu_ivINT_CMP0
 .text.Cpu_ivINT_TPM0
                0x00006504        0xc ./Generated_Code/Cpu.o
                0x00006504                Cpu_ivINT_TPM0
 .text.Cpu_ivINT_TPM1
                0x00006510        0xc ./Generated_Code/Cpu.o
                0x00006510                Cpu_ivINT_TPM1
 .text.Cpu_ivINT_TPM2
                0x0000651c        0xc ./Generated_Code/Cpu.o
                0x0000651c                Cpu_ivINT_TPM2
 .text.Cpu_ivINT_RTC
                0x00006528        0xc ./Generated_Code/Cpu.o
                0x00006528                Cpu_ivINT_RTC
 .text.Cpu_ivINT_RTC_Seconds
                0x00006534        0xc ./Generated_Code/Cpu.o
                0x00006534                Cpu_ivINT_RTC_Seconds
 .text.Cpu_ivINT_PIT
                0x00006540        0xc ./Generated_Code/Cpu.o
                0x00006540                Cpu_ivINT_PIT
 .text.Cpu_ivINT_Reserved39
                0x0000654c        0xc ./Generated_Code/Cpu.o
                0x0000654c                Cpu_ivINT_Reserved39
 .text.Cpu_ivINT_USB0
                0x00006558        0xc ./Generated_Code/Cpu.o
                0x00006558                Cpu_ivINT_USB0
 .text.Cpu_ivINT_DAC0
                0x00006564        0xc ./Generated_Code/Cpu.o
                0x00006564                Cpu_ivINT_DAC0
 .text.Cpu_ivINT_TSI0
                0x00006570        0xc ./Generated_Code/Cpu.o
                0x00006570                Cpu_ivINT_TSI0
 .text.Cpu_ivINT_MCG
                0x0000657c        0xc ./Generated_Code/Cpu.o
                0x0000657c                Cpu_ivINT_MCG
 .text.Cpu_ivINT_LPTimer
                0x00006588        0xc ./Generated_Code/Cpu.o
                0x00006588                Cpu_ivINT_LPTimer
 .text.Cpu_ivINT_Reserved45
                0x00006594        0xc ./Generated_Code/Cpu.o
                0x00006594                Cpu_ivINT_Reserved45
 .text.Cpu_ivINT_PORTA
                0x000065a0        0xc ./Generated_Code/Cpu.o
                0x000065a0                Cpu_ivINT_PORTA
 .text.Cpu_ivINT_PORTD
                0x000065ac        0xc ./Generated_Code/Cpu.o
                0x000065ac                Cpu_ivINT_PORTD
 .text.__init_hardware
                0x000065b8      0x110 ./Generated_Code/Cpu.o
                0x000065b8                __init_hardware
 .text.PE_low_level_init
                0x000066c8      0x13c ./Generated_Code/Cpu.o
                0x000066c8                PE_low_level_init
 .text.CLS1_SendStr
                0x00006804       0x2c ./Generated_Code/CLS1.o
                0x00006804                CLS1_SendStr
 .text.CLS1_SendNum16s
                0x00006830       0x38 ./Generated_Code/CLS1.o
                0x00006830                CLS1_SendNum16s
 .text.CLS1_ParseCommand
                0x00006868      0x12c ./Generated_Code/CLS1.o
                0x00006868                CLS1_ParseCommand
 .text.CLS1_PrintPrompt
                0x00006994       0x20 ./Generated_Code/CLS1.o
                0x00006994                CLS1_PrintPrompt
 .text.CLS1_IsHistoryCharacter
                0x000069b4       0x24 ./Generated_Code/CLS1.o
                0x000069b4                CLS1_IsHistoryCharacter
 .text.CLS1_ReadLine
                0x000069d8       0xf8 ./Generated_Code/CLS1.o
                0x000069d8                CLS1_ReadLine
 .text.CLS1_PrintStatus
                0x00006ad0       0x78 ./Generated_Code/CLS1.o
                0x00006ad0                CLS1_PrintStatus
 .text.CLS1_PrintCommandFailed
                0x00006b48       0x78 ./Generated_Code/CLS1.o
                0x00006b48                CLS1_PrintCommandFailed
 .text.CLS1_IterateTable
                0x00006bc0       0x64 ./Generated_Code/CLS1.o
                0x00006bc0                CLS1_IterateTable
 .text.CLS1_ParseWithCommandTable
                0x00006c24       0xbc ./Generated_Code/CLS1.o
                0x00006c24                CLS1_ParseWithCommandTable
 .text.CLS1_GetStdio
                0x00006ce0       0x14 ./Generated_Code/CLS1.o
                0x00006ce0                CLS1_GetStdio
 .text.CLS1_ReadAndParseWithCommandTable
                0x00006cf4       0xf8 ./Generated_Code/CLS1.o
                0x00006cf4                CLS1_ReadAndParseWithCommandTable
 .text.SendSeparatedStrings
                0x00006dec       0x80 ./Generated_Code/CLS1.o
 .text.CLS1_SendHelpStr
                0x00006e6c       0x28 ./Generated_Code/CLS1.o
                0x00006e6c                CLS1_SendHelpStr
 .text.CLS1_SendStatusStr
                0x00006e94       0x28 ./Generated_Code/CLS1.o
                0x00006e94                CLS1_SendStatusStr
 .text.CLS1_ReadChar
                0x00006ebc       0x30 ./Generated_Code/CLS1.o
                0x00006ebc                CLS1_ReadChar
 .text.CLS1_SendChar
                0x00006eec       0x54 ./Generated_Code/CLS1.o
                0x00006eec                CLS1_SendChar
 .text.CLS1_KeyPressed
                0x00006f40       0x24 ./Generated_Code/CLS1.o
                0x00006f40                CLS1_KeyPressed
 .text.CLS1_Init
                0x00006f64        0x8 ./Generated_Code/CLS1.o
                0x00006f64                CLS1_Init
 .text.CI2C2_Interrupt
                0x00006f6c      0x278 ./Generated_Code/CI2C2.o
                0x00006f6c                CI2C2_Interrupt
 .text.CI2C2_Init
                0x000071e4      0x114 ./Generated_Code/CI2C2.o
                0x000071e4                CI2C2_Init
 .text.CI2C2_MasterSendBlock
                0x000072f8      0x19c ./Generated_Code/CI2C2.o
                0x000072f8                CI2C2_MasterSendBlock
 .text.CI2C2_MasterReceiveBlock
                0x00007494      0x19c ./Generated_Code/CI2C2.o
                0x00007494                CI2C2_MasterReceiveBlock
 .text.CI2C2_SelectSlaveDevice
                0x00007630      0x100 ./Generated_Code/CI2C2.o
                0x00007630                CI2C2_SelectSlaveDevice
 .text.CI2C1_Interrupt
                0x00007730      0x278 ./Generated_Code/CI2C1.o
                0x00007730                CI2C1_Interrupt
 .text.CI2C1_Init
                0x000079a8      0x11c ./Generated_Code/CI2C1.o
                0x000079a8                CI2C1_Init
 .text.CI2C1_Deinit
                0x00007ac4       0x40 ./Generated_Code/CI2C1.o
                0x00007ac4                CI2C1_Deinit
 .text.CI2C1_MasterSendBlock
                0x00007b04      0x19c ./Generated_Code/CI2C1.o
                0x00007b04                CI2C1_MasterSendBlock
 .text.CI2C1_MasterReceiveBlock
                0x00007ca0      0x19c ./Generated_Code/CI2C1.o
                0x00007ca0                CI2C1_MasterReceiveBlock
 .text.CI2C1_SelectSlaveDevice
                0x00007e3c      0x100 ./Generated_Code/CI2C1.o
                0x00007e3c                CI2C1_SelectSlaveDevice
 .text.BitIoLdd4_Init
                0x00007f3c       0x68 ./Generated_Code/BitIoLdd4.o
                0x00007f3c                BitIoLdd4_Init
 .text.BitIoLdd4_ClrVal
                0x00007fa4       0x1c ./Generated_Code/BitIoLdd4.o
                0x00007fa4                BitIoLdd4_ClrVal
 .text.BitIoLdd4_SetVal
                0x00007fc0       0x1c ./Generated_Code/BitIoLdd4.o
                0x00007fc0                BitIoLdd4_SetVal
 .text.BitIoLdd3_Init
                0x00007fdc       0x68 ./Generated_Code/BitIoLdd3.o
                0x00007fdc                BitIoLdd3_Init
 .text.BitIoLdd3_ClrVal
                0x00008044       0x1c ./Generated_Code/BitIoLdd3.o
                0x00008044                BitIoLdd3_ClrVal
 .text.BitIoLdd3_SetVal
                0x00008060       0x1c ./Generated_Code/BitIoLdd3.o
                0x00008060                BitIoLdd3_SetVal
 .text.AdcLdd1_Init
                0x0000807c       0xbc ./Generated_Code/AdcLdd1.o
                0x0000807c                AdcLdd1_Init
 .text.AdcLdd1_GetMeasuredValues
                0x00008138       0x60 ./Generated_Code/AdcLdd1.o
                0x00008138                AdcLdd1_GetMeasuredValues
 .text.AdcLdd1_GetCalibrationResultStatus
                0x00008198       0xb8 ./Generated_Code/AdcLdd1.o
                0x00008198                AdcLdd1_GetCalibrationResultStatus
 .text.AdcLdd1_MeasurementCompleteInterrupt
                0x00008250       0x30 ./Generated_Code/AdcLdd1.o
                0x00008250                AdcLdd1_MeasurementCompleteInterrupt
 .text.ASerialLdd1_Init
                0x00008280      0x1c4 ./Generated_Code/ASerialLdd1.o
                0x00008280                ASerialLdd1_Init
 .text.ASerialLdd1_ReceiveBlock
                0x00008444       0x98 ./Generated_Code/ASerialLdd1.o
                0x00008444                ASerialLdd1_ReceiveBlock
 .text.ASerialLdd1_SendBlock
                0x000084dc       0xc4 ./Generated_Code/ASerialLdd1.o
                0x000084dc                ASerialLdd1_SendBlock
 .text.InterruptRx
                0x000085a0       0x58 ./Generated_Code/ASerialLdd1.o
 .text.InterruptTx
                0x000085f8       0x80 ./Generated_Code/ASerialLdd1.o
 .text.ASerialLdd1_Interrupt
                0x00008678       0xfc ./Generated_Code/ASerialLdd1.o
                0x00008678                ASerialLdd1_Interrupt
 .text.ASerialLdd1_GetError
                0x00008774       0x74 ./Generated_Code/ASerialLdd1.o
                0x00008774                ASerialLdd1_GetError
 .text.HWEnDi   0x000087e8       0x20 ./Generated_Code/AS1.o
 .text.AS1_RecvChar
                0x00008808       0xe8 ./Generated_Code/AS1.o
                0x00008808                AS1_RecvChar
 .text.AS1_SendChar
                0x000088f0       0xec ./Generated_Code/AS1.o
                0x000088f0                AS1_SendChar
 .text.AS1_GetCharsInRxBuf
                0x000089dc       0x14 ./Generated_Code/AS1.o
                0x000089dc                AS1_GetCharsInRxBuf
 .text.AS1_Init
                0x000089f0       0x64 ./Generated_Code/AS1.o
                0x000089f0                AS1_Init
 .text.ASerialLdd1_OnBlockReceived
                0x00008a54       0xc0 ./Generated_Code/AS1.o
                0x00008a54                ASerialLdd1_OnBlockReceived
 .text.ASerialLdd1_OnBlockSent
                0x00008b14       0xe8 ./Generated_Code/AS1.o
                0x00008b14                ASerialLdd1_OnBlockSent
 .text.ASerialLdd1_OnError
                0x00008bfc       0x94 ./Generated_Code/AS1.o
                0x00008bfc                ASerialLdd1_OnError
 .text.ASerialLdd1_OnBreak
                0x00008c90       0x20 ./Generated_Code/AS1.o
                0x00008c90                ASerialLdd1_OnBreak
 .text.AdcLdd1_OnMeasurementComplete
                0x00008cb0       0x5c ./Generated_Code/AD1.o
                0x00008cb0                AdcLdd1_OnMeasurementComplete
 .text.AD1_Init
                0x00008d0c       0x2c ./Generated_Code/AD1.o
                0x00008d0c                AD1_Init
 .text.zero_fill_bss
                0x00008d38       0x24 ./Project_Settings/Startup_Code/__arm_start.o
 .text.__thumb_startup
                0x00008d5c       0x30 ./Project_Settings/Startup_Code/__arm_start.o
                0x00008d5c                __thumb_startup
 .text._ExitProcess
                0x00008d8c        0xc ./Project_Settings/Startup_Code/__arm_end.o
                0x00008d8c                _ExitProcess
 .text.ParseCommand
                0x00008d98      0x20c ./Sources/serial_communication.o
 .text.startCommunication
                0x00008fa4      0x19c ./Sources/serial_communication.o
                0x00008fa4                startCommunication
 .text.taskDone
                0x00009140       0x20 ./Sources/serial_communication.o
                0x00009140                taskDone
 .text.readGyro
                0x00009160       0x44 ./Sources/serial_communication.o
                0x00009160                readGyro
 .text.refreshTasks
                0x000091a4       0x68 ./Sources/serial_communication.o
                0x000091a4                refreshTasks
 .text.calcPID  0x0000920c      0x2c8 ./Sources/pid.o
                0x0000920c                calcPID
 .text.motorIncrementPWMLeft
                0x000094d4       0x50 ./Sources/motor.o
                0x000094d4                motorIncrementPWMLeft
 .text.motorIncrementPWMRight
                0x00009524       0x50 ./Sources/motor.o
                0x00009524                motorIncrementPWMRight
 .text.motorSetPWMLeft
                0x00009574       0xb0 ./Sources/motor.o
                0x00009574                motorSetPWMLeft
 .text.motorSetPWMRight
                0x00009624       0xb0 ./Sources/motor.o
                0x00009624                motorSetPWMRight
 .text.motorsStartup
                0x000096d4      0x124 ./Sources/motor.o
                0x000096d4                motorsStartup
 .text.main     0x000097f8       0x10 ./Sources/main.o
                0x000097f8                main
 .text.Task1Task
                0x00009808       0x10 ./Sources/frtos_tasks.o
 .text.Task2Task
                0x00009818       0x30 ./Sources/frtos_tasks.o
 .text.Task3Task
                0x00009848       0x30 ./Sources/frtos_tasks.o
 .text.Task4Task
                0x00009878       0x30 ./Sources/frtos_tasks.o
 .text.Task5Task
                0x000098a8       0x30 ./Sources/frtos_tasks.o
 .text.Task6Task
                0x000098d8       0x30 ./Sources/frtos_tasks.o
 .text.Task7Task
                0x00009908       0x30 ./Sources/frtos_tasks.o
 .text.GyroTask
                0x00009938       0x10 ./Sources/frtos_tasks.o
 .text.CreateTasks
                0x00009948       0x34 ./Sources/frtos_tasks.o
                0x00009948                CreateTasks
 .text.CreateTask2
                0x0000997c       0x44 ./Sources/frtos_tasks.o
                0x0000997c                CreateTask2
 .text.CreateTask3
                0x000099c0       0x44 ./Sources/frtos_tasks.o
                0x000099c0                CreateTask3
 .text.CreateTask4
                0x00009a04       0x44 ./Sources/frtos_tasks.o
                0x00009a04                CreateTask4
 .text.CreateTask5
                0x00009a48       0x44 ./Sources/frtos_tasks.o
                0x00009a48                CreateTask5
 .text.CreateTask6
                0x00009a8c       0x44 ./Sources/frtos_tasks.o
                0x00009a8c                CreateTask6
 .text.CreateTask7
                0x00009ad0       0x44 ./Sources/frtos_tasks.o
                0x00009ad0                CreateTask7
 .text.CreateGyroTask
                0x00009b14       0x44 ./Sources/frtos_tasks.o
                0x00009b14                CreateGyroTask
 .text.driveToStair
                0x00009b58      0x1bc ./Sources/driving.o
                0x00009b58                driveToStair
 .text.driveOverStair
                0x00009d14      0x25c ./Sources/driving.o
                0x00009d14                driveOverStair
 .text.driveToTurningPlace
                0x00009f70      0x1cc ./Sources/driving.o
                0x00009f70                driveToTurningPlace
 .text.driveThroughtTurningPlace
                0x0000a13c      0x7b4 ./Sources/driving.o
                0x0000a13c                driveThroughtTurningPlace
 .text.driveToEndZone
                0x0000a8f0      0x1a4 ./Sources/driving.o
                0x0000a8f0                driveToEndZone
 .text.pushTheButton
                0x0000aa94       0x18 ./Sources/driving.o
                0x0000aa94                pushTheButton
 .text.initDriving
                0x0000aaac       0x9c ./Sources/driving.o
                0x0000aaac                initDriving
 .text.VL_OnError
                0x0000ab48       0x14 ./Sources/VL6180X.o
 .text.VL_WriteReg8
                0x0000ab5c       0x50 ./Sources/VL6180X.o
                0x0000ab5c                VL_WriteReg8
 .text.VL_WriteReg16
                0x0000abac       0x70 ./Sources/VL6180X.o
                0x0000abac                VL_WriteReg16
 .text.VL_ReadReg8
                0x0000ac1c       0x54 ./Sources/VL6180X.o
                0x0000ac1c                VL_ReadReg8
 .text.readRangeContinuous
                0x0000ac70       0xf0 ./Sources/VL6180X.o
 .text.VL_ReadRangeSingle
                0x0000ad60       0x64 ./Sources/VL6180X.o
                0x0000ad60                VL_ReadRangeSingle
 .text.VL_ConfigureDefault
                0x0000adc4       0x94 ./Sources/VL6180X.o
                0x0000adc4                VL_ConfigureDefault
 .text.VL_InitDevice
                0x0000ae58      0x5ac ./Sources/VL6180X.o
                0x0000ae58                VL_InitDevice
 .text.VL_InitAndConfigureDevice
                0x0000b404       0x64 ./Sources/VL6180X.o
                0x0000b404                VL_InitAndConfigureDevice
 .text.VL_ChipEnable
                0x0000b468       0xc0 ./Sources/VL6180X.o
                0x0000b468                VL_ChipEnable
 .text.VL_SetI2CDeviceAddress
                0x0000b528       0xa8 ./Sources/VL6180X.o
                0x0000b528                VL_SetI2CDeviceAddress
 .text.VL_Init  0x0000b5d0       0xf0 ./Sources/VL6180X.o
                0x0000b5d0                VL_Init
 .text.VL_GetDistance
                0x0000b6c0       0xd0 ./Sources/VL6180X.o
                0x0000b6c0                VL_GetDistance
 .text.L3Ginit  0x0000b790       0x84 ./Sources/L3G.o
                0x0000b790                L3Ginit
 .text.L3GenableDefault
                0x0000b814       0x4c ./Sources/L3G.o
                0x0000b814                L3GenableDefault
 .text.L3GwriteReg
                0x0000b860       0x4c ./Sources/L3G.o
                0x0000b860                L3GwriteReg
 .text.L3GreadReg
                0x0000b8ac       0x54 ./Sources/L3G.o
                0x0000b8ac                L3GreadReg
 .text.L3Greadxyz
                0x0000b900       0xf8 ./Sources/L3G.o
                0x0000b900                L3Greadxyz
 .text.L3Gread  0x0000b9f8      0x174 ./Sources/L3G.o
                0x0000b9f8                L3Gread
 .text.L3GgetDegree
                0x0000bb6c       0xd8 ./Sources/L3G.o
                0x0000bb6c                L3GgetDegree
 .text.calculateOffset
                0x0000bc44      0x124 ./Sources/L3G.o
                0x0000bc44                calculateOffset
 .text.cmpfunc  0x0000bd68       0x28 ./Sources/L3G.o
                0x0000bd68                cmpfunc
 .text.refreshMovingOffset
                0x0000bd90      0x210 ./Sources/L3G.o
                0x0000bd90                refreshMovingOffset
 .text.L3GSetAngel
                0x0000bfa0       0x5c ./Sources/L3G.o
                0x0000bfa0                L3GSetAngel
 *fill*         0x0000bffc        0x4 00
 .text.combineAccel
                0x0000c000      0x228 ./Sources/L3G.o
                0x0000c000                combineAccel
 .text.Cpu_OnNMIINT
                0x0000c228        0x8 ./Sources/Events.o
                0x0000c228                Cpu_OnNMIINT
 .text.FRTOS1_vApplicationStackOverflowHook
                0x0000c230       0x10 ./Sources/Events.o
                0x0000c230                FRTOS1_vApplicationStackOverflowHook
 .text.FRTOS1_vApplicationTickHook
                0x0000c240        0x8 ./Sources/Events.o
                0x0000c240                FRTOS1_vApplicationTickHook
 .text.FRTOS1_vApplicationIdleHook
                0x0000c248        0x8 ./Sources/Events.o
                0x0000c248                FRTOS1_vApplicationIdleHook
 .text.FRTOS1_vApplicationMallocFailedHook
                0x0000c250        0x8 ./Sources/Events.o
                0x0000c250                FRTOS1_vApplicationMallocFailedHook
 .text.AD1_OnEnd
                0x0000c258        0x8 ./Sources/Events.o
                0x0000c258                AD1_OnEnd
 .text.AD1_OnCalibrationEnd
                0x0000c260        0x8 ./Sources/Events.o
                0x0000c260                AD1_OnCalibrationEnd
 .text.AS1_OnError
                0x0000c268        0x8 ./Sources/Events.o
                0x0000c268                AS1_OnError
 .text.AS1_OnRxChar
                0x0000c270        0x8 ./Sources/Events.o
                0x0000c270                AS1_OnRxChar
 .text.AS1_OnTxChar
                0x0000c278        0x8 ./Sources/Events.o
                0x0000c278                AS1_OnTxChar
 .text.AS1_OnFullRxBuf
                0x0000c280        0x8 ./Sources/Events.o
                0x0000c280                AS1_OnFullRxBuf
 .text.AS1_OnFreeTxBuf
                0x0000c288        0x8 ./Sources/Events.o
                0x0000c288                AS1_OnFreeTxBuf
 .text.Cpu_OnHardFault
                0x0000c290        0x8 ./Sources/Events.o
                0x0000c290                Cpu_OnHardFault
 .text.exit     0x0000c298       0x38 C:/Freescale/CW MCU v10.6/MCU/ARM_GCC_Support/ewl/lib/armv6-m\libc.a(exit.o)
                0x0000c298                exit
 .text.qsort    0x0000c2d0       0xb8 C:/Freescale/CW MCU v10.6/MCU/ARM_GCC_Support/ewl/lib/armv6-m\libc.a(qsort.o)
                0x0000c2d0                qsort
 .text.memcpy   0x0000c388       0x12 C:/Freescale/CW MCU v10.6/MCU/ARM_GCC_Support/ewl/lib/armv6-m\libc.a(memcpy.o)
                0x0000c388                memcpy
 .text.memset   0x0000c39a        0xc C:/Freescale/CW MCU v10.6/MCU/ARM_GCC_Support/ewl/lib/armv6-m\libc.a(memset.o)
                0x0000c39a                memset
 .text.strchr   0x0000c3a6       0x1e C:/Freescale/CW MCU v10.6/MCU/ARM_GCC_Support/ewl/lib/armv6-m\libc.a(strchr.o)
                0x0000c3a6                strchr
 .text.strcmp   0x0000c3c4       0x1c C:/Freescale/CW MCU v10.6/MCU/ARM_GCC_Support/ewl/lib/armv6-m\libc.a(strcmp.o)
                0x0000c3c4                strcmp
 .text.strlen   0x0000c3e0       0x10 C:/Freescale/CW MCU v10.6/MCU/ARM_GCC_Support/ewl/lib/armv6-m\libc.a(strlen.o)
                0x0000c3e0                strlen
 .text.strncmp  0x0000c3f0       0x22 C:/Freescale/CW MCU v10.6/MCU/ARM_GCC_Support/ewl/lib/armv6-m\libc.a(strncmp.o)
                0x0000c3f0                strncmp
 *fill*         0x0000c412        0x2 00
 .text.long2str.isra.0
                0x0000c414      0x19c C:/Freescale/CW MCU v10.6/MCU/ARM_GCC_Support/ewl/lib/armv6-m\libc.a(printformat_.o)
 .text.__pformatter_
                0x0000c5b0      0x428 C:/Freescale/CW MCU v10.6/MCU/ARM_GCC_Support/ewl/lib/armv6-m\libc.a(printformat_.o)
                0x0000c5b0                __pformatter_
 .text.__sformatter
                0x0000c9d8      0x698 C:/Freescale/CW MCU v10.6/MCU/ARM_GCC_Support/ewl/lib/armv6-m\libc.a(scanformat_.o)
                0x0000c9d8                __sformatter
 .text.isalpha  0x0000d070       0x20 C:/Freescale/CW MCU v10.6/MCU/ARM_GCC_Support/ewl/lib/armv6-m\libc.a(ctype_aeabi.o)
                0x0000d070                isalpha
 .text.isspace  0x0000d090       0x20 C:/Freescale/CW MCU v10.6/MCU/ARM_GCC_Support/ewl/lib/armv6-m\libc.a(ctype_aeabi.o)
                0x0000d090                isspace
 .text.toupper  0x0000d0b0        0xe C:/Freescale/CW MCU v10.6/MCU/ARM_GCC_Support/ewl/lib/armv6-m\libc.a(ctype_aeabi.o)
                0x0000d0b0                toupper
 .text.__strtoul
                0x0000d0be      0x1ce C:/Freescale/CW MCU v10.6/MCU/ARM_GCC_Support/ewl/lib/armv6-m\libc.a(__strtoul.o)
                0x0000d0be                __strtoul
 .text.__fill_mem
                0x0000d28c       0x7e C:/Freescale/CW MCU v10.6/MCU/ARM_GCC_Support/ewl/lib/armv6-m\libc.a(__filll_mem.o)
                0x0000d28c                __fill_mem
 .text.memchr   0x0000d30a       0x1a C:/Freescale/CW MCU v10.6/MCU/ARM_GCC_Support/ewl/lib/armv6-m\libc.a(memchr.o)
                0x0000d30a                memchr
 *fill*         0x0000d324        0x4 00
 .text.atan     0x0000d328      0x358 C:/Freescale/CW MCU v10.6/MCU/ARM_GCC_Support/ewl/lib/armv6-m\libm.a(s_atan.o)
                0x0000d328                atan
 .text.sqrt     0x0000d680        0x8 C:/Freescale/CW MCU v10.6/MCU/ARM_GCC_Support/ewl/lib/armv6-m\libm.a(w_sqrt.o)
                0x0000d680                sqrt
 .text.__ieee754_sqrt
                0x0000d688      0x17c C:/Freescale/CW MCU v10.6/MCU/ARM_GCC_Support/ewl/lib/armv6-m\libm.a(e_sqrt.o)
                0x0000d688                __ieee754_sqrt
 .text.__init_cpp
                0x0000d804       0x48 C:/Freescale/CW MCU v10.6/MCU/ARM_GCC_Support/ewl/lib/armv6-m\librt.a(gcc_ctor_dtor.o)
                0x0000d804                __init_cpp
 .text.__fini_cpp
                0x0000d84c       0x34 C:/Freescale/CW MCU v10.6/MCU/ARM_GCC_Support/ewl/lib/armv6-m\librt.a(gcc_ctor_dtor.o)
                0x0000d84c                __fini_cpp
 .text.__copy_rom_section
                0x0000d880       0x48 C:/Freescale/CW MCU v10.6/MCU/ARM_GCC_Support/ewl/lib/armv6-m\librt.a(ROMCopy.o)
                0x0000d880                __copy_rom_section
 .text.__copy_rom_sections_to_ram
                0x0000d8c8       0x34 C:/Freescale/CW MCU v10.6/MCU/ARM_GCC_Support/ewl/lib/armv6-m\librt.a(ROMCopy.o)
                0x0000d8c8                __copy_rom_sections_to_ram
 .text.__destroy_global_chain
                0x0000d8fc       0x1c C:/Freescale/CW MCU v10.6/MCU/ARM_GCC_Support/ewl/lib/armv6-m\librt.a(__arm_eabi_init.o)
                0x0000d8fc                __destroy_global_chain
 .text.__init_registers
                0x0000d918       0x1c C:/Freescale/CW MCU v10.6/MCU/ARM_GCC_Support/ewl/lib/armv6-m\librt.a(__arm_eabi_init.o)
                0x0000d918                __init_registers
 .text.__init_user
                0x0000d934        0x4 C:/Freescale/CW MCU v10.6/MCU/ARM_GCC_Support/ewl/lib/armv6-m\librt.a(__arm_eabi_init.o)
                0x0000d934                __init_user
 *(.rodata)
 .rodata        0x0000d938        0x8 ./Generated_Code/tasks.o
 .rodata        0x0000d940       0x1c ./Generated_Code/UTIL1.o
 .rodata        0x0000d95c      0x154 ./Generated_Code/CLS1.o
 .rodata        0x0000dab0       0xbc ./Sources/serial_communication.o
 .rodata        0x0000db6c       0x40 ./Sources/frtos_tasks.o
 .rodata        0x0000dbac       0x40 c:/freescale/cw mcu v10.6/cross_tools/arm-none-eabi-gcc-4_7_3/bin/../lib/gcc/arm-none-eabi/4.7.3/armv6-m\libgcc.a(mulsf3.o)
 .rodata        0x0000dbec       0x40 c:/freescale/cw mcu v10.6/cross_tools/arm-none-eabi-gcc-4_7_3/bin/../lib/gcc/arm-none-eabi/4.7.3/armv6-m\libgcc.a(divdf3.o)
 .rodata        0x0000dc2c       0x40 c:/freescale/cw mcu v10.6/cross_tools/arm-none-eabi-gcc-4_7_3/bin/../lib/gcc/arm-none-eabi/4.7.3/armv6-m\libgcc.a(muldf3.o)
 *(.rodata*)
 .rodata.ChannelDevice
                0x0000dc6c        0x4 ./Generated_Code/TU1.o
 .rodata.ChannelMode
                0x0000dc70        0x4 ./Generated_Code/TU1.o
 .rodata.InitialCalibration
                0x0000dc74        0x8 ./Generated_Code/MMA1.o
 .rodata.addr.6781
                0x0000dc7c        0x1 ./Generated_Code/MMA1.o
 .rodata.addr.6773
                0x0000dc7d        0x1 ./Generated_Code/MMA1.o
 .rodata.addr.6765
                0x0000dc7e        0x1 ./Generated_Code/MMA1.o
 *fill*         0x0000dc7f        0x1 00
 .rodata.CLS1_stdio
                0x0000dc80       0x10 ./Generated_Code/CLS1.o
                0x0000dc80                CLS1_stdio
 .rodata.CmdParserTable
                0x0000dc90        0xc ./Sources/serial_communication.o
 .rodata.refreshTasks
                0x0000dc9c       0x1c ./Sources/serial_communication.o
 .rodata.L3Gread
                0x0000dcb8      0x118 ./Sources/L3G.o
 .rodata.L3GgetDegree
                0x0000ddd0       0x8c ./Sources/L3G.o
 .rodata.refreshMovingOffset
                0x0000de5c       0x8c ./Sources/L3G.o
 .rodata.L3GSetAngel
                0x0000dee8       0x8c ./Sources/L3G.o
 .rodata.str1.1
                0x0000df74        0x1 C:/Freescale/CW MCU v10.6/MCU/ARM_GCC_Support/ewl/lib/armv6-m\libc.a(printformat_.o)
 .rodata.CSWTCH.20
                0x0000df75        0x5 C:/Freescale/CW MCU v10.6/MCU/ARM_GCC_Support/ewl/lib/armv6-m\libc.a(printformat_.o)
 .rodata.CSWTCH.21
                0x0000df7a        0x5 C:/Freescale/CW MCU v10.6/MCU/ARM_GCC_Support/ewl/lib/armv6-m\libc.a(printformat_.o)
 .rodata.__aeabi_ctype_table_C
                0x0000df7f      0x101 C:/Freescale/CW MCU v10.6/MCU/ARM_GCC_Support/ewl/lib/armv6-m\libc.a(ctype_aeabi.o)
                0x0000df7f                __aeabi_ctype_table_C
 .rodata.atanlo
                0x0000e080       0x20 C:/Freescale/CW MCU v10.6/MCU/ARM_GCC_Support/ewl/lib/armv6-m\libm.a(s_atan.o)
 .rodata.atanhi
                0x0000e0a0       0x20 C:/Freescale/CW MCU v10.6/MCU/ARM_GCC_Support/ewl/lib/armv6-m\libm.a(s_atan.o)
 *(.glue_7)
 .glue_7        0x00000000        0x0 linker stubs
 *(.glue_7t)
 .glue_7t       0x00000000        0x0 linker stubs
 *(.eh_frame)
 *(.init)
 *(.fini)
                0x0000e0c0                . = ALIGN (0x4)
                0x0000e0c0                _etext = .

.vfp11_veneer   0x0000e0c0        0x0
 .vfp11_veneer  0x00000000        0x0 linker stubs

.v4_bx          0x0000e0c0        0x0
 .v4_bx         0x00000000        0x0 linker stubs

.iplt           0x0000e0c0        0x0
 .iplt          0x00000000        0x0 ./Generated_Code/timers.o

.rel.dyn        0x0000e0c0        0x0
 .rel.iplt      0x00000000        0x0 ./Generated_Code/timers.o

.ARM.extab
 *(.ARM.extab* .gnu.linkonce.armextab.*)

.ARM            0x0000e0c0        0x0
                0x0000e0c0                __exidx_start = .
 *(.ARM.exidx*)
                0x0000e0c0                __exidx_end = .

.ctors          0x0000e0c0        0x0
                0x0000e0c0                __CTOR_LIST__ = .
 *crtbegin.o(.ctors)
 *(EXCLUDE_FILE(*crtend.o) .ctors)
 *(SORT(.ctors.*))
 *(.ctors)
                0x0000e0c0                __CTOR_END__ = .

.dtors          0x0000e0c0        0x0
                0x0000e0c0                __DTOR_LIST__ = .
 *crtbegin.o(.dtors)
 *(EXCLUDE_FILE(*crtend.o) .dtors)
 *(SORT(.dtors.*))
 *(.dtors)
                0x0000e0c0                __DTOR_END__ = .

.preinit_array  0x0000e0c0        0x0
                0x0000e0c0                PROVIDE (__preinit_array_start, .)
 *(.preinit_array*)
                0x0000e0c0                PROVIDE (__preinit_array_end, .)

.init_array     0x0000e0c0        0x0
                0x0000e0c0                PROVIDE (__init_array_start, .)
 *(SORT(.init_array.*))
 *(.init_array*)
                0x0000e0c0                PROVIDE (__init_array_end, .)

.fini_array     0x0000e0c0        0x0
                0x0000e0c0                PROVIDE (__fini_array_start, .)
 *(SORT(.fini_array.*))
 *(.fini_array*)
                0x0000e0c0                PROVIDE (__fini_array_end, .)
                0x0000e0c0                ___ROM_AT = .

.mtb            0x1ffff000        0x0
                0x1ffff000                . = ALIGN (0x8)
                0x1ffff000                _mtb_start = .
 *(.mtb_buf)
                0x1ffff000                . = ALIGN (0x8)
                0x1ffff000                _mtb_end = .

.data           0x1ffff000       0x1c load address 0x0000e0c0
                0x1ffff000                . = ALIGN (0x4)
                0x1ffff000                _sdata = .
 *(.data)
 *(.data*)
 .data.uxCriticalNesting
                0x1ffff000        0x4 ./Generated_Code/port.o
 .data.uxTopUsedPriority
                0x1ffff004        0x4 ./Generated_Code/port.o
                0x1ffff004                uxTopUsedPriority
 .data.xHeapStructSize
                0x1ffff008        0x4 ./Generated_Code/heap_4.o
 .data.CLS1_currStdIO
                0x1ffff00c        0x4 ./Generated_Code/CLS1.o
 .data.scaling  0x1ffff010        0x1 ./Sources/VL6180X.o
 .data.initDevices
                0x1ffff011        0x1 ./Sources/VL6180X.o
                0x1ffff011                initDevices
 *fill*         0x1ffff012        0x2 00
 .data.__double_nan
                0x1ffff014        0x8 C:/Freescale/CW MCU v10.6/MCU/ARM_GCC_Support/ewl/lib/armv6-m\libm.a(float.o)
                0x1ffff014                __double_nan
                0x1ffff01c                . = ALIGN (0x4)
                0x1ffff01c                _edata = .
                0x0000001c                ___data_size = (_edata - _sdata)

.igot.plt       0x1ffff01c        0x0 load address 0x0000e0dc
 .igot.plt      0x00000000        0x0 ./Generated_Code/timers.o
                0x1ffff01c                . = ALIGN (0x4)

.bss            0x1ffff01c     0x25d4 load address 0x0000e0dc
                0x1ffff01c                __START_BSS = .
                0x1ffff01c                PROVIDE (__bss_start__, __START_BSS)
 *(.bss)
 *(.bss*)
 .bss.pxCurrentTCB
                0x1ffff01c        0x4 ./Generated_Code/tasks.o
                0x1ffff01c                pxCurrentTCB
 .bss.pxReadyTasksLists
                0x1ffff020       0x78 ./Generated_Code/tasks.o
 .bss.xDelayedTaskList1
                0x1ffff098       0x14 ./Generated_Code/tasks.o
 .bss.xDelayedTaskList2
                0x1ffff0ac       0x14 ./Generated_Code/tasks.o
 .bss.pxDelayedTaskList
                0x1ffff0c0        0x4 ./Generated_Code/tasks.o
 .bss.pxOverflowDelayedTaskList
                0x1ffff0c4        0x4 ./Generated_Code/tasks.o
 .bss.xPendingReadyList
                0x1ffff0c8       0x14 ./Generated_Code/tasks.o
 .bss.xTasksWaitingTermination
                0x1ffff0dc       0x14 ./Generated_Code/tasks.o
 .bss.uxDeletedTasksWaitingCleanUp
                0x1ffff0f0        0x4 ./Generated_Code/tasks.o
 .bss.xSuspendedTaskList
                0x1ffff0f4       0x14 ./Generated_Code/tasks.o
 .bss.uxCurrentNumberOfTasks
                0x1ffff108        0x4 ./Generated_Code/tasks.o
 .bss.xTickCount
                0x1ffff10c        0x4 ./Generated_Code/tasks.o
 .bss.uxTopReadyPriority
                0x1ffff110        0x4 ./Generated_Code/tasks.o
 .bss.xSchedulerRunning
                0x1ffff114        0x4 ./Generated_Code/tasks.o
 .bss.uxPendedTicks
                0x1ffff118        0x4 ./Generated_Code/tasks.o
 .bss.xYieldPending
                0x1ffff11c        0x4 ./Generated_Code/tasks.o
 .bss.xNumOfOverflows
                0x1ffff120        0x4 ./Generated_Code/tasks.o
 .bss.uxTaskNumber
                0x1ffff124        0x4 ./Generated_Code/tasks.o
 .bss.xNextTaskUnblockTime
                0x1ffff128        0x4 ./Generated_Code/tasks.o
 .bss.xIdleTaskHandle
                0x1ffff12c        0x4 ./Generated_Code/tasks.o
 .bss.uxSchedulerSuspended
                0x1ffff130        0x4 ./Generated_Code/tasks.o
 .bss.ucHeap    0x1ffff134     0x1d4c ./Generated_Code/heap_4.o
 .bss.xStart    0x20000e80        0x8 ./Generated_Code/heap_4.o
 .bss.pxEnd     0x20000e88        0x4 ./Generated_Code/heap_4.o
 .bss.xFreeBytesRemaining
                0x20000e8c        0x4 ./Generated_Code/heap_4.o
 .bss.xMinimumEverFreeBytesRemaining
                0x20000e90        0x4 ./Generated_Code/heap_4.o
 .bss.xBlockAllocatedBit
                0x20000e94        0x4 ./Generated_Code/heap_4.o
 .bss.DeviceDataPrv__DEFAULT_RTOS_ALLOC
                0x20000e98        0x4 ./Generated_Code/TofCE3.o
 .bss.DeviceDataPrv__DEFAULT_RTOS_ALLOC
                0x20000e9c        0x4 ./Generated_Code/TofCE2.o
 .bss.DeviceDataPrv__DEFAULT_RTOS_ALLOC
                0x20000ea0        0x4 ./Generated_Code/TofCE1.o
 .bss.DeviceDataPrv__DEFAULT_RTOS_ALLOC
                0x20000ea4        0x8 ./Generated_Code/TU2.o
 .bss.DeviceDataPrv__DEFAULT_RTOS_ALLOC
                0x20000eac        0x8 ./Generated_Code/TU1.o
 .bss.DeviceDataPrv__DEFAULT_RTOS_ALLOC
                0x20000eb4        0xc ./Generated_Code/PwmLdd4.o
 .bss.DeviceDataPrv__DEFAULT_RTOS_ALLOC
                0x20000ec0        0xc ./Generated_Code/PwmLdd3.o
 .bss.DeviceDataPrv__DEFAULT_RTOS_ALLOC
                0x20000ecc        0xc ./Generated_Code/PwmLdd2.o
 .bss.DeviceDataPrv__DEFAULT_RTOS_ALLOC
                0x20000ed8        0xc ./Generated_Code/PwmLdd1.o
 .bss.PE_LDD_DeviceDataList
                0x20000ee4       0x4c ./Generated_Code/PE_LDD.o
                0x20000ee4                PE_LDD_DeviceDataList
 .bss.sCalValues
                0x20000f30        0x8 ./Generated_Code/MMA1.o
 .bss.GI2C2_deviceData
                0x20000f38        0x8 ./Generated_Code/GI2C2.o
 .bss.GI2C2_busSem
                0x20000f40        0x4 ./Generated_Code/GI2C2.o
 .bss.writeBuf.6702
                0x20000f44       0x10 ./Generated_Code/GI2C2.o
 .bss.GI2C1_deviceData
                0x20000f54        0x8 ./Generated_Code/GI2C1.o
 .bss.GI2C1_busSem
                0x20000f5c        0x4 ./Generated_Code/GI2C1.o
 .bss.writeBuf.6702
                0x20000f60       0x10 ./Generated_Code/GI2C1.o
 .bss.DeviceDataPrv__DEFAULT_RTOS_ALLOC
                0x20000f70        0x4 ./Generated_Code/DIR_RIGHT1.o
 .bss.DeviceDataPrv__DEFAULT_RTOS_ALLOC
                0x20000f74        0x4 ./Generated_Code/DIR_RIGHT.o
 .bss.DeviceDataPrv__DEFAULT_RTOS_ALLOC
                0x20000f78        0x4 ./Generated_Code/DIR_LEFT1.o
 .bss.DeviceDataPrv__DEFAULT_RTOS_ALLOC
                0x20000f7c        0x4 ./Generated_Code/DIR_LEFT.o
 .bss.SR_lock   0x20000f80        0x1 ./Generated_Code/Cpu.o
                0x20000f80                SR_lock
 *fill*         0x20000f81        0x3 00
 .bss.DeviceDataPrv__DEFAULT_RTOS_ALLOC
                0x20000f84       0x18 ./Generated_Code/CI2C2.o
 .bss.INT_I2C0__BAREBOARD_RTOS_ISRPARAM
                0x20000f9c        0x4 ./Generated_Code/CI2C2.o
 .bss.DeviceDataPrv__DEFAULT_RTOS_ALLOC
                0x20000fa0       0x18 ./Generated_Code/CI2C1.o
 .bss.INT_I2C1__BAREBOARD_RTOS_ISRPARAM
                0x20000fb8        0x4 ./Generated_Code/CI2C1.o
 .bss.DeviceDataPrv__DEFAULT_RTOS_ALLOC
                0x20000fbc        0x4 ./Generated_Code/BitIoLdd4.o
 .bss.DeviceDataPrv__DEFAULT_RTOS_ALLOC
                0x20000fc0        0x4 ./Generated_Code/BitIoLdd3.o
 .bss.DeviceDataPrv__DEFAULT_RTOS_ALLOC
                0x20000fc4        0x8 ./Generated_Code/AdcLdd1.o
 .bss.INT_ADC0__BAREBOARD_RTOS_ISRPARAM
                0x20000fcc        0x4 ./Generated_Code/AdcLdd1.o
 .bss.DeviceDataPrv__DEFAULT_RTOS_ALLOC
                0x20000fd0       0x20 ./Generated_Code/ASerialLdd1.o
 .bss.INT_UART0__BAREBOARD_RTOS_ISRPARAM
                0x20000ff0        0x4 ./Generated_Code/ASerialLdd1.o
 .bss.SerFlag   0x20000ff4        0x2 ./Generated_Code/AS1.o
 .bss.AS1_InpLen
                0x20000ff6        0x2 ./Generated_Code/AS1.o
 .bss.InpIndexR
                0x20000ff8        0x2 ./Generated_Code/AS1.o
 .bss.InpIndexW
                0x20000ffa        0x2 ./Generated_Code/AS1.o
 .bss.InpBuffer
                0x20000ffc       0x20 ./Generated_Code/AS1.o
 .bss.BufferRead
                0x2000101c        0x1 ./Generated_Code/AS1.o
 *fill*         0x2000101d        0x1 00
 .bss.AS1_OutLen
                0x2000101e        0x2 ./Generated_Code/AS1.o
 .bss.OutIndexR
                0x20001020        0x2 ./Generated_Code/AS1.o
 .bss.OutIndexW
                0x20001022        0x2 ./Generated_Code/AS1.o
 .bss.OutBuffer
                0x20001024       0x40 ./Generated_Code/AS1.o
 .bss.OnFreeTxBufSemaphore
                0x20001064        0x1 ./Generated_Code/AS1.o
 .bss.ModeFlg   0x20001065        0x1 ./Generated_Code/AD1.o
 .bss.OutFlg    0x20001066        0x1 ./Generated_Code/AD1.o
 *fill*         0x20001067        0x1 00
 .bss.argv      0x20001068        0x4 ./Project_Settings/Startup_Code/__arm_start.o
 .bss.app_value
                0x2000106c        0x4 ./Sources/serial_communication.o
 .bss.app_start
                0x20001070        0x4 ./Sources/serial_communication.o
 .bss.pwmLeft   0x20001074        0x2 ./Sources/motor.o
 .bss.pwmRight  0x20001076        0x2 ./Sources/motor.o
 .bss.ToFDevice
                0x20001078        0xc ./Sources/VL6180X.o
 .bss.accelCounter.7802
                0x20001084        0x1 ./Sources/L3G.o
 *fill*         0x20001085        0x1 00
 .bss.iX.7774   0x20001086        0x2 ./Sources/L3G.o
 .bss.iY.7775   0x20001088        0x2 ./Sources/L3G.o
 .bss.iZ.7776   0x2000108a        0x2 ./Sources/L3G.o
 .bss.__stdio_exit
                0x2000108c        0x4 C:/Freescale/CW MCU v10.6/MCU/ARM_GCC_Support/ewl/lib/armv6-m\libc.a(exit.o)
                0x2000108c                __stdio_exit
 .bss.__console_exit
                0x20001090        0x4 C:/Freescale/CW MCU v10.6/MCU/ARM_GCC_Support/ewl/lib/armv6-m\libc.a(exit.o)
                0x20001090                __console_exit
 .bss.__S_romp  0x20001094        0xc C:/Freescale/CW MCU v10.6/MCU/ARM_GCC_Support/ewl/lib/armv6-m\librt.a(ROMCopy.o)
 .bss.__global_destructor_chain
                0x200010a0        0x4 C:/Freescale/CW MCU v10.6/MCU/ARM_GCC_Support/ewl/lib/armv6-m\librt.a(__arm_eabi_init.o)
                0x200010a0                __global_destructor_chain
 *(COMMON)
 COMMON         0x200010a4       0x28 ./Generated_Code/queue.o
                0x200010a4                xQueueRegistry
 COMMON         0x200010cc        0x1 ./Generated_Code/Cpu.o
                0x200010cc                SR_reg
 *fill*         0x200010cd        0x3 00
 COMMON         0x200010d0        0x4 ./Generated_Code/AS1.o
                0x200010d0                ASerialLdd1_DeviceDataPtr
 COMMON         0x200010d4        0x8 ./Generated_Code/AD1.o
                0x200010d4                AD1_OutV
                0x200010d8                AdcLdd1_DeviceDataPtr
 COMMON         0x200010dc        0x2 ./Sources/serial_communication.o
                0x200010dc                state
                0x200010dd                leftParcour
 *fill*         0x200010de        0x2 00
 COMMON         0x200010e0       0x18 ./Sources/pid.o
                0x200010e0                pid
 COMMON         0x200010f8        0x7 ./Sources/frtos_tasks.o
                0x200010f8                Task3Started
                0x200010f9                Task2Started
                0x200010fa                Task7Started
                0x200010fb                Task4Started
                0x200010fc                Task6Started
                0x200010fd                Task5Started
                0x200010fe                GyroTaskStarted
 COMMON         0x200010ff        0x8 ./Sources/driving.o
                0x200010ff                kpToF
                0x20001100                kiToF
                0x20001101                kdToF
                0x20001102                kpGyro
                0x20001103                kdGyro
                0x20001104                factor
                0x20001105                device
                0x20001106                kiGyro
 *fill*         0x20001107        0x1 00
 COMMON         0x20001108      0x4e2 ./Sources/L3G.o
                0x20001108                address
                0x2000110c                vX
                0x2000129c                OffsetZ
                0x200012a0                vZ
                0x20001430                OffsetY
                0x20001434                gyro
                0x20001454                OffsetX
                0x20001455                sa0
                0x20001458                vY
                0x200015e8                writingPos
 *fill*         0x200015ea        0x2 00
 COMMON         0x200015ec        0x4 C:/Freescale/CW MCU v10.6/MCU/ARM_GCC_Support/ewl/lib/armv6-m\libc.a(errno.o)
                0x200015ec                errno
                0x200015f0                . = ALIGN (0x4)
                0x200015f0                __END_BSS = .
                0x200015f0                PROVIDE (__bss_end__, __END_BSS)
                0x0000e0dc                _romp_at = (___ROM_AT + SIZEOF (.data))

.romp           0x200015f0       0x18 load address 0x0000e0dc
                0x0000e0dc                __S_romp = _romp_at
                0x200015f0        0x4 LONG 0xe0c0 ___ROM_AT
                0x200015f4        0x4 LONG 0x1ffff000 _sdata
                0x200015f8        0x4 LONG 0x1c ___data_size
                0x200015fc        0x4 LONG 0x0
                0x20001600        0x4 LONG 0x0
                0x20001604        0x4 LONG 0x0

._user_heap_stack
                0x20001608      0x400 load address 0x0000e0f4
                0x20001608                . = ALIGN (0x4)
                0x20001608                PROVIDE (end, .)
                0x20001608                PROVIDE (_end, .)
                0x20001608                __heap_addr = .
                0x20001608                . = (. + __heap_size)
                0x20001a08                . = (. + __stack_size)
 *fill*         0x20001608      0x400 00
                0x20001a08                . = ALIGN (0x4)

.ARM.attributes
                0x00000000       0x2f
 *(.ARM.attributes)
 .ARM.attributes
                0x00000000       0x31 ./Generated_Code/tasks.o
 .ARM.attributes
                0x00000031       0x31 ./Generated_Code/queue.o
 .ARM.attributes
                0x00000062       0x31 ./Generated_Code/port.o
 .ARM.attributes
                0x00000093       0x31 ./Generated_Code/list.o
 .ARM.attributes
                0x000000c4       0x31 ./Generated_Code/heap_4.o
 .ARM.attributes
                0x000000f5       0x31 ./Generated_Code/WAIT1.o
 .ARM.attributes
                0x00000126       0x31 ./Generated_Code/Vectors.o
 .ARM.attributes
                0x00000157       0x31 ./Generated_Code/UTIL1.o
 .ARM.attributes
                0x00000188       0x31 ./Generated_Code/TofCE3.o
 .ARM.attributes
                0x000001b9       0x31 ./Generated_Code/TofCE2.o
 .ARM.attributes
                0x000001ea       0x31 ./Generated_Code/TofCE1.o
 .ARM.attributes
                0x0000021b       0x31 ./Generated_Code/TU2.o
 .ARM.attributes
                0x0000024c       0x31 ./Generated_Code/TU1.o
 .ARM.attributes
                0x0000027d       0x31 ./Generated_Code/TSK1.o
 .ARM.attributes
                0x000002ae       0x31 ./Generated_Code/RED.o
 .ARM.attributes
                0x000002df       0x31 ./Generated_Code/PwmLdd4.o
 .ARM.attributes
                0x00000310       0x31 ./Generated_Code/PwmLdd3.o
 .ARM.attributes
                0x00000341       0x31 ./Generated_Code/PwmLdd2.o
 .ARM.attributes
                0x00000372       0x31 ./Generated_Code/PwmLdd1.o
 .ARM.attributes
                0x000003a3       0x31 ./Generated_Code/PE_LDD.o
 .ARM.attributes
                0x000003d4       0x31 ./Generated_Code/MMA1.o
 .ARM.attributes
                0x00000405       0x31 ./Generated_Code/LED_GREEN.o
 .ARM.attributes
                0x00000436       0x31 ./Generated_Code/GI2C2.o
 .ARM.attributes
                0x00000467       0x31 ./Generated_Code/GI2C1.o
 .ARM.attributes
                0x00000498       0x31 ./Generated_Code/DIR_RIGHT1.o
 .ARM.attributes
                0x000004c9       0x31 ./Generated_Code/DIR_RIGHT.o
 .ARM.attributes
                0x000004fa       0x31 ./Generated_Code/DIR_LEFT1.o
 .ARM.attributes
                0x0000052b       0x31 ./Generated_Code/DIR_LEFT.o
 .ARM.attributes
                0x0000055c       0x31 ./Generated_Code/Cpu.o
 .ARM.attributes
                0x0000058d       0x31 ./Generated_Code/CLS1.o
 .ARM.attributes
                0x000005be       0x31 ./Generated_Code/CI2C2.o
 .ARM.attributes
                0x000005ef       0x31 ./Generated_Code/CI2C1.o
 .ARM.attributes
                0x00000620       0x31 ./Generated_Code/BitIoLdd4.o
 .ARM.attributes
                0x00000651       0x31 ./Generated_Code/BitIoLdd3.o
 .ARM.attributes
                0x00000682       0x31 ./Generated_Code/AdcLdd1.o
 .ARM.attributes
                0x000006b3       0x31 ./Generated_Code/ASerialLdd1.o
 .ARM.attributes
                0x000006e4       0x31 ./Generated_Code/AS1.o
 .ARM.attributes
                0x00000715       0x31 ./Generated_Code/AD1.o
 .ARM.attributes
                0x00000746       0x31 ./Project_Settings/Startup_Code/__arm_start.o
 .ARM.attributes
                0x00000777       0x31 ./Project_Settings/Startup_Code/__arm_end.o
 .ARM.attributes
                0x000007a8       0x31 ./Sources/serial_communication.o
 .ARM.attributes
                0x000007d9       0x31 ./Sources/pid.o
 .ARM.attributes
                0x0000080a       0x31 ./Sources/motor.o
 .ARM.attributes
                0x0000083b       0x31 ./Sources/main.o
 .ARM.attributes
                0x0000086c       0x31 ./Sources/frtos_tasks.o
 .ARM.attributes
                0x0000089d       0x31 ./Sources/driving.o
 .ARM.attributes
                0x000008ce       0x31 ./Sources/VL6180X.o
 .ARM.attributes
                0x000008ff       0x31 ./Sources/L3G.o
 .ARM.attributes
                0x00000930       0x31 ./Sources/Events.o
 .ARM.attributes
                0x00000961       0x31 C:/Freescale/CW MCU v10.6/MCU/ARM_GCC_Support/ewl/lib/armv6-m\libc.a(exit.o)
 .ARM.attributes
                0x00000992       0x31 C:/Freescale/CW MCU v10.6/MCU/ARM_GCC_Support/ewl/lib/armv6-m\libc.a(qsort.o)
 .ARM.attributes
                0x000009c3       0x31 C:/Freescale/CW MCU v10.6/MCU/ARM_GCC_Support/ewl/lib/armv6-m\libc.a(memcpy.o)
 .ARM.attributes
                0x000009f4       0x31 C:/Freescale/CW MCU v10.6/MCU/ARM_GCC_Support/ewl/lib/armv6-m\libc.a(memset.o)
 .ARM.attributes
                0x00000a25       0x31 C:/Freescale/CW MCU v10.6/MCU/ARM_GCC_Support/ewl/lib/armv6-m\libc.a(strchr.o)
 .ARM.attributes
                0x00000a56       0x31 C:/Freescale/CW MCU v10.6/MCU/ARM_GCC_Support/ewl/lib/armv6-m\libc.a(strcmp.o)
 .ARM.attributes
                0x00000a87       0x31 C:/Freescale/CW MCU v10.6/MCU/ARM_GCC_Support/ewl/lib/armv6-m\libc.a(strlen.o)
 .ARM.attributes
                0x00000ab8       0x31 C:/Freescale/CW MCU v10.6/MCU/ARM_GCC_Support/ewl/lib/armv6-m\libc.a(strncmp.o)
 .ARM.attributes
                0x00000ae9       0x31 C:/Freescale/CW MCU v10.6/MCU/ARM_GCC_Support/ewl/lib/armv6-m\libc.a(printformat_.o)
 .ARM.attributes
                0x00000b1a       0x31 C:/Freescale/CW MCU v10.6/MCU/ARM_GCC_Support/ewl/lib/armv6-m\libc.a(scanformat_.o)
 .ARM.attributes
                0x00000b4b       0x31 C:/Freescale/CW MCU v10.6/MCU/ARM_GCC_Support/ewl/lib/armv6-m\libc.a(ctype_aeabi.o)
 .ARM.attributes
                0x00000b7c       0x31 C:/Freescale/CW MCU v10.6/MCU/ARM_GCC_Support/ewl/lib/armv6-m\libc.a(__strtoul.o)
 .ARM.attributes
                0x00000bad       0x31 C:/Freescale/CW MCU v10.6/MCU/ARM_GCC_Support/ewl/lib/armv6-m\libc.a(__filll_mem.o)
 .ARM.attributes
                0x00000bde       0x31 C:/Freescale/CW MCU v10.6/MCU/ARM_GCC_Support/ewl/lib/armv6-m\libc.a(memchr.o)
 .ARM.attributes
                0x00000c0f       0x31 C:/Freescale/CW MCU v10.6/MCU/ARM_GCC_Support/ewl/lib/armv6-m\libm.a(s_atan.o)
 .ARM.attributes
                0x00000c40       0x31 C:/Freescale/CW MCU v10.6/MCU/ARM_GCC_Support/ewl/lib/armv6-m\libm.a(w_sqrt.o)
 .ARM.attributes
                0x00000c71       0x31 C:/Freescale/CW MCU v10.6/MCU/ARM_GCC_Support/ewl/lib/armv6-m\libm.a(e_sqrt.o)
 .ARM.attributes
                0x00000ca2       0x31 C:/Freescale/CW MCU v10.6/MCU/ARM_GCC_Support/ewl/lib/armv6-m\libm.a(float.o)
 .ARM.attributes
                0x00000cd3       0x1e c:/freescale/cw mcu v10.6/cross_tools/arm-none-eabi-gcc-4_7_3/bin/../lib/gcc/arm-none-eabi/4.7.3/armv6-m\libgcc.a(_thumb1_case_sqi.o)
 .ARM.attributes
                0x00000cf1       0x1e c:/freescale/cw mcu v10.6/cross_tools/arm-none-eabi-gcc-4_7_3/bin/../lib/gcc/arm-none-eabi/4.7.3/armv6-m\libgcc.a(_thumb1_case_uqi.o)
 .ARM.attributes
                0x00000d0f       0x1e c:/freescale/cw mcu v10.6/cross_tools/arm-none-eabi-gcc-4_7_3/bin/../lib/gcc/arm-none-eabi/4.7.3/armv6-m\libgcc.a(_udivsi3.o)
 .ARM.attributes
                0x00000d2d       0x1e c:/freescale/cw mcu v10.6/cross_tools/arm-none-eabi-gcc-4_7_3/bin/../lib/gcc/arm-none-eabi/4.7.3/armv6-m\libgcc.a(_divsi3.o)
 .ARM.attributes
                0x00000d4b       0x1e c:/freescale/cw mcu v10.6/cross_tools/arm-none-eabi-gcc-4_7_3/bin/../lib/gcc/arm-none-eabi/4.7.3/armv6-m\libgcc.a(_dvmd_tls.o)
 .ARM.attributes
                0x00000d69       0x1e c:/freescale/cw mcu v10.6/cross_tools/arm-none-eabi-gcc-4_7_3/bin/../lib/gcc/arm-none-eabi/4.7.3/armv6-m\libgcc.a(_arm_cmpdf2.o)
 .ARM.attributes
                0x00000d87       0x2c c:/freescale/cw mcu v10.6/cross_tools/arm-none-eabi-gcc-4_7_3/bin/../lib/gcc/arm-none-eabi/4.7.3/armv6-m\libgcc.a(addsf3.o)
 .ARM.attributes
                0x00000db3       0x2c c:/freescale/cw mcu v10.6/cross_tools/arm-none-eabi-gcc-4_7_3/bin/../lib/gcc/arm-none-eabi/4.7.3/armv6-m\libgcc.a(mulsf3.o)
 .ARM.attributes
                0x00000ddf       0x2c c:/freescale/cw mcu v10.6/cross_tools/arm-none-eabi-gcc-4_7_3/bin/../lib/gcc/arm-none-eabi/4.7.3/armv6-m\libgcc.a(fixsfsi.o)
 .ARM.attributes
                0x00000e0b       0x2c c:/freescale/cw mcu v10.6/cross_tools/arm-none-eabi-gcc-4_7_3/bin/../lib/gcc/arm-none-eabi/4.7.3/armv6-m\libgcc.a(floatsisf.o)
 .ARM.attributes
                0x00000e37       0x2c c:/freescale/cw mcu v10.6/cross_tools/arm-none-eabi-gcc-4_7_3/bin/../lib/gcc/arm-none-eabi/4.7.3/armv6-m\libgcc.a(adddf3.o)
 .ARM.attributes
                0x00000e63       0x2c c:/freescale/cw mcu v10.6/cross_tools/arm-none-eabi-gcc-4_7_3/bin/../lib/gcc/arm-none-eabi/4.7.3/armv6-m\libgcc.a(divdf3.o)
 .ARM.attributes
                0x00000e8f       0x2c c:/freescale/cw mcu v10.6/cross_tools/arm-none-eabi-gcc-4_7_3/bin/../lib/gcc/arm-none-eabi/4.7.3/armv6-m\libgcc.a(eqdf2.o)
 .ARM.attributes
                0x00000ebb       0x2c c:/freescale/cw mcu v10.6/cross_tools/arm-none-eabi-gcc-4_7_3/bin/../lib/gcc/arm-none-eabi/4.7.3/armv6-m\libgcc.a(gedf2.o)
 .ARM.attributes
                0x00000ee7       0x2c c:/freescale/cw mcu v10.6/cross_tools/arm-none-eabi-gcc-4_7_3/bin/../lib/gcc/arm-none-eabi/4.7.3/armv6-m\libgcc.a(ledf2.o)
 .ARM.attributes
                0x00000f13       0x2c c:/freescale/cw mcu v10.6/cross_tools/arm-none-eabi-gcc-4_7_3/bin/../lib/gcc/arm-none-eabi/4.7.3/armv6-m\libgcc.a(muldf3.o)
 .ARM.attributes
                0x00000f3f       0x2c c:/freescale/cw mcu v10.6/cross_tools/arm-none-eabi-gcc-4_7_3/bin/../lib/gcc/arm-none-eabi/4.7.3/armv6-m\libgcc.a(subdf3.o)
 .ARM.attributes
                0x00000f6b       0x2c c:/freescale/cw mcu v10.6/cross_tools/arm-none-eabi-gcc-4_7_3/bin/../lib/gcc/arm-none-eabi/4.7.3/armv6-m\libgcc.a(fixdfsi.o)
 .ARM.attributes
                0x00000f97       0x2c c:/freescale/cw mcu v10.6/cross_tools/arm-none-eabi-gcc-4_7_3/bin/../lib/gcc/arm-none-eabi/4.7.3/armv6-m\libgcc.a(floatsidf.o)
 .ARM.attributes
                0x00000fc3       0x2c c:/freescale/cw mcu v10.6/cross_tools/arm-none-eabi-gcc-4_7_3/bin/../lib/gcc/arm-none-eabi/4.7.3/armv6-m\libgcc.a(extendsfdf2.o)
 .ARM.attributes
                0x00000fef       0x2c c:/freescale/cw mcu v10.6/cross_tools/arm-none-eabi-gcc-4_7_3/bin/../lib/gcc/arm-none-eabi/4.7.3/armv6-m\libgcc.a(truncdfsf2.o)
 .ARM.attributes
                0x0000101b       0x1e c:/freescale/cw mcu v10.6/cross_tools/arm-none-eabi-gcc-4_7_3/bin/../lib/gcc/arm-none-eabi/4.7.3/armv6-m\libgcc.a(_clzsi2.o)
 .ARM.attributes
                0x00001039       0x31 C:/Freescale/CW MCU v10.6/MCU/ARM_GCC_Support/ewl/lib/armv6-m\librt.a(gcc_ctor_dtor.o)
 .ARM.attributes
                0x0000106a       0x31 C:/Freescale/CW MCU v10.6/MCU/ARM_GCC_Support/ewl/lib/armv6-m\librt.a(ROMCopy.o)
 .ARM.attributes
                0x0000109b       0x31 C:/Freescale/CW MCU v10.6/MCU/ARM_GCC_Support/ewl/lib/armv6-m\librt.a(__arm_eabi_init.o)
 .ARM.attributes
                0x000010cc       0x31 C:/Freescale/CW MCU v10.6/MCU/ARM_GCC_Support/ewl/lib/armv6-m\libc.a(errno.o)
OUTPUT(FRDM_RTOS_TestCar_V1.2.elf elf32-littlearm)

.debug_info     0x00000000    0x12b41
 .debug_info    0x00000000     0x1606 ./Generated_Code/tasks.o
 .debug_info    0x00001606      0xde1 ./Generated_Code/queue.o
 .debug_info    0x000023e7      0x2c8 ./Generated_Code/port.o
 .debug_info    0x000026af      0x2bf ./Generated_Code/list.o
 .debug_info    0x0000296e      0x314 ./Generated_Code/heap_4.o
 .debug_info    0x00002c82      0x13c ./Generated_Code/WAIT1.o
 .debug_info    0x00002dbe      0x10b ./Generated_Code/Vectors.o
 .debug_info    0x00002ec9     0x19c9 ./Generated_Code/UTIL1.o
 .debug_info    0x00004892      0x42d ./Generated_Code/TofCE3.o
 .debug_info    0x00004cbf      0x42d ./Generated_Code/TofCE2.o
 .debug_info    0x000050ec      0x42d ./Generated_Code/TofCE1.o
 .debug_info    0x00005519      0x6fc ./Generated_Code/TU2.o
 .debug_info    0x00005c15      0x6fc ./Generated_Code/TU1.o
 .debug_info    0x00006311       0x92 ./Generated_Code/TSK1.o
 .debug_info    0x000063a3       0xf8 ./Generated_Code/RED.o
 .debug_info    0x0000649b      0x2d3 ./Generated_Code/PwmLdd4.o
 .debug_info    0x0000676e      0x2d3 ./Generated_Code/PwmLdd3.o
 .debug_info    0x00006a41      0x2d3 ./Generated_Code/PwmLdd2.o
 .debug_info    0x00006d14      0x2d3 ./Generated_Code/PwmLdd1.o
 .debug_info    0x00006fe7      0x255 ./Generated_Code/PE_LDD.o
 .debug_info    0x0000723c      0x714 ./Generated_Code/MMA1.o
 .debug_info    0x00007950       0xf8 ./Generated_Code/LED_GREEN.o
 .debug_info    0x00007a48      0x644 ./Generated_Code/GI2C2.o
 .debug_info    0x0000808c      0x644 ./Generated_Code/GI2C1.o
 .debug_info    0x000086d0      0x3a0 ./Generated_Code/DIR_RIGHT1.o
 .debug_info    0x00008a70      0x3a0 ./Generated_Code/DIR_RIGHT.o
 .debug_info    0x00008e10      0x3a0 ./Generated_Code/DIR_LEFT1.o
 .debug_info    0x000091b0      0x3a0 ./Generated_Code/DIR_LEFT.o
 .debug_info    0x00009550      0xc27 ./Generated_Code/Cpu.o
 .debug_info    0x0000a177      0xa47 ./Generated_Code/CLS1.o
 .debug_info    0x0000abbe      0x89b ./Generated_Code/CI2C2.o
 .debug_info    0x0000b459      0x89b ./Generated_Code/CI2C1.o
 .debug_info    0x0000bcf4      0x392 ./Generated_Code/BitIoLdd4.o
 .debug_info    0x0000c086      0x392 ./Generated_Code/BitIoLdd3.o
 .debug_info    0x0000c418      0x970 ./Generated_Code/AdcLdd1.o
 .debug_info    0x0000cd88      0x899 ./Generated_Code/ASerialLdd1.o
 .debug_info    0x0000d621      0x536 ./Generated_Code/AS1.o
 .debug_info    0x0000db57      0x278 ./Generated_Code/AD1.o
 .debug_info    0x0000ddcf      0x12a ./Project_Settings/Startup_Code/__arm_start.o
 .debug_info    0x0000def9       0x54 ./Project_Settings/Startup_Code/__arm_end.o
 .debug_info    0x0000df4d      0x3b0 ./Sources/serial_communication.o
 .debug_info    0x0000e2fd      0x1d6 ./Sources/pid.o
 .debug_info    0x0000e4d3      0x322 ./Sources/motor.o
 .debug_info    0x0000e7f5       0x96 ./Sources/main.o
 .debug_info    0x0000e88b      0x322 ./Sources/frtos_tasks.o
 .debug_info    0x0000ebad      0x53d ./Sources/driving.o
 .debug_info    0x0000f0ea      0x936 ./Sources/VL6180X.o
 .debug_info    0x0000fa20      0x720 ./Sources/L3G.o
 .debug_info    0x00010140      0x1c4 ./Sources/Events.o
 .debug_info    0x00010304       0xe8 C:/Freescale/CW MCU v10.6/MCU/ARM_GCC_Support/ewl/lib/armv6-m\libc.a(exit.o)
 .debug_info    0x000103ec      0x1fc C:/Freescale/CW MCU v10.6/MCU/ARM_GCC_Support/ewl/lib/armv6-m\libc.a(qsort.o)
 .debug_info    0x000105e8      0x10f C:/Freescale/CW MCU v10.6/MCU/ARM_GCC_Support/ewl/lib/armv6-m\libc.a(memcpy.o)
 .debug_info    0x000106f7       0xec C:/Freescale/CW MCU v10.6/MCU/ARM_GCC_Support/ewl/lib/armv6-m\libc.a(memset.o)
 .debug_info    0x000107e3      0x10b C:/Freescale/CW MCU v10.6/MCU/ARM_GCC_Support/ewl/lib/armv6-m\libc.a(strchr.o)
 .debug_info    0x000108ee      0x114 C:/Freescale/CW MCU v10.6/MCU/ARM_GCC_Support/ewl/lib/armv6-m\libc.a(strcmp.o)
 .debug_info    0x00010a02       0xea C:/Freescale/CW MCU v10.6/MCU/ARM_GCC_Support/ewl/lib/armv6-m\libc.a(strlen.o)
 .debug_info    0x00010aec      0x141 C:/Freescale/CW MCU v10.6/MCU/ARM_GCC_Support/ewl/lib/armv6-m\libc.a(strncmp.o)
 .debug_info    0x00010c2d      0x50d C:/Freescale/CW MCU v10.6/MCU/ARM_GCC_Support/ewl/lib/armv6-m\libc.a(printformat_.o)
 .debug_info    0x0001113a      0x568 C:/Freescale/CW MCU v10.6/MCU/ARM_GCC_Support/ewl/lib/armv6-m\libc.a(scanformat_.o)
 .debug_info    0x000116a2      0x313 C:/Freescale/CW MCU v10.6/MCU/ARM_GCC_Support/ewl/lib/armv6-m\libc.a(ctype_aeabi.o)
 .debug_info    0x000119b5      0x1d6 C:/Freescale/CW MCU v10.6/MCU/ARM_GCC_Support/ewl/lib/armv6-m\libc.a(__strtoul.o)
 .debug_info    0x00011b8b      0x137 C:/Freescale/CW MCU v10.6/MCU/ARM_GCC_Support/ewl/lib/armv6-m\libc.a(__filll_mem.o)
 .debug_info    0x00011cc2      0x121 C:/Freescale/CW MCU v10.6/MCU/ARM_GCC_Support/ewl/lib/armv6-m\libc.a(memchr.o)
 .debug_info    0x00011de3      0x23a C:/Freescale/CW MCU v10.6/MCU/ARM_GCC_Support/ewl/lib/armv6-m\libm.a(s_atan.o)
 .debug_info    0x0001201d       0xb3 C:/Freescale/CW MCU v10.6/MCU/ARM_GCC_Support/ewl/lib/armv6-m\libm.a(w_sqrt.o)
 .debug_info    0x000120d0      0x266 C:/Freescale/CW MCU v10.6/MCU/ARM_GCC_Support/ewl/lib/armv6-m\libm.a(e_sqrt.o)
 .debug_info    0x00012336      0x1e4 C:/Freescale/CW MCU v10.6/MCU/ARM_GCC_Support/ewl/lib/armv6-m\libm.a(float.o)
 .debug_info    0x0001251a      0x136 C:/Freescale/CW MCU v10.6/MCU/ARM_GCC_Support/ewl/lib/armv6-m\librt.a(gcc_ctor_dtor.o)
 .debug_info    0x00012650      0x19b C:/Freescale/CW MCU v10.6/MCU/ARM_GCC_Support/ewl/lib/armv6-m\librt.a(ROMCopy.o)
 .debug_info    0x000127eb      0x2b9 C:/Freescale/CW MCU v10.6/MCU/ARM_GCC_Support/ewl/lib/armv6-m\librt.a(__arm_eabi_init.o)
 .debug_info    0x00012aa4       0x9d C:/Freescale/CW MCU v10.6/MCU/ARM_GCC_Support/ewl/lib/armv6-m\libc.a(errno.o)

.debug_abbrev   0x00000000     0x4985
 .debug_abbrev  0x00000000      0x1bf ./Generated_Code/tasks.o
 .debug_abbrev  0x000001bf      0x15f ./Generated_Code/queue.o
 .debug_abbrev  0x0000031e      0x12c ./Generated_Code/port.o
 .debug_abbrev  0x0000044a       0xb6 ./Generated_Code/list.o
 .debug_abbrev  0x00000500      0x168 ./Generated_Code/heap_4.o
 .debug_abbrev  0x00000668       0xa3 ./Generated_Code/WAIT1.o
 .debug_abbrev  0x0000070b       0xa3 ./Generated_Code/Vectors.o
 .debug_abbrev  0x000007ae      0x14f ./Generated_Code/UTIL1.o
 .debug_abbrev  0x000008fd      0x160 ./Generated_Code/TofCE3.o