Archive member included because of file (symbol)

C:/Freescale/CW MCU v10.6/MCU/ARM_GCC_Support/ewl/lib/armv6-m\libc.a(exit.o)
                              ./Project_Settings/Startup_Code/__arm_start.o (exit)
C:/Freescale/CW MCU v10.6/MCU/ARM_GCC_Support/ewl/lib/armv6-m\libc.a(qsort.o)
                              ./Sources/L3G.o (qsort)
C:/Freescale/CW MCU v10.6/MCU/ARM_GCC_Support/ewl/lib/armv6-m\libc.a(memcpy.o)
                              ./Generated_Code/queue.o (memcpy)
C:/Freescale/CW MCU v10.6/MCU/ARM_GCC_Support/ewl/lib/armv6-m\libc.a(memset.o)
                              ./Generated_Code/tasks.o (memset)
C:/Freescale/CW MCU v10.6/MCU/ARM_GCC_Support/ewl/lib/armv6-m\libc.a(strchr.o)
                              ./Generated_Code/UTIL1.o (strchr)
C:/Freescale/CW MCU v10.6/MCU/ARM_GCC_Support/ewl/lib/armv6-m\libc.a(strcmp.o)
                              ./Generated_Code/CLS1.o (strcmp)
C:/Freescale/CW MCU v10.6/MCU/ARM_GCC_Support/ewl/lib/armv6-m\libc.a(strlen.o)
                              ./Generated_Code/UTIL1.o (strlen)
C:/Freescale/CW MCU v10.6/MCU/ARM_GCC_Support/ewl/lib/armv6-m\libc.a(strncmp.o)
                              ./Generated_Code/UTIL1.o (strncmp)
C:/Freescale/CW MCU v10.6/MCU/ARM_GCC_Support/ewl/lib/armv6-m\libc.a(printformat_.o)
                              (__pformatter_)
C:/Freescale/CW MCU v10.6/MCU/ARM_GCC_Support/ewl/lib/armv6-m\libc.a(scanformat_.o)
                              (__sformatter)
C:/Freescale/CW MCU v10.6/MCU/ARM_GCC_Support/ewl/lib/armv6-m\libc.a(ctype_aeabi.o)
                              C:/Freescale/CW MCU v10.6/MCU/ARM_GCC_Support/ewl/lib/armv6-m\libc.a(scanformat_.o) (isspace)
C:/Freescale/CW MCU v10.6/MCU/ARM_GCC_Support/ewl/lib/armv6-m\libc.a(__strtoul.o)
                              C:/Freescale/CW MCU v10.6/MCU/ARM_GCC_Support/ewl/lib/armv6-m\libc.a(scanformat_.o) (__strtoul)
C:/Freescale/CW MCU v10.6/MCU/ARM_GCC_Support/ewl/lib/armv6-m\libc.a(__filll_mem.o)
                              C:/Freescale/CW MCU v10.6/MCU/ARM_GCC_Support/ewl/lib/armv6-m\libc.a(memset.o) (__fill_mem)
C:/Freescale/CW MCU v10.6/MCU/ARM_GCC_Support/ewl/lib/armv6-m\libc.a(memchr.o)
                              C:/Freescale/CW MCU v10.6/MCU/ARM_GCC_Support/ewl/lib/armv6-m\libc.a(printformat_.o) (memchr)
C:/Freescale/CW MCU v10.6/MCU/ARM_GCC_Support/ewl/lib/armv6-m\libm.a(s_atan.o)
                              ./Sources/L3G.o (atan)
C:/Freescale/CW MCU v10.6/MCU/ARM_GCC_Support/ewl/lib/armv6-m\libm.a(w_sqrt.o)
                              ./Sources/L3G.o (sqrt)
C:/Freescale/CW MCU v10.6/MCU/ARM_GCC_Support/ewl/lib/armv6-m\libm.a(e_sqrt.o)
                              C:/Freescale/CW MCU v10.6/MCU/ARM_GCC_Support/ewl/lib/armv6-m\libm.a(w_sqrt.o) (__ieee754_sqrt)
C:/Freescale/CW MCU v10.6/MCU/ARM_GCC_Support/ewl/lib/armv6-m\libm.a(float.o)
                              C:/Freescale/CW MCU v10.6/MCU/ARM_GCC_Support/ewl/lib/armv6-m\libm.a(e_sqrt.o) (__double_nan)
c:/freescale/cw mcu v10.6/cross_tools/arm-none-eabi-gcc-4_7_3/bin/../lib/gcc/arm-none-eabi/4.7.3/armv6-m\libgcc.a(_thumb1_case_sqi.o)
                              C:/Freescale/CW MCU v10.6/MCU/ARM_GCC_Support/ewl/lib/armv6-m\libc.a(__strtoul.o) (__gnu_thumb1_case_sqi)
c:/freescale/cw mcu v10.6/cross_tools/arm-none-eabi-gcc-4_7_3/bin/../lib/gcc/arm-none-eabi/4.7.3/armv6-m\libgcc.a(_thumb1_case_uqi.o)
                              C:/Freescale/CW MCU v10.6/MCU/ARM_GCC_Support/ewl/lib/armv6-m\libc.a(scanformat_.o) (__gnu_thumb1_case_uqi)
c:/freescale/cw mcu v10.6/cross_tools/arm-none-eabi-gcc-4_7_3/bin/../lib/gcc/arm-none-eabi/4.7.3/armv6-m\libgcc.a(_udivsi3.o)
                              ./Generated_Code/UTIL1.o (__aeabi_uidiv)
c:/freescale/cw mcu v10.6/cross_tools/arm-none-eabi-gcc-4_7_3/bin/../lib/gcc/arm-none-eabi/4.7.3/armv6-m\libgcc.a(_divsi3.o)
                              ./Generated_Code/UTIL1.o (__aeabi_idiv)
c:/freescale/cw mcu v10.6/cross_tools/arm-none-eabi-gcc-4_7_3/bin/../lib/gcc/arm-none-eabi/4.7.3/armv6-m\libgcc.a(_dvmd_tls.o)
                              c:/freescale/cw mcu v10.6/cross_tools/arm-none-eabi-gcc-4_7_3/bin/../lib/gcc/arm-none-eabi/4.7.3/armv6-m\libgcc.a(_udivsi3.o) (__aeabi_idiv0)
c:/freescale/cw mcu v10.6/cross_tools/arm-none-eabi-gcc-4_7_3/bin/../lib/gcc/arm-none-eabi/4.7.3/armv6-m\libgcc.a(_arm_cmpdf2.o)
                              C:/Freescale/CW MCU v10.6/MCU/ARM_GCC_Support/ewl/lib/armv6-m\libm.a(s_atan.o) (__aeabi_dcmpgt)
c:/freescale/cw mcu v10.6/cross_tools/arm-none-eabi-gcc-4_7_3/bin/../lib/gcc/arm-none-eabi/4.7.3/armv6-m\libgcc.a(_arm_cmpsf2.o)
                              ./Generated_Code/UTIL1.o (__aeabi_fcmplt)
c:/freescale/cw mcu v10.6/cross_tools/arm-none-eabi-gcc-4_7_3/bin/../lib/gcc/arm-none-eabi/4.7.3/armv6-m\libgcc.a(_fixunssfsi.o)
                              ./Generated_Code/UTIL1.o (__aeabi_f2uiz)
c:/freescale/cw mcu v10.6/cross_tools/arm-none-eabi-gcc-4_7_3/bin/../lib/gcc/arm-none-eabi/4.7.3/armv6-m\libgcc.a(addsf3.o)
[...]
Memory Configuration

Name             Origin             Length             Attributes
m_interrupts     0x00000000         0x000000c0         xr
m_text           0x00000410         0x0001fbf0         xr
m_data           0x1ffff000         0x00004000         rw
m_cfmprotrom     0x00000400         0x00000010         xr
*default*        0x00000000         0xffffffff

Linker script and memory map

LOAD ./Generated_Code/timers.o
LOAD ./Generated_Code/tasks.o
LOAD ./Generated_Code/queue.o
LOAD ./Generated_Code/portasm.o
LOAD ./Generated_Code/port.o
LOAD ./Generated_Code/list.o
LOAD ./Generated_Code/heap_5.o
LOAD ./Generated_Code/heap_4.o
LOAD ./Generated_Code/heap_3.o
LOAD ./Generated_Code/heap_2.o
LOAD ./Generated_Code/heap_1.o
LOAD ./Generated_Code/event_groups.o
LOAD ./Generated_Code/croutine.o
LOAD ./Generated_Code/Watermark.o
LOAD ./Generated_Code/WAIT1.o
LOAD ./Generated_Code/Vectors.o
LOAD ./Generated_Code/UTIL1.o
LOAD ./Generated_Code/TofCE3.o
LOAD ./Generated_Code/TofCE2.o
LOAD ./Generated_Code/TofCE1.o
LOAD ./Generated_Code/TU2.o
LOAD ./Generated_Code/TU1.o
LOAD ./Generated_Code/TSK1.o
LOAD ./Generated_Code/Serial1.o
LOAD ./Generated_Code/RED.o
LOAD ./Generated_Code/PwmLdd4.o
LOAD ./Generated_Code/PwmLdd3.o
LOAD ./Generated_Code/PwmLdd2.o
LOAD ./Generated_Code/PwmLdd1.o
LOAD ./Generated_Code/PWM_Servo.o
LOAD ./Generated_Code/PWM_RIGHT.o
LOAD ./Generated_Code/PWM_LEFT.o
LOAD ./Generated_Code/PWM_Gyro.o
LOAD ./Generated_Code/PE_LDD.o
LOAD ./Generated_Code/MMA1.o
LOAD ./Generated_Code/LEDpin4.o
LOAD ./Generated_Code/LEDpin3.o
LOAD ./Generated_Code/LED_GREEN.o
LOAD ./Generated_Code/KSDK1.o
LOAD ./Generated_Code/GI2C2.o
LOAD ./Generated_Code/GI2C1.o
LOAD ./Generated_Code/FRTOS1.o
LOAD ./Generated_Code/DIR_RIGHT1.o
LOAD ./Generated_Code/DIR_RIGHT.o
LOAD ./Generated_Code/DIR_LEFT1.o
LOAD ./Generated_Code/DIR_LEFT.o
LOAD ./Generated_Code/Cpu.o
LOAD ./Generated_Code/CS1.o
LOAD ./Generated_Code/CLS1.o
LOAD ./Generated_Code/CI2C2.o
LOAD ./Generated_Code/CI2C1.o
LOAD ./Generated_Code/BitIoLdd4.o
LOAD ./Generated_Code/BitIoLdd3.o
LOAD ./Generated_Code/BitIoLdd1.o
LOAD ./Generated_Code/BT_EN.o
LOAD ./Generated_Code/BTState1.o
LOAD ./Generated_Code/BT1.o
LOAD ./Generated_Code/AdcLdd1.o
LOAD ./Generated_Code/ASerialLdd2.o
LOAD ./Generated_Code/ASerialLdd1.o
LOAD ./Generated_Code/AS1.o
LOAD ./Generated_Code/AD1.o
LOAD ./Project_Settings/Startup_Code/__arm_start.o
LOAD ./Project_Settings/Startup_Code/__arm_end.o
LOAD ./Sources/serial_communication.o
LOAD ./Sources/sa_mtb.o
LOAD ./Sources/pid.o
LOAD ./Sources/motor.o
LOAD ./Sources/main.o
LOAD ./Sources/frtos_tasks.o
LOAD ./Sources/driving.o
LOAD ./Sources/VL6180X.o
LOAD ./Sources/L3G.o
LOAD ./Sources/Events.o
                0x0000d4c8                __pformatter = __pformatter_
                [0x0000d8f0]                __sformatter = __sformatter
START GROUP
LOAD C:/Freescale/CW MCU v10.6/MCU/ARM_GCC_Support/ewl/lib/armv6-m\libc.a
LOAD C:/Freescale/CW MCU v10.6/MCU/ARM_GCC_Support/ewl/lib/armv6-m\libm.a
LOAD c:/freescale/cw mcu v10.6/cross_tools/arm-none-eabi-gcc-4_7_3/bin/../lib/gcc/arm-none-eabi/4.7.3/armv6-m\libgcc.a
LOAD C:/Freescale/CW MCU v10.6/MCU/ARM_GCC_Support/ewl/lib/armv6-m\librt.a
LOAD C:/Freescale/CW MCU v10.6/MCU/ARM_GCC_Support/ewl/lib/armv6-m\libuart.a
END GROUP
                0x20003000                _estack = 0x20003000
                0x20003000                __SP_INIT = _estack
                0x00000000                __heap_size = 0x0
                0x00000400                __stack_size = 0x400

.interrupts     0x00000000       0xc0
                0x00000000                __vector_table = .
                0x00000000                . = ALIGN (0x4)
 *(.vectortable)
 .vectortable   0x00000000       0xc0 ./Generated_Code/Vectors.o
                0x00000000                __vect_table
                0x000000c0                . = ALIGN (0x4)

.cfmprotect     0x00000400       0x10
                0x00000400                . = ALIGN (0x4)
 *(.cfmconfig)
 .cfmconfig     0x00000400       0x10 ./Generated_Code/Cpu.o
                0x00000400                _cfm
                0x00000410                . = ALIGN (0x4)

.text           0x00000410     0xed60
                0x00000410                . = ALIGN (0x4)
 *(.text)
 .text          0x00000410       0x14 c:/freescale/cw mcu v10.6/cross_tools/arm-none-eabi-gcc-4_7_3/bin/../lib/gcc/arm-none-eabi/4.7.3/armv6-m\libgcc.a(_thumb1_case_sqi.o)
                0x00000410                __gnu_thumb1_case_sqi
 .text          0x00000424       0x14 c:/freescale/cw mcu v10.6/cross_tools/arm-none-eabi-gcc-4_7_3/bin/../lib/gcc/arm-none-eabi/4.7.3/armv6-m\libgcc.a(_thumb1_case_uqi.o)
                0x00000424                __gnu_thumb1_case_uqi
 .text          0x00000438       0x9c c:/freescale/cw mcu v10.6/cross_tools/arm-none-eabi-gcc-4_7_3/bin/../lib/gcc/arm-none-eabi/4.7.3/armv6-m\libgcc.a(_udivsi3.o)
                0x00000438                __aeabi_uidiv
                0x00000438                __udivsi3
                0x000004c0                __aeabi_uidivmod
 .text          0x000004d4       0xc0 c:/freescale/cw mcu v10.6/cross_tools/arm-none-eabi-gcc-4_7_3/bin/../lib/gcc/arm-none-eabi/4.7.3/armv6-m\libgcc.a(_divsi3.o)
                0x000004d4                __divsi3
                0x000004d4                __aeabi_idiv
                0x00000580                __aeabi_idivmod
 .text          0x00000594        0x4 c:/freescale/cw mcu v10.6/cross_tools/arm-none-eabi-gcc-4_7_3/bin/../lib/gcc/arm-none-eabi/4.7.3/armv6-m\libgcc.a(_dvmd_tls.o)
                0x00000594                __aeabi_idiv0
                0x00000594                __aeabi_ldiv0
 .text          0x00000598       0x7c c:/freescale/cw mcu v10.6/cross_tools/arm-none-eabi-gcc-4_7_3/bin/../lib/gcc/arm-none-eabi/4.7.3/armv6-m\libgcc.a(_arm_cmpdf2.o)
                0x00000598                __aeabi_cdrcmple
                0x000005a8                __aeabi_cdcmple
                0x000005a8                __aeabi_cdcmpeq
                0x000005b8                __aeabi_dcmpeq
                0x000005c4                __aeabi_dcmplt
                0x000005d8                __aeabi_dcmple
                0x000005ec                __aeabi_dcmpgt
                0x00000600                __aeabi_dcmpge
 .text          0x00000614      0x3a4 c:/freescale/cw mcu v10.6/cross_tools/arm-none-eabi-gcc-4_7_3/bin/../lib/gcc/arm-none-eabi/4.7.3/armv6-m\libgcc.a(addsf3.o)
                0x00000614                __aeabi_fadd
 .text          0x000009b8      0x260 c:/freescale/cw mcu v10.6/cross_tools/arm-none-eabi-gcc-4_7_3/bin/../lib/gcc/arm-none-eabi/4.7.3/armv6-m\libgcc.a(mulsf3.o)
                0x000009b8                __aeabi_fmul
 .text          0x00000c18       0x40 c:/freescale/cw mcu v10.6/cross_tools/arm-none-eabi-gcc-4_7_3/bin/../lib/gcc/arm-none-eabi/4.7.3/armv6-m\libgcc.a(fixsfsi.o)
                0x00000c18                __aeabi_f2iz
 .text          0x00000c58       0xa8 c:/freescale/cw mcu v10.6/cross_tools/arm-none-eabi-gcc-4_7_3/bin/../lib/gcc/arm-none-eabi/4.7.3/armv6-m\libgcc.a(floatsisf.o)
                0x00000c58                __aeabi_i2f
 .text          0x00000d00      0x758 c:/freescale/cw mcu v10.6/cross_tools/arm-none-eabi-gcc-4_7_3/bin/../lib/gcc/arm-none-eabi/4.7.3/armv6-m\libgcc.a(adddf3.o)
                0x00000d00                __aeabi_dadd
 .text          0x00001458      0x5b8 c:/freescale/cw mcu v10.6/cross_tools/arm-none-eabi-gcc-4_7_3/bin/../lib/gcc/arm-none-eabi/4.7.3/armv6-m\libgcc.a(divdf3.o)
                0x00001458                __aeabi_ddiv
 .text          0x00001a10       0x7c c:/freescale/cw mcu v10.6/cross_tools/arm-none-eabi-gcc-4_7_3/bin/../lib/gcc/arm-none-eabi/4.7.3/armv6-m\libgcc.a(eqdf2.o)
                0x00001a10                __nedf2
                0x00001a10                __eqdf2
 .text          0x00001a8c       0xe8 c:/freescale/cw mcu v10.6/cross_tools/arm-none-eabi-gcc-4_7_3/bin/../lib/gcc/arm-none-eabi/4.7.3/armv6-m\libgcc.a(gedf2.o)
                0x00001a8c                __gedf2
                0x00001a8c                __gtdf2
 .text          0x00001b74       0xd8 c:/freescale/cw mcu v10.6/cross_tools/arm-none-eabi-gcc-4_7_3/bin/../lib/gcc/arm-none-eabi/4.7.3/armv6-m\libgcc.a(ledf2.o)
                0x00001b74                __ledf2
                0x00001b74                __ltdf2
 .text          0x00001c4c      0x4e4 c:/freescale/cw mcu v10.6/cross_tools/arm-none-eabi-gcc-4_7_3/bin/../lib/gcc/arm-none-eabi/4.7.3/armv6-m\libgcc.a(muldf3.o)
                0x00001c4c                __aeabi_dmul
 .text          0x00002130      0x6f8 c:/freescale/cw mcu v10.6/cross_tools/arm-none-eabi-gcc-4_7_3/bin/../lib/gcc/arm-none-eabi/4.7.3/armv6-m\libgcc.a(subdf3.o)
                0x00002130                __aeabi_dsub
 .text          0x00002828       0x68 c:/freescale/cw mcu v10.6/cross_tools/arm-none-eabi-gcc-4_7_3/bin/../lib/gcc/arm-none-eabi/4.7.3/armv6-m\libgcc.a(fixdfsi.o)
                0x00002828                __aeabi_d2iz
 .text          0x00002890       0x74 c:/freescale/cw mcu v10.6/cross_tools/arm-none-eabi-gcc-4_7_3/bin/../lib/gcc/arm-none-eabi/4.7.3/armv6-m\libgcc.a(floatsidf.o)
                0x00002890                __aeabi_i2d
 .text          0x00002904       0xa8 c:/freescale/cw mcu v10.6/cross_tools/arm-none-eabi-gcc-4_7_3/bin/../lib/gcc/arm-none-eabi/4.7.3/armv6-m\libgcc.a(extendsfdf2.o)
                0x00002904                __aeabi_f2d
 .text          0x000029ac      0x134 c:/freescale/cw mcu v10.6/cross_tools/arm-none-eabi-gcc-4_7_3/bin/../lib/gcc/arm-none-eabi/4.7.3/armv6-m\libgcc.a(truncdfsf2.o)
                0x000029ac                __aeabi_d2f
 .text          0x00002ae0       0x3c c:/freescale/cw mcu v10.6/cross_tools/arm-none-eabi-gcc-4_7_3/bin/../lib/gcc/arm-none-eabi/4.7.3/armv6-m\libgcc.a(_clzsi2.o)
                0x00002ae0                __clzsi2
 *(.text*)
 .text.xTaskCreate
                0x00002b1c       0x90 ./Generated_Code/tasks.o
                0x00002b1c                xTaskCreate
 .text.prvInitialiseNewTask
                0x00002bac      0x10c ./Generated_Code/tasks.o
 .text.prvAddNewTaskToReadyList
                0x00002cb8       0xc4 ./Generated_Code/tasks.o
 .text.vTaskDelete
                0x00002d7c       0xc4 ./Generated_Code/tasks.o
                0x00002d7c                vTaskDelete
 .text.vTaskDelay
                0x00002e40       0x48 ./Generated_Code/tasks.o
                0x00002e40                vTaskDelay
 .text.vTaskSuspend
                0x00002e88       0xb4 ./Generated_Code/tasks.o
                0x00002e88                vTaskSuspend
 .text.vTaskStartScheduler
                0x00002f3c       0x6c ./Generated_Code/tasks.o
                0x00002f3c                vTaskStartScheduler
 .text.vTaskSuspendAll
                0x00002fa8       0x18 ./Generated_Code/tasks.o
                0x00002fa8                vTaskSuspendAll
 .text.xTaskResumeAll
                0x00002fc0      0x118 ./Generated_Code/tasks.o
                0x00002fc0                xTaskResumeAll
 .text.xTaskIncrementTick
                0x000030d8      0x17c ./Generated_Code/tasks.o
                0x000030d8                xTaskIncrementTick
 .text.vTaskSwitchContext
                0x00003254       0xc4 ./Generated_Code/tasks.o
                0x00003254                vTaskSwitchContext
 .text.vTaskPlaceOnEventList
                0x00003318       0x38 ./Generated_Code/tasks.o
                0x00003318                vTaskPlaceOnEventList
 .text.xTaskRemoveFromEventList
                0x00003350       0xb8 ./Generated_Code/tasks.o
                0x00003350                xTaskRemoveFromEventList
 .text.vTaskSetTimeOutState
                0x00003408       0x30 ./Generated_Code/tasks.o
                0x00003408                vTaskSetTimeOutState
 .text.xTaskCheckForTimeOut
                0x00003438       0x9c ./Generated_Code/tasks.o
                0x00003438                xTaskCheckForTimeOut
 .text.vTaskMissedYield
                0x000034d4       0x14 ./Generated_Code/tasks.o
                0x000034d4                vTaskMissedYield
 .text.prvIdleTask
                0x000034e8       0x24 ./Generated_Code/tasks.o
 .text.prvInitialiseTaskLists
                0x0000350c       0x88 ./Generated_Code/tasks.o
 .text.prvCheckTasksWaitingTermination
                0x00003594       0x74 ./Generated_Code/tasks.o
 .text.prvDeleteTCB
                0x00003608       0x20 ./Generated_Code/tasks.o
 .text.prvResetNextTaskUnblockTime
                0x00003628       0x44 ./Generated_Code/tasks.o
 .text.xTaskGetCurrentTaskHandle
                0x0000366c       0x1c ./Generated_Code/tasks.o
                0x0000366c                xTaskGetCurrentTaskHandle
 .text.xTaskGetSchedulerState
                0x00003688       0x38 ./Generated_Code/tasks.o
                0x00003688                xTaskGetSchedulerState
 .text.vTaskPriorityInherit
                0x000036c0       0xbc ./Generated_Code/tasks.o
                0x000036c0                vTaskPriorityInherit
 .text.xTaskPriorityDisinherit
                0x0000377c       0xb8 ./Generated_Code/tasks.o
                0x0000377c                xTaskPriorityDisinherit
 .text.pvTaskIncrementMutexHeldCount
                0x00003834       0x24 ./Generated_Code/tasks.o
                0x00003834                pvTaskIncrementMutexHeldCount
 .text.prvAddCurrentTaskToDelayedList
                0x00003858       0xa8 ./Generated_Code/tasks.o
 .text.xQueueGenericReset
                0x00003900       0xac ./Generated_Code/queue.o
                0x00003900                xQueueGenericReset
 .text.xQueueGenericCreate
                0x000039ac       0x64 ./Generated_Code/queue.o
                0x000039ac                xQueueGenericCreate
 .text.prvInitialiseNewQueue
                0x00003a10       0x44 ./Generated_Code/queue.o
 .text.prvInitialiseMutex
                0x00003a54       0x34 ./Generated_Code/queue.o
 .text.xQueueCreateMutex
                0x00003a88       0x3c ./Generated_Code/queue.o
                0x00003a88                xQueueCreateMutex
 .text.xQueueGiveMutexRecursive
                0x00003ac4       0x58 ./Generated_Code/queue.o
                0x00003ac4                xQueueGiveMutexRecursive
 .text.xQueueTakeMutexRecursive
                0x00003b1c       0x64 ./Generated_Code/queue.o
                0x00003b1c                xQueueTakeMutexRecursive
 .text.xQueueGenericSend
                0x00003b80      0x1a0 ./Generated_Code/queue.o
                0x00003b80                xQueueGenericSend
 .text.xQueueGenericReceive
                0x00003d20      0x1e0 ./Generated_Code/queue.o
                0x00003d20                xQueueGenericReceive
 .text.vQueueDelete
                0x00003f00       0x2c ./Generated_Code/queue.o
                0x00003f00                vQueueDelete
 .text.prvCopyDataToQueue
                0x00003f2c       0xe0 ./Generated_Code/queue.o
 .text.prvCopyDataFromQueue
                0x0000400c       0x50 ./Generated_Code/queue.o
 .text.prvUnlockQueue
                0x0000405c       0xc0 ./Generated_Code/queue.o
 .text.prvIsQueueEmpty
                0x0000411c       0x2c ./Generated_Code/queue.o
 .text.prvIsQueueFull
                0x00004148       0x30 ./Generated_Code/queue.o
 .text.vQueueAddToRegistry
                0x00004178       0x4c ./Generated_Code/queue.o
                0x00004178                vQueueAddToRegistry
 .text.vQueueUnregisterQueue
                0x000041c4       0x50 ./Generated_Code/queue.o
                0x000041c4                vQueueUnregisterQueue
 .text.pxPortInitialiseStack
                0x00004214       0x50 ./Generated_Code/port.o
                0x00004214                pxPortInitialiseStack
 .text.vPortInitTickTimer
                0x00004264       0x44 ./Generated_Code/port.o
                0x00004264                vPortInitTickTimer
 .text.vPortStartTickTimer
                0x000042a8       0x14 ./Generated_Code/port.o
                0x000042a8                vPortStartTickTimer
 .text.vPortStopTickTimer
                0x000042bc       0x14 ./Generated_Code/port.o
                0x000042bc                vPortStopTickTimer
 .text.xPortStartScheduler
                0x000042d0       0x34 ./Generated_Code/port.o
                0x000042d0                xPortStartScheduler
 .text.vPortEnterCritical
                0x00004304       0x20 ./Generated_Code/port.o
                0x00004304                vPortEnterCritical
 .text.vPortExitCritical
                0x00004324       0x20 ./Generated_Code/port.o
                0x00004324                vPortExitCritical
 .text.vPortYieldFromISR
                0x00004344       0x1c ./Generated_Code/port.o
                0x00004344                vPortYieldFromISR
 .text.vPortTickHandler
                0x00004360       0x1c ./Generated_Code/port.o
                0x00004360                vPortTickHandler
 *fill*         0x0000437c        0x4 00
 .text.vPortStartFirstTask
                0x00004380       0x50 ./Generated_Code/port.o
                0x00004380                vPortStartFirstTask
 .text.vPortPendSVHandler
                0x000043d0       0x44 ./Generated_Code/port.o
                0x000043d0                vPortPendSVHandler
 .text.vListInitialise
                0x00004414       0x3c ./Generated_Code/list.o
                0x00004414                vListInitialise
 .text.vListInitialiseItem
                0x00004450       0x14 ./Generated_Code/list.o
                0x00004450                vListInitialiseItem
 .text.vListInsertEnd
                0x00004464       0x44 ./Generated_Code/list.o
                0x00004464                vListInsertEnd
 .text.vListInsert
                0x000044a8       0x6c ./Generated_Code/list.o
                0x000044a8                vListInsert
 .text.uxListRemove
                0x00004514       0x50 ./Generated_Code/list.o
                0x00004514                uxListRemove
 .text.pvPortMalloc
                0x00004564      0x160 ./Generated_Code/heap_4.o
                0x00004564                pvPortMalloc
 .text.vPortFree
                0x000046c4       0x94 ./Generated_Code/heap_4.o
                0x000046c4                vPortFree
 .text.prvHeapInit
                0x00004758       0xc4 ./Generated_Code/heap_4.o
 .text.prvInsertBlockIntoFreeList
                0x0000481c       0xac ./Generated_Code/heap_4.o
 .text.Watermark_Init
                0x000048c8       0x58 ./Generated_Code/Watermark.o
                0x000048c8                Watermark_Init
 .text.WAIT1_Wait10Cycles
                0x00004920        0x8 ./Generated_Code/WAIT1.o
                0x00004920                WAIT1_Wait10Cycles
 .text.WAIT1_Wait100Cycles
                0x00004928       0x24 ./Generated_Code/WAIT1.o
                0x00004928                WAIT1_Wait100Cycles
 .text.WAIT1_WaitCycles
                0x0000494c       0x44 ./Generated_Code/WAIT1.o
                0x0000494c                WAIT1_WaitCycles
 .text.WAIT1_WaitLongCycles
                0x00004990       0x3c ./Generated_Code/WAIT1.o
                0x00004990                WAIT1_WaitLongCycles
 .text.WAIT1_Waitms
                0x000049cc       0x38 ./Generated_Code/WAIT1.o
                0x000049cc                WAIT1_Waitms
 .text.UTIL1_strcpy
                0x00004a04       0x48 ./Generated_Code/UTIL1.o
                0x00004a04                UTIL1_strcpy
 .text.UTIL1_strcat
                0x00004a4c       0x64 ./Generated_Code/UTIL1.o
                0x00004a4c                UTIL1_strcat
 .text.UTIL1_Num8uToStr
                0x00004ab0       0x28 ./Generated_Code/UTIL1.o
                0x00004ab0                UTIL1_Num8uToStr
 .text.UTIL1_Num16uToStr
                0x00004ad8      0x138 ./Generated_Code/UTIL1.o
                0x00004ad8                UTIL1_Num16uToStr
 .text.UTIL1_Num16sToStr
                0x00004c10      0x1b8 ./Generated_Code/UTIL1.o
                0x00004c10                UTIL1_Num16sToStr
 .text.UTIL1_Num32sToStr
                0x00004dc8      0x194 ./Generated_Code/UTIL1.o
                0x00004dc8                UTIL1_Num32sToStr
 .text.UTIL1_xatoi
                0x00004f5c      0x1f0 ./Generated_Code/UTIL1.o
                0x00004f5c                UTIL1_xatoi
 .text.TofCE3_Init
                0x0000514c       0x64 ./Generated_Code/TofCE3.o
                0x0000514c                TofCE3_Init
 .text.TofCE3_SetInput
                0x000051b0       0x24 ./Generated_Code/TofCE3.o
                0x000051b0                TofCE3_SetInput
 .text.TofCE3_SetOutput
                0x000051d4       0x20 ./Generated_Code/TofCE3.o
                0x000051d4                TofCE3_SetOutput
 .text.TofCE3_ClrVal
                0x000051f4       0x1c ./Generated_Code/TofCE3.o
                0x000051f4                TofCE3_ClrVal
 .text.TofCE2_Init
                0x00005210       0x64 ./Generated_Code/TofCE2.o
                0x00005210                TofCE2_Init
 .text.TofCE2_SetInput
                0x00005274       0x24 ./Generated_Code/TofCE2.o
                0x00005274                TofCE2_SetInput
 .text.TofCE2_SetOutput
                0x00005298       0x20 ./Generated_Code/TofCE2.o
                0x00005298                TofCE2_SetOutput
 .text.TofCE2_ClrVal
                0x000052b8       0x1c ./Generated_Code/TofCE2.o
                0x000052b8                TofCE2_ClrVal
 .text.TofCE1_Init
                0x000052d4       0x64 ./Generated_Code/TofCE1.o
                0x000052d4                TofCE1_Init
 .text.TofCE1_SetInput
                0x00005338       0x24 ./Generated_Code/TofCE1.o
                0x00005338                TofCE1_SetInput
 .text.TofCE1_SetOutput
                0x0000535c       0x20 ./Generated_Code/TofCE1.o
                0x0000535c                TofCE1_SetOutput
 .text.TofCE1_ClrVal
                0x0000537c       0x1c ./Generated_Code/TofCE1.o
                0x0000537c                TofCE1_ClrVal
 .text.TU2_Init
                0x00005398       0xf8 ./Generated_Code/TU2.o
                0x00005398                TU2_Init
 .text.TU1_Init
                0x00005490       0xe0 ./Generated_Code/TU1.o
                0x00005490                TU1_Init
 .text.TU1_GetPeriodTicks
                0x00005570       0x3c ./Generated_Code/TU1.o
                0x00005570                TU1_GetPeriodTicks
 .text.TU1_SetOffsetTicks
                0x000055ac       0x58 ./Generated_Code/TU1.o
                0x000055ac                TU1_SetOffsetTicks
 .text.TSK1_CreateTasks
                0x00005604        0xc ./Generated_Code/TSK1.o
                0x00005604                TSK1_CreateTasks
 .text.HWEnDi   0x00005610       0x20 ./Generated_Code/Serial1.o
 .text.Serial1_Init
                0x00005630       0x64 ./Generated_Code/Serial1.o
                0x00005630                Serial1_Init
 .text.ASerialLdd2_OnBlockReceived
                0x00005694       0x80 ./Generated_Code/Serial1.o
                0x00005694                ASerialLdd2_OnBlockReceived
 .text.ASerialLdd2_OnBlockSent
                0x00005714       0x88 ./Generated_Code/Serial1.o
                0x00005714                ASerialLdd2_OnBlockSent
 .text.ASerialLdd2_OnError
                0x0000579c       0x90 ./Generated_Code/Serial1.o
                0x0000579c                ASerialLdd2_OnError
 .text.ASerialLdd2_OnBreak
                0x0000582c       0x20 ./Generated_Code/Serial1.o
                0x0000582c                ASerialLdd2_OnBreak
 .text.RED_Init
                0x0000584c       0x18 ./Generated_Code/RED.o
                0x0000584c                RED_Init
 .text.PwmLdd4_Init
                0x00005864       0x54 ./Generated_Code/PwmLdd4.o
                0x00005864                PwmLdd4_Init
 .text.PwmLdd3_Init
                0x000058b8       0x54 ./Generated_Code/PwmLdd3.o
                0x000058b8                PwmLdd3_Init
 .text.PwmLdd2_Init
                0x0000590c       0x54 ./Generated_Code/PwmLdd2.o
                0x0000590c                PwmLdd2_Init
 .text.PwmLdd2_SetRatio16
                0x00005960       0x2c ./Generated_Code/PwmLdd2.o
                0x00005960                PwmLdd2_SetRatio16
 .text.SetRatio
                0x0000598c       0x68 ./Generated_Code/PwmLdd2.o
 .text.PwmLdd1_Init
                0x000059f4       0x54 ./Generated_Code/PwmLdd1.o
                0x000059f4                PwmLdd1_Init
 .text.PwmLdd1_SetRatio16
                0x00005a48       0x2c ./Generated_Code/PwmLdd1.o
                0x00005a48                PwmLdd1_SetRatio16
 .text.SetRatio
                0x00005a74       0x68 ./Generated_Code/PwmLdd1.o
 .text.MMA1_Init
                0x00005adc       0x38 ./Generated_Code/MMA1.o
                0x00005adc                MMA1_Init
 .text.MMA1_CalibrateX1g
                0x00005b14       0xb0 ./Generated_Code/MMA1.o
                0x00005b14                MMA1_CalibrateX1g
 .text.MMA1_CalibrateY1g
                0x00005bc4       0xb0 ./Generated_Code/MMA1.o
                0x00005bc4                MMA1_CalibrateY1g
 .text.MMA1_CalibrateZ1g
                0x00005c74       0xb0 ./Generated_Code/MMA1.o
                0x00005c74                MMA1_CalibrateZ1g
 .text.MMA1_GetXmg
                0x00005d24       0x1c ./Generated_Code/MMA1.o
                0x00005d24                MMA1_GetXmg
 .text.MMA1_GetYmg
                0x00005d40       0x1c ./Generated_Code/MMA1.o
                0x00005d40                MMA1_GetYmg
 .text.MMA1_GetZmg
                0x00005d5c       0x1c ./Generated_Code/MMA1.o
                0x00005d5c                MMA1_GetZmg
 .text.MMA1_MeasureGetRawX
                0x00005d78       0x40 ./Generated_Code/MMA1.o
                0x00005d78                MMA1_MeasureGetRawX
 .text.MMA1_MeasureGetRawY
                0x00005db8       0x40 ./Generated_Code/MMA1.o
                0x00005db8                MMA1_MeasureGetRawY
 .text.MMA1_MeasureGetRawZ
                0x00005df8       0x40 ./Generated_Code/MMA1.o
                0x00005df8                MMA1_MeasureGetRawZ
 .text.MMA1_GetX
                0x00005e38       0x3c ./Generated_Code/MMA1.o
                0x00005e38                MMA1_GetX
 .text.MMA1_GetY
                0x00005e74       0x3c ./Generated_Code/MMA1.o
                0x00005e74                MMA1_GetY
 .text.MMA1_GetZ
                0x00005eb0       0x3c ./Generated_Code/MMA1.o
                0x00005eb0                MMA1_GetZ
 .text.MMA1_Enable
                0x00005eec       0x64 ./Generated_Code/MMA1.o
                0x00005eec                MMA1_Enable
 .text.LED_GREEN_Init
                0x00005f50       0x18 ./Generated_Code/LED_GREEN.o
                0x00005f50                LED_GREEN_Init
 .text.GI2C2_RequestBus
                0x00005f68       0x1c ./Generated_Code/GI2C2.o
                0x00005f68                GI2C2_RequestBus
 .text.GI2C2_ReleaseBus
                0x00005f84       0x18 ./Generated_Code/GI2C2.o
                0x00005f84                GI2C2_ReleaseBus
 .text.GI2C2_SelectSlave
                0x00005f9c       0x40 ./Generated_Code/GI2C2.o
                0x00005f9c                GI2C2_SelectSlave
 .text.GI2C2_UnselectSlave
                0x00005fdc       0x10 ./Generated_Code/GI2C2.o
                0x00005fdc                GI2C2_UnselectSlave
 .text.GI2C2_ReadAddress
                0x00005fec       0xd8 ./Generated_Code/GI2C2.o
                0x00005fec                GI2C2_ReadAddress
 .text.GI2C2_WriteAddress
                0x000060c4      0x140 ./Generated_Code/GI2C2.o
                0x000060c4                GI2C2_WriteAddress
 .text.CI2C2_OnMasterBlockSent
                0x00006204       0x24 ./Generated_Code/GI2C2.o
                0x00006204                CI2C2_OnMasterBlockSent
 .text.CI2C2_OnMasterBlockReceived
                0x00006228       0x24 ./Generated_Code/GI2C2.o
                0x00006228                CI2C2_OnMasterBlockReceived
 .text.GI2C2_Init
                0x0000624c       0x40 ./Generated_Code/GI2C2.o
                0x0000624c                GI2C2_Init
 .text.GI2C2_ReadByteAddress8
                0x0000628c       0x34 ./Generated_Code/GI2C2.o
                0x0000628c                GI2C2_ReadByteAddress8
 .text.GI2C2_WriteByteAddress8
                0x000062c0       0x34 ./Generated_Code/GI2C2.o
                0x000062c0                GI2C2_WriteByteAddress8
 .text.GI2C1_RequestBus
                0x000062f4       0x1c ./Generated_Code/GI2C1.o
                0x000062f4                GI2C1_RequestBus
 .text.GI2C1_ReleaseBus
                0x00006310       0x18 ./Generated_Code/GI2C1.o
                0x00006310                GI2C1_ReleaseBus
 .text.GI2C1_SelectSlave
                0x00006328       0x40 ./Generated_Code/GI2C1.o
                0x00006328                GI2C1_SelectSlave
 .text.GI2C1_UnselectSlave
                0x00006368       0x10 ./Generated_Code/GI2C1.o
                0x00006368                GI2C1_UnselectSlave
 .text.GI2C1_ReadAddress
                0x00006378       0xd8 ./Generated_Code/GI2C1.o
                0x00006378                GI2C1_ReadAddress
 .text.GI2C1_WriteAddress
                0x00006450      0x140 ./Generated_Code/GI2C1.o
                0x00006450                GI2C1_WriteAddress
 .text.CI2C1_OnMasterBlockSent
                0x00006590       0x24 ./Generated_Code/GI2C1.o
                0x00006590                CI2C1_OnMasterBlockSent
 .text.CI2C1_OnMasterBlockReceived
                0x000065b4       0x24 ./Generated_Code/GI2C1.o
                0x000065b4                CI2C1_OnMasterBlockReceived
 .text.GI2C1_Init
                0x000065d8       0x40 ./Generated_Code/GI2C1.o
                0x000065d8                GI2C1_Init
 .text.GI2C1_Deinit
                0x00006618       0x24 ./Generated_Code/GI2C1.o
                0x00006618                GI2C1_Deinit
 .text.DIR_RIGHT1_Init
                0x0000663c       0x60 ./Generated_Code/DIR_RIGHT1.o
                0x0000663c                DIR_RIGHT1_Init
 .text.DIR_RIGHT_Init
                0x0000669c       0x60 ./Generated_Code/DIR_RIGHT.o
                0x0000669c                DIR_RIGHT_Init
 .text.DIR_RIGHT_PutVal
                0x000066fc       0x30 ./Generated_Code/DIR_RIGHT.o
                0x000066fc                DIR_RIGHT_PutVal
 .text.DIR_LEFT1_Init
                0x0000672c       0x60 ./Generated_Code/DIR_LEFT1.o
                0x0000672c                DIR_LEFT1_Init
 .text.DIR_LEFT_Init
                0x0000678c       0x60 ./Generated_Code/DIR_LEFT.o
                0x0000678c                DIR_LEFT_Init
 .text.DIR_LEFT_PutVal
                0x000067ec       0x30 ./Generated_Code/DIR_LEFT.o
                0x000067ec                DIR_LEFT_PutVal
 .text.Cpu_INT_NMIInterrupt
                0x0000681c        0xc ./Generated_Code/Cpu.o
                0x0000681c                Cpu_INT_NMIInterrupt
 .text.Cpu_INT_Hard_FaultInterrupt
                0x00006828        0xc ./Generated_Code/Cpu.o
                0x00006828                Cpu_INT_Hard_FaultInterrupt
 .text.Cpu_ivINT_Reserved4
                0x00006834        0xc ./Generated_Code/Cpu.o
                0x00006834                Cpu_ivINT_Reserved4
 .text.Cpu_ivINT_Reserved5
                0x00006840        0xc ./Generated_Code/Cpu.o
                0x00006840                Cpu_ivINT_Reserved5
 .text.Cpu_ivINT_Reserved6
                0x0000684c        0xc ./Generated_Code/Cpu.o
                0x0000684c                Cpu_ivINT_Reserved6
 .text.Cpu_ivINT_Reserved7
                0x00006858        0xc ./Generated_Code/Cpu.o
                0x00006858                Cpu_ivINT_Reserved7
 .text.Cpu_ivINT_Reserved8
                0x00006864        0xc ./Generated_Code/Cpu.o
                0x00006864                Cpu_ivINT_Reserved8
 .text.Cpu_ivINT_Reserved9
                0x00006870        0xc ./Generated_Code/Cpu.o
                0x00006870                Cpu_ivINT_Reserved9
 .text.Cpu_ivINT_Reserved10
                0x0000687c        0xc ./Generated_Code/Cpu.o
                0x0000687c                Cpu_ivINT_Reserved10
 .text.Cpu_ivINT_SVCall
                0x00006888        0xc ./Generated_Code/Cpu.o
                0x00006888                Cpu_ivINT_SVCall
 .text.Cpu_ivINT_Reserved12
                0x00006894        0xc ./Generated_Code/Cpu.o
                0x00006894                Cpu_ivINT_Reserved12
 .text.Cpu_ivINT_Reserved13
                0x000068a0        0xc ./Generated_Code/Cpu.o
                0x000068a0                Cpu_ivINT_Reserved13
 .text.Cpu_ivINT_DMA0
                0x000068ac        0xc ./Generated_Code/Cpu.o
                0x000068ac                Cpu_ivINT_DMA0
 .text.Cpu_ivINT_DMA1
                0x000068b8        0xc ./Generated_Code/Cpu.o
                0x000068b8                Cpu_ivINT_DMA1
 .text.Cpu_ivINT_DMA2
                0x000068c4        0xc ./Generated_Code/Cpu.o
                0x000068c4                Cpu_ivINT_DMA2
 .text.Cpu_ivINT_DMA3
                0x000068d0        0xc ./Generated_Code/Cpu.o
                0x000068d0                Cpu_ivINT_DMA3
 .text.Cpu_ivINT_Reserved20
                0x000068dc        0xc ./Generated_Code/Cpu.o
                0x000068dc                Cpu_ivINT_Reserved20
 .text.Cpu_ivINT_FTFA
                0x000068e8        0xc ./Generated_Code/Cpu.o
                0x000068e8                Cpu_ivINT_FTFA
 .text.Cpu_ivINT_LVD_LVW
                0x000068f4        0xc ./Generated_Code/Cpu.o
                0x000068f4                Cpu_ivINT_LVD_LVW
 .text.Cpu_ivINT_LLW
                0x00006900        0xc ./Generated_Code/Cpu.o
                0x00006900                Cpu_ivINT_LLW
 .text.Cpu_ivINT_SPI0
                0x0000690c        0xc ./Generated_Code/Cpu.o
                0x0000690c                Cpu_ivINT_SPI0
 .text.Cpu_ivINT_SPI1
                0x00006918        0xc ./Generated_Code/Cpu.o
                0x00006918                Cpu_ivINT_SPI1
 .text.Cpu_ivINT_UART2
                0x00006924        0xc ./Generated_Code/Cpu.o
                0x00006924                Cpu_ivINT_UART2
 .text.Cpu_ivINT_CMP0
                0x00006930        0xc ./Generated_Code/Cpu.o
                0x00006930                Cpu_ivINT_CMP0
 .text.Cpu_ivINT_TPM0
                0x0000693c        0xc ./Generated_Code/Cpu.o
                0x0000693c                Cpu_ivINT_TPM0
 .text.Cpu_ivINT_TPM1
                0x00006948        0xc ./Generated_Code/Cpu.o
                0x00006948                Cpu_ivINT_TPM1
 .text.Cpu_ivINT_TPM2
                0x00006954        0xc ./Generated_Code/Cpu.o
                0x00006954                Cpu_ivINT_TPM2
 .text.Cpu_ivINT_RTC
                0x00006960        0xc ./Generated_Code/Cpu.o
                0x00006960                Cpu_ivINT_RTC
 .text.Cpu_ivINT_RTC_Seconds
                0x0000696c        0xc ./Generated_Code/Cpu.o
                0x0000696c                Cpu_ivINT_RTC_Seconds
 .text.Cpu_ivINT_PIT
                0x00006978        0xc ./Generated_Code/Cpu.o
                0x00006978                Cpu_ivINT_PIT
 .text.Cpu_ivINT_Reserved39
                0x00006984        0xc ./Generated_Code/Cpu.o
                0x00006984                Cpu_ivINT_Reserved39
 .text.Cpu_ivINT_USB0
                0x00006990        0xc ./Generated_Code/Cpu.o
                0x00006990                Cpu_ivINT_USB0
 .text.Cpu_ivINT_DAC0
                0x0000699c        0xc ./Generated_Code/Cpu.o
                0x0000699c                Cpu_ivINT_DAC0
 .text.Cpu_ivINT_TSI0
                0x000069a8        0xc ./Generated_Code/Cpu.o
                0x000069a8                Cpu_ivINT_TSI0
 .text.Cpu_ivINT_MCG
                0x000069b4        0xc ./Generated_Code/Cpu.o
                0x000069b4                Cpu_ivINT_MCG
 .text.Cpu_ivINT_LPTimer
                0x000069c0        0xc ./Generated_Code/Cpu.o
                0x000069c0                Cpu_ivINT_LPTimer
 .text.Cpu_ivINT_Reserved45
                0x000069cc        0xc ./Generated_Code/Cpu.o
                0x000069cc                Cpu_ivINT_Reserved45
 .text.Cpu_ivINT_PORTA
                0x000069d8        0xc ./Generated_Code/Cpu.o
                0x000069d8                Cpu_ivINT_PORTA
 .text.Cpu_ivINT_PORTD
                0x000069e4        0xc ./Generated_Code/Cpu.o
                0x000069e4                Cpu_ivINT_PORTD
 .text.__init_hardware
                0x000069f0      0x110 ./Generated_Code/Cpu.o
                0x000069f0                __init_hardware
 .text.PE_low_level_init
                0x00006b00      0x154 ./Generated_Code/Cpu.o
                0x00006b00                PE_low_level_init
 .text.CLS1_SendStr
                0x00006c54       0x2c ./Generated_Code/CLS1.o
                0x00006c54                CLS1_SendStr
 .text.CLS1_SendNum16s
                0x00006c80       0x38 ./Generated_Code/CLS1.o
                0x00006c80                CLS1_SendNum16s
 .text.CLS1_SendNum8u
                0x00006cb8       0x34 ./Generated_Code/CLS1.o
                0x00006cb8                CLS1_SendNum8u
 .text.CLS1_ParseCommand
                0x00006cec      0x12c ./Generated_Code/CLS1.o
                0x00006cec                CLS1_ParseCommand
 .text.CLS1_PrintPrompt
                0x00006e18       0x20 ./Generated_Code/CLS1.o
                0x00006e18                CLS1_PrintPrompt
 .text.CLS1_IsHistoryCharacter
                0x00006e38       0x24 ./Generated_Code/CLS1.o
                0x00006e38                CLS1_IsHistoryCharacter
 .text.CLS1_ReadLine
                0x00006e5c       0xf8 ./Generated_Code/CLS1.o
                0x00006e5c                CLS1_ReadLine
 .text.CLS1_PrintStatus
                0x00006f54       0x78 ./Generated_Code/CLS1.o
                0x00006f54                CLS1_PrintStatus
 .text.CLS1_PrintCommandFailed
                0x00006fcc       0x78 ./Generated_Code/CLS1.o
                0x00006fcc                CLS1_PrintCommandFailed
 .text.CLS1_IterateTable
                0x00007044       0x64 ./Generated_Code/CLS1.o
                0x00007044                CLS1_IterateTable
 .text.CLS1_ParseWithCommandTable
                0x000070a8       0xb0 ./Generated_Code/CLS1.o
                0x000070a8                CLS1_ParseWithCommandTable
 .text.CLS1_GetStdio
                0x00007158       0x14 ./Generated_Code/CLS1.o
                0x00007158                CLS1_GetStdio
 .text.CLS1_ReadAndParseWithCommandTable
                0x0000716c       0xf8 ./Generated_Code/CLS1.o
                0x0000716c                CLS1_ReadAndParseWithCommandTable
 .text.SendSeparatedStrings
                0x00007264       0x80 ./Generated_Code/CLS1.o
 .text.CLS1_SendHelpStr
                0x000072e4       0x28 ./Generated_Code/CLS1.o
                0x000072e4                CLS1_SendHelpStr
 .text.CLS1_SendStatusStr
                0x0000730c       0x28 ./Generated_Code/CLS1.o
                0x0000730c                CLS1_SendStatusStr
 .text.CLS1_ReadChar
                0x00007334       0x4c ./Generated_Code/CLS1.o
                0x00007334                CLS1_ReadChar
 .text.CLS1_SendChar
                0x00007380       0x70 ./Generated_Code/CLS1.o
                0x00007380                CLS1_SendChar
 .text.CLS1_KeyPressed
                0x000073f0       0x44 ./Generated_Code/CLS1.o
                0x000073f0                CLS1_KeyPressed
 .text.CLS1_Init
                0x00007434       0x6c ./Generated_Code/CLS1.o
                0x00007434                CLS1_Init
 .text.CI2C2_Interrupt
                0x000074a0      0x278 ./Generated_Code/CI2C2.o
                0x000074a0                CI2C2_Interrupt
 .text.CI2C2_Init
                0x00007718      0x114 ./Generated_Code/CI2C2.o
                0x00007718                CI2C2_Init
 .text.CI2C2_MasterSendBlock
                0x0000782c      0x19c ./Generated_Code/CI2C2.o
                0x0000782c                CI2C2_MasterSendBlock
 .text.CI2C2_MasterReceiveBlock
                0x000079c8      0x19c ./Generated_Code/CI2C2.o
                0x000079c8                CI2C2_MasterReceiveBlock
 .text.CI2C2_SelectSlaveDevice
                0x00007b64      0x100 ./Generated_Code/CI2C2.o
                0x00007b64                CI2C2_SelectSlaveDevice
 .text.CI2C1_Interrupt
                0x00007c64      0x278 ./Generated_Code/CI2C1.o
                0x00007c64                CI2C1_Interrupt
 .text.CI2C1_Init
                0x00007edc      0x11c ./Generated_Code/CI2C1.o
                0x00007edc                CI2C1_Init
 .text.CI2C1_Deinit
                0x00007ff8       0x40 ./Generated_Code/CI2C1.o
                0x00007ff8                CI2C1_Deinit
 .text.CI2C1_MasterSendBlock
                0x00008038      0x19c ./Generated_Code/CI2C1.o
                0x00008038                CI2C1_MasterSendBlock
 .text.CI2C1_MasterReceiveBlock
                0x000081d4      0x19c ./Generated_Code/CI2C1.o
                0x000081d4                CI2C1_MasterReceiveBlock
 .text.CI2C1_SelectSlaveDevice
                0x00008370      0x100 ./Generated_Code/CI2C1.o
                0x00008370                CI2C1_SelectSlaveDevice
 .text.BitIoLdd4_Init
                0x00008470       0x68 ./Generated_Code/BitIoLdd4.o
                0x00008470                BitIoLdd4_Init
 .text.BitIoLdd4_ClrVal
                0x000084d8       0x1c ./Generated_Code/BitIoLdd4.o
                0x000084d8                BitIoLdd4_ClrVal
 .text.BitIoLdd4_SetVal
                0x000084f4       0x1c ./Generated_Code/BitIoLdd4.o
                0x000084f4                BitIoLdd4_SetVal
 .text.BitIoLdd3_Init
                0x00008510       0x68 ./Generated_Code/BitIoLdd3.o
                0x00008510                BitIoLdd3_Init
 .text.BitIoLdd3_ClrVal
                0x00008578       0x1c ./Generated_Code/BitIoLdd3.o
                0x00008578                BitIoLdd3_ClrVal
 .text.BitIoLdd3_SetVal
                0x00008594       0x1c ./Generated_Code/BitIoLdd3.o
                0x00008594                BitIoLdd3_SetVal
 .text.BitIoLdd1_Init
                0x000085b0       0x54 ./Generated_Code/BitIoLdd1.o
                0x000085b0                BitIoLdd1_Init
 .text.BT_EN_Init
                0x00008604       0x64 ./Generated_Code/BT_EN.o
                0x00008604                BT_EN_Init
 .text.BT1_Init
                0x00008668       0x14 ./Generated_Code/BT1.o
                0x00008668                BT1_Init
 .text.AdcLdd1_Init
                0x0000867c       0xbc ./Generated_Code/AdcLdd1.o
                0x0000867c                AdcLdd1_Init
 .text.AdcLdd1_GetMeasuredValues
                0x00008738       0x60 ./Generated_Code/AdcLdd1.o
                0x00008738                AdcLdd1_GetMeasuredValues
 .text.AdcLdd1_GetCalibrationResultStatus
                0x00008798       0xb8 ./Generated_Code/AdcLdd1.o
                0x00008798                AdcLdd1_GetCalibrationResultStatus
 .text.AdcLdd1_MeasurementCompleteInterrupt
                0x00008850       0x30 ./Generated_Code/AdcLdd1.o
                0x00008850                AdcLdd1_MeasurementCompleteInterrupt
 .text.ASerialLdd2_Init
                0x00008880      0x170 ./Generated_Code/ASerialLdd2.o
                0x00008880                ASerialLdd2_Init
 .text.ASerialLdd2_ReceiveBlock
                0x000089f0       0x98 ./Generated_Code/ASerialLdd2.o
                0x000089f0                ASerialLdd2_ReceiveBlock
 .text.ASerialLdd2_SendBlock
                0x00008a88       0xc4 ./Generated_Code/ASerialLdd2.o
                0x00008a88                ASerialLdd2_SendBlock
 .text.InterruptRx
                0x00008b4c       0x58 ./Generated_Code/ASerialLdd2.o
 .text.InterruptTx
                0x00008ba4       0x80 ./Generated_Code/ASerialLdd2.o
 .text.ASerialLdd2_Interrupt
                0x00008c24       0xf4 ./Generated_Code/ASerialLdd2.o
                0x00008c24                ASerialLdd2_Interrupt
 .text.ASerialLdd2_GetError
                0x00008d18       0x74 ./Generated_Code/ASerialLdd2.o
                0x00008d18                ASerialLdd2_GetError
 .text.ASerialLdd1_Init
                0x00008d8c      0x1c4 ./Generated_Code/ASerialLdd1.o
                0x00008d8c                ASerialLdd1_Init
 .text.ASerialLdd1_ReceiveBlock
                0x00008f50       0x98 ./Generated_Code/ASerialLdd1.o
                0x00008f50                ASerialLdd1_ReceiveBlock
 .text.ASerialLdd1_SendBlock
                0x00008fe8       0xc4 ./Generated_Code/ASerialLdd1.o
                0x00008fe8                ASerialLdd1_SendBlock
 .text.InterruptRx
                0x000090ac       0x58 ./Generated_Code/ASerialLdd1.o
 .text.InterruptTx
                0x00009104       0x80 ./Generated_Code/ASerialLdd1.o
 .text.ASerialLdd1_Interrupt
                0x00009184       0xfc ./Generated_Code/ASerialLdd1.o
                0x00009184                ASerialLdd1_Interrupt
 .text.ASerialLdd1_GetError
                0x00009280       0x74 ./Generated_Code/ASerialLdd1.o
                0x00009280                ASerialLdd1_GetError
 .text.HWEnDi   0x000092f4       0x20 ./Generated_Code/AS1.o
 .text.AS1_RecvChar
                0x00009314       0xe8 ./Generated_Code/AS1.o
                0x00009314                AS1_RecvChar
 .text.AS1_SendChar
                0x000093fc       0xec ./Generated_Code/AS1.o
                0x000093fc                AS1_SendChar
 .text.AS1_GetCharsInRxBuf
                0x000094e8       0x14 ./Generated_Code/AS1.o
                0x000094e8                AS1_GetCharsInRxBuf
 .text.AS1_Init
                0x000094fc       0x64 ./Generated_Code/AS1.o
                0x000094fc                AS1_Init
 .text.ASerialLdd1_OnBlockReceived
                0x00009560       0xc0 ./Generated_Code/AS1.o
                0x00009560                ASerialLdd1_OnBlockReceived
 .text.ASerialLdd1_OnBlockSent
                0x00009620       0xe8 ./Generated_Code/AS1.o
                0x00009620                ASerialLdd1_OnBlockSent
 .text.ASerialLdd1_OnError
                0x00009708       0x94 ./Generated_Code/AS1.o
                0x00009708                ASerialLdd1_OnError
 .text.ASerialLdd1_OnBreak
                0x0000979c       0x20 ./Generated_Code/AS1.o
                0x0000979c                ASerialLdd1_OnBreak
 .text.AdcLdd1_OnMeasurementComplete
                0x000097bc       0x5c ./Generated_Code/AD1.o
                0x000097bc                AdcLdd1_OnMeasurementComplete
 .text.AD1_Init
                0x00009818       0x2c ./Generated_Code/AD1.o
                0x00009818                AD1_Init
 .text.zero_fill_bss
                0x00009844       0x24 ./Project_Settings/Startup_Code/__arm_start.o
 .text.__thumb_startup
                0x00009868       0x30 ./Project_Settings/Startup_Code/__arm_start.o
                0x00009868                __thumb_startup
 .text._ExitProcess
                0x00009898        0xc ./Project_Settings/Startup_Code/__arm_end.o
                0x00009898                _ExitProcess
 .text.startCommunication
                0x000098a4      0x124 ./Sources/serial_communication.o
                0x000098a4                startCommunication
 .text.taskDone
                0x000099c8       0x20 ./Sources/serial_communication.o
                0x000099c8                taskDone
 .text.comGetState
                0x000099e8       0x14 ./Sources/serial_communication.o
                0x000099e8                comGetState
 .text.refreshTasks
                0x000099fc       0x68 ./Sources/serial_communication.o
                0x000099fc                refreshTasks
 .text.ParseCommand
                0x00009a64      0x628 ./Sources/serial_communication.o
 .text.initAllDevices
                0x0000a08c       0x78 ./Sources/serial_communication.o
                0x0000a08c                initAllDevices
 .text.readValues
                0x0000a104       0x7c ./Sources/serial_communication.o
                0x0000a104                readValues
 .text.sendStatusBT
                0x0000a180       0x68 ./Sources/serial_communication.o
                0x0000a180                sendStatusBT
 .text.calcPID  0x0000a1e8      0x2c8 ./Sources/pid.o
                0x0000a1e8                calcPID
 .text.motorGetPWMLeft
                0x0000a4b0       0x18 ./Sources/motor.o
                0x0000a4b0                motorGetPWMLeft
 .text.motorGetPWMRight
                0x0000a4c8       0x18 ./Sources/motor.o
                0x0000a4c8                motorGetPWMRight
 .text.motorIncrementPWMLeft
                0x0000a4e0       0x50 ./Sources/motor.o
                0x0000a4e0                motorIncrementPWMLeft
 .text.motorIncrementPWMRight
                0x0000a530       0x50 ./Sources/motor.o
                0x0000a530                motorIncrementPWMRight
 .text.motorSetPWMLeft
                0x0000a580       0xbc ./Sources/motor.o
                0x0000a580                motorSetPWMLeft
 .text.motorSetPWMRight
                0x0000a63c       0xbc ./Sources/motor.o
                0x0000a63c                motorSetPWMRight
 .text.motorsStartup
                0x0000a6f8      0x124 ./Sources/motor.o
                0x0000a6f8                motorsStartup
 .text.main     0x0000a81c       0x10 ./Sources/main.o
                0x0000a81c                main
 .text.Task1Task
                0x0000a82c       0x10 ./Sources/frtos_tasks.o
 .text.Task2Task
                0x0000a83c       0x30 ./Sources/frtos_tasks.o
 .text.Task3Task
                0x0000a86c       0x30 ./Sources/frtos_tasks.o
 .text.Task4Task
                0x0000a89c       0x30 ./Sources/frtos_tasks.o
 .text.Task5Task
                0x0000a8cc       0x30 ./Sources/frtos_tasks.o
 .text.Task6Task
                0x0000a8fc       0x30 ./Sources/frtos_tasks.o
 .text.Task7Task
                0x0000a92c       0x30 ./Sources/frtos_tasks.o
 .text.GyroTask
                0x0000a95c       0x48 ./Sources/frtos_tasks.o
 .text.CreateTasks
                0x0000a9a4       0x34 ./Sources/frtos_tasks.o
                0x0000a9a4                CreateTasks
 .text.CreateTask2
                0x0000a9d8       0x44 ./Sources/frtos_tasks.o
                0x0000a9d8                CreateTask2
 .text.CreateTask3
                0x0000aa1c       0x44 ./Sources/frtos_tasks.o
                0x0000aa1c                CreateTask3
 .text.CreateTask4
                0x0000aa60       0x44 ./Sources/frtos_tasks.o
                0x0000aa60                CreateTask4
 .text.CreateTask5
                0x0000aaa4       0x44 ./Sources/frtos_tasks.o
                0x0000aaa4                CreateTask5
 .text.CreateTask6
                0x0000aae8       0x44 ./Sources/frtos_tasks.o
                0x0000aae8                CreateTask6
 .text.CreateTask7
                0x0000ab2c       0x44 ./Sources/frtos_tasks.o
                0x0000ab2c                CreateTask7
 .text.CreateGyroTask
                0x0000ab70       0x44 ./Sources/frtos_tasks.o
                0x0000ab70                CreateGyroTask
 .text.driveToStair
                0x0000abb4      0x1b8 ./Sources/driving.o
                0x0000abb4                driveToStair
 .text.driveOverStair
                0x0000ad6c      0x258 ./Sources/driving.o
                0x0000ad6c                driveOverStair
 .text.driveToTurningPlace
                0x0000afc4      0x1c4 ./Sources/driving.o
                0x0000afc4                driveToTurningPlace
 .text.driveThroughtTurningPlace
                0x0000b188      0x758 ./Sources/driving.o
                0x0000b188                driveThroughtTurningPlace
 .text.driveToEndZone
                0x0000b8e0      0x19c ./Sources/driving.o
                0x0000b8e0                driveToEndZone
 .text.pushTheButton
                0x0000ba7c       0x18 ./Sources/driving.o
                0x0000ba7c                pushTheButton
 .text.initDriving
                0x0000ba94       0x9c ./Sources/driving.o
                0x0000ba94                initDriving
 .text.VL_OnError
                0x0000bb30       0x14 ./Sources/VL6180X.o
 .text.VL_WriteReg8
                0x0000bb44       0x50 ./Sources/VL6180X.o
                0x0000bb44                VL_WriteReg8
 .text.VL_WriteReg16
                0x0000bb94       0x70 ./Sources/VL6180X.o
                0x0000bb94                VL_WriteReg16
 .text.VL_ReadReg8
                0x0000bc04       0x54 ./Sources/VL6180X.o
                0x0000bc04                VL_ReadReg8
 .text.VL_ReadReg16
                0x0000bc58       0x54 ./Sources/VL6180X.o
                0x0000bc58                VL_ReadReg16
 .text.readRangeContinuous
                0x0000bcac       0xf0 ./Sources/VL6180X.o
 .text.VL_ReadRangeSingle
                0x0000bd9c       0x64 ./Sources/VL6180X.o
                0x0000bd9c                VL_ReadRangeSingle
 .text.VL_ConfigureDefault
                0x0000be00       0x94 ./Sources/VL6180X.o
                0x0000be00                VL_ConfigureDefault
 .text.VL_InitDevice
                0x0000be94      0x5ac ./Sources/VL6180X.o
                0x0000be94                VL_InitDevice
 .text.VL_InitAndConfigureDevice
                0x0000c440       0x64 ./Sources/VL6180X.o
                0x0000c440                VL_InitAndConfigureDevice
 .text.VL_ChipEnable
                0x0000c4a4       0xc0 ./Sources/VL6180X.o
                0x0000c4a4                VL_ChipEnable
 .text.VL_SetI2CDeviceAddress
                0x0000c564       0xa8 ./Sources/VL6180X.o
                0x0000c564                VL_SetI2CDeviceAddress
 .text.VL_Init  0x0000c60c      0x180 ./Sources/VL6180X.o
                0x0000c60c                VL_Init
 .text.VL_GetDistance
                0x0000c78c      0x100 ./Sources/VL6180X.o
                0x0000c78c                VL_GetDistance
 .text.VL_GetLastDistance
                0x0000c88c       0x2c ./Sources/VL6180X.o
                0x0000c88c                VL_GetLastDistance
 .text.L3Ginit  0x0000c8b8       0x84 ./Sources/L3G.o
                0x0000c8b8                L3Ginit
 .text.L3GenableDefault
                0x0000c93c       0x4c ./Sources/L3G.o
                0x0000c93c                L3GenableDefault
 .text.L3GwriteReg
                0x0000c988       0x4c ./Sources/L3G.o
                0x0000c988                L3GwriteReg
 .text.L3GreadReg
                0x0000c9d4       0x54 ./Sources/L3G.o
                0x0000c9d4                L3GreadReg
 .text.L3Greadxyz
                0x0000ca28       0xf8 ./Sources/L3G.o
                0x0000ca28                L3Greadxyz
 .text.L3Gread  0x0000cb20      0x174 ./Sources/L3G.o
                0x0000cb20                L3Gread
 .text.L3GgetDegree
                0x0000cc94       0xd8 ./Sources/L3G.o
                0x0000cc94                L3GgetDegree
 .text.calculateOffset
                0x0000cd6c      0x124 ./Sources/L3G.o
                0x0000cd6c                calculateOffset
 .text.cmpfunc  0x0000ce90       0x28 ./Sources/L3G.o
                0x0000ce90                cmpfunc
 .text.L3GSetAngel
                0x0000ceb8       0x5c ./Sources/L3G.o
                0x0000ceb8                L3GSetAngel
 *fill*         0x0000cf14        0x4 00
 .text.combineAccel
                0x0000cf18      0x228 ./Sources/L3G.o
                0x0000cf18                combineAccel
 .text.Cpu_OnNMIINT
                0x0000d140        0x8 ./Sources/Events.o
                0x0000d140                Cpu_OnNMIINT
 .text.FRTOS1_vApplicationStackOverflowHook
                0x0000d148       0x10 ./Sources/Events.o
                0x0000d148                FRTOS1_vApplicationStackOverflowHook
 .text.FRTOS1_vApplicationTickHook
                0x0000d158        0x8 ./Sources/Events.o
                0x0000d158                FRTOS1_vApplicationTickHook
 .text.FRTOS1_vApplicationIdleHook
                0x0000d160        0x8 ./Sources/Events.o
                0x0000d160                FRTOS1_vApplicationIdleHook
 .text.FRTOS1_vApplicationMallocFailedHook
                0x0000d168        0x8 ./Sources/Events.o
                0x0000d168                FRTOS1_vApplicationMallocFailedHook
 .text.AD1_OnEnd
                0x0000d170        0x8 ./Sources/Events.o
                0x0000d170                AD1_OnEnd
 .text.AD1_OnCalibrationEnd
                0x0000d178        0x8 ./Sources/Events.o
                0x0000d178                AD1_OnCalibrationEnd
 .text.AS1_OnError
                0x0000d180        0x8 ./Sources/Events.o
                0x0000d180                AS1_OnError
 .text.AS1_OnRxChar
                0x0000d188        0x8 ./Sources/Events.o
                0x0000d188                AS1_OnRxChar
 .text.AS1_OnTxChar
                0x0000d190        0x8 ./Sources/Events.o
                0x0000d190                AS1_OnTxChar
 .text.AS1_OnFullRxBuf
                0x0000d198        0x8 ./Sources/Events.o
                0x0000d198                AS1_OnFullRxBuf
 .text.AS1_OnFreeTxBuf
                0x0000d1a0        0x8 ./Sources/Events.o
                0x0000d1a0                AS1_OnFreeTxBuf
 .text.Cpu_OnHardFault
                0x0000d1a8        0x8 ./Sources/Events.o
                0x0000d1a8                Cpu_OnHardFault
 .text.exit     0x0000d1b0       0x38 C:/Freescale/CW MCU v10.6/MCU/ARM_GCC_Support/ewl/lib/armv6-m\libc.a(exit.o)
                0x0000d1b0                exit
 .text.qsort    0x0000d1e8       0xb8 C:/Freescale/CW MCU v10.6/MCU/ARM_GCC_Support/ewl/lib/armv6-m\libc.a(qsort.o)
                0x0000d1e8                qsort
 .text.memcpy   0x0000d2a0       0x12 C:/Freescale/CW MCU v10.6/MCU/ARM_GCC_Support/ewl/lib/armv6-m\libc.a(memcpy.o)
                0x0000d2a0                memcpy
 .text.memset   0x0000d2b2        0xc C:/Freescale/CW MCU v10.6/MCU/ARM_GCC_Support/ewl/lib/armv6-m\libc.a(memset.o)
                0x0000d2b2                memset
 .text.strchr   0x0000d2be       0x1e C:/Freescale/CW MCU v10.6/MCU/ARM_GCC_Support/ewl/lib/armv6-m\libc.a(strchr.o)
                0x0000d2be                strchr
 .text.strcmp   0x0000d2dc       0x1c C:/Freescale/CW MCU v10.6/MCU/ARM_GCC_Support/ewl/lib/armv6-m\libc.a(strcmp.o)
                0x0000d2dc                strcmp
 .text.strlen   0x0000d2f8       0x10 C:/Freescale/CW MCU v10.6/MCU/ARM_GCC_Support/ewl/lib/armv6-m\libc.a(strlen.o)
                0x0000d2f8                strlen
 .text.strncmp  0x0000d308       0x22 C:/Freescale/CW MCU v10.6/MCU/ARM_GCC_Support/ewl/lib/armv6-m\libc.a(strncmp.o)
                0x0000d308                strncmp
 *fill*         0x0000d32a        0x2 00
 .text.long2str.isra.0
                0x0000d32c      0x19c C:/Freescale/CW MCU v10.6/MCU/ARM_GCC_Support/ewl/lib/armv6-m\libc.a(printformat_.o)
 .text.__pformatter_
                0x0000d4c8      0x428 C:/Freescale/CW MCU v10.6/MCU/ARM_GCC_Support/ewl/lib/armv6-m\libc.a(printformat_.o)
                0x0000d4c8                __pformatter_
 .text.__sformatter
                0x0000d8f0      0x698 C:/Freescale/CW MCU v10.6/MCU/ARM_GCC_Support/ewl/lib/armv6-m\libc.a(scanformat_.o)
                0x0000d8f0                __sformatter
 .text.isalpha  0x0000df88       0x20 C:/Freescale/CW MCU v10.6/MCU/ARM_GCC_Support/ewl/lib/armv6-m\libc.a(ctype_aeabi.o)
                0x0000df88                isalpha
 .text.isspace  0x0000dfa8       0x20 C:/Freescale/CW MCU v10.6/MCU/ARM_GCC_Support/ewl/lib/armv6-m\libc.a(ctype_aeabi.o)
                0x0000dfa8                isspace
 .text.toupper  0x0000dfc8        0xe C:/Freescale/CW MCU v10.6/MCU/ARM_GCC_Support/ewl/lib/armv6-m\libc.a(ctype_aeabi.o)
                0x0000dfc8                toupper
 .text.__strtoul
                0x0000dfd6      0x1ce C:/Freescale/CW MCU v10.6/MCU/ARM_GCC_Support/ewl/lib/armv6-m\libc.a(__strtoul.o)
                0x0000dfd6                __strtoul
 .text.__fill_mem
                0x0000e1a4       0x7e C:/Freescale/CW MCU v10.6/MCU/ARM_GCC_Support/ewl/lib/armv6-m\libc.a(__filll_mem.o)
                0x0000e1a4                __fill_mem
 .text.memchr   0x0000e222       0x1a C:/Freescale/CW MCU v10.6/MCU/ARM_GCC_Support/ewl/lib/armv6-m\libc.a(memchr.o)
                0x0000e222                memchr
 *fill*         0x0000e23c        0x4 00
 .text.atan     0x0000e240      0x358 C:/Freescale/CW MCU v10.6/MCU/ARM_GCC_Support/ewl/lib/armv6-m\libm.a(s_atan.o)
                0x0000e240                atan
 .text.sqrt     0x0000e598        0x8 C:/Freescale/CW MCU v10.6/MCU/ARM_GCC_Support/ewl/lib/armv6-m\libm.a(w_sqrt.o)
                0x0000e598                sqrt
 .text.__ieee754_sqrt
                0x0000e5a0      0x17c C:/Freescale/CW MCU v10.6/MCU/ARM_GCC_Support/ewl/lib/armv6-m\libm.a(e_sqrt.o)
                0x0000e5a0                __ieee754_sqrt
 .text.__init_cpp
                0x0000e71c       0x48 C:/Freescale/CW MCU v10.6/MCU/ARM_GCC_Support/ewl/lib/armv6-m\librt.a(gcc_ctor_dtor.o)
                0x0000e71c                __init_cpp
 .text.__fini_cpp
                0x0000e764       0x34 C:/Freescale/CW MCU v10.6/MCU/ARM_GCC_Support/ewl/lib/armv6-m\librt.a(gcc_ctor_dtor.o)
                0x0000e764                __fini_cpp
 .text.__copy_rom_section
                0x0000e798       0x48 C:/Freescale/CW MCU v10.6/MCU/ARM_GCC_Support/ewl/lib/armv6-m\librt.a(ROMCopy.o)
                0x0000e798                __copy_rom_section
 .text.__copy_rom_sections_to_ram
                0x0000e7e0       0x34 C:/Freescale/CW MCU v10.6/MCU/ARM_GCC_Support/ewl/lib/armv6-m\librt.a(ROMCopy.o)
                0x0000e7e0                __copy_rom_sections_to_ram
 .text.__destroy_global_chain
                0x0000e814       0x1c C:/Freescale/CW MCU v10.6/MCU/ARM_GCC_Support/ewl/lib/armv6-m\librt.a(__arm_eabi_init.o)
                0x0000e814                __destroy_global_chain
 .text.__init_registers
                0x0000e830       0x1c C:/Freescale/CW MCU v10.6/MCU/ARM_GCC_Support/ewl/lib/armv6-m\librt.a(__arm_eabi_init.o)
                0x0000e830                __init_registers
 .text.__init_user
                0x0000e84c        0x4 C:/Freescale/CW MCU v10.6/MCU/ARM_GCC_Support/ewl/lib/armv6-m\librt.a(__arm_eabi_init.o)
                0x0000e84c                __init_user
 *(.rodata)
 .rodata        0x0000e850        0x8 ./Generated_Code/tasks.o
 .rodata        0x0000e858       0x1c ./Generated_Code/UTIL1.o
 .rodata        0x0000e874      0x15c ./Generated_Code/CLS1.o
 .rodata        0x0000e9d0      0x2d8 ./Sources/serial_communication.o
 .rodata        0x0000eca8       0x40 ./Sources/frtos_tasks.o
 .rodata        0x0000ece8       0x40 c:/freescale/cw mcu v10.6/cross_tools/arm-none-eabi-gcc-4_7_3/bin/../lib/gcc/arm-none-eabi/4.7.3/armv6-m\libgcc.a(mulsf3.o)
 .rodata        0x0000ed28       0x40 c:/freescale/cw mcu v10.6/cross_tools/arm-none-eabi-gcc-4_7_3/bin/../lib/gcc/arm-none-eabi/4.7.3/armv6-m\libgcc.a(divdf3.o)
 .rodata        0x0000ed68       0x40 c:/freescale/cw mcu v10.6/cross_tools/arm-none-eabi-gcc-4_7_3/bin/../lib/gcc/arm-none-eabi/4.7.3/armv6-m\libgcc.a(muldf3.o)
 *(.rodata*)
 .rodata.ChannelDevice
                0x0000eda8        0x4 ./Generated_Code/TU1.o
 .rodata.ChannelMode
                0x0000edac        0x4 ./Generated_Code/TU1.o
 .rodata.InitialCalibration
                0x0000edb0        0x8 ./Generated_Code/MMA1.o
 .rodata.addr.6779
                0x0000edb8        0x1 ./Generated_Code/MMA1.o
 .rodata.addr.6771
                0x0000edb9        0x1 ./Generated_Code/MMA1.o
 .rodata.addr.6763
                0x0000edba        0x1 ./Generated_Code/MMA1.o
 *fill*         0x0000edbb        0x1 00
 .rodata.CLS1_stdio
                0x0000edbc       0x10 ./Generated_Code/CLS1.o
                0x0000edbc                CLS1_stdio
 .rodata.CmdParserTable
                0x0000edcc        0xc ./Sources/serial_communication.o
 .rodata.refreshTasks
                0x0000edd8       0x1c ./Sources/serial_communication.o
 .rodata.L3Gread
                0x0000edf4      0x118 ./Sources/L3G.o
 .rodata.L3GgetDegree
                0x0000ef0c       0x8c ./Sources/L3G.o
 .rodata.L3GSetAngel
                0x0000ef98       0x8c ./Sources/L3G.o
 .rodata.str1.1
                0x0000f024        0x1 C:/Freescale/CW MCU v10.6/MCU/ARM_GCC_Support/ewl/lib/armv6-m\libc.a(printformat_.o)
 .rodata.CSWTCH.20
                0x0000f025        0x5 C:/Freescale/CW MCU v10.6/MCU/ARM_GCC_Support/ewl/lib/armv6-m\libc.a(printformat_.o)
 .rodata.CSWTCH.21
                0x0000f02a        0x5 C:/Freescale/CW MCU v10.6/MCU/ARM_GCC_Support/ewl/lib/armv6-m\libc.a(printformat_.o)
 .rodata.__aeabi_ctype_table_C
                0x0000f02f      0x101 C:/Freescale/CW MCU v10.6/MCU/ARM_GCC_Support/ewl/lib/armv6-m\libc.a(ctype_aeabi.o)
                0x0000f02f                __aeabi_ctype_table_C
 .rodata.atanlo
                0x0000f130       0x20 C:/Freescale/CW MCU v10.6/MCU/ARM_GCC_Support/ewl/lib/armv6-m\libm.a(s_atan.o)
 .rodata.atanhi
                0x0000f150       0x20 C:/Freescale/CW MCU v10.6/MCU/ARM_GCC_Support/ewl/lib/armv6-m\libm.a(s_atan.o)
 *(.glue_7)
 .glue_7        0x00000000        0x0 linker stubs
 *(.glue_7t)
 .glue_7t       0x00000000        0x0 linker stubs
 *(.eh_frame)
 *(.init)
 *(.fini)
                0x0000f170                . = ALIGN (0x4)
                0x0000f170                _etext = .

.vfp11_veneer   0x0000f170        0x0
 .vfp11_veneer  0x00000000        0x0 linker stubs

.v4_bx          0x0000f170        0x0
 .v4_bx         0x00000000        0x0 linker stubs

.iplt           0x0000f170        0x0
 .iplt          0x00000000        0x0 ./Generated_Code/timers.o

.rel.dyn        0x0000f170        0x0
 .rel.iplt      0x00000000        0x0 ./Generated_Code/timers.o

.ARM.extab
 *(.ARM.extab* .gnu.linkonce.armextab.*)

.ARM            0x0000f170        0x0
                0x0000f170                __exidx_start = .
 *(.ARM.exidx*)
                0x0000f170                __exidx_end = .

.ctors          0x0000f170        0x0
                0x0000f170                __CTOR_LIST__ = .
 *crtbegin.o(.ctors)
 *(EXCLUDE_FILE(*crtend.o) .ctors)
 *(SORT(.ctors.*))
 *(.ctors)
                0x0000f170                __CTOR_END__ = .

.dtors          0x0000f170        0x0
                0x0000f170                __DTOR_LIST__ = .
 *crtbegin.o(.dtors)
 *(EXCLUDE_FILE(*crtend.o) .dtors)
 *(SORT(.dtors.*))
 *(.dtors)
                0x0000f170                __DTOR_END__ = .

.preinit_array  0x0000f170        0x0
                0x0000f170                PROVIDE (__preinit_array_start, .)
 *(.preinit_array*)
                0x0000f170                PROVIDE (__preinit_array_end, .)

.init_array     0x0000f170        0x0
                0x0000f170                PROVIDE (__init_array_start, .)
 *(SORT(.init_array.*))
 *(.init_array*)
                0x0000f170                PROVIDE (__init_array_end, .)

.fini_array     0x0000f170        0x0
                0x0000f170                PROVIDE (__fini_array_start, .)
 *(SORT(.fini_array.*))
 *(.fini_array*)
                0x0000f170                PROVIDE (__fini_array_end, .)
                0x0000f170                ___ROM_AT = .

.mtb            0x1ffff000        0x0
                0x1ffff000                . = ALIGN (0x8)
                0x1ffff000                _mtb_start = .
 *(.mtb_buf)
                0x1ffff000                . = ALIGN (0x8)
                0x1ffff000                _mtb_end = .

.data           0x1ffff000       0x20 load address 0x0000f170
                0x1ffff000                . = ALIGN (0x4)
                0x1ffff000                _sdata = .
 *(.data)
 *(.data*)
 .data.uxCriticalNesting
                0x1ffff000        0x4 ./Generated_Code/port.o
 .data.uxTopUsedPriority
                0x1ffff004        0x4 ./Generated_Code/port.o
                0x1ffff004                uxTopUsedPriority
 .data.xHeapStructSize
                0x1ffff008        0x4 ./Generated_Code/heap_4.o
 .data.CLS1_currStdIO
                0x1ffff00c        0x4 ./Generated_Code/CLS1.o
 .data.BT1_lastErr
                0x1ffff010        0x1 ./Generated_Code/BT1.o
 .data.hello    0x1ffff011        0x1 ./Sources/serial_communication.o
 .data.state    0x1ffff012        0x1 ./Sources/serial_communication.o
 .data.scaling  0x1ffff013        0x1 ./Sources/VL6180X.o
 .data.initDevices
                0x1ffff014        0x1 ./Sources/VL6180X.o
                0x1ffff014                initDevices
 *fill*         0x1ffff015        0x3 00
 .data.__double_nan
                0x1ffff018        0x8 C:/Freescale/CW MCU v10.6/MCU/ARM_GCC_Support/ewl/lib/armv6-m\libm.a(float.o)
                0x1ffff018                __double_nan
                0x1ffff020                . = ALIGN (0x4)
                0x1ffff020                _edata = .
                0x00000020                ___data_size = (_edata - _sdata)

.igot.plt       0x1ffff020        0x0 load address 0x0000f190
 .igot.plt      0x00000000        0x0 ./Generated_Code/timers.o
                0x1ffff020                . = ALIGN (0x4)

.bss            0x1ffff020     0x2700 load address 0x0000f190
                0x1ffff020                __START_BSS = .
                0x1ffff020                PROVIDE (__bss_start__, __START_BSS)
 *(.bss)
 *(.bss*)
 .bss.pxCurrentTCB
                0x1ffff020        0x4 ./Generated_Code/tasks.o
                0x1ffff020                pxCurrentTCB
 .bss.pxReadyTasksLists
                0x1ffff024       0x78 ./Generated_Code/tasks.o
 .bss.xDelayedTaskList1
                0x1ffff09c       0x14 ./Generated_Code/tasks.o
 .bss.xDelayedTaskList2
                0x1ffff0b0       0x14 ./Generated_Code/tasks.o
 .bss.pxDelayedTaskList
                0x1ffff0c4        0x4 ./Generated_Code/tasks.o
 .bss.pxOverflowDelayedTaskList
                0x1ffff0c8        0x4 ./Generated_Code/tasks.o
 .bss.xPendingReadyList
                0x1ffff0cc       0x14 ./Generated_Code/tasks.o
 .bss.xTasksWaitingTermination
                0x1ffff0e0       0x14 ./Generated_Code/tasks.o
 .bss.uxDeletedTasksWaitingCleanUp
                0x1ffff0f4        0x4 ./Generated_Code/tasks.o
 .bss.xSuspendedTaskList
                0x1ffff0f8       0x14 ./Generated_Code/tasks.o
 .bss.uxCurrentNumberOfTasks
                0x1ffff10c        0x4 ./Generated_Code/tasks.o
 .bss.xTickCount
                0x1ffff110        0x4 ./Generated_Code/tasks.o
 .bss.uxTopReadyPriority
                0x1ffff114        0x4 ./Generated_Code/tasks.o
 .bss.xSchedulerRunning
                0x1ffff118        0x4 ./Generated_Code/tasks.o
 .bss.uxPendedTicks
                0x1ffff11c        0x4 ./Generated_Code/tasks.o
 .bss.xYieldPending
                0x1ffff120        0x4 ./Generated_Code/tasks.o
 .bss.xNumOfOverflows
                0x1ffff124        0x4 ./Generated_Code/tasks.o
 .bss.uxTaskNumber
                0x1ffff128        0x4 ./Generated_Code/tasks.o
 .bss.xNextTaskUnblockTime
                0x1ffff12c        0x4 ./Generated_Code/tasks.o
 .bss.xIdleTaskHandle
                0x1ffff130        0x4 ./Generated_Code/tasks.o
 .bss.uxSchedulerSuspended
                0x1ffff134        0x4 ./Generated_Code/tasks.o
 .bss.ucHeap    0x1ffff138     0x1d4c ./Generated_Code/heap_4.o
 .bss.xStart    0x20000e84        0x8 ./Generated_Code/heap_4.o
 .bss.pxEnd     0x20000e8c        0x4 ./Generated_Code/heap_4.o
 .bss.xFreeBytesRemaining
                0x20000e90        0x4 ./Generated_Code/heap_4.o
 .bss.xMinimumEverFreeBytesRemaining
                0x20000e94        0x4 ./Generated_Code/heap_4.o
 .bss.xBlockAllocatedBit
                0x20000e98        0x4 ./Generated_Code/heap_4.o
 .bss.DeviceDataPrv__DEFAULT_RTOS_ALLOC
                0x20000e9c        0x4 ./Generated_Code/Watermark.o
 .bss.DeviceDataPrv__DEFAULT_RTOS_ALLOC
                0x20000ea0        0x4 ./Generated_Code/TofCE3.o
 .bss.DeviceDataPrv__DEFAULT_RTOS_ALLOC
                0x20000ea4        0x4 ./Generated_Code/TofCE2.o
 .bss.DeviceDataPrv__DEFAULT_RTOS_ALLOC
                0x20000ea8        0x4 ./Generated_Code/TofCE1.o
 .bss.DeviceDataPrv__DEFAULT_RTOS_ALLOC
                0x20000eac        0x8 ./Generated_Code/TU2.o
 .bss.DeviceDataPrv__DEFAULT_RTOS_ALLOC
                0x20000eb4        0x8 ./Generated_Code/TU1.o
 .bss.SerFlag   0x20000ebc        0x2 ./Generated_Code/Serial1.o
 .bss.Serial1_InpLen
                0x20000ebe        0x2 ./Generated_Code/Serial1.o
 .bss.InpIndexR
                0x20000ec0        0x2 ./Generated_Code/Serial1.o
 .bss.InpIndexW
                0x20000ec2        0x2 ./Generated_Code/Serial1.o
 .bss.InpBuffer
                0x20000ec4       0x40 ./Generated_Code/Serial1.o
 .bss.BufferRead
                0x20000f04        0x1 ./Generated_Code/Serial1.o
 *fill*         0x20000f05        0x1 00
 .bss.Serial1_OutLen
                0x20000f06        0x2 ./Generated_Code/Serial1.o
 .bss.OutIndexR
                0x20000f08        0x2 ./Generated_Code/Serial1.o
 .bss.OutIndexW
                0x20000f0a        0x2 ./Generated_Code/Serial1.o
 .bss.OutBuffer
                0x20000f0c       0x40 ./Generated_Code/Serial1.o
 .bss.DeviceDataPrv__DEFAULT_RTOS_ALLOC
                0x20000f4c        0xc ./Generated_Code/PwmLdd4.o
 .bss.DeviceDataPrv__DEFAULT_RTOS_ALLOC
                0x20000f58        0xc ./Generated_Code/PwmLdd3.o
 .bss.DeviceDataPrv__DEFAULT_RTOS_ALLOC
                0x20000f64        0xc ./Generated_Code/PwmLdd2.o
 .bss.DeviceDataPrv__DEFAULT_RTOS_ALLOC
                0x20000f70        0xc ./Generated_Code/PwmLdd1.o
 .bss.PE_LDD_DeviceDataList
                0x20000f7c       0x5c ./Generated_Code/PE_LDD.o
                0x20000f7c                PE_LDD_DeviceDataList
 .bss.sCalValues
                0x20000fd8        0x8 ./Generated_Code/MMA1.o
 .bss.GI2C2_deviceData
                0x20000fe0        0x8 ./Generated_Code/GI2C2.o
 .bss.GI2C2_busSem
                0x20000fe8        0x4 ./Generated_Code/GI2C2.o
 .bss.writeBuf.6700
                0x20000fec       0x10 ./Generated_Code/GI2C2.o
 .bss.GI2C1_deviceData
                0x20000ffc        0x8 ./Generated_Code/GI2C1.o
 .bss.GI2C1_busSem
                0x20001004        0x4 ./Generated_Code/GI2C1.o
 .bss.writeBuf.6700
                0x20001008       0x10 ./Generated_Code/GI2C1.o
 .bss.DeviceDataPrv__DEFAULT_RTOS_ALLOC
                0x20001018        0x4 ./Generated_Code/DIR_RIGHT1.o
 .bss.DeviceDataPrv__DEFAULT_RTOS_ALLOC
                0x2000101c        0x4 ./Generated_Code/DIR_RIGHT.o
 .bss.DeviceDataPrv__DEFAULT_RTOS_ALLOC
                0x20001020        0x4 ./Generated_Code/DIR_LEFT1.o
 .bss.DeviceDataPrv__DEFAULT_RTOS_ALLOC
                0x20001024        0x4 ./Generated_Code/DIR_LEFT.o
 .bss.SR_lock   0x20001028        0x1 ./Generated_Code/Cpu.o
                0x20001028                SR_lock
 *fill*         0x20001029        0x3 00
 .bss.ShellSem  0x2000102c        0x4 ./Generated_Code/CLS1.o
 .bss.DeviceDataPrv__DEFAULT_RTOS_ALLOC
                0x20001030       0x18 ./Generated_Code/CI2C2.o
 .bss.INT_I2C0__BAREBOARD_RTOS_ISRPARAM
                0x20001048        0x4 ./Generated_Code/CI2C2.o
 .bss.DeviceDataPrv__DEFAULT_RTOS_ALLOC
                0x2000104c       0x18 ./Generated_Code/CI2C1.o
 .bss.INT_I2C1__BAREBOARD_RTOS_ISRPARAM
                0x20001064        0x4 ./Generated_Code/CI2C1.o
 .bss.DeviceDataPrv__DEFAULT_RTOS_ALLOC
                0x20001068        0x4 ./Generated_Code/BitIoLdd4.o
 .bss.DeviceDataPrv__DEFAULT_RTOS_ALLOC
                0x2000106c        0x4 ./Generated_Code/BitIoLdd3.o
 .bss.DeviceDataPrv__DEFAULT_RTOS_ALLOC
                0x20001070        0x4 ./Generated_Code/BitIoLdd1.o
 .bss.DeviceDataPrv__DEFAULT_RTOS_ALLOC
                0x20001074        0x4 ./Generated_Code/BT_EN.o
 .bss.DeviceDataPrv__DEFAULT_RTOS_ALLOC
                0x20001078        0x8 ./Generated_Code/AdcLdd1.o
 .bss.INT_ADC0__BAREBOARD_RTOS_ISRPARAM
                0x20001080        0x4 ./Generated_Code/AdcLdd1.o
 .bss.DeviceDataPrv__DEFAULT_RTOS_ALLOC
                0x20001084       0x20 ./Generated_Code/ASerialLdd2.o
 .bss.INT_UART1__BAREBOARD_RTOS_ISRPARAM
                0x200010a4        0x4 ./Generated_Code/ASerialLdd2.o
 .bss.DeviceDataPrv__DEFAULT_RTOS_ALLOC
                0x200010a8       0x20 ./Generated_Code/ASerialLdd1.o
 .bss.INT_UART0__BAREBOARD_RTOS_ISRPARAM
                0x200010c8        0x4 ./Generated_Code/ASerialLdd1.o
 .bss.SerFlag   0x200010cc        0x2 ./Generated_Code/AS1.o
 .bss.AS1_InpLen
                0x200010ce        0x2 ./Generated_Code/AS1.o
 .bss.InpIndexR
                0x200010d0        0x2 ./Generated_Code/AS1.o
 .bss.InpIndexW
                0x200010d2        0x2 ./Generated_Code/AS1.o
 .bss.InpBuffer
                0x200010d4       0x20 ./Generated_Code/AS1.o
 .bss.BufferRead
                0x200010f4        0x1 ./Generated_Code/AS1.o
 *fill*         0x200010f5        0x1 00
 .bss.AS1_OutLen
                0x200010f6        0x2 ./Generated_Code/AS1.o
 .bss.OutIndexR
                0x200010f8        0x2 ./Generated_Code/AS1.o
 .bss.OutIndexW
                0x200010fa        0x2 ./Generated_Code/AS1.o
 .bss.OutBuffer
                0x200010fc       0x80 ./Generated_Code/AS1.o
 .bss.OnFreeTxBufSemaphore
                0x2000117c        0x1 ./Generated_Code/AS1.o
 .bss.ModeFlg   0x2000117d        0x1 ./Generated_Code/AD1.o
 .bss.OutFlg    0x2000117e        0x1 ./Generated_Code/AD1.o
 *fill*         0x2000117f        0x1 00
 .bss.argv      0x20001180        0x4 ./Project_Settings/Startup_Code/__arm_start.o
 .bss.start     0x20001184        0x1 ./Sources/serial_communication.o
 .bss.course    0x20001185        0x1 ./Sources/serial_communication.o
 .bss.tof_l_s   0x20001186        0x2 ./Sources/serial_communication.o
 .bss.tof_r_s   0x20001188        0x2 ./Sources/serial_communication.o
 .bss.tof_f_s   0x2000118a        0x2 ./Sources/serial_communication.o
 .bss.raupe_i_l
                0x2000118c        0x1 ./Sources/serial_communication.o
 .bss.raupe_i_r
                0x2000118d        0x1 ./Sources/serial_communication.o
 .bss.gyroskop_s
                0x2000118e        0x1 ./Sources/serial_communication.o
 .bss.servo_s   0x2000118f        0x1 ./Sources/serial_communication.o
 .bss.letter    0x20001190        0x1 ./Sources/serial_communication.o
 *fill*         0x20001191        0x1 00
 .bss.tof_l_i   0x20001192        0x2 ./Sources/serial_communication.o
 .bss.tof_r_i   0x20001194        0x2 ./Sources/serial_communication.o
 .bss.tof_f_i   0x20001196        0x2 ./Sources/serial_communication.o
 .bss.raupe_l_i
                0x20001198        0x1 ./Sources/serial_communication.o
 .bss.raupe_r_i
                0x20001199        0x1 ./Sources/serial_communication.o
 .bss.gyro_n    0x2000119a        0x2 ./Sources/serial_communication.o
 .bss.gyro_g    0x2000119c        0x2 ./Sources/serial_communication.o
 .bss.errState  0x2000119e        0x1 ./Sources/serial_communication.o
 *fill*         0x2000119f        0x1 00
 .bss.pwmLeft   0x200011a0        0x2 ./Sources/motor.o
 .bss.pwmRight  0x200011a2        0x2 ./Sources/motor.o
 .bss.ToFDevice
                0x200011a4       0x14 ./Sources/VL6180X.o
 .bss.accelCounter.7801
                0x200011b8        0x1 ./Sources/L3G.o
 *fill*         0x200011b9        0x3 00
 .bss.__stdio_exit
                0x200011bc        0x4 C:/Freescale/CW MCU v10.6/MCU/ARM_GCC_Support/ewl/lib/armv6-m\libc.a(exit.o)
                0x200011bc                __stdio_exit
 .bss.__console_exit
                0x200011c0        0x4 C:/Freescale/CW MCU v10.6/MCU/ARM_GCC_Support/ewl/lib/armv6-m\libc.a(exit.o)
                0x200011c0                __console_exit
 .bss.__S_romp  0x200011c4        0xc C:/Freescale/CW MCU v10.6/MCU/ARM_GCC_Support/ewl/lib/armv6-m\librt.a(ROMCopy.o)
 .bss.__global_destructor_chain
                0x200011d0        0x4 C:/Freescale/CW MCU v10.6/MCU/ARM_GCC_Support/ewl/lib/armv6-m\librt.a(__arm_eabi_init.o)
                0x200011d0                __global_destructor_chain
 *(COMMON)
 COMMON         0x200011d4       0x28 ./Generated_Code/queue.o
                0x200011d4                xQueueRegistry
 COMMON         0x200011fc        0x4 ./Generated_Code/Serial1.o
                0x200011fc                ASerialLdd2_DeviceDataPtr
 COMMON         0x20001200        0x1 ./Generated_Code/Cpu.o
                0x20001200                SR_reg
 *fill*         0x20001201        0x3 00
 COMMON         0x20001204        0x4 ./Generated_Code/AS1.o
                0x20001204                ASerialLdd1_DeviceDataPtr
 COMMON         0x20001208        0x8 ./Generated_Code/AD1.o
                0x20001208                AD1_OutV
                0x2000120c                AdcLdd1_DeviceDataPtr
 COMMON         0x20001210       0x18 ./Sources/pid.o
                0x20001210                pid
 COMMON         0x20001228        0x7 ./Sources/frtos_tasks.o
                0x20001228                Task3Started
                0x20001229                Task2Started
                0x2000122a                Task7Started
                0x2000122b                Task4Started
                0x2000122c                Task6Started
                0x2000122d                Task5Started
                0x2000122e                GyroTaskStarted
 COMMON         0x2000122f        0x8 ./Sources/driving.o
                0x2000122f                kpToF
                0x20001230                kiToF
                0x20001231                kdToF
                0x20001232                kpGyro
                0x20001233                kdGyro
                0x20001234                factor
                0x20001235                device
                0x20001236                kiGyro
 *fill*         0x20001237        0x1 00
 COMMON         0x20001238      0x4e2 ./Sources/L3G.o
                0x20001238                address
                0x2000123c                vX
                0x200013cc                OffsetZ
                0x200013d0                vZ
                0x20001560                OffsetY
                0x20001564                gyro
                0x20001584                OffsetX
                0x20001585                sa0
                0x20001586                fullwidth
                0x20001588                vY
                0x20001718                writingPos
 *fill*         0x2000171a        0x2 00
 COMMON         0x2000171c        0x4 C:/Freescale/CW MCU v10.6/MCU/ARM_GCC_Support/ewl/lib/armv6-m\libc.a(errno.o)
                0x2000171c                errno
                0x20001720                . = ALIGN (0x4)
                0x20001720                __END_BSS = .
                0x20001720                PROVIDE (__bss_end__, __END_BSS)
                0x0000f190                _romp_at = (___ROM_AT + SIZEOF (.data))

.romp           0x20001720       0x18 load address 0x0000f190
                0x0000f190                __S_romp = _romp_at
                0x20001720        0x4 LONG 0xf170 ___ROM_AT
                0x20001724        0x4 LONG 0x1ffff000 _sdata
                0x20001728        0x4 LONG 0x20 ___data_size
                0x2000172c        0x4 LONG 0x0
                0x20001730        0x4 LONG 0x0
                0x20001734        0x4 LONG 0x0

._user_heap_stack
                0x20001738      0x400 load address 0x0000f1a8
                0x20001738                . = ALIGN (0x4)
                0x20001738                PROVIDE (end, .)
                0x20001738                PROVIDE (_end, .)
                0x20001738                __heap_addr = .
                0x20001738                . = (. + __heap_size)
                0x20001b38                . = (. + __stack_size)
 *fill*         0x20001738      0x400 00
                0x20001b38                . = ALIGN (0x4)

.ARM.attributes
                0x00000000       0x2f
 *(.ARM.attributes)
 .ARM.attributes
                0x00000000       0x31 ./Generated_Code/tasks.o
 .ARM.attributes
                0x00000031       0x31 ./Generated_Code/queue.o
 .ARM.attributes
                0x00000062       0x31 ./Generated_Code/port.o
 .ARM.attributes
                0x00000093       0x31 ./Generated_Code/list.o
 .ARM.attributes
                0x000000c4       0x31 ./Generated_Code/heap_4.o
 .ARM.attributes
                0x000000f5       0x31 ./Generated_Code/Watermark.o
 .ARM.attributes
                0x00000126       0x31 ./Generated_Code/WAIT1.o
 .ARM.attributes
                0x00000157       0x31 ./Generated_Code/Vectors.o
 .ARM.attributes
                0x00000188       0x31 ./Generated_Code/UTIL1.o
 .ARM.attributes
                0x000001b9       0x31 ./Generated_Code/TofCE3.o
 .ARM.attributes
                0x000001ea       0x31 ./Generated_Code/TofCE2.o
 .ARM.attributes
                0x0000021b       0x31 ./Generated_Code/TofCE1.o
 .ARM.attributes
                0x0000024c       0x31 ./Generated_Code/TU2.o
 .ARM.attributes
                0x0000027d       0x31 ./Generated_Code/TU1.o
 .ARM.attributes
                0x000002ae       0x31 ./Generated_Code/TSK1.o
 .ARM.attributes
                0x000002df       0x31 ./Generated_Code/Serial1.o
 .ARM.attributes
                0x00000310       0x31 ./Generated_Code/RED.o
 .ARM.attributes
                0x00000341       0x31 ./Generated_Code/PwmLdd4.o
 .ARM.attributes
                0x00000372       0x31 ./Generated_Code/PwmLdd3.o
 .ARM.attributes
                0x000003a3       0x31 ./Generated_Code/PwmLdd2.o
 .ARM.attributes
                0x000003d4       0x31 ./Generated_Code/PwmLdd1.o
 .ARM.attributes
                0x00000405       0x31 ./Generated_Code/PE_LDD.o
 .ARM.attributes
                0x00000436       0x31 ./Generated_Code/MMA1.o
 .ARM.attributes
                0x00000467       0x31 ./Generated_Code/LED_GREEN.o
 .ARM.attributes
                0x00000498       0x31 ./Generated_Code/GI2C2.o
 .ARM.attributes
                0x000004c9       0x31 ./Generated_Code/GI2C1.o
 .ARM.attributes
                0x000004fa       0x31 ./Generated_Code/DIR_RIGHT1.o
 .ARM.attributes
                0x0000052b       0x31 ./Generated_Code/DIR_RIGHT.o
 .ARM.attributes
                0x0000055c       0x31 ./Generated_Code/DIR_LEFT1.o
 .ARM.attributes
                0x0000058d       0x31 ./Generated_Code/DIR_LEFT.o
 .ARM.attributes
                0x000005be       0x31 ./Generated_Code/Cpu.o
 .ARM.attributes
                0x000005ef       0x31 ./Generated_Code/CLS1.o
 .ARM.attributes
                0x00000620       0x31 ./Generated_Code/CI2C2.o
 .ARM.attributes
                0x00000651       0x31 ./Generated_Code/CI2C1.o
 .ARM.attributes
                0x00000682       0x31 ./Generated_Code/BitIoLdd4.o
 .ARM.attributes
                0x000006b3       0x31 ./Generated_Code/BitIoLdd3.o
 .ARM.attributes
                0x000006e4       0x31 ./Generated_Code/BitIoLdd1.o
 .ARM.attributes
                0x00000715       0x31 ./Generated_Code/BT_EN.o
 .ARM.attributes
                0x00000746       0x31 ./Generated_Code/BT1.o
 .ARM.attributes
                0x00000777       0x31 ./Generated_Code/AdcLdd1.o
 .ARM.attributes
                0x000007a8       0x31 ./Generated_Code/ASerialLdd2.o
 .ARM.attributes
                0x000007d9       0x31 ./Generated_Code/ASerialLdd1.o
 .ARM.attributes
                0x0000080a       0x31 ./Generated_Code/AS1.o
 .ARM.attributes
                0x0000083b       0x31 ./Generated_Code/AD1.o
 .ARM.attributes
                0x0000086c       0x31 ./Project_Settings/Startup_Code/__arm_start.o
 .ARM.attributes
                0x0000089d       0x31 ./Project_Settings/Startup_Code/__arm_end.o
 .ARM.attributes
                0x000008ce       0x31 ./Sources/serial_communication.o
 .ARM.attributes
                0x000008ff       0x31 ./Sources/pid.o
 .ARM.attributes
                0x00000930       0x31 ./Sources/motor.o
 .ARM.attributes
                0x00000961       0x31 ./Sources/main.o
 .ARM.attributes
                0x00000992       0x31 ./Sources/frtos_tasks.o
 .ARM.attributes
                0x000009c3       0x31 ./Sources/driving.o
 .ARM.attributes
                0x000009f4       0x31 ./Sources/VL6180X.o
 .ARM.attributes
                0x00000a25       0x31 ./Sources/L3G.o
 .ARM.attributes
                0x00000a56       0x31 ./Sources/Events.o
 .ARM.attributes
                0x00000a87       0x31 C:/Freescale/CW MCU v10.6/MCU/ARM_GCC_Support/ewl/lib/armv6-m\libc.a(exit.o)
 .ARM.attributes
                0x00000ab8       0x31 C:/Freescale/CW MCU v10.6/MCU/ARM_GCC_Support/ewl/lib/armv6-m\libc.a(qsort.o)
 .ARM.attributes
                0x00000ae9       0x31 C:/Freescale/CW MCU v10.6/MCU/ARM_GCC_Support/ewl/lib/armv6-m\libc.a(memcpy.o)
 .ARM.attributes
                0x00000b1a       0x31 C:/Freescale/CW MCU v10.6/MCU/ARM_GCC_Support/ewl/lib/armv6-m\libc.a(memset.o)
 .ARM.attributes
                0x00000b4b       0x31 C:/Freescale/CW MCU v10.6/MCU/ARM_GCC_Support/ewl/lib/armv6-m\libc.a(strchr.o)
 .ARM.attributes
                0x00000b7c       0x31 C:/Freescale/CW MCU v10.6/MCU/ARM_GCC_Support/ewl/lib/armv6-m\libc.a(strcmp.o)
 .ARM.attributes
                0x00000bad       0x31 C:/Freescale/CW MCU v10.6/MCU/ARM_GCC_Support/ewl/lib/armv6-m\libc.a(strlen.o)
 .ARM.attributes
                0x00000bde       0x31 C:/Freescale/CW MCU v10.6/MCU/ARM_GCC_Support/ewl/lib/armv6-m\libc.a(strncmp.o)
 .ARM.attributes
                0x00000c0f       0x31 C:/Freescale/CW MCU v10.6/MCU/ARM_GCC_Support/ewl/lib/armv6-m\libc.a(printformat_.o)
 .ARM.attributes
                0x00000c40       0x31 C:/Freescale/CW MCU v10.6/MCU/ARM_GCC_Support/ewl/lib/armv6-m\libc.a(scanformat_.o)
 .ARM.attributes
                0x00000c71       0x31 C:/Freescale/CW MCU v10.6/MCU/ARM_GCC_Support/ewl/lib/armv6-m\libc.a(ctype_aeabi.o)
 .ARM.attributes
                0x00000ca2       0x31 C:/Freescale/CW MCU v10.6/MCU/ARM_GCC_Support/ewl/lib/armv6-m\libc.a(__strtoul.o)
 .ARM.attributes
                0x00000cd3       0x31 C:/Freescale/CW MCU v10.6/MCU/ARM_GCC_Support/ewl/lib/armv6-m\libc.a(__filll_mem.o)
 .ARM.attributes
                0x00000d04       0x31 C:/Freescale/CW MCU v10.6/MCU/ARM_GCC_Support/ewl/lib/armv6-m\libc.a(memchr.o)
 .ARM.attributes
                0x00000d35       0x31 C:/Freescale/CW MCU v10.6/MCU/ARM_GCC_Support/ewl/lib/armv6-m\libm.a(s_atan.o)
 .ARM.attributes
                0x00000d66       0x31 C:/Freescale/CW MCU v10.6/MCU/ARM_GCC_Support/ewl/lib/armv6-m\libm.a(w_sqrt.o)
 .ARM.attributes
                0x00000d97       0x31 C:/Freescale/CW MCU v10.6/MCU/ARM_GCC_Support/ewl/lib/armv6-m\libm.a(e_sqrt.o)
 .ARM.attributes
                0x00000dc8       0x31 C:/Freescale/CW MCU v10.6/MCU/ARM_GCC_Support/ewl/lib/armv6-m\libm.a(float.o)
 .ARM.attributes
                0x00000df9       0x1e c:/freescale/cw mcu v10.6/cross_tools/arm-none-eabi-gcc-4_7_3/bin/../lib/gcc/arm-none-eabi/4.7.3/armv6-m\libgcc.a(_thumb1_case_sqi.o)
 .ARM.attributes
                0x00000e17       0x1e c:/freescale/cw mcu v10.6/cross_tools/arm-none-eabi-gcc-4_7_3/bin/../lib/gcc/arm-none-eabi/4.7.3/armv6-m\libgcc.a(_thumb1_case_uqi.o)
 .ARM.attributes
                0x00000e35       0x1e c:/freescale/cw mcu v10.6/cross_tools/arm-none-eabi-gcc-4_7_3/bin/../lib/gcc/arm-none-eabi/4.7.3/armv6-m\libgcc.a(_udivsi3.o)
 .ARM.attributes
                0x00000e53       0x1e c:/freescale/cw mcu v10.6/cross_tools/arm-none-eabi-gcc-4_7_3/bin/../lib/gcc/arm-none-eabi/4.7.3/armv6-m\libgcc.a(_divsi3.o)
 .ARM.attributes
                0x00000e71       0x1e c:/freescale/cw mcu v10.6/cross_tools/arm-none-eabi-gcc-4_7_3/bin/../lib/gcc/arm-none-eabi/4.7.3/armv6-m\libgcc.a(_dvmd_tls.o)
 .ARM.attributes
                0x00000e8f       0x1e c:/freescale/cw mcu v10.6/cross_tools/arm-none-eabi-gcc-4_7_3/bin/../lib/gcc/arm-none-eabi/4.7.3/armv6-m\libgcc.a(_arm_cmpdf2.o)
 .ARM.attributes
                0x00000ead       0x2c c:/freescale/cw mcu v10.6/cross_tools/arm-none-eabi-gcc-4_7_3/bin/../lib/gcc/arm-none-eabi/4.7.3/armv6-m\libgcc.a(addsf3.o)
 .ARM.attributes
                0x00000ed9       0x2c c:/freescale/cw mcu v10.6/cross_tools/arm-none-eabi-gcc-4_7_3/bin/../lib/gcc/arm-none-eabi/4.7.3/armv6-m\libgcc.a(mulsf3.o)
 .ARM.attributes
                0x00000f05       0x2c c:/freescale/cw mcu v10.6/cross_tools/arm-none-eabi-gcc-4_7_3/bin/../lib/gcc/arm-none-eabi/4.7.3/armv6-m\libgcc.a(fixsfsi.o)
 .ARM.attributes
                0x00000f31       0x2c c:/freescale/cw mcu v10.6/cross_tools/arm-none-eabi-gcc-4_7_3/bin/../lib/gcc/arm-none-eabi/4.7.3/armv6-m\libgcc.a(floatsisf.o)
 .ARM.attributes
                0x00000f5d       0x2c c:/freescale/cw mcu v10.6/cross_tools/arm-none-eabi-gcc-4_7_3/bin/../lib/gcc/arm-none-eabi/4.7.3/armv6-m\libgcc.a(adddf3.o)
 .ARM.attributes
                0x00000f89       0x2c c:/freescale/cw mcu v10.6/cross_tools/arm-none-eabi-gcc-4_7_3/bin/../lib/gcc/arm-none-eabi/4.7.3/armv6-m\libgcc.a(divdf3.o)
 .ARM.attributes
                0x00000fb5       0x2c c:/freescale/cw mcu v10.6/cross_tools/arm-none-eabi-gcc-4_7_3/bin/../lib/gcc/arm-none-eabi/4.7.3/armv6-m\libgcc.a(eqdf2.o)
 .ARM.attributes
                0x00000fe1       0x2c c:/freescale/cw mcu v10.6/cross_tools/arm-none-eabi-gcc-4_7_3/bin/../lib/gcc/arm-none-eabi/4.7.3/armv6-m\libgcc.a(gedf2.o)
 .ARM.attributes
                0x0000100d       0x2c c:/freescale/cw mcu v10.6/cross_tools/arm-none-eabi-gcc-4_7_3/bin/../lib/gcc/arm-none-eabi/4.7.3/armv6-m\libgcc.a(ledf2.o)
 .ARM.attributes
                0x00001039       0x2c c:/freescale/cw mcu v10.6/cross_tools/arm-none-eabi-gcc-4_7_3/bin/../lib/gcc/arm-none-eabi/4.7.3/armv6-m\libgcc.a(muldf3.o)
 .ARM.attributes
                0x00001065       0x2c c:/freescale/cw mcu v10.6/cross_tools/arm-none-eabi-gcc-4_7_3/bin/../lib/gcc/arm-none-eabi/4.7.3/armv6-m\libgcc.a(subdf3.o)
 .ARM.attributes
                0x00001091       0x2c c:/freescale/cw mcu v10.6/cross_tools/arm-none-eabi-gcc-4_7_3/bin/../lib/gcc/arm-none-eabi/4.7.3/armv6-m\libgcc.a(fixdfsi.o)
 .ARM.attributes
                0x000010bd       0x2c c:/freescale/cw mcu v10.6/cross_tools/arm-none-eabi-gcc-4_7_3/bin/../lib/gcc/arm-none-eabi/4.7.3/armv6-m\libgcc.a(floatsidf.o)
 .ARM.attributes
                0x000010e9       0x2c c:/freescale/cw mcu v10.6/cross_tools/arm-none-eabi-gcc-4_7_3/bin/../lib/gcc/arm-none-eabi/4.7.3/armv6-m\libgcc.a(extendsfdf2.o)
 .ARM.attributes
                0x00001115       0x2c c:/freescale/cw mcu v10.6/cross_tools/arm-none-eabi-gcc-4_7_3/bin/../lib/gcc/arm-none-eabi/4.7.3/armv6-m\libgcc.a(truncdfsf2.o)
 .ARM.attributes